Component: ARM Compiler 5.06 update 7 (build 960) Tool: armlink [4d3601]

==============================================================================

Section Cross References

    startup_stm32g0b1xx.o(STACK) refers (Special) to heapauxi.o(.text) for __use_two_region_memory
    startup_stm32g0b1xx.o(HEAP) refers (Special) to heapauxi.o(.text) for __use_two_region_memory
    startup_stm32g0b1xx.o(RESET) refers (Special) to heapauxi.o(.text) for __use_two_region_memory
    startup_stm32g0b1xx.o(RESET) refers to startup_stm32g0b1xx.o(STACK) for __initial_sp
    startup_stm32g0b1xx.o(RESET) refers to startup_stm32g0b1xx.o(.text) for Reset_Handler
    startup_stm32g0b1xx.o(RESET) refers to stm32g0xx_it.o(i.NMI_Handler) for NMI_Handler
    startup_stm32g0b1xx.o(RESET) refers to stm32g0xx_it.o(i.HardFault_Handler) for HardFault_Handler
    startup_stm32g0b1xx.o(RESET) refers to stm32g0xx_it.o(i.SVC_Handler) for SVC_Handler
    startup_stm32g0b1xx.o(RESET) refers to stm32g0xx_it.o(i.PendSV_Handler) for PendSV_Handler
    startup_stm32g0b1xx.o(RESET) refers to stm32g0xx_it.o(i.SysTick_Handler) for SysTick_Handler
    startup_stm32g0b1xx.o(RESET) refers to stm32g0xx_it.o(i.USB_UCPD1_2_IRQHandler) for USB_UCPD1_2_IRQHandler
    startup_stm32g0b1xx.o(RESET) refers to stm32g0xx_it.o(i.TIM2_IRQHandler) for TIM2_IRQHandler
    startup_stm32g0b1xx.o(RESET) refers to stm32g0xx_it.o(i.TIM16_FDCAN_IT0_IRQHandler) for TIM16_FDCAN_IT0_IRQHandler
    startup_stm32g0b1xx.o(.text) refers (Special) to heapauxi.o(.text) for __use_two_region_memory
    startup_stm32g0b1xx.o(.text) refers to system_stm32g0xx.o(i.SystemInit) for SystemInit
    startup_stm32g0b1xx.o(.text) refers to __main.o(!!!main) for __main
    startup_stm32g0b1xx.o(.text) refers to startup_stm32g0b1xx.o(HEAP) for Heap_Mem
    startup_stm32g0b1xx.o(.text) refers to startup_stm32g0b1xx.o(STACK) for Stack_Mem
    main.o(i.SystemClock_Config) refers to rt_memclr.o(.text) for __aeabi_memclr4
    main.o(i.SystemClock_Config) refers to stm32g0xx_hal_pwr_ex.o(i.HAL_PWREx_ControlVoltageScaling) for HAL_PWREx_ControlVoltageScaling
    main.o(i.SystemClock_Config) refers to stm32g0xx_hal_rcc.o(i.HAL_RCC_OscConfig) for HAL_RCC_OscConfig
    main.o(i.SystemClock_Config) refers to stm32g0xx_hal_rcc.o(i.HAL_RCC_ClockConfig) for HAL_RCC_ClockConfig
    main.o(i.main) refers to stm32g0xx_hal.o(i.HAL_Init) for HAL_Init
    main.o(i.main) refers to main.o(i.SystemClock_Config) for SystemClock_Config
    main.o(i.main) refers to gpio.o(i.MX_GPIO_Init) for MX_GPIO_Init
    main.o(i.main) refers to tim.o(i.MX_TIM2_Init) for MX_TIM2_Init
    main.o(i.main) refers to fdcan.o(i.MX_FDCAN2_Init) for MX_FDCAN2_Init
    main.o(i.main) refers to usart.o(i.MX_USART2_UART_Init) for MX_USART2_UART_Init
    main.o(i.main) refers to usb_device.o(i.MX_USB_Device_Init) for MX_USB_Device_Init
    main.o(i.main) refers to stm32g0xx_hal.o(i.HAL_Delay) for HAL_Delay
    main.o(i.main) refers to stm32g0xx_hal_fdcan.o(i.HAL_FDCAN_ConfigFilter) for HAL_FDCAN_ConfigFilter
    main.o(i.main) refers to stm32g0xx_hal_fdcan.o(i.HAL_FDCAN_Start) for HAL_FDCAN_Start
    main.o(i.main) refers to stm32g0xx_hal_fdcan.o(i.HAL_FDCAN_ActivateNotification) for HAL_FDCAN_ActivateNotification
    main.o(i.main) refers to main.o(.data) for .data
    main.o(i.main) refers to fdcan.o(.bss) for hfdcan2
    gpio.o(i.MX_GPIO_Init) refers to rt_memclr.o(.text) for __aeabi_memclr4
    gpio.o(i.MX_GPIO_Init) refers to stm32g0xx_hal_gpio.o(i.HAL_GPIO_WritePin) for HAL_GPIO_WritePin
    gpio.o(i.MX_GPIO_Init) refers to stm32g0xx_hal_gpio.o(i.HAL_GPIO_Init) for HAL_GPIO_Init
    fdcan.o(i.HAL_FDCAN_MspDeInit) refers to stm32g0xx_hal_gpio.o(i.HAL_GPIO_DeInit) for HAL_GPIO_DeInit
    fdcan.o(i.HAL_FDCAN_MspInit) refers to rt_memclr.o(.text) for __aeabi_memclr4
    fdcan.o(i.HAL_FDCAN_MspInit) refers to stm32g0xx_hal_rcc_ex.o(i.HAL_RCCEx_PeriphCLKConfig) for HAL_RCCEx_PeriphCLKConfig
    fdcan.o(i.HAL_FDCAN_MspInit) refers to main.o(i.Error_Handler) for Error_Handler
    fdcan.o(i.HAL_FDCAN_MspInit) refers to stm32g0xx_hal_gpio.o(i.HAL_GPIO_Init) for HAL_GPIO_Init
    fdcan.o(i.HAL_FDCAN_MspInit) refers to stm32g0xx_hal_cortex.o(i.HAL_NVIC_SetPriority) for HAL_NVIC_SetPriority
    fdcan.o(i.HAL_FDCAN_MspInit) refers to stm32g0xx_hal_cortex.o(i.HAL_NVIC_EnableIRQ) for HAL_NVIC_EnableIRQ
    fdcan.o(i.MX_FDCAN2_Init) refers to stm32g0xx_hal_fdcan.o(i.HAL_FDCAN_Init) for HAL_FDCAN_Init
    fdcan.o(i.MX_FDCAN2_Init) refers to main.o(i.Error_Handler) for Error_Handler
    fdcan.o(i.MX_FDCAN2_Init) refers to fdcan.o(.bss) for .bss
    tim.o(i.HAL_TIM_Base_MspDeInit) refers to stm32g0xx_hal_cortex.o(i.HAL_NVIC_DisableIRQ) for HAL_NVIC_DisableIRQ
    tim.o(i.HAL_TIM_Base_MspInit) refers to stm32g0xx_hal_cortex.o(i.HAL_NVIC_SetPriority) for HAL_NVIC_SetPriority
    tim.o(i.HAL_TIM_Base_MspInit) refers to stm32g0xx_hal_cortex.o(i.HAL_NVIC_EnableIRQ) for HAL_NVIC_EnableIRQ
[...]
    i.USBD_LL_StallEP                        0x080043e0   Section        0  usbd_conf.o(i.USBD_LL_StallEP)
    i.USBD_LL_Start                          0x080043f4   Section        0  usbd_conf.o(i.USBD_LL_Start)
    i.USBD_LL_Suspend                        0x08004408   Section        0  usbd_core.o(i.USBD_LL_Suspend)
    i.USBD_LL_Transmit                       0x0800441a   Section        0  usbd_conf.o(i.USBD_LL_Transmit)
    i.USBD_ParseSetupRequest                 0x0800442e   Section        0  usbd_ctlreq.o(i.USBD_ParseSetupRequest)
    i.USBD_RegisterClass                     0x08004458   Section        0  usbd_core.o(i.USBD_RegisterClass)
    i.USBD_SetClassConfig                    0x08004490   Section        0  usbd_core.o(i.USBD_SetClassConfig)
    i.USBD_SetConfig                         0x080044a8   Section        0  usbd_ctlreq.o(i.USBD_SetConfig)
    USBD_SetConfig                           0x080044a9   Thumb Code   180  usbd_ctlreq.o(i.USBD_SetConfig)
    i.USBD_Start                             0x08004560   Section        0  usbd_core.o(i.USBD_Start)
    i.USBD_StdDevReq                         0x08004568   Section        0  usbd_ctlreq.o(i.USBD_StdDevReq)
    i.USBD_StdEPReq                          0x08004690   Section        0  usbd_ctlreq.o(i.USBD_StdEPReq)
    i.USBD_StdItfReq                         0x08004808   Section        0  usbd_ctlreq.o(i.USBD_StdItfReq)
    i.USBD_static_free                       0x0800487e   Section        0  usbd_conf.o(i.USBD_static_free)
    i.USBD_static_malloc                     0x08004880   Section        0  usbd_conf.o(i.USBD_static_malloc)
    i.USB_ActivateEndpoint                   0x08004888   Section        0  stm32g0xx_ll_usb.o(i.USB_ActivateEndpoint)
    i.USB_DeactivateEndpoint                 0x08004b2c   Section        0  stm32g0xx_ll_usb.o(i.USB_DeactivateEndpoint)
    i.USB_DevConnect                         0x08004c1c   Section        0  stm32g0xx_ll_usb.o(i.USB_DevConnect)
    i.USB_DevInit                            0x08004c2a   Section        0  stm32g0xx_ll_usb.o(i.USB_DevInit)
    i.USB_DisableGlobalInt                   0x08004c48   Section        0  stm32g0xx_ll_usb.o(i.USB_DisableGlobalInt)
    i.USB_EPClearStall                       0x08004c58   Section        0  stm32g0xx_ll_usb.o(i.USB_EPClearStall)
    i.USB_EPSetStall                         0x08004cd4   Section        0  stm32g0xx_ll_usb.o(i.USB_EPSetStall)
    i.USB_EPStartXfer                        0x08004d0c   Section        0  stm32g0xx_ll_usb.o(i.USB_EPStartXfer)
    i.USB_EnableGlobalInt                    0x08005268   Section        0  stm32g0xx_ll_usb.o(i.USB_EnableGlobalInt)
    i.USB_Handle_GetModuleInfoReply          0x08005278   Section        0  usb_comm.o(i.USB_Handle_GetModuleInfoReply)
    i.USB_Handle_GetModuleList               0x08005368   Section        0  usb_comm.o(i.USB_Handle_GetModuleList)
    i.USB_Handle_MotionCommand               0x080053dc   Section        0  usb_comm.o(i.USB_Handle_MotionCommand)
    USB_Handle_MotionCommand                 0x080053dd   Thumb Code   102  usb_comm.o(i.USB_Handle_MotionCommand)
    i.USB_ReadInterrupts                     0x08005448   Section        0  stm32g0xx_ll_usb.o(i.USB_ReadInterrupts)
    i.USB_ReadPMA                            0x0800544c   Section        0  stm32g0xx_ll_usb.o(i.USB_ReadPMA)
    i.USB_Report_ParamFeedback               0x08005498   Section        0  usb_comm.o(i.USB_Report_ParamFeedback)
    i.USB_Report_RemainingStep_XY            0x08005514   Section        0  can_comm.o(i.USB_Report_RemainingStep_XY)
    USB_Report_RemainingStep_XY              0x08005515   Thumb Code   120  can_comm.o(i.USB_Report_RemainingStep_XY)
    i.USB_Send_Queue                         0x08005594   Section        0  usb_send_queue.o(i.USB_Send_Queue)
    i.USB_SetCurrentMode                     0x080055ec   Section        0  stm32g0xx_ll_usb.o(i.USB_SetCurrentMode)
    i.USB_SetDevAddress                      0x0800560e   Section        0  stm32g0xx_ll_usb.o(i.USB_SetDevAddress)
    i.USB_Tx_Task_10ms                       0x0800561c   Section        0  usb_send_queue.o(i.USB_Tx_Task_10ms)
    i.USB_UCPD1_2_IRQHandler                 0x0800566c   Section        0  stm32g0xx_it.o(i.USB_UCPD1_2_IRQHandler)
    i.USB_WritePMA                           0x0800567c   Section        0  stm32g0xx_ll_usb.o(i.USB_WritePMA)
    i.__ARM_common_switch8                   0x080056c4   Section        0  stm32g0xx_hal_dma.o(i.__ARM_common_switch8)
    i.__NVIC_SetPriority                     0x080056e0   Section        0  stm32g0xx_hal_cortex.o(i.__NVIC_SetPriority)
    __NVIC_SetPriority                       0x080056e1   Thumb Code    60  stm32g0xx_hal_cortex.o(i.__NVIC_SetPriority)
    i.find_module_by_nodeid                  0x08005724   Section        0  can_comm.o(i.find_module_by_nodeid)
    find_module_by_nodeid                    0x08005725   Thumb Code    38  can_comm.o(i.find_module_by_nodeid)
    i.main                                   0x08005750   Section        0  main.o(i.main)
    i.recompute_module_count                 0x080057c4   Section        0  can_comm.o(i.recompute_module_count)
    recompute_module_count                   0x080057c5   Thumb Code    32  can_comm.o(i.recompute_module_count)
    i.u32_le                                 0x080057ec   Section        0  can_comm.o(i.u32_le)
    u32_le                                   0x080057ed   Thumb Code    22  can_comm.o(i.u32_le)
    .constdata                               0x08005802   Section       16  stm32g0xx_hal_fdcan.o(.constdata)
    DLCtoBytes                               0x08005802   Data          16  stm32g0xx_hal_fdcan.o(.constdata)
    .constdata                               0x08005812   Section       24  stm32g0xx_hal_uart.o(.constdata)
    .constdata                               0x0800582a   Section       16  stm32g0xx_hal_uart_ex.o(.constdata)
    numerator                                0x0800582a   Data           8  stm32g0xx_hal_uart_ex.o(.constdata)
    denominator                              0x08005832   Data           8  stm32g0xx_hal_uart_ex.o(.constdata)
    .constdata                               0x0800583c   Section       64  system_stm32g0xx.o(.constdata)
    .constdata                               0x0800587c   Section       32  system_stm32g0xx.o(.constdata)
    .data                                    0x20000000   Section       68  main.o(.data)
    .data                                    0x20000044   Section        2  usb_comm.o(.data)
    .data                                    0x20000046   Section        4  can_comm.o(.data)
    g_motion_report_seq                      0x20000048   Data           2  can_comm.o(.data)
    .data                                    0x2000004a   Section        2  usb_send_queue.o(.data)
    .data                                    0x2000004c   Section        3  usb_send_queue.o(.data)
    usb_tx_head                              0x2000004c   Data           1  usb_send_queue.o(.data)
    usb_tx_tail                              0x2000004d   Data           1  usb_send_queue.o(.data)
    usb_tx_count                             0x2000004e   Data           1  usb_send_queue.o(.data)
    .data                                    0x20000050   Section        4  systick_task.o(.data)
    usb_tx_tick                              0x20000050   Data           1  systick_task.o(.data)
    module_timeout_tick                      0x20000052   Data           2  systick_task.o(.data)
    .data                                    0x20000054   Section       28  usbd_desc.o(.data)
    .data                                    0x20000070   Section       50  usbd_desc.o(.data)
    .data                                    0x200000a4   Section       34  usbd_custom_hid_if.o(.data)
    CUSTOM_HID_ReportDesc_FS                 0x200000a4   Data          34  usbd_custom_hid_if.o(.data)
    .data                                    0x200000c8   Section       16  usbd_custom_hid_if.o(.data)
    .data                                    0x200000d8   Section       12  stm32g0xx_hal.o(.data)
    .data                                    0x200000e4   Section        4  system_stm32g0xx.o(.data)
    .data                                    0x200000e8   Section        1  usbd_ctlreq.o(.data)
    cfgidx                                   0x200000e8   Data           1  usbd_ctlreq.o(.data)
    .data                                    0x200000ec   Section       56  usbd_customhid.o(.data)
    .data                                    0x20000124   Section       70  usbd_customhid.o(.data)
    CUSTOMHIDInEpAdd                         0x20000124   Data           1  usbd_customhid.o(.data)
    CUSTOMHIDOutEpAdd                        0x20000125   Data           1  usbd_customhid.o(.data)
    USBD_CUSTOM_HID_CfgDesc                  0x20000128   Data          41  usbd_customhid.o(.data)
    USBD_CUSTOM_HID_Desc                     0x20000154   Data           9  usbd_customhid.o(.data)
    USBD_CUSTOM_HID_DeviceQualifierDesc      0x20000160   Data          10  usbd_customhid.o(.data)
    .bss                                     0x2000016c   Section       64  main.o(.bss)
    .bss                                     0x200001ac   Section      100  fdcan.o(.bss)
    .bss                                     0x20000210   Section       76  tim.o(.bss)
    .bss                                     0x2000025c   Section      148  usart.o(.bss)
    .bss                                     0x200002f0   Section      192  usb_comm.o(.bss)
    .bss                                     0x200003b0   Section      872  can_comm.o(.bss)
    hb                                       0x200006f0   Data          40  can_comm.o(.bss)
    .bss                                     0x20000718   Section      520  usb_send_queue.o(.bss)
    usb_tx_queue                             0x20000718   Data         520  usb_send_queue.o(.bss)
    .bss                                     0x20000920   Section      824  usbd_conf.o(.bss)
    mem                                      0x20000920   Data          88  usbd_conf.o(.bss)
    .bss                                     0x20000c58   Section      732  usb_device.o(.bss)
    .bss                                     0x20000f34   Section      512  usbd_desc.o(.bss)
    .bss                                     0x20001134   Section       96  libspace.o(.bss)
    HEAP                                     0x20001198   Section      512  startup_stm32g0b1xx.o(HEAP)
    Heap_Mem                                 0x20001198   Data         512  startup_stm32g0b1xx.o(HEAP)
    STACK                                    0x20001398   Section     1024  startup_stm32g0b1xx.o(STACK)
    Stack_Mem                                0x20001398   Data        1024  startup_stm32g0b1xx.o(STACK)
    __initial_sp                             0x20001798   Data           0  startup_stm32g0b1xx.o(STACK)

    Global Symbols

    Symbol Name                              Value     Ov Type        Size  Object(Section)

    BuildAttributes$$THM_ISAv3M$S$PE$A:L22$X:L11$S22$IEEE1$IW$USESV6$~STKCKD$USESV7$~SHL$OSPACE$ROPI$EBA8$UX$STANDARDLIB$REQ8$PRES8$EABIv2 0x00000000   Number         0  anon$$obj.o ABSOLUTE
    __ARM_use_no_argv                        0x00000000   Number         0  main.o ABSOLUTE
    __ARM_exceptions_init                     - Undefined Weak Reference
    __alloca_initialize                       - Undefined Weak Reference
    __arm_fini_                               - Undefined Weak Reference
    __arm_preinit_                            - Undefined Weak Reference
    __cpp_initialize__aeabi_                  - Undefined Weak Reference
    __cxa_finalize                            - Undefined Weak Reference
    __rt_locale                               - Undefined Weak Reference
    __sigvec_lookup                           - Undefined Weak Reference
    _atexit_init                              - Undefined Weak Reference
    _call_atexit_fns                          - Undefined Weak Reference
    _clock_init                               - Undefined Weak Reference
    _fp_trap_init                             - Undefined Weak Reference
    _fp_trap_shutdown                         - Undefined Weak Reference
    _get_lc_collate                           - Undefined Weak Reference
    _get_lc_ctype                             - Undefined Weak Reference
    _get_lc_monetary                          - Undefined Weak Reference
    _get_lc_numeric                           - Undefined Weak Reference
    _get_lc_time                              - Undefined Weak Reference
    _getenv_init                              - Undefined Weak Reference
    _handle_redirection                       - Undefined Weak Reference
    _init_alloc                               - Undefined Weak Reference
    _init_user_alloc                          - Undefined Weak Reference
    _initio                                   - Undefined Weak Reference
    _rand_init                                - Undefined Weak Reference
    _signal_finish                            - Undefined Weak Reference
    _signal_init                              - Undefined Weak Reference
    _terminate_alloc                          - Undefined Weak Reference
    _terminate_user_alloc                     - Undefined Weak Reference
    _terminateio                              - Undefined Weak Reference
    __Vectors_Size                           0x000000bc   Number         0  startup_stm32g0b1xx.o ABSOLUTE
    __Vectors                                0x08000000   Data           4  startup_stm32g0b1xx.o(RESET)
    __Vectors_End                            0x080000bc   Data           0  startup_stm32g0b1xx.o(RESET)
    __main                                   0x080000bd   Thumb Code     8  __main.o(!!!main)
    __scatterload                            0x080000c5   Thumb Code     0  __scatter.o(!!!scatter)
    __scatterload_rt2                        0x080000c5   Thumb Code    52  __scatter.o(!!!scatter)
    __scatterload_rt2_thumb_only             0x080000c5   Thumb Code     0  __scatter.o(!!!scatter)
    __scatterload_null                       0x080000d5   Thumb Code     0  __scatter.o(!!!scatter)
    __scatterload_zeroinit                   0x08000101   Thumb Code    28  __scatter_zi.o(!!handler_zi)
    __rt_lib_init                            0x0800011d   Thumb Code     0  libinit.o(.ARM.Collect$$libinit$$00000000)
    __rt_lib_init_alloca_1                   0x0800011f   Thumb Code     0  libinit2.o(.ARM.Collect$$libinit$$0000002E)
    __rt_lib_init_argv_1                     0x0800011f   Thumb Code     0  libinit2.o(.ARM.Collect$$libinit$$0000002C)
    __rt_lib_init_atexit_1                   0x0800011f   Thumb Code     0  libinit2.o(.ARM.Collect$$libinit$$0000001B)
    __rt_lib_init_clock_1                    0x0800011f   Thumb Code     0  libinit2.o(.ARM.Collect$$libinit$$00000021)
    __rt_lib_init_cpp_1                      0x0800011f   Thumb Code     0  libinit2.o(.ARM.Collect$$libinit$$00000032)
    __rt_lib_init_exceptions_1               0x0800011f   Thumb Code     0  libinit2.o(.ARM.Collect$$libinit$$00000030)
    __rt_lib_init_fp_1                       0x0800011f   Thumb Code     0  libinit2.o(.ARM.Collect$$libinit$$00000002)
    __rt_lib_init_fp_trap_1                  0x0800011f   Thumb Code     0  libinit2.o(.ARM.Collect$$libinit$$0000001F)
    __rt_lib_init_getenv_1                   0x0800011f   Thumb Code     0  libinit2.o(.ARM.Collect$$libinit$$00000023)
    __rt_lib_init_heap_1                     0x0800011f   Thumb Code     0  libinit2.o(.ARM.Collect$$libinit$$0000000A)
    __rt_lib_init_lc_collate_1               0x0800011f   Thumb Code     0  libinit2.o(.ARM.Collect$$libinit$$00000011)
    __rt_lib_init_lc_ctype_1                 0x0800011f   Thumb Code     0  libinit2.o(.ARM.Collect$$libinit$$00000013)
    __rt_lib_init_lc_monetary_1              0x0800011f   Thumb Code     0  libinit2.o(.ARM.Collect$$libinit$$00000015)
    __rt_lib_init_lc_numeric_1               0x0800011f   Thumb Code     0  libinit2.o(.ARM.Collect$$libinit$$00000017)
    __rt_lib_init_lc_time_1                  0x0800011f   Thumb Code     0  libinit2.o(.ARM.Collect$$libinit$$00000019)
    __rt_lib_init_preinit_1                  0x0800011f   Thumb Code     0  libinit2.o(.ARM.Collect$$libinit$$00000004)
    __rt_lib_init_rand_1                     0x0800011f   Thumb Code     0  libinit2.o(.ARM.Collect$$libinit$$0000000E)
    __rt_lib_init_return                     0x0800011f   Thumb Code     0  libinit2.o(.ARM.Collect$$libinit$$00000033)
    __rt_lib_init_signal_1                   0x0800011f   Thumb Code     0  libinit2.o(.ARM.Collect$$libinit$$0000001D)
    __rt_lib_init_stdio_1                    0x0800011f   Thumb Code     0  libinit2.o(.ARM.Collect$$libinit$$00000025)
    __rt_lib_init_user_alloc_1               0x0800011f   Thumb Code     0  libinit2.o(.ARM.Collect$$libinit$$0000000C)
    __rt_lib_shutdown                        0x08000121   Thumb Code     0  libshutdown.o(.ARM.Collect$$libshutdown$$00000000)
    __rt_lib_shutdown_cpp_1                  0x08000123   Thumb Code     0  libshutdown2.o(.ARM.Collect$$libshutdown$$00000004)
    __rt_lib_shutdown_fini_1                 0x08000123   Thumb Code     0  libshutdown2.o(.ARM.Collect$$libshutdown$$00000002)
    __rt_lib_shutdown_fp_trap_1              0x08000123   Thumb Code     0  libshutdown2.o(.ARM.Collect$$libshutdown$$00000009)
    __rt_lib_shutdown_heap_1                 0x08000123   Thumb Code     0  libshutdown2.o(.ARM.Collect$$libshutdown$$00000011)
    __rt_lib_shutdown_return                 0x08000123   Thumb Code     0  libshutdown2.o(.ARM.Collect$$libshutdown$$00000012)
    __rt_lib_shutdown_signal_1               0x08000123   Thumb Code     0  libshutdown2.o(.ARM.Collect$$libshutdown$$0000000C)
    __rt_lib_shutdown_stdio_1                0x08000123   Thumb Code     0  libshutdown2.o(.ARM.Collect$$libshutdown$$00000006)
    __rt_lib_shutdown_user_alloc_1           0x08000123   Thumb Code     0  libshutdown2.o(.ARM.Collect$$libshutdown$$0000000E)
    __rt_entry                               0x08000125   Thumb Code     0  __rtentry.o(.ARM.Collect$$rtentry$$00000000)
    __rt_entry_presh_1                       0x08000125   Thumb Code     0  __rtentry2.o(.ARM.Collect$$rtentry$$00000002)
    __rt_entry_sh                            0x08000125   Thumb Code     0  __rtentry4.o(.ARM.Collect$$rtentry$$00000004)
    __rt_entry_li                            0x0800012b   Thumb Code     0  __rtentry2.o(.ARM.Collect$$rtentry$$0000000A)
    __rt_entry_postsh_1                      0x0800012b   Thumb Code     0  __rtentry2.o(.ARM.Collect$$rtentry$$00000009)
    __rt_entry_main                          0x0800012f   Thumb Code     0  __rtentry2.o(.ARM.Collect$$rtentry$$0000000D)
    __rt_entry_postli_1                      0x0800012f   Thumb Code     0  __rtentry2.o(.ARM.Collect$$rtentry$$0000000C)
    __rt_exit                                0x08000137   Thumb Code     0  rtexit.o(.ARM.Collect$$rtexit$$00000000)
    __rt_exit_ls                             0x08000139   Thumb Code     0  rtexit2.o(.ARM.Collect$$rtexit$$00000003)
    __rt_exit_prels_1                        0x08000139   Thumb Code     0  rtexit2.o(.ARM.Collect$$rtexit$$00000002)
    __rt_exit_exit                           0x0800013d   Thumb Code     0  rtexit2.o(.ARM.Collect$$rtexit$$00000004)
    __aeabi_memcpy4                          0x08000145   Thumb Code    56  rt_memcpy.o(.emb_text)
    __aeabi_memcpy8                          0x08000145   Thumb Code     0  rt_memcpy.o(.emb_text)
    Reset_Handler                            0x0800017d   Thumb Code     8  startup_stm32g0b1xx.o(.text)
    ADC1_COMP_IRQHandler                     0x0800018f   Thumb Code     0  startup_stm32g0b1xx.o(.text)
    CEC_IRQHandler                           0x0800018f   Thumb Code     0  startup_stm32g0b1xx.o(.text)
    DMA1_Ch4_7_DMA2_Ch1_5_DMAMUX1_OVR_IRQHandler 0x0800018f   Thumb Code     0  startup_stm32g0b1xx.o(.text)
    DMA1_Channel1_IRQHandler                 0x0800018f   Thumb Code     0  startup_stm32g0b1xx.o(.text)
    DMA1_Channel2_3_IRQHandler               0x0800018f   Thumb Code     0  startup_stm32g0b1xx.o(.text)
    EXTI0_1_IRQHandler                       0x0800018f   Thumb Code     0  startup_stm32g0b1xx.o(.text)
    EXTI2_3_IRQHandler                       0x0800018f   Thumb Code     0  startup_stm32g0b1xx.o(.text)
    EXTI4_15_IRQHandler                      0x0800018f   Thumb Code     0  startup_stm32g0b1xx.o(.text)
    FLASH_IRQHandler                         0x0800018f   Thumb Code     0  startup_stm32g0b1xx.o(.text)
    I2C1_IRQHandler                          0x0800018f   Thumb Code     0  startup_stm32g0b1xx.o(.text)
    I2C2_3_IRQHandler                        0x0800018f   Thumb Code     0  startup_stm32g0b1xx.o(.text)
    PVD_VDDIO2_IRQHandler                    0x0800018f   Thumb Code     0  startup_stm32g0b1xx.o(.text)
    RCC_CRS_IRQHandler                       0x0800018f   Thumb Code     0  startup_stm32g0b1xx.o(.text)
    RTC_TAMP_IRQHandler                      0x0800018f   Thumb Code     0  startup_stm32g0b1xx.o(.text)
    SPI1_IRQHandler                          0x0800018f   Thumb Code     0  startup_stm32g0b1xx.o(.text)
    SPI2_3_IRQHandler                        0x0800018f   Thumb Code     0  startup_stm32g0b1xx.o(.text)
    TIM14_IRQHandler                         0x0800018f   Thumb Code     0  startup_stm32g0b1xx.o(.text)
    TIM15_IRQHandler                         0x0800018f   Thumb Code     0  startup_stm32g0b1xx.o(.text)
    TIM17_FDCAN_IT1_IRQHandler               0x0800018f   Thumb Code     0  startup_stm32g0b1xx.o(.text)
    TIM1_BRK_UP_TRG_COM_IRQHandler           0x0800018f   Thumb Code     0  startup_stm32g0b1xx.o(.text)
    TIM1_CC_IRQHandler                       0x0800018f   Thumb Code     0  startup_stm32g0b1xx.o(.text)
    TIM3_TIM4_IRQHandler                     0x0800018f   Thumb Code     0  startup_stm32g0b1xx.o(.text)
    TIM6_DAC_LPTIM1_IRQHandler               0x0800018f   Thumb Code     0  startup_stm32g0b1xx.o(.text)
    TIM7_LPTIM2_IRQHandler                   0x0800018f   Thumb Code     0  startup_stm32g0b1xx.o(.text)
    USART1_IRQHandler                        0x0800018f   Thumb Code     0  startup_stm32g0b1xx.o(.text)
    USART2_LPUART2_IRQHandler                0x0800018f   Thumb Code     0  startup_stm32g0b1xx.o(.text)
    USART3_4_5_6_LPUART1_IRQHandler          0x0800018f   Thumb Code     0  startup_stm32g0b1xx.o(.text)
    WWDG_IRQHandler                          0x0800018f   Thumb Code     0  startup_stm32g0b1xx.o(.text)
    __user_initial_stackheap                 0x08000191   Thumb Code     0  startup_stm32g0b1xx.o(.text)
    __aeabi_uldivmod                         0x080001b5   Thumb Code   258  lludiv.o(.text)
    _ll_udiv                                 0x080001b5   Thumb Code     0  lludiv.o(.text)
    __aeabi_memcpy                           0x080002b7   Thumb Code   130  rt_memcpy.o(.text)
    __rt_memcpy                              0x080002b7   Thumb Code     0  rt_memcpy.o(.text)
    _memset_w                                0x08000339   Thumb Code    26  rt_memclr.o(.text)
    _memset                                  0x08000353   Thumb Code    30  rt_memclr.o(.text)
    __aeabi_memclr                           0x08000371   Thumb Code     4  rt_memclr.o(.text)
    __rt_memclr                              0x08000371   Thumb Code     0  rt_memclr.o(.text)
    __aeabi_memclr4                          0x08000375   Thumb Code     0  rt_memclr.o(.text)
    __aeabi_memclr8                          0x08000375   Thumb Code     0  rt_memclr.o(.text)
    __rt_memclr_w                            0x08000375   Thumb Code     4  rt_memclr.o(.text)
    __aeabi_uread4                           0x08000379   Thumb Code    22  uread4.o(.text)
    __rt_uread4                              0x08000379   Thumb Code     0  uread4.o(.text)
    __aeabi_uwrite4                          0x0800038f   Thumb Code    16  uwrite4.o(.text)
    __rt_uwrite4                             0x0800038f   Thumb Code     0  uwrite4.o(.text)
    __aeabi_uidiv                            0x0800039f   Thumb Code     0  aeabi_sdiv.o(.text)
    __aeabi_uidivmod                         0x0800039f   Thumb Code    20  aeabi_sdiv.o(.text)
    __aeabi_idiv                             0x080003b3   Thumb Code     0  aeabi_sdiv.o(.text)
    __aeabi_idivmod                          0x080003b3   Thumb Code   326  aeabi_sdiv.o(.text)
    __use_two_region_memory                  0x080004f9   Thumb Code     2  heapauxi.o(.text)
    __rt_heap_escrow$2region                 0x080004fb   Thumb Code     2  heapauxi.o(.text)
    __rt_heap_expand$2region                 0x080004fd   Thumb Code     2  heapauxi.o(.text)
    __user_setup_stackheap                   0x080004ff   Thumb Code    62  sys_stackheap_outer.o(.text)
    exit                                     0x0800053d   Thumb Code    16  exit.o(.text)
    __user_libspace                          0x0800054d   Thumb Code     8  libspace.o(.text)
    __user_perproc_libspace                  0x0800054d   Thumb Code     0  libspace.o(.text)
    __user_perthread_libspace                0x0800054d   Thumb Code     0  libspace.o(.text)
    _sys_exit                                0x08000555   Thumb Code     8  sys_exit.o(.text)
    __I$use$semihosting                      0x08000561   Thumb Code     0  use_no_semi.o(.text)
    __use_no_semihosting_swi                 0x08000561   Thumb Code     2  use_no_semi.o(.text)
    __decompress                             0x08000563   Thumb Code     0  __dczerorl2.o(.text)
    __decompress1                            0x08000563   Thumb Code    86  __dczerorl2.o(.text)
    __semihosting_library_function           0x08000563   Thumb Code     0  indicate_semi.o(.text)
    CAN_Parse_Heartbeat                      0x080005b9   Thumb Code   130  can_comm.o(i.CAN_Parse_Heartbeat)
    CAN_Send_FD_Frame                        0x0800063d   Thumb Code   142  can_comm.o(i.CAN_Send_FD_Frame)
    CAN_Send_ParamSet                        0x080006d1   Thumb Code    50  can_comm.o(i.CAN_Send_ParamSet)
    CAN_Send_SetModuleName                   0x08000703   Thumb Code    42  can_comm.o(i.CAN_Send_SetModuleName)
    Error_Handler                            0x08000751   Thumb Code     4  main.o(i.Error_Handler)
    HAL_Delay                                0x08000835   Thumb Code    32  stm32g0xx_hal.o(i.HAL_Delay)
    HAL_FDCAN_ActivateNotification           0x08000859   Thumb Code   246  stm32g0xx_hal_fdcan.o(i.HAL_FDCAN_ActivateNotification)
    HAL_FDCAN_AddMessageToTxFifoQ            0x0800094f   Thumb Code    72  stm32g0xx_hal_fdcan.o(i.HAL_FDCAN_AddMessageToTxFifoQ)
    HAL_FDCAN_ConfigFilter                   0x08000997   Thumb Code    94  stm32g0xx_hal_fdcan.o(i.HAL_FDCAN_ConfigFilter)
    HAL_FDCAN_ErrorCallback                  0x080009f5   Thumb Code     2  stm32g0xx_hal_fdcan.o(i.HAL_FDCAN_ErrorCallback)
    HAL_FDCAN_ErrorStatusCallback            0x080009f7   Thumb Code     2  stm32g0xx_hal_fdcan.o(i.HAL_FDCAN_ErrorStatusCallback)
    HAL_FDCAN_GetRxMessage                   0x080009f9   Thumb Code   246  stm32g0xx_hal_fdcan.o(i.HAL_FDCAN_GetRxMessage)
    HAL_FDCAN_GetTxFifoFreeLevel             0x08000af5   Thumb Code    12  stm32g0xx_hal_fdcan.o(i.HAL_FDCAN_GetTxFifoFreeLevel)
    HAL_FDCAN_HighPriorityMessageCallback    0x08000b01   Thumb Code     2  stm32g0xx_hal_fdcan.o(i.HAL_FDCAN_HighPriorityMessageCallback)
    HAL_FDCAN_IRQHandler                     0x08000b03   Thumb Code   364  stm32g0xx_hal_fdcan.o(i.HAL_FDCAN_IRQHandler)
    HAL_FDCAN_Init                           0x08000c71   Thumb Code   412  stm32g0xx_hal_fdcan.o(i.HAL_FDCAN_Init)
    HAL_FDCAN_MspInit                        0x08000e15   Thumb Code   122  fdcan.o(i.HAL_FDCAN_MspInit)
    HAL_FDCAN_RxFifo0Callback                0x08000e9d   Thumb Code   258  can_comm.o(i.HAL_FDCAN_RxFifo0Callback)
    HAL_FDCAN_RxFifo1Callback                0x08000fad   Thumb Code     2  stm32g0xx_hal_fdcan.o(i.HAL_FDCAN_RxFifo1Callback)
    HAL_FDCAN_Start                          0x08000faf   Thumb Code    44  stm32g0xx_hal_fdcan.o(i.HAL_FDCAN_Start)
    HAL_FDCAN_TimeoutOccurredCallback        0x08000fdb   Thumb Code     2  stm32g0xx_hal_fdcan.o(i.HAL_FDCAN_TimeoutOccurredCallback)
    HAL_FDCAN_TimestampWraparoundCallback    0x08000fdd   Thumb Code     2  stm32g0xx_hal_fdcan.o(i.HAL_FDCAN_TimestampWraparoundCallback)
    HAL_FDCAN_TxBufferAbortCallback          0x08000fdf   Thumb Code     2  stm32g0xx_hal_fdcan.o(i.HAL_FDCAN_TxBufferAbortCallback)
    HAL_FDCAN_TxBufferCompleteCallback       0x08000fe1   Thumb Code     2  stm32g0xx_hal_fdcan.o(i.HAL_FDCAN_TxBufferCompleteCallback)
    HAL_FDCAN_TxEventFifoCallback            0x08000fe3   Thumb Code     2  stm32g0xx_hal_fdcan.o(i.HAL_FDCAN_TxEventFifoCallback)
    HAL_FDCAN_TxFifoEmptyCallback            0x08000fe5   Thumb Code     2  stm32g0xx_hal_fdcan.o(i.HAL_FDCAN_TxFifoEmptyCallback)
    HAL_GPIO_Init                            0x08000fe9   Thumb Code   336  stm32g0xx_hal_gpio.o(i.HAL_GPIO_Init)
    HAL_GPIO_WritePin                        0x0800114d   Thumb Code    12  stm32g0xx_hal_gpio.o(i.HAL_GPIO_WritePin)
    HAL_GetTick                              0x08001159   Thumb Code     6  stm32g0xx_hal.o(i.HAL_GetTick)
    HAL_IncTick                              0x08001165   Thumb Code    12  stm32g0xx_hal.o(i.HAL_IncTick)
    HAL_Init                                 0x08001175   Thumb Code    36  stm32g0xx_hal.o(i.HAL_Init)
    HAL_InitTick                             0x0800119d   Thumb Code    64  stm32g0xx_hal.o(i.HAL_InitTick)
    HAL_MspInit                              0x080011e5   Thumb Code    44  stm32g0xx_hal_msp.o(i.HAL_MspInit)
    HAL_NVIC_EnableIRQ                       0x08001215   Thumb Code    18  stm32g0xx_hal_cortex.o(i.HAL_NVIC_EnableIRQ)
    HAL_NVIC_SetPriority                     0x0800122d   Thumb Code     8  stm32g0xx_hal_cortex.o(i.HAL_NVIC_SetPriority)
    HAL_PCDEx_ActivateLPM                    0x08001235   Thumb Code    42  stm32g0xx_hal_pcd_ex.o(i.HAL_PCDEx_ActivateLPM)
    HAL_PCDEx_LPM_Callback                   0x0800125f   Thumb Code     2  stm32g0xx_hal_pcd_ex.o(i.HAL_PCDEx_LPM_Callback)
    HAL_PCDEx_PMAConfig                      0x08001261   Thumb Code    58  stm32g0xx_hal_pcd_ex.o(i.HAL_PCDEx_PMAConfig)
    HAL_PCD_DataInStageCallback              0x0800129b   Thumb Code    24  usbd_conf.o(i.HAL_PCD_DataInStageCallback)
    HAL_PCD_DataOutStageCallback             0x080012b3   Thumb Code    28  usbd_conf.o(i.HAL_PCD_DataOutStageCallback)
    HAL_PCD_EP_Close                         0x080012cf   Thumb Code    68  stm32g0xx_hal_pcd.o(i.HAL_PCD_EP_Close)
    HAL_PCD_EP_ClrStall                      0x08001313   Thumb Code    84  stm32g0xx_hal_pcd.o(i.HAL_PCD_EP_ClrStall)
    HAL_PCD_EP_Open                          0x08001781   Thumb Code    78  stm32g0xx_hal_pcd.o(i.HAL_PCD_EP_Open)
    HAL_PCD_EP_Receive                       0x080017cf   Thumb Code    38  stm32g0xx_hal_pcd.o(i.HAL_PCD_EP_Receive)
    HAL_PCD_EP_SetStall                      0x080017f5   Thumb Code    84  stm32g0xx_hal_pcd.o(i.HAL_PCD_EP_SetStall)
    HAL_PCD_EP_Transmit                      0x08001849   Thumb Code    44  stm32g0xx_hal_pcd.o(i.HAL_PCD_EP_Transmit)
    HAL_PCD_IRQHandler                       0x08001875   Thumb Code   296  stm32g0xx_hal_pcd.o(i.HAL_PCD_IRQHandler)
    HAL_PCD_Init                             0x080019bd   Thumb Code   154  stm32g0xx_hal_pcd.o(i.HAL_PCD_Init)
    HAL_PCD_MspInit                          0x08001a59   Thumb Code   120  usbd_conf.o(i.HAL_PCD_MspInit)
    HAL_PCD_ResetCallback                    0x08001ad9   Thumb Code    38  usbd_conf.o(i.HAL_PCD_ResetCallback)
    HAL_PCD_ResumeCallback                   0x08001b01   Thumb Code    38  usbd_conf.o(i.HAL_PCD_ResumeCallback)
    HAL_PCD_SOFCallback                      0x08001b2d   Thumb Code    16  usbd_conf.o(i.HAL_PCD_SOFCallback)
    HAL_PCD_SetAddress                       0x08001b3d   Thumb Code    36  stm32g0xx_hal_pcd.o(i.HAL_PCD_SetAddress)
    HAL_PCD_SetupStageCallback               0x08001b61   Thumb Code    24  usbd_conf.o(i.HAL_PCD_SetupStageCallback)
    HAL_PCD_Start                            0x08001b79   Thumb Code    42  stm32g0xx_hal_pcd.o(i.HAL_PCD_Start)
    HAL_PCD_SuspendCallback                  0x08001ba5   Thumb Code    34  usbd_conf.o(i.HAL_PCD_SuspendCallback)
    HAL_PWREx_ControlVoltageScaling          0x08001bcd   Thumb Code    62  stm32g0xx_hal_pwr_ex.o(i.HAL_PWREx_ControlVoltageScaling)
    HAL_PWREx_EnableVddUSB                   0x08001c19   Thumb Code    12  stm32g0xx_hal_pwr_ex.o(i.HAL_PWREx_EnableVddUSB)
    HAL_RCCEx_PeriphCLKConfig                0x08001c29   Thumb Code   618  stm32g0xx_hal_rcc_ex.o(i.HAL_RCCEx_PeriphCLKConfig)
    HAL_RCC_ClockConfig                      0x08001ea9   Thumb Code   318  stm32g0xx_hal_rcc.o(i.HAL_RCC_ClockConfig)
    HAL_RCC_GetPCLK1Freq                     0x08002001   Thumb Code    26  stm32g0xx_hal_rcc.o(i.HAL_RCC_GetPCLK1Freq)
    HAL_RCC_GetSysClockFreq                  0x08002029   Thumb Code   130  stm32g0xx_hal_rcc.o(i.HAL_RCC_GetSysClockFreq)
    HAL_RCC_OscConfig                        0x080020b5   Thumb Code  1078  stm32g0xx_hal_rcc.o(i.HAL_RCC_OscConfig)
    HAL_SYSCFG_StrobeDBattpinsConfig         0x080024ed   Thumb Code    16  stm32g0xx_hal.o(i.HAL_SYSCFG_StrobeDBattpinsConfig)
    HAL_SYSTICK_Config                       0x08002501   Thumb Code    38  stm32g0xx_hal_cortex.o(i.HAL_SYSTICK_Config)
    HAL_TIMEx_Break2Callback                 0x08002531   Thumb Code     2  stm32g0xx_hal_tim_ex.o(i.HAL_TIMEx_Break2Callback)
    HAL_TIMEx_BreakCallback                  0x08002533   Thumb Code     2  stm32g0xx_hal_tim_ex.o(i.HAL_TIMEx_BreakCallback)
    HAL_TIMEx_CommutCallback                 0x08002535   Thumb Code     2  stm32g0xx_hal_tim_ex.o(i.HAL_TIMEx_CommutCallback)
    HAL_TIMEx_MasterConfigSynchronization    0x08002539   Thumb Code   108  stm32g0xx_hal_tim_ex.o(i.HAL_TIMEx_MasterConfigSynchronization)
    HAL_TIM_Base_Init                        0x080025b5   Thumb Code    76  stm32g0xx_hal_tim.o(i.HAL_TIM_Base_Init)
    HAL_TIM_Base_MspInit                     0x08002601   Thumb Code    46  tim.o(i.HAL_TIM_Base_MspInit)
    HAL_TIM_ConfigClockSource                0x08002635   Thumb Code   220  stm32g0xx_hal_tim.o(i.HAL_TIM_ConfigClockSource)
    HAL_TIM_IC_CaptureCallback               0x08002715   Thumb Code     2  stm32g0xx_hal_tim.o(i.HAL_TIM_IC_CaptureCallback)
    HAL_TIM_IRQHandler                       0x08002719   Thumb Code   318  stm32g0xx_hal_tim.o(i.HAL_TIM_IRQHandler)
    HAL_TIM_OC_DelayElapsedCallback          0x08002861   Thumb Code     2  stm32g0xx_hal_tim.o(i.HAL_TIM_OC_DelayElapsedCallback)
    HAL_TIM_PWM_PulseFinishedCallback        0x08002863   Thumb Code     2  stm32g0xx_hal_tim.o(i.HAL_TIM_PWM_PulseFinishedCallback)
    HAL_TIM_PeriodElapsedCallback            0x08002865   Thumb Code     2  stm32g0xx_hal_tim.o(i.HAL_TIM_PeriodElapsedCallback)
    HAL_TIM_TriggerCallback                  0x08002867   Thumb Code     2  stm32g0xx_hal_tim.o(i.HAL_TIM_TriggerCallback)
    HAL_UARTEx_DisableFifoMode               0x08002869   Thumb Code    60  stm32g0xx_hal_uart_ex.o(i.HAL_UARTEx_DisableFifoMode)
    HAL_UARTEx_SetRxFifoThreshold            0x080028a5   Thumb Code    72  stm32g0xx_hal_uart_ex.o(i.HAL_UARTEx_SetRxFifoThreshold)
    HAL_UARTEx_SetTxFifoThreshold            0x080028ed   Thumb Code    70  stm32g0xx_hal_uart_ex.o(i.HAL_UARTEx_SetTxFifoThreshold)
    HAL_UART_Init                            0x08002933   Thumb Code   108  stm32g0xx_hal_uart.o(i.HAL_UART_Init)
    HAL_UART_MspInit                         0x080029a1   Thumb Code   110  usart.o(i.HAL_UART_MspInit)
    HardFault_Handler                        0x08002a19   Thumb Code     2  stm32g0xx_it.o(i.HardFault_Handler)
    MX_FDCAN2_Init                           0x08002a49   Thumb Code    76  fdcan.o(i.MX_FDCAN2_Init)
    MX_GPIO_Init                             0x08002a9d   Thumb Code    82  gpio.o(i.MX_GPIO_Init)
    MX_TIM2_Init                             0x08002af5   Thumb Code   102  tim.o(i.MX_TIM2_Init)
    MX_USART2_UART_Init                      0x08002b65   Thumb Code    96  usart.o(i.MX_USART2_UART_Init)
    MX_USB_Device_Init                       0x08002bcd   Thumb Code    68  usb_device.o(i.MX_USB_Device_Init)
    Module_Heartbeat_Timeout_Check           0x08002c21   Thumb Code    66  can_comm.o(i.Module_Heartbeat_Timeout_Check)
    Module_Update_From_Heartbeat             0x08002c6d   Thumb Code   152  can_comm.o(i.Module_Update_From_Heartbeat)
    NMI_Handler                              0x08002d09   Thumb Code     2  stm32g0xx_it.o(i.NMI_Handler)
    Pack_USB_NodeID_MSB_To_CAN               0x080030b5   Thumb Code    16  can_comm.o(i.Pack_USB_NodeID_MSB_To_CAN)
    PendSV_Handler                           0x080030c5   Thumb Code     2  stm32g0xx_it.o(i.PendSV_Handler)
    Process_HID_Command                      0x080030c9   Thumb Code   176  usb_comm.o(i.Process_HID_Command)
    SVC_Handler                              0x08003181   Thumb Code     2  stm32g0xx_it.o(i.SVC_Handler)
    Send_VersionInfo                         0x0800318d   Thumb Code    80  usb_comm.o(i.Send_VersionInfo)
    SysTick_Handler                          0x080031e5   Thumb Code    12  stm32g0xx_it.o(i.SysTick_Handler)
    SysTick_Task                             0x080031f1   Thumb Code    48  systick_task.o(i.SysTick_Task)
    SystemClock_Config                       0x08003225   Thumb Code   118  main.o(i.SystemClock_Config)
    SystemInit                               0x0800329b   Thumb Code     2  system_stm32g0xx.o(i.SystemInit)
    TIM16_FDCAN_IT0_IRQHandler               0x0800329d   Thumb Code    10  stm32g0xx_it.o(i.TIM16_FDCAN_IT0_IRQHandler)
    TIM2_IRQHandler                          0x080032ad   Thumb Code    10  stm32g0xx_it.o(i.TIM2_IRQHandler)
    TIM_Base_SetConfig                       0x080032bd   Thumb Code   152  stm32g0xx_hal_tim.o(i.TIM_Base_SetConfig)
    TIM_ETR_SetConfig                        0x08003371   Thumb Code    22  stm32g0xx_hal_tim.o(i.TIM_ETR_SetConfig)
    UART_AdvFeatureConfig                    0x08003429   Thumb Code   202  stm32g0xx_hal_uart.o(i.UART_AdvFeatureConfig)
    UART_CheckIdleState                      0x080034f5   Thumb Code   180  stm32g0xx_hal_uart.o(i.UART_CheckIdleState)
    UART_SetConfig                           0x08003611   Thumb Code   600  stm32g0xx_hal_uart.o(i.UART_SetConfig)
    UART_WaitOnFlagUntilTimeout              0x080038a5   Thumb Code   144  stm32g0xx_hal_uart.o(i.UART_WaitOnFlagUntilTimeout)
    USBD_CUSTOM_HID_ConfigStrDescriptor      0x08003935   Thumb Code    16  usbd_desc.o(i.USBD_CUSTOM_HID_ConfigStrDescriptor)
    USBD_CUSTOM_HID_DeviceDescriptor         0x08003a15   Thumb Code     8  usbd_desc.o(i.USBD_CUSTOM_HID_DeviceDescriptor)
    USBD_CUSTOM_HID_InterfaceStrDescriptor   0x08003bcd   Thumb Code    16  usbd_desc.o(i.USBD_CUSTOM_HID_InterfaceStrDescriptor)
    USBD_CUSTOM_HID_LangIDStrDescriptor      0x08003bf9   Thumb Code     8  usbd_desc.o(i.USBD_CUSTOM_HID_LangIDStrDescriptor)
    USBD_CUSTOM_HID_ManufacturerStrDescriptor 0x08003c05   Thumb Code    16  usbd_desc.o(i.USBD_CUSTOM_HID_ManufacturerStrDescriptor)
    USBD_CUSTOM_HID_ProductStrDescriptor     0x08003c29   Thumb Code    16  usbd_desc.o(i.USBD_CUSTOM_HID_ProductStrDescriptor)
    USBD_CUSTOM_HID_ReceivePacket            0x08003c4d   Thumb Code    40  usbd_customhid.o(i.USBD_CUSTOM_HID_ReceivePacket)
    USBD_CUSTOM_HID_RegisterInterface        0x08003c79   Thumb Code    28  usbd_customhid.o(i.USBD_CUSTOM_HID_RegisterInterface)
    USBD_CUSTOM_HID_SendReport               0x08003c95   Thumb Code    66  usbd_customhid.o(i.USBD_CUSTOM_HID_SendReport)
    USBD_CUSTOM_HID_SerialStrDescriptor      0x08003cdd   Thumb Code    44  usbd_desc.o(i.USBD_CUSTOM_HID_SerialStrDescriptor)
    USBD_ClrClassConfig                      0x08003e11   Thumb Code    26  usbd_core.o(i.USBD_ClrClassConfig)
    USBD_CoreFindEP                          0x08003e2b   Thumb Code     4  usbd_core.o(i.USBD_CoreFindEP)
    USBD_CoreFindIF                          0x08003e2f   Thumb Code     4  usbd_core.o(i.USBD_CoreFindIF)
    USBD_CtlContinueRx                       0x08003e33   Thumb Code    16  usbd_ioreq.o(i.USBD_CtlContinueRx)
    USBD_CtlContinueSendData                 0x08003e43   Thumb Code    16  usbd_ioreq.o(i.USBD_CtlContinueSendData)
    USBD_CtlError                            0x08003e53   Thumb Code    20  usbd_ctlreq.o(i.USBD_CtlError)
    USBD_CtlPrepareRx                        0x08003e67   Thumb Code    34  usbd_ioreq.o(i.USBD_CtlPrepareRx)
    USBD_CtlReceiveStatus                    0x08003e89   Thumb Code    24  usbd_ioreq.o(i.USBD_CtlReceiveStatus)
    USBD_CtlSendData                         0x08003ea1   Thumb Code    30  usbd_ioreq.o(i.USBD_CtlSendData)
    USBD_CtlSendStatus                       0x08003ebf   Thumb Code    26  usbd_ioreq.o(i.USBD_CtlSendStatus)
    USBD_GetEpDesc                           0x08003fbd   Thumb Code    70  usbd_core.o(i.USBD_GetEpDesc)
    USBD_GetNextDesc                         0x08004003   Thumb Code    14  usbd_core.o(i.USBD_GetNextDesc)
    USBD_GetString                           0x08004011   Thumb Code    70  usbd_ctlreq.o(i.USBD_GetString)
    USBD_Init                                0x0800406f   Thumb Code    42  usbd_core.o(i.USBD_Init)
    USBD_LL_ClearStallEP                     0x08004099   Thumb Code    20  usbd_conf.o(i.USBD_LL_ClearStallEP)
    USBD_LL_CloseEP                          0x080040ad   Thumb Code    20  usbd_conf.o(i.USBD_LL_CloseEP)
    USBD_LL_DataInStage                      0x080040c1   Thumb Code   176  usbd_core.o(i.USBD_LL_DataInStage)
    USBD_LL_DataOutStage                     0x08004171   Thumb Code   144  usbd_core.o(i.USBD_LL_DataOutStage)
    USBD_LL_Init                             0x08004201   Thumb Code   114  usbd_conf.o(i.USBD_LL_Init)
    USBD_LL_IsStallEP                        0x08004281   Thumb Code    32  usbd_conf.o(i.USBD_LL_IsStallEP)
    USBD_LL_OpenEP                           0x080042a1   Thumb Code    26  usbd_conf.o(i.USBD_LL_OpenEP)
    USBD_LL_PrepareReceive                   0x080042bb   Thumb Code    20  usbd_conf.o(i.USBD_LL_PrepareReceive)
    USBD_LL_Reset                            0x080042cf   Thumb Code    98  usbd_core.o(i.USBD_LL_Reset)
    USBD_LL_Resume                           0x08004331   Thumb Code    20  usbd_core.o(i.USBD_LL_Resume)
    USBD_LL_SOF                              0x08004345   Thumb Code    32  usbd_core.o(i.USBD_LL_SOF)
    USBD_LL_SetSpeed                         0x08004365   Thumb Code     6  usbd_core.o(i.USBD_LL_SetSpeed)
    USBD_LL_SetUSBAddress                    0x0800436b   Thumb Code    20  usbd_conf.o(i.USBD_LL_SetUSBAddress)
    USBD_LL_SetupStage                       0x08004381   Thumb Code    92  usbd_core.o(i.USBD_LL_SetupStage)
    USBD_LL_StallEP                          0x080043e1   Thumb Code    20  usbd_conf.o(i.USBD_LL_StallEP)
    USBD_LL_Start                            0x080043f5   Thumb Code    20  usbd_conf.o(i.USBD_LL_Start)
    USBD_LL_Suspend                          0x08004409   Thumb Code    18  usbd_core.o(i.USBD_LL_Suspend)
    USBD_LL_Transmit                         0x0800441b   Thumb Code    20  usbd_conf.o(i.USBD_LL_Transmit)
    USBD_ParseSetupRequest                   0x0800442f   Thumb Code    42  usbd_ctlreq.o(i.USBD_ParseSetupRequest)
    USBD_RegisterClass                       0x08004459   Thumb Code    56  usbd_core.o(i.USBD_RegisterClass)
    USBD_SetClassConfig                      0x08004491   Thumb Code    24  usbd_core.o(i.USBD_SetClassConfig)
    USBD_Start                               0x08004561   Thumb Code     8  usbd_core.o(i.USBD_Start)
    USBD_StdDevReq                           0x08004569   Thumb Code   296  usbd_ctlreq.o(i.USBD_StdDevReq)
    USBD_StdEPReq                            0x08004691   Thumb Code   376  usbd_ctlreq.o(i.USBD_StdEPReq)
    USBD_StdItfReq                           0x08004809   Thumb Code   118  usbd_ctlreq.o(i.USBD_StdItfReq)
    USBD_static_free                         0x0800487f   Thumb Code     2  usbd_conf.o(i.USBD_static_free)
    USBD_static_malloc                       0x08004881   Thumb Code     4  usbd_conf.o(i.USBD_static_malloc)
    USB_ActivateEndpoint                     0x08004889   Thumb Code   642  stm32g0xx_ll_usb.o(i.USB_ActivateEndpoint)
    USB_DeactivateEndpoint                   0x08004b2d   Thumb Code   222  stm32g0xx_ll_usb.o(i.USB_DeactivateEndpoint)
    USB_DevConnect                           0x08004c1d   Thumb Code    14  stm32g0xx_ll_usb.o(i.USB_DevConnect)
    USB_DevInit                              0x08004c2b   Thumb Code    30  stm32g0xx_ll_usb.o(i.USB_DevInit)
    USB_DisableGlobalInt                     0x08004c49   Thumb Code    12  stm32g0xx_ll_usb.o(i.USB_DisableGlobalInt)
    USB_EPClearStall                         0x08004c59   Thumb Code   108  stm32g0xx_ll_usb.o(i.USB_EPClearStall)
    USB_EPSetStall                           0x08004cd5   Thumb Code    42  stm32g0xx_ll_usb.o(i.USB_EPSetStall)
    USB_EPStartXfer                          0x08004d0d   Thumb Code  1354  stm32g0xx_ll_usb.o(i.USB_EPStartXfer)
    USB_EnableGlobalInt                      0x08005269   Thumb Code    12  stm32g0xx_ll_usb.o(i.USB_EnableGlobalInt)
    USB_Handle_GetModuleInfoReply            0x08005279   Thumb Code   228  usb_comm.o(i.USB_Handle_GetModuleInfoReply)
    USB_Handle_GetModuleList                 0x08005369   Thumb Code   104  usb_comm.o(i.USB_Handle_GetModuleList)
    USB_ReadInterrupts                       0x08005449   Thumb Code     4  stm32g0xx_ll_usb.o(i.USB_ReadInterrupts)
    USB_ReadPMA                              0x0800544d   Thumb Code    70  stm32g0xx_ll_usb.o(i.USB_ReadPMA)
    USB_Report_ParamFeedback                 0x08005499   Thumb Code   116  usb_comm.o(i.USB_Report_ParamFeedback)
    USB_Send_Queue                           0x08005595   Thumb Code    78  usb_send_queue.o(i.USB_Send_Queue)
    USB_SetCurrentMode                       0x080055ed   Thumb Code    34  stm32g0xx_ll_usb.o(i.USB_SetCurrentMode)
    USB_SetDevAddress                        0x0800560f   Thumb Code    12  stm32g0xx_ll_usb.o(i.USB_SetDevAddress)
    USB_Tx_Task_10ms                         0x0800561d   Thumb Code    64  usb_send_queue.o(i.USB_Tx_Task_10ms)
    USB_UCPD1_2_IRQHandler                   0x0800566d   Thumb Code    10  stm32g0xx_it.o(i.USB_UCPD1_2_IRQHandler)
    USB_WritePMA                             0x0800567d   Thumb Code    68  stm32g0xx_ll_usb.o(i.USB_WritePMA)
    __ARM_common_switch8                     0x080056c5   Thumb Code    26  stm32g0xx_hal_dma.o(i.__ARM_common_switch8)
    main                                     0x08005751   Thumb Code   102  main.o(i.main)
    UARTPrescTable                           0x08005812   Data          24  stm32g0xx_hal_uart.o(.constdata)
    AHBPrescTable                            0x0800583c   Data          64  system_stm32g0xx.o(.constdata)
    APBPrescTable                            0x0800587c   Data          32  system_stm32g0xx.o(.constdata)
    Region$$Table$$Base                      0x0800589c   Number         0  anon$$obj.o(Region$$Table)
    Region$$Table$$Limit                     0x080058bc   Number         0  anon$$obj.o(Region$$Table)
    TSB                                      0x20000000   Data           4  main.o(.data)
    buf                                      0x20000004   Data          64  main.o(.data)
    g_motion_report_seq                      0x20000044   Data           2  usb_comm.o(.data)
    g_module_count                           0x20000046   Data           1  can_comm.o(.data)
    usb_drop_cnt                             0x2000004a   Data           2  usb_send_queue.o(.data)
    CUSTOM_HID_Desc                          0x20000054   Data          28  usbd_desc.o(.data)
    USBD_LangIDDesc                          0x20000070   Data           4  usbd_desc.o(.data)
    USBD_CUSTOM_HID_DeviceDesc               0x20000074   Data          18  usbd_desc.o(.data)
    USBD_StringSerial                        0x20000088   Data          26  usbd_desc.o(.data)
    USBD_CustomHID_fops_FS                   0x200000c8   Data          16  usbd_custom_hid_if.o(.data)
    uwTickFreq                               0x200000d8   Data           1  stm32g0xx_hal.o(.data)
    uwTickPrio                               0x200000dc   Data           4  stm32g0xx_hal.o(.data)
    uwTick                                   0x200000e0   Data           4  stm32g0xx_hal.o(.data)
    SystemCoreClock                          0x200000e4   Data           4  system_stm32g0xx.o(.data)
    USBD_CUSTOM_HID                          0x200000ec   Data          56  usbd_customhid.o(.data)
    USBD_CustomHID_OutBuffer                 0x2000016c   Data          64  main.o(.bss)
    hfdcan2                                  0x200001ac   Data         100  fdcan.o(.bss)
    htim2                                    0x20000210   Data          76  tim.o(.bss)
    huart2                                   0x2000025c   Data         148  usart.o(.bss)
    g_HID_RX_Buffer                          0x200002f0   Data          64  usb_comm.o(.bss)
    Send_buf                                 0x20000330   Data          64  usb_comm.o(.bss)
    dbg_last_module_tx                       0x20000370   Data          64  usb_comm.o(.bss)
    CAN_rxData                               0x200003b0   Data          64  can_comm.o(.bss)
    g_modules                                0x200003f0   Data         768  can_comm.o(.bss)
    hpcd_USB_DRD_FS                          0x20000978   Data         736  usbd_conf.o(.bss)
    hUsbDeviceFS                             0x20000c58   Data         732  usb_device.o(.bss)
    USBD_StrDesc                             0x20000f34   Data         512  usbd_desc.o(.bss)
    __libspace_start                         0x20001134   Data          96  libspace.o(.bss)
    __temporary_stack_top$libspace           0x20001194   Data           0  libspace.o(.bss)



==============================================================================

Memory Map of the image

  Image Entry point : 0x080000bd

  Load Region LR_IROM1 (Base: 0x08000000, Size: 0x00005a28, Max: 0x00020000, ABSOLUTE, COMPRESSED[0x00005978])

    Execution Region ER_IROM1 (Exec base: 0x08000000, Load base: 0x08000000, Size: 0x000058bc, Max: 0x00020000, ABSOLUTE)

    Exec Addr    Load Addr    Size         Type   Attr      Idx    E Section Name        Object

    0x08000000   0x08000000   0x000000bc   Data   RO            3    RESET               startup_stm32g0b1xx.o
    0x080000bc   0x080000bc   0x00000008   Code   RO         5276  * !!!main             c_p.l(__main.o)
    0x080000c4   0x080000c4   0x0000003c   Code   RO         5453    !!!scatter          c_p.l(__scatter.o)
    0x08000100   0x08000100   0x0000001c   Code   RO         5455    !!handler_zi        c_p.l(__scatter_zi.o)
    0x0800011c   0x0800011c   0x00000002   Code   RO         5318    .ARM.Collect$$libinit$$00000000  c_p.l(libinit.o)
    0x0800011e   0x0800011e   0x00000000   Code   RO         5332    .ARM.Collect$$libinit$$00000002  c_p.l(libinit2.o)
    0x0800011e   0x0800011e   0x00000000   Code   RO         5334    .ARM.Collect$$libinit$$00000004  c_p.l(libinit2.o)
    0x0800011e   0x0800011e   0x00000000   Code   RO         5337    .ARM.Collect$$libinit$$0000000A  c_p.l(libinit2.o)
    0x0800011e   0x0800011e   0x00000000   Code   RO         5339    .ARM.Collect$$libinit$$0000000C  c_p.l(libinit2.o)
    0x0800011e   0x0800011e   0x00000000   Code   RO         5341    .ARM.Collect$$libinit$$0000000E  c_p.l(libinit2.o)
    0x0800011e   0x0800011e   0x00000000   Code   RO         5344    .ARM.Collect$$libinit$$00000011  c_p.l(libinit2.o)
    0x0800011e   0x0800011e   0x00000000   Code   RO         5346    .ARM.Collect$$libinit$$00000013  c_p.l(libinit2.o)
    0x0800011e   0x0800011e   0x00000000   Code   RO         5348    .ARM.Collect$$libinit$$00000015  c_p.l(libinit2.o)
    0x0800011e   0x0800011e   0x00000000   Code   RO         5350    .ARM.Collect$$libinit$$00000017  c_p.l(libinit2.o)
    0x0800011e   0x0800011e   0x00000000   Code   RO         5352    .ARM.Collect$$libinit$$00000019  c_p.l(libinit2.o)
    0x0800011e   0x0800011e   0x00000000   Code   RO         5354    .ARM.Collect$$libinit$$0000001B  c_p.l(libinit2.o)
    0x0800011e   0x0800011e   0x00000000   Code   RO         5356    .ARM.Collect$$libinit$$0000001D  c_p.l(libinit2.o)
    0x0800011e   0x0800011e   0x00000000   Code   RO         5358    .ARM.Collect$$libinit$$0000001F  c_p.l(libinit2.o)
    0x0800011e   0x0800011e   0x00000000   Code   RO         5360    .ARM.Collect$$libinit$$00000021  c_p.l(libinit2.o)
    0x0800011e   0x0800011e   0x00000000   Code   RO         5362    .ARM.Collect$$libinit$$00000023  c_p.l(libinit2.o)
    0x0800011e   0x0800011e   0x00000000   Code   RO         5364    .ARM.Collect$$libinit$$00000025  c_p.l(libinit2.o)
    0x0800011e   0x0800011e   0x00000000   Code   RO         5368    .ARM.Collect$$libinit$$0000002C  c_p.l(libinit2.o)
    0x0800011e   0x0800011e   0x00000000   Code   RO         5370    .ARM.Collect$$libinit$$0000002E  c_p.l(libinit2.o)
    0x0800011e   0x0800011e   0x00000000   Code   RO         5372    .ARM.Collect$$libinit$$00000030  c_p.l(libinit2.o)
    0x0800011e   0x0800011e   0x00000000   Code   RO         5374    .ARM.Collect$$libinit$$00000032  c_p.l(libinit2.o)
    0x0800011e   0x0800011e   0x00000002   Code   RO         5375    .ARM.Collect$$libinit$$00000033  c_p.l(libinit2.o)
    0x08000120   0x08000120   0x00000002   Code   RO         5406    .ARM.Collect$$libshutdown$$00000000  c_p.l(libshutdown.o)
    0x08000122   0x08000122   0x00000000   Code   RO         5432    .ARM.Collect$$libshutdown$$00000002  c_p.l(libshutdown2.o)
    0x08000122   0x08000122   0x00000000   Code   RO         5434    .ARM.Collect$$libshutdown$$00000004  c_p.l(libshutdown2.o)
    0x08000122   0x08000122   0x00000000   Code   RO         5436    .ARM.Collect$$libshutdown$$00000006  c_p.l(libshutdown2.o)
    0x08000122   0x08000122   0x00000000   Code   RO         5439    .ARM.Collect$$libshutdown$$00000009  c_p.l(libshutdown2.o)
    0x08000122   0x08000122   0x00000000   Code   RO         5442    .ARM.Collect$$libshutdown$$0000000C  c_p.l(libshutdown2.o)
    0x08000122   0x08000122   0x00000000   Code   RO         5444    .ARM.Collect$$libshutdown$$0000000E  c_p.l(libshutdown2.o)
    0x08000122   0x08000122   0x00000000   Code   RO         5447    .ARM.Collect$$libshutdown$$00000011  c_p.l(libshutdown2.o)
    0x08000122   0x08000122   0x00000002   Code   RO         5448    .ARM.Collect$$libshutdown$$00000012  c_p.l(libshutdown2.o)
    0x08000124   0x08000124   0x00000000   Code   RO         5278    .ARM.Collect$$rtentry$$00000000  c_p.l(__rtentry.o)
    0x08000124   0x08000124   0x00000000   Code   RO         5288    .ARM.Collect$$rtentry$$00000002  c_p.l(__rtentry2.o)
    0x08000124   0x08000124   0x00000006   Code   RO         5300    .ARM.Collect$$rtentry$$00000004  c_p.l(__rtentry4.o)
    0x0800012a   0x0800012a   0x00000000   Code   RO         5290    .ARM.Collect$$rtentry$$00000009  c_p.l(__rtentry2.o)
    0x0800012a   0x0800012a   0x00000004   Code   RO         5291    .ARM.Collect$$rtentry$$0000000A  c_p.l(__rtentry2.o)
    0x0800012e   0x0800012e   0x00000000   Code   RO         5293    .ARM.Collect$$rtentry$$0000000C  c_p.l(__rtentry2.o)
    0x0800012e   0x0800012e   0x00000008   Code   RO         5294    .ARM.Collect$$rtentry$$0000000D  c_p.l(__rtentry2.o)
    0x08000136   0x08000136   0x00000002   Code   RO         5323    .ARM.Collect$$rtexit$$00000000  c_p.l(rtexit.o)
    0x08000138   0x08000138   0x00000000   Code   RO         5379    .ARM.Collect$$rtexit$$00000002  c_p.l(rtexit2.o)
    0x08000138   0x08000138   0x00000004   Code   RO         5380    .ARM.Collect$$rtexit$$00000003  c_p.l(rtexit2.o)
    0x0800013c   0x0800013c   0x00000006   Code   RO         5381    .ARM.Collect$$rtexit$$00000004  c_p.l(rtexit2.o)
    0x08000142   0x08000142   0x00000002   PAD
    0x08000144   0x08000144   0x00000038   Code   RO         5260    .emb_text           c_p.l(rt_memcpy.o)
    0x0800017c   0x0800017c   0x00000038   Code   RO            4    .text               startup_stm32g0b1xx.o
    0x080001b4   0x080001b4   0x00000102   Code   RO         5258    .text               c_p.l(lludiv.o)
    0x080002b6   0x080002b6   0x00000082   Code   RO         5261    .text               c_p.l(rt_memcpy.o)
    0x08000338   0x08000338   0x00000040   Code   RO         5264    .text               c_p.l(rt_memclr.o)
    0x08000378   0x08000378   0x00000016   Code   RO         5266    .text               c_p.l(uread4.o)
    0x0800038e   0x0800038e   0x00000010   Code   RO         5268    .text               c_p.l(uwrite4.o)
    0x0800039e   0x0800039e   0x0000015a   Code   RO         5270    .text               c_p.l(aeabi_sdiv.o)
    0x080004f8   0x080004f8   0x00000006   Code   RO         5274    .text               c_p.l(heapauxi.o)
    0x080004fe   0x080004fe   0x0000003e   Code   RO         5304    .text               c_p.l(sys_stackheap_outer.o)
    0x0800053c   0x0800053c   0x00000010   Code   RO         5307    .text               c_p.l(exit.o)
    0x0800054c   0x0800054c   0x00000008   Code   RO         5319    .text               c_p.l(libspace.o)
    0x08000554   0x08000554   0x0000000c   Code   RO         5376    .text               c_p.l(sys_exit.o)
    0x08000560   0x08000560   0x00000002   Code   RO         5395    .text               c_p.l(use_no_semi.o)
    0x08000562   0x08000562   0x00000000   Code   RO         5397    .text               c_p.l(indicate_semi.o)
    0x08000562   0x08000562   0x00000056   Code   RO         5451    .text               c_p.l(__dczerorl2.o)
    0x080005b8   0x080005b8   0x00000082   Code   RO          515    i.CAN_Parse_Heartbeat  can_comm.o
    0x0800063a   0x0800063a   0x00000002   PAD
    0x0800063c   0x0800063c   0x00000094   Code   RO          516    i.CAN_Send_FD_Frame  can_comm.o
    0x080006d0   0x080006d0   0x00000032   Code   RO          517    i.CAN_Send_ParamSet  can_comm.o
    0x08000702   0x08000702   0x0000002a   Code   RO          518    i.CAN_Send_SetModuleName  can_comm.o
    0x0800072c   0x0800072c   0x00000004   Code   RO          975    i.CUSTOM_HID_DeInit_FS  usbd_custom_hid_if.o
    0x08000730   0x08000730   0x00000004   Code   RO          976    i.CUSTOM_HID_Init_FS  usbd_custom_hid_if.o
    0x08000734   0x08000734   0x0000001c   Code   RO          977    i.CUSTOM_HID_OutEvent_FS  usbd_custom_hid_if.o
    0x08000750   0x08000750   0x00000004   Code   RO           12    i.Error_Handler     main.o
    0x08000754   0x08000754   0x00000074   Code   RO         2927    i.FDCAN_CalcultateRamBlockAddresses  stm32g0xx_hal_fdcan.o
    0x080007c8   0x080007c8   0x0000006c   Code   RO         2928    i.FDCAN_CopyMessageToRAM  stm32g0xx_hal_fdcan.o
    0x08000834   0x08000834   0x00000024   Code   RO         2634    i.HAL_Delay         stm32g0xx_hal.o
    0x08000858   0x08000858   0x000000f6   Code   RO         2930    i.HAL_FDCAN_ActivateNotification  stm32g0xx_hal_fdcan.o
    0x0800094e   0x0800094e   0x00000048   Code   RO         2931    i.HAL_FDCAN_AddMessageToTxFifoQ  stm32g0xx_hal_fdcan.o
    0x08000996   0x08000996   0x0000005e   Code   RO         2933    i.HAL_FDCAN_ConfigFilter  stm32g0xx_hal_fdcan.o
    0x080009f4   0x080009f4   0x00000002   Code   RO         2954    i.HAL_FDCAN_ErrorCallback  stm32g0xx_hal_fdcan.o
    0x080009f6   0x080009f6   0x00000002   Code   RO         2955    i.HAL_FDCAN_ErrorStatusCallback  stm32g0xx_hal_fdcan.o
    0x080009f8   0x080009f8   0x000000fc   Code   RO         2964    i.HAL_FDCAN_GetRxMessage  stm32g0xx_hal_fdcan.o
    0x08000af4   0x08000af4   0x0000000c   Code   RO         2969    i.HAL_FDCAN_GetTxFifoFreeLevel  stm32g0xx_hal_fdcan.o
    0x08000b00   0x08000b00   0x00000002   Code   RO         2970    i.HAL_FDCAN_HighPriorityMessageCallback  stm32g0xx_hal_fdcan.o
    0x08000b02   0x08000b02   0x0000016c   Code   RO         2971    i.HAL_FDCAN_IRQHandler  stm32g0xx_hal_fdcan.o
    0x08000c6e   0x08000c6e   0x00000002   PAD
    0x08000c70   0x08000c70   0x000001a4   Code   RO         2972    i.HAL_FDCAN_Init    stm32g0xx_hal_fdcan.o
    0x08000e14   0x08000e14   0x00000088   Code   RO          243    i.HAL_FDCAN_MspInit  fdcan.o
    0x08000e9c   0x08000e9c   0x00000110   Code   RO          519    i.HAL_FDCAN_RxFifo0Callback  can_comm.o
    0x08000fac   0x08000fac   0x00000002   Code   RO         2980    i.HAL_FDCAN_RxFifo1Callback  stm32g0xx_hal_fdcan.o
    0x08000fae   0x08000fae   0x0000002c   Code   RO         2981    i.HAL_FDCAN_Start   stm32g0xx_hal_fdcan.o
    0x08000fda   0x08000fda   0x00000002   Code   RO         2983    i.HAL_FDCAN_TimeoutOccurredCallback  stm32g0xx_hal_fdcan.o
    0x08000fdc   0x08000fdc   0x00000002   Code   RO         2984    i.HAL_FDCAN_TimestampWraparoundCallback  stm32g0xx_hal_fdcan.o
    0x08000fde   0x08000fde   0x00000002   Code   RO         2985    i.HAL_FDCAN_TxBufferAbortCallback  stm32g0xx_hal_fdcan.o
    0x08000fe0   0x08000fe0   0x00000002   Code   RO         2986    i.HAL_FDCAN_TxBufferCompleteCallback  stm32g0xx_hal_fdcan.o
    0x08000fe2   0x08000fe2   0x00000002   Code   RO         2987    i.HAL_FDCAN_TxEventFifoCallback  stm32g0xx_hal_fdcan.o
    0x08000fe4   0x08000fe4   0x00000002   Code   RO         2988    i.HAL_FDCAN_TxFifoEmptyCallback  stm32g0xx_hal_fdcan.o
    0x08000fe6   0x08000fe6   0x00000002   PAD
    0x08000fe8   0x08000fe8   0x00000164   Code   RO         1990    i.HAL_GPIO_Init     stm32g0xx_hal_gpio.o
    0x0800114c   0x0800114c   0x0000000c   Code   RO         1994    i.HAL_GPIO_WritePin  stm32g0xx_hal_gpio.o
    0x08001158   0x08001158   0x0000000c   Code   RO         2638    i.HAL_GetTick       stm32g0xx_hal.o
    0x08001164   0x08001164   0x00000010   Code   RO         2644    i.HAL_IncTick       stm32g0xx_hal.o
    0x08001174   0x08001174   0x00000028   Code   RO         2645    i.HAL_Init          stm32g0xx_hal.o
    0x0800119c   0x0800119c   0x00000048   Code   RO         2646    i.HAL_InitTick      stm32g0xx_hal.o
    0x080011e4   0x080011e4   0x00000030   Code   RO          425    i.HAL_MspInit       stm32g0xx_hal_msp.o
    0x08001214   0x08001214   0x00000018   Code   RO         2512    i.HAL_NVIC_EnableIRQ  stm32g0xx_hal_cortex.o
    0x0800122c   0x0800122c   0x00000008   Code   RO         2516    i.HAL_NVIC_SetPriority  stm32g0xx_hal_cortex.o
    0x08001234   0x08001234   0x0000002a   Code   RO         1262    i.HAL_PCDEx_ActivateLPM  stm32g0xx_hal_pcd_ex.o
    0x0800125e   0x0800125e   0x00000002   Code   RO         1267    i.HAL_PCDEx_LPM_Callback  stm32g0xx_hal_pcd_ex.o
    0x08001260   0x08001260   0x0000003a   Code   RO         1268    i.HAL_PCDEx_PMAConfig  stm32g0xx_hal_pcd_ex.o
    0x0800129a   0x0800129a   0x00000018   Code   RO          661    i.HAL_PCD_DataInStageCallback  usbd_conf.o
    0x080012b2   0x080012b2   0x0000001c   Code   RO          662    i.HAL_PCD_DataOutStageCallback  usbd_conf.o
    0x080012ce   0x080012ce   0x00000044   Code   RO         1026    i.HAL_PCD_EP_Close  stm32g0xx_hal_pcd.o
    0x08001312   0x08001312   0x00000054   Code   RO         1027    i.HAL_PCD_EP_ClrStall  stm32g0xx_hal_pcd.o
    0x08001366   0x08001366   0x00000002   PAD
    0x08001368   0x08001368   0x000000c8   Code   RO         1028    i.HAL_PCD_EP_DB_Receive  stm32g0xx_hal_pcd.o
    0x08001430   0x08001430   0x00000350   Code   RO         1029    i.HAL_PCD_EP_DB_Transmit  stm32g0xx_hal_pcd.o
    0x08001780   0x08001780   0x0000004e   Code   RO         1032    i.HAL_PCD_EP_Open   stm32g0xx_hal_pcd.o
    0x080017ce   0x080017ce   0x00000026   Code   RO         1033    i.HAL_PCD_EP_Receive  stm32g0xx_hal_pcd.o
    0x080017f4   0x080017f4   0x00000054   Code   RO         1034    i.HAL_PCD_EP_SetStall  stm32g0xx_hal_pcd.o
    0x08001848   0x08001848   0x0000002c   Code   RO         1035    i.HAL_PCD_EP_Transmit  stm32g0xx_hal_pcd.o
    0x08001874   0x08001874   0x00000148   Code   RO         1037    i.HAL_PCD_IRQHandler  stm32g0xx_hal_pcd.o
    0x080019bc   0x080019bc   0x0000009a   Code   RO         1040    i.HAL_PCD_Init      stm32g0xx_hal_pcd.o
    0x08001a56   0x08001a56   0x00000002   PAD
    0x08001a58   0x08001a58   0x00000080   Code   RO          667    i.HAL_PCD_MspInit   usbd_conf.o
    0x08001ad8   0x08001ad8   0x00000026   Code   RO          668    i.HAL_PCD_ResetCallback  usbd_conf.o
    0x08001afe   0x08001afe   0x00000002   PAD
    0x08001b00   0x08001b00   0x0000002c   Code   RO          669    i.HAL_PCD_ResumeCallback  usbd_conf.o
    0x08001b2c   0x08001b2c   0x00000010   Code   RO          670    i.HAL_PCD_SOFCallback  usbd_conf.o
    0x08001b3c   0x08001b3c   0x00000024   Code   RO         1046    i.HAL_PCD_SetAddress  stm32g0xx_hal_pcd.o
    0x08001b60   0x08001b60   0x00000018   Code   RO          671    i.HAL_PCD_SetupStageCallback  usbd_conf.o
    0x08001b78   0x08001b78   0x0000002a   Code   RO         1048    i.HAL_PCD_Start     stm32g0xx_hal_pcd.o
    0x08001ba2   0x08001ba2   0x00000002   PAD
    0x08001ba4   0x08001ba4   0x00000028   Code   RO          672    i.HAL_PCD_SuspendCallback  usbd_conf.o
    0x08001bcc   0x08001bcc   0x0000004c   Code   RO         2289    i.HAL_PWREx_ControlVoltageScaling  stm32g0xx_hal_pwr_ex.o
    0x08001c18   0x08001c18   0x00000010   Code   RO         2315    i.HAL_PWREx_EnableVddUSB  stm32g0xx_hal_pwr_ex.o
    0x08001c28   0x08001c28   0x00000280   Code   RO         1663    i.HAL_RCCEx_PeriphCLKConfig  stm32g0xx_hal_rcc_ex.o
    0x08001ea8   0x08001ea8   0x00000158   Code   RO         1538    i.HAL_RCC_ClockConfig  stm32g0xx_hal_rcc.o
    0x08002000   0x08002000   0x00000028   Code   RO         1546    i.HAL_RCC_GetPCLK1Freq  stm32g0xx_hal_rcc.o
    0x08002028   0x08002028   0x0000008c   Code   RO         1548    i.HAL_RCC_GetSysClockFreq  stm32g0xx_hal_rcc.o
    0x080020b4   0x080020b4   0x00000436   Code   RO         1552    i.HAL_RCC_OscConfig  stm32g0xx_hal_rcc.o
    0x080024ea   0x080024ea   0x00000002   PAD
    0x080024ec   0x080024ec   0x00000014   Code   RO         2658    i.HAL_SYSCFG_StrobeDBattpinsConfig  stm32g0xx_hal.o
    0x08002500   0x08002500   0x00000030   Code   RO         2520    i.HAL_SYSTICK_Config  stm32g0xx_hal_cortex.o
    0x08002530   0x08002530   0x00000002   Code   RO         4025    i.HAL_TIMEx_Break2Callback  stm32g0xx_hal_tim_ex.o
    0x08002532   0x08002532   0x00000002   Code   RO         4026    i.HAL_TIMEx_BreakCallback  stm32g0xx_hal_tim_ex.o
    0x08002534   0x08002534   0x00000002   Code   RO         4027    i.HAL_TIMEx_CommutCallback  stm32g0xx_hal_tim_ex.o
    0x08002536   0x08002536   0x00000002   PAD
    0x08002538   0x08002538   0x0000007c   Code   RO         4048    i.HAL_TIMEx_MasterConfigSynchronization  stm32g0xx_hal_tim_ex.o
    0x080025b4   0x080025b4   0x0000004c   Code   RO         3315    i.HAL_TIM_Base_Init  stm32g0xx_hal_tim.o
    0x08002600   0x08002600   0x00000034   Code   RO          281    i.HAL_TIM_Base_MspInit  tim.o
    0x08002634   0x08002634   0x000000e0   Code   RO         3324    i.HAL_TIM_ConfigClockSource  stm32g0xx_hal_tim.o
    0x08002714   0x08002714   0x00000002   Code   RO         3349    i.HAL_TIM_IC_CaptureCallback  stm32g0xx_hal_tim.o
    0x08002716   0x08002716   0x00000002   PAD
    0x08002718   0x08002718   0x00000148   Code   RO         3363    i.HAL_TIM_IRQHandler  stm32g0xx_hal_tim.o
    0x08002860   0x08002860   0x00000002   Code   RO         3366    i.HAL_TIM_OC_DelayElapsedCallback  stm32g0xx_hal_tim.o
    0x08002862   0x08002862   0x00000002   Code   RO         3393    i.HAL_TIM_PWM_PulseFinishedCallback  stm32g0xx_hal_tim.o
    0x08002864   0x08002864   0x00000002   Code   RO         3401    i.HAL_TIM_PeriodElapsedCallback  stm32g0xx_hal_tim.o
    0x08002866   0x08002866   0x00000002   Code   RO         3406    i.HAL_TIM_TriggerCallback  stm32g0xx_hal_tim.o
    0x08002868   0x08002868   0x0000003c   Code   RO         4740    i.HAL_UARTEx_DisableFifoMode  stm32g0xx_hal_uart_ex.o
    0x080028a4   0x080028a4   0x00000048   Code   RO         4749    i.HAL_UARTEx_SetRxFifoThreshold  stm32g0xx_hal_uart_ex.o
    0x080028ec   0x080028ec   0x00000046   Code   RO         4750    i.HAL_UARTEx_SetTxFifoThreshold  stm32g0xx_hal_uart_ex.o
    0x08002932   0x08002932   0x0000006c   Code   RO         4353    i.HAL_UART_Init     stm32g0xx_hal_uart.o
    0x0800299e   0x0800299e   0x00000002   PAD
    0x080029a0   0x080029a0   0x00000078   Code   RO          319    i.HAL_UART_MspInit  usart.o
    0x08002a18   0x08002a18   0x00000002   Code   RO          356    i.HardFault_Handler  stm32g0xx_it.o
    0x08002a1a   0x08002a1a   0x0000002c   Code   RO          893    i.IntToUnicode      usbd_desc.o
    0x08002a46   0x08002a46   0x00000002   PAD
    0x08002a48   0x08002a48   0x00000054   Code   RO          244    i.MX_FDCAN2_Init    fdcan.o
    0x08002a9c   0x08002a9c   0x00000058   Code   RO          218    i.MX_GPIO_Init      gpio.o
    0x08002af4   0x08002af4   0x00000070   Code   RO          282    i.MX_TIM2_Init      tim.o
    0x08002b64   0x08002b64   0x00000068   Code   RO          320    i.MX_USART2_UART_Init  usart.o
    0x08002bcc   0x08002bcc   0x00000054   Code   RO          862    i.MX_USB_Device_Init  usb_device.o
    0x08002c20   0x08002c20   0x0000004c   Code   RO          520    i.Module_Heartbeat_Timeout_Check  can_comm.o
    0x08002c6c   0x08002c6c   0x0000009c   Code   RO          521    i.Module_Update_From_Heartbeat  can_comm.o
    0x08002d08   0x08002d08   0x00000002   Code   RO          357    i.NMI_Handler       stm32g0xx_it.o
    0x08002d0a   0x08002d0a   0x00000002   PAD
    0x08002d0c   0x08002d0c   0x00000348   Code   RO         1051    i.PCD_EP_ISR_Handler  stm32g0xx_hal_pcd.o
    0x08003054   0x08003054   0x00000020   Code   RO         1052    i.PCD_GET_EP_DBUF0_CNT  stm32g0xx_hal_pcd.o
    0x08003074   0x08003074   0x00000020   Code   RO         1053    i.PCD_GET_EP_DBUF1_CNT  stm32g0xx_hal_pcd.o
    0x08003094   0x08003094   0x00000020   Code   RO         1054    i.PCD_GET_EP_RX_CNT  stm32g0xx_hal_pcd.o
    0x080030b4   0x080030b4   0x00000010   Code   RO          522    i.Pack_USB_NodeID_MSB_To_CAN  can_comm.o
    0x080030c4   0x080030c4   0x00000002   Code   RO          358    i.PendSV_Handler    stm32g0xx_it.o
    0x080030c6   0x080030c6   0x00000002   PAD
    0x080030c8   0x080030c8   0x000000b8   Code   RO          445    i.Process_HID_Command  usb_comm.o
    0x08003180   0x08003180   0x00000002   Code   RO          359    i.SVC_Handler       stm32g0xx_it.o
    0x08003182   0x08003182   0x0000000a   Code   RO         5043    i.SWAPBYTE          usbd_ctlreq.o
    0x0800318c   0x0800318c   0x00000058   Code   RO          446    i.Send_VersionInfo  usb_comm.o
    0x080031e4   0x080031e4   0x0000000c   Code   RO          360    i.SysTick_Handler   stm32g0xx_it.o
    0x080031f0   0x080031f0   0x00000034   Code   RO          638    i.SysTick_Task      systick_task.o
    0x08003224   0x08003224   0x00000076   Code   RO           13    i.SystemClock_Config  main.o
    0x0800329a   0x0800329a   0x00000002   Code   RO         4855    i.SystemInit        system_stm32g0xx.o
    0x0800329c   0x0800329c   0x00000010   Code   RO          361    i.TIM16_FDCAN_IT0_IRQHandler  stm32g0xx_it.o
    0x080032ac   0x080032ac   0x00000010   Code   RO          362    i.TIM2_IRQHandler   stm32g0xx_it.o
    0x080032bc   0x080032bc   0x000000b4   Code   RO         3408    i.TIM_Base_SetConfig  stm32g0xx_hal_tim.o
    0x08003370   0x08003370   0x00000016   Code   RO         3419    i.TIM_ETR_SetConfig  stm32g0xx_hal_tim.o
    0x08003386   0x08003386   0x00000002   PAD
    0x08003388   0x08003388   0x00000014   Code   RO         3420    i.TIM_ITRx_SetConfig  stm32g0xx_hal_tim.o
    0x0800339c   0x0800339c   0x00000022   Code   RO         3428    i.TIM_TI1_ConfigInputStage  stm32g0xx_hal_tim.o
    0x080033be   0x080033be   0x00000026   Code   RO         3430    i.TIM_TI2_ConfigInputStage  stm32g0xx_hal_tim.o
    0x080033e4   0x080033e4   0x00000044   Code   RO         4754    i.UARTEx_SetNbDataToProcess  stm32g0xx_hal_uart_ex.o
    0x08003428   0x08003428   0x000000ca   Code   RO         4367    i.UART_AdvFeatureConfig  stm32g0xx_hal_uart.o
    0x080034f2   0x080034f2   0x00000002   PAD
    0x080034f4   0x080034f4   0x000000b8   Code   RO         4368    i.UART_CheckIdleState  stm32g0xx_hal_uart.o
    0x080035ac   0x080035ac   0x00000064   Code   RO         4379    i.UART_EndRxTransfer  stm32g0xx_hal_uart.o
    0x08003610   0x08003610   0x00000294   Code   RO         4385    i.UART_SetConfig    stm32g0xx_hal_uart.o
    0x080038a4   0x080038a4   0x00000090   Code   RO         4392    i.UART_WaitOnFlagUntilTimeout  stm32g0xx_hal_uart.o
    0x08003934   0x08003934   0x00000028   Code   RO          894    i.USBD_CUSTOM_HID_ConfigStrDescriptor  usbd_desc.o
    0x0800395c   0x0800395c   0x0000001a   Code   RO         5168    i.USBD_CUSTOM_HID_DataIn  usbd_customhid.o
    0x08003976   0x08003976   0x00000028   Code   RO         5169    i.USBD_CUSTOM_HID_DataOut  usbd_customhid.o
    0x0800399e   0x0800399e   0x00000002   PAD
    0x080039a0   0x080039a0   0x00000074   Code   RO         5170    i.USBD_CUSTOM_HID_DeInit  usbd_customhid.o
    0x08003a14   0x08003a14   0x0000000c   Code   RO          895    i.USBD_CUSTOM_HID_DeviceDescriptor  usbd_desc.o
    0x08003a20   0x08003a20   0x00000034   Code   RO         5171    i.USBD_CUSTOM_HID_EP0_RxReady  usbd_customhid.o
    0x08003a54   0x08003a54   0x0000000c   Code   RO         5172    i.USBD_CUSTOM_HID_GetDeviceQualifierDesc  usbd_customhid.o
    0x08003a60   0x08003a60   0x00000040   Code   RO         5173    i.USBD_CUSTOM_HID_GetFSCfgDesc  usbd_customhid.o
    0x08003aa0   0x08003aa0   0x00000040   Code   RO         5174    i.USBD_CUSTOM_HID_GetHSCfgDesc  usbd_customhid.o
    0x08003ae0   0x08003ae0   0x00000040   Code   RO         5175    i.USBD_CUSTOM_HID_GetOtherSpeedCfgDesc  usbd_customhid.o
    0x08003b20   0x08003b20   0x000000ac   Code   RO         5176    i.USBD_CUSTOM_HID_Init  usbd_customhid.o
    0x08003bcc   0x08003bcc   0x0000002c   Code   RO          896    i.USBD_CUSTOM_HID_InterfaceStrDescriptor  usbd_desc.o
    0x08003bf8   0x08003bf8   0x0000000c   Code   RO          897    i.USBD_CUSTOM_HID_LangIDStrDescriptor  usbd_desc.o
    0x08003c04   0x08003c04   0x00000024   Code   RO          898    i.USBD_CUSTOM_HID_ManufacturerStrDescriptor  usbd_desc.o
    0x08003c28   0x08003c28   0x00000024   Code   RO          899    i.USBD_CUSTOM_HID_ProductStrDescriptor  usbd_desc.o
    0x08003c4c   0x08003c4c   0x0000002c   Code   RO         5177    i.USBD_CUSTOM_HID_ReceivePacket  usbd_customhid.o
    0x08003c78   0x08003c78   0x0000001c   Code   RO         5178    i.USBD_CUSTOM_HID_RegisterInterface  usbd_customhid.o
    0x08003c94   0x08003c94   0x00000048   Code   RO         5179    i.USBD_CUSTOM_HID_SendReport  usbd_customhid.o
    0x08003cdc   0x08003cdc   0x00000034   Code   RO          900    i.USBD_CUSTOM_HID_SerialStrDescriptor  usbd_desc.o
    0x08003d10   0x08003d10   0x00000100   Code   RO         5180    i.USBD_CUSTOM_HID_Setup  usbd_customhid.o
    0x08003e10   0x08003e10   0x0000001a   Code   RO         4888    i.USBD_ClrClassConfig  usbd_core.o
    0x08003e2a   0x08003e2a   0x00000004   Code   RO         4889    i.USBD_CoreFindEP   usbd_core.o
    0x08003e2e   0x08003e2e   0x00000004   Code   RO         4890    i.USBD_CoreFindIF   usbd_core.o
    0x08003e32   0x08003e32   0x00000010   Code   RO         5112    i.USBD_CtlContinueRx  usbd_ioreq.o
    0x08003e42   0x08003e42   0x00000010   Code   RO         5113    i.USBD_CtlContinueSendData  usbd_ioreq.o
    0x08003e52   0x08003e52   0x00000014   Code   RO         5044    i.USBD_CtlError     usbd_ctlreq.o
    0x08003e66   0x08003e66   0x00000022   Code   RO         5114    i.USBD_CtlPrepareRx  usbd_ioreq.o
    0x08003e88   0x08003e88   0x00000018   Code   RO         5115    i.USBD_CtlReceiveStatus  usbd_ioreq.o
    0x08003ea0   0x08003ea0   0x0000001e   Code   RO         5116    i.USBD_CtlSendData  usbd_ioreq.o
    0x08003ebe   0x08003ebe   0x0000001a   Code   RO         5117    i.USBD_CtlSendStatus  usbd_ioreq.o
    0x08003ed8   0x08003ed8   0x000000e4   Code   RO         5045    i.USBD_GetDescriptor  usbd_ctlreq.o
    0x08003fbc   0x08003fbc   0x00000046   Code   RO         4892    i.USBD_GetEpDesc    usbd_core.o
    0x08004002   0x08004002   0x0000000e   Code   RO         4893    i.USBD_GetNextDesc  usbd_core.o
    0x08004010   0x08004010   0x00000046   Code   RO         5046    i.USBD_GetString    usbd_ctlreq.o
    0x08004056   0x08004056   0x00000018   Code   RO          673    i.USBD_Get_USB_Status  usbd_conf.o
    0x0800406e   0x0800406e   0x0000002a   Code   RO         4894    i.USBD_Init         usbd_core.o
    0x08004098   0x08004098   0x00000014   Code   RO          674    i.USBD_LL_ClearStallEP  usbd_conf.o
    0x080040ac   0x080040ac   0x00000014   Code   RO          675    i.USBD_LL_CloseEP   usbd_conf.o
    0x080040c0   0x080040c0   0x000000b0   Code   RO         4895    i.USBD_LL_DataInStage  usbd_core.o
    0x08004170   0x08004170   0x00000090   Code   RO         4896    i.USBD_LL_DataOutStage  usbd_core.o
    0x08004200   0x08004200   0x00000080   Code   RO          680    i.USBD_LL_Init      usbd_conf.o
    0x08004280   0x08004280   0x00000020   Code   RO          681    i.USBD_LL_IsStallEP  usbd_conf.o
    0x080042a0   0x080042a0   0x0000001a   Code   RO          682    i.USBD_LL_OpenEP    usbd_conf.o
    0x080042ba   0x080042ba   0x00000014   Code   RO          683    i.USBD_LL_PrepareReceive  usbd_conf.o
    0x080042ce   0x080042ce   0x00000062   Code   RO         4901    i.USBD_LL_Reset     usbd_core.o
    0x08004330   0x08004330   0x00000014   Code   RO         4902    i.USBD_LL_Resume    usbd_core.o
    0x08004344   0x08004344   0x00000020   Code   RO         4903    i.USBD_LL_SOF       usbd_core.o
    0x08004364   0x08004364   0x00000006   Code   RO         4904    i.USBD_LL_SetSpeed  usbd_core.o
    0x0800436a   0x0800436a   0x00000014   Code   RO          684    i.USBD_LL_SetUSBAddress  usbd_conf.o
    0x0800437e   0x0800437e   0x00000002   PAD
    0x08004380   0x08004380   0x00000060   Code   RO         4905    i.USBD_LL_SetupStage  usbd_core.o
    0x080043e0   0x080043e0   0x00000014   Code   RO          685    i.USBD_LL_StallEP   usbd_conf.o
    0x080043f4   0x080043f4   0x00000014   Code   RO          686    i.USBD_LL_Start     usbd_conf.o
    0x08004408   0x08004408   0x00000012   Code   RO         4906    i.USBD_LL_Suspend   usbd_core.o
    0x0800441a   0x0800441a   0x00000014   Code   RO          688    i.USBD_LL_Transmit  usbd_conf.o
    0x0800442e   0x0800442e   0x0000002a   Code   RO         5047    i.USBD_ParseSetupRequest  usbd_ctlreq.o
    0x08004458   0x08004458   0x00000038   Code   RO         4907    i.USBD_RegisterClass  usbd_core.o
    0x08004490   0x08004490   0x00000018   Code   RO         4909    i.USBD_SetClassConfig  usbd_core.o
    0x080044a8   0x080044a8   0x000000b8   Code   RO         5048    i.USBD_SetConfig    usbd_ctlreq.o
    0x08004560   0x08004560   0x00000008   Code   RO         4910    i.USBD_Start        usbd_core.o
    0x08004568   0x08004568   0x00000128   Code   RO         5049    i.USBD_StdDevReq    usbd_ctlreq.o
    0x08004690   0x08004690   0x00000178   Code   RO         5050    i.USBD_StdEPReq     usbd_ctlreq.o
    0x08004808   0x08004808   0x00000076   Code   RO         5051    i.USBD_StdItfReq    usbd_ctlreq.o
    0x0800487e   0x0800487e   0x00000002   Code   RO          689    i.USBD_static_free  usbd_conf.o
    0x08004880   0x08004880   0x00000008   Code   RO          690    i.USBD_static_malloc  usbd_conf.o
    0x08004888   0x08004888   0x000002a4   Code   RO         1323    i.USB_ActivateEndpoint  stm32g0xx_ll_usb.o
    0x08004b2c   0x08004b2c   0x000000f0   Code   RO         1327    i.USB_DeactivateEndpoint  stm32g0xx_ll_usb.o
    0x08004c1c   0x08004c1c   0x0000000e   Code   RO         1328    i.USB_DevConnect    stm32g0xx_ll_usb.o
    0x08004c2a   0x08004c2a   0x0000001e   Code   RO         1330    i.USB_DevInit       stm32g0xx_ll_usb.o
    0x08004c48   0x08004c48   0x00000010   Code   RO         1331    i.USB_DisableGlobalInt  stm32g0xx_ll_usb.o
    0x08004c58   0x08004c58   0x0000007c   Code   RO         1332    i.USB_EPClearStall  stm32g0xx_ll_usb.o
    0x08004cd4   0x08004cd4   0x00000038   Code   RO         1333    i.USB_EPSetStall    stm32g0xx_ll_usb.o
    0x08004d0c   0x08004d0c   0x0000055c   Code   RO         1334    i.USB_EPStartXfer   stm32g0xx_ll_usb.o
    0x08005268   0x08005268   0x00000010   Code   RO         1336    i.USB_EnableGlobalInt  stm32g0xx_ll_usb.o
    0x08005278   0x08005278   0x000000f0   Code   RO          447    i.USB_Handle_GetModuleInfoReply  usb_comm.o
    0x08005368   0x08005368   0x00000074   Code   RO          448    i.USB_Handle_GetModuleList  usb_comm.o
    0x080053dc   0x080053dc   0x0000006c   Code   RO          449    i.USB_Handle_MotionCommand  usb_comm.o
    0x08005448   0x08005448   0x00000004   Code   RO         1349    i.USB_ReadInterrupts  stm32g0xx_ll_usb.o
    0x0800544c   0x0800544c   0x0000004c   Code   RO         1350    i.USB_ReadPMA       stm32g0xx_ll_usb.o
    0x08005498   0x08005498   0x0000007c   Code   RO          451    i.USB_Report_ParamFeedback  usb_comm.o
    0x08005514   0x08005514   0x00000080   Code   RO          523    i.USB_Report_RemainingStep_XY  can_comm.o
    0x08005594   0x08005594   0x00000058   Code   RO          604    i.USB_Send_Queue    usb_send_queue.o
    0x080055ec   0x080055ec   0x00000022   Code   RO         1352    i.USB_SetCurrentMode  stm32g0xx_ll_usb.o
    0x0800560e   0x0800560e   0x0000000c   Code   RO         1353    i.USB_SetDevAddress  stm32g0xx_ll_usb.o
    0x0800561a   0x0800561a   0x00000002   PAD
    0x0800561c   0x0800561c   0x00000050   Code   RO          605    i.USB_Tx_Task_10ms  usb_send_queue.o
    0x0800566c   0x0800566c   0x00000010   Code   RO          363    i.USB_UCPD1_2_IRQHandler  stm32g0xx_it.o
    0x0800567c   0x0800567c   0x00000048   Code   RO         1356    i.USB_WritePMA      stm32g0xx_ll_usb.o
    0x080056c4   0x080056c4   0x0000001a   Code   RO         2150    i.__ARM_common_switch8  stm32g0xx_hal_dma.o
    0x080056de   0x080056de   0x00000002   PAD
    0x080056e0   0x080056e0   0x00000044   Code   RO         2522    i.__NVIC_SetPriority  stm32g0xx_hal_cortex.o
    0x08005724   0x08005724   0x0000002c   Code   RO          524    i.find_module_by_nodeid  can_comm.o
    0x08005750   0x08005750   0x00000074   Code   RO           14    i.main              main.o
    0x080057c4   0x080057c4   0x00000028   Code   RO          525    i.recompute_module_count  can_comm.o
    0x080057ec   0x080057ec   0x00000016   Code   RO          526    i.u32_le            can_comm.o
    0x08005802   0x08005802   0x00000010   Data   RO         2989    .constdata          stm32g0xx_hal_fdcan.o
    0x08005812   0x08005812   0x00000018   Data   RO         4393    .constdata          stm32g0xx_hal_uart.o
    0x0800582a   0x0800582a   0x00000010   Data   RO         4755    .constdata          stm32g0xx_hal_uart_ex.o
    0x0800583a   0x0800583a   0x00000002   PAD
    0x0800583c   0x0800583c   0x00000040   Data   RO         4856    .constdata          system_stm32g0xx.o
    0x0800587c   0x0800587c   0x00000020   Data   RO         4857    .constdata          system_stm32g0xx.o
    0x0800589c   0x0800589c   0x00000020   Data   RO         5449    Region$$Table       anon$$obj.o


    Execution Region RW_IRAM1 (Exec base: 0x20000000, Load base: 0x080058bc, Size: 0x00001798, Max: 0x00024000, ABSOLUTE, COMPRESSED[0x000000bc])

    Exec Addr    Load Addr    Size         Type   Attr      Idx    E Section Name        Object

    0x20000000   COMPRESSED   0x00000044   Data   RW           16    .data               main.o
    0x20000044   COMPRESSED   0x00000002   Data   RW          453    .data               usb_comm.o
    0x20000046   COMPRESSED   0x00000004   Data   RW          528    .data               can_comm.o
    0x2000004a   COMPRESSED   0x00000002   Data   RW          607    .data               usb_send_queue.o
    0x2000004c   COMPRESSED   0x00000003   Data   RW          608    .data               usb_send_queue.o
    0x2000004f   COMPRESSED   0x00000001   PAD
    0x20000050   COMPRESSED   0x00000004   Data   RW          639    .data               systick_task.o
    0x20000054   COMPRESSED   0x0000001c   Data   RW          902    .data               usbd_desc.o
    0x20000070   COMPRESSED   0x00000032   Data   RW          903    .data               usbd_desc.o
    0x200000a2   COMPRESSED   0x00000002   PAD
    0x200000a4   COMPRESSED   0x00000022   Data   RW          978    .data               usbd_custom_hid_if.o
    0x200000c6   COMPRESSED   0x00000002   PAD
    0x200000c8   COMPRESSED   0x00000010   Data   RW          979    .data               usbd_custom_hid_if.o
    0x200000d8   COMPRESSED   0x0000000c   Data   RW         2664    .data               stm32g0xx_hal.o
    0x200000e4   COMPRESSED   0x00000004   Data   RW         4858    .data               system_stm32g0xx.o
    0x200000e8   COMPRESSED   0x00000001   Data   RW         5052    .data               usbd_ctlreq.o
    0x200000e9   COMPRESSED   0x00000003   PAD
    0x200000ec   COMPRESSED   0x00000038   Data   RW         5181    .data               usbd_customhid.o
    0x20000124   COMPRESSED   0x00000046   Data   RW         5182    .data               usbd_customhid.o
    0x2000016a   COMPRESSED   0x00000002   PAD
    0x2000016c        -       0x00000040   Zero   RW           15    .bss                main.o
    0x200001ac        -       0x00000064   Zero   RW          245    .bss                fdcan.o
    0x20000210        -       0x0000004c   Zero   RW          283    .bss                tim.o
    0x2000025c        -       0x00000094   Zero   RW          321    .bss                usart.o
    0x200002f0        -       0x000000c0   Zero   RW          452    .bss                usb_comm.o
    0x200003b0        -       0x00000368   Zero   RW          527    .bss                can_comm.o
    0x20000718        -       0x00000208   Zero   RW          606    .bss                usb_send_queue.o
    0x20000920        -       0x00000338   Zero   RW          691    .bss                usbd_conf.o
    0x20000c58        -       0x000002dc   Zero   RW          863    .bss                usb_device.o
    0x20000f34        -       0x00000200   Zero   RW          901    .bss                usbd_desc.o
    0x20001134        -       0x00000060   Zero   RW         5320    .bss                c_p.l(libspace.o)
    0x20001194   COMPRESSED   0x00000004   PAD
    0x20001198        -       0x00000200   Zero   RW            2    HEAP                startup_stm32g0b1xx.o
    0x20001398        -       0x00000400   Zero   RW            1    STACK               startup_stm32g0b1xx.o


==============================================================================

Image component sizes


      Code (inc. data)   RO Data    RW Data    ZI Data      Debug   Object Name

      1124         56          0          4        872      11302   can_comm.o
       220         22          0          0        100       1751   fdcan.o
        88          6          0          0          0        887   gpio.o
       238         14          0         68         64     622334   main.o
        56         26        188          0       1536        648   startup_stm32g0b1xx.o
       196         30          0         12          0      22260   stm32g0xx_hal.o
       148         24          0          0          0      12157   stm32g0xx_hal_cortex.o
        26          0          0          0          0         72   stm32g0xx_hal_dma.o
      1748         32         16          0          0      17429   stm32g0xx_hal_fdcan.o
         0          0          0          0          0       2728   stm32g0xx_hal_flash.o
       368         20          0          0          0       1996   stm32g0xx_hal_gpio.o
        48          4          0          0          0        858   stm32g0xx_hal_msp.o
      2940        100          0          0          0      17969   stm32g0xx_hal_pcd.o
       102          0          0          0          0       2553   stm32g0xx_hal_pcd_ex.o
        92         18          0          0          0       1271   stm32g0xx_hal_pwr_ex.o
      1602         86          0          0          0      30177   stm32g0xx_hal_rcc.o
       640         22          0          0          0       1900   stm32g0xx_hal_rcc_ex.o
       932         46          0          0          0       9709   stm32g0xx_hal_tim.o
       130         16          0          0          0       3040   stm32g0xx_hal_tim_ex.o
      1398         68         24          0          0      26010   stm32g0xx_hal_uart.o
       270          6         16          0          0       3649   stm32g0xx_hal_uart_ex.o
        68         18          0          0          0       3627   stm32g0xx_it.o
      2742        140          0          0          0      13786   stm32g0xx_ll_usb.o
         2          0         96          4          0       1147   system_stm32g0xx.o
        52          4          0          4          0        731   systick_task.o
       164         16          0          0         76       1674   tim.o
       224         18          0          0        148       1762   usart.o
       860         54          0          2        192       7260   usb_comm.o
        84         16          0          0        732        776   usb_device.o
       168         26          0          5        520       1975   usb_send_queue.o
       702         38          0          0        824      13638   usbd_conf.o
       838          4          0          0          0      12457   usbd_core.o
      1344         34          0          1          0      14796   usbd_ctlreq.o
        36         10          0         50          0       2240   usbd_custom_hid_if.o
      1010         50          0        126          0      12778   usbd_customhid.o
       276        108          0         78        512       6133   usbd_desc.o
       146          0          0          0          0       4408   usbd_ioreq.o

    ----------------------------------------------------------------------
     21122       1132        374        364       5576     889888   Object Totals
         0          0         32          0          0          0   (incl. Generated)
        40          0          2         10          0          0   (incl. Padding)

    ----------------------------------------------------------------------

      Code (inc. data)   RO Data    RW Data    ZI Data      Debug   Library Member Name

        86          0          0          0          0          0   __dczerorl2.o
         8          0          0          0          0         68   __main.o
         0          0          0          0          0          0   __rtentry.o
        12          0          0          0          0          0   __rtentry2.o
         6          0          0          0          0          0   __rtentry4.o
        60          8          0          0          0          0   __scatter.o
        28          0          0          0          0          0   __scatter_zi.o
       346          0          0          0          0         92   aeabi_sdiv.o
        16          0          0          0          0         68   exit.o
         6          0          0          0          0        136   heapauxi.o
         0          0          0          0          0          0   indicate_semi.o
         2          0          0          0          0          0   libinit.o
         2          0          0          0          0          0   libinit2.o
         2          0          0          0          0          0   libshutdown.o
         2          0          0          0          0          0   libshutdown2.o
         8          4          0          0         96         68   libspace.o
       258          0          0          0          0         88   lludiv.o
        64          0          0          0          0        108   rt_memclr.o
       186          0          0          0          0        144   rt_memcpy.o
         2          0          0          0          0          0   rtexit.o
        10          0          0          0          0          0   rtexit2.o
        12          4          0          0          0         60   sys_exit.o
        62          0          0          0          0         80   sys_stackheap_outer.o
        22          0          0          0          0         60   uread4.o
         2          0          0          0          0         68   use_no_semi.o
        16          0          0          0          0         60   uwrite4.o

    ----------------------------------------------------------------------
      1220         16          0          0        100       1100   Library Totals
         2          0          0          0          4          0   (incl. Padding)

    ----------------------------------------------------------------------

      Code (inc. data)   RO Data    RW Data    ZI Data      Debug   Library Name

      1218         16          0          0         96       1100   c_p.l

    ----------------------------------------------------------------------
      1220         16          0          0        100       1100   Library Totals

    ----------------------------------------------------------------------

==============================================================================


      Code (inc. data)   RO Data    RW Data    ZI Data      Debug   

     22342       1148        374        364       5676     881116   Grand Totals
     22342       1148        374        188       5676     881116   ELF Image Totals (compressed)
     22342       1148        374        188          0          0   ROM Totals

==============================================================================

    Total RO  Size (Code + RO Data)                22716 (  22.18kB)
    Total RW  Size (RW Data + ZI Data)              6040 (   5.90kB)
    Total ROM Size (Code + RO Data + RW Data)      22904 (  22.37kB)

==============================================================================

