<html>
<body>
<pre>
<h1>µVision Build Log</h1>
<h2>Tool Versions:</h2>
IDE-Version: ¦ÌVision V5.39.0.0
Copyright (C) 2023 ARM Ltd and ARM Germany GmbH. All rights reserved.
License Information: GT Administrator, SC, LIC=GMZI6-DI394-II35V-PFRDN-RD7AM-HNK97
 
Tool Versions:
Toolchain:       MDK-ARM Plus  Version: 5.39.0.0
Toolchain Path:  D:\Keil_v5\ARM\ARMCC\Bin
C Compiler:      Armcc.exe V5.06 update 7 (build 960)
Assembler:       Armasm.exe V5.06 update 7 (build 960)
Linker/Locator:  ArmLink.exe V5.06 update 7 (build 960)
Library Manager: ArmAr.exe V5.06 update 7 (build 960)
Hex Converter:   FromElf.exe V5.06 update 7 (build 960)
CPU DLL:         SARMCM3.DLL V5.39.0.0
Dialog DLL:      DARMCM1.DLL V1.19.6.0
Target DLL:      STLink\ST-LINKIII-KEIL_SWO.dll V3.2.0.0
Dialog DLL:      TARMCM1.DLL V1.14.6.0
 
<h2>Project:</h2>
x:\GT_IAP_Done\app_\app_LaserDriver\ALM\ALM_Motor\ALM_260402_1459\MDK-ARM\ALM.uvprojx
Project File Date:  04/02/2026

<h2>Output:</h2>
*** Using Compiler 'V5.06 update 7 (build 960)', folder: 'D:\Keil_v5\ARM\ARMCC\Bin'
Rebuild target 'ALM'
assembling startup_stm32g0b1xx.s...
compiling stage_status_stub.c...
compiling sha256.c...
compiling spi.c...
compiling stm32g0xx_it.c...
compiling adjuster_can_report.c...
compiling adjuster_check.c...
compiling stage_status.c...
compiling adjuster_update_task.c...
compiling stm32g0xx_ll_rcc.c...
compiling bsp_flash.c...
compiling adjuster_CAN_Poll.c...
compiling adjuster_autorun.c...
compiling adjuster_process_task.c...
compiling adjuster_identify.c...
compiling main.c...
compiling Motor.c...
compiling adjuster_motion.c...
compiling adjuster_idle_task.c...
compiling gpio.c...
compiling Systick_Task.c...
compiling LED.c...
compiling Motor_Flash.c...
compiling CAN_Comm.c...
compiling adjuster_app.c...
compiling adjuster_motor_task.c...
compiling fdcan.c...
compiling stm32g0xx_hal_msp.c...
compiling adjuster_can.c...
compiling adjuster_params.c...
compiling tim.c...
compiling CAN_Motor.c...
compiling stm32g0xx_hal_rcc.c...
compiling adjuster_flash.c...
compiling stm32g0xx_hal_fdcan.c...
compiling stm32g0xx_hal_gpio.c...
compiling stm32g0xx_hal.c...
compiling stm32g0xx_hal_flash.c...
compiling stm32g0xx_hal_cortex.c...
compiling stm32g0xx_hal_pwr_ex.c...
compiling stm32g0xx_hal_rcc_ex.c...
compiling stm32g0xx_hal_exti.c...
compiling stm32g0xx_hal_spi_ex.c...
compiling stm32g0xx_hal_dma_ex.c...
compiling system_stm32g0xx.c...
compiling stm32g0xx_hal_flash_ex.c...
compiling stm32g0xx_hal_dma.c...
compiling stm32g0xx_hal_pwr.c...
compiling stm32g0xx_hal_tim_ex.c...
compiling stm32g0xx_hal_spi.c...
compiling stm32g0xx_hal_tim.c...
linking...
Program Size: Code=14504 RO-data=320 RW-data=116 ZI-data=2324  
FromELF: creating hex file...
"..\Output\ALM_Motor.axf" - 0 Error(s), 0 Warning(s).

<h2>Software Packages used:</h2>

Package Vendor: ARM
                https://www.keil.com/pack/ARM.CMSIS.6.0.0.pack
                ARM::CMSIS@6.0.0
                CMSIS (Common Microcontroller Software Interface Standard)
   * Component: CORE Version: 6.0.0

Package Vendor: Keil
                https://www.keil.com/pack/Keil.STM32G0xx_DFP.1.5.0.pack
                Keil::STM32G0xx_DFP@1.5.0
                STMicroelectronics STM32G0 Series Device Support

<h2>Collection of Component include folders:</h2>
  ./RTE/_ALM
  D:/Keil_v5/ARM/PACK/ARM/CMSIS/6.0.0/CMSIS/Core/Include
  D:/Keil_v5/ARM/PACK/Keil/STM32G0xx_DFP/1.5.0/Drivers/CMSIS/Device/ST/STM32G0xx/Include

<h2>Collection of Component Files used:</h2>

   * Component: ARM::CMSIS:CORE@6.0.0
      Include file:  CMSIS/Core/Include/tz_context.h
Build Time Elapsed:  00:00:14
</pre>
</body>
</html>
