Component: Arm Compiler for Embedded 6.22 Tool: armlink [5ee90200]

==============================================================================

Section Cross References

    startup_stm32h563xx.o(STACK) refers (Special) to heapauxi.o(.text) for __use_two_region_memory
    startup_stm32h563xx.o(HEAP) refers (Special) to heapauxi.o(.text) for __use_two_region_memory
    startup_stm32h563xx.o(RESET) refers (Special) to heapauxi.o(.text) for __use_two_region_memory
    startup_stm32h563xx.o(RESET) refers to startup_stm32h563xx.o(STACK) for __initial_sp
    startup_stm32h563xx.o(RESET) refers to startup_stm32h563xx.o(.text) for Reset_Handler
    startup_stm32h563xx.o(RESET) refers to stm32h5xx_it.o(.text.NMI_Handler) for NMI_Handler
    startup_stm32h563xx.o(RESET) refers to stm32h5xx_it.o(.text.HardFault_Handler) for HardFault_Handler
    startup_stm32h563xx.o(RESET) refers to stm32h5xx_it.o(.text.MemManage_Handler) for MemManage_Handler
    startup_stm32h563xx.o(RESET) refers to stm32h5xx_it.o(.text.BusFault_Handler) for BusFault_Handler
    startup_stm32h563xx.o(RESET) refers to stm32h5xx_it.o(.text.UsageFault_Handler) for UsageFault_Handler
    startup_stm32h563xx.o(RESET) refers to stm32h5xx_it.o(.text.SVC_Handler) for SVC_Handler
    startup_stm32h563xx.o(RESET) refers to stm32h5xx_it.o(.text.DebugMon_Handler) for DebugMon_Handler
    startup_stm32h563xx.o(RESET) refers to stm32h5xx_it.o(.text.PendSV_Handler) for PendSV_Handler
    startup_stm32h563xx.o(RESET) refers to stm32h5xx_it.o(.text.SysTick_Handler) for SysTick_Handler
    startup_stm32h563xx.o(RESET) refers to stm32h5xx_it.o(.text.FDCAN1_IT0_IRQHandler) for FDCAN1_IT0_IRQHandler
    startup_stm32h563xx.o(RESET) refers to stm32h5xx_it.o(.text.ETH_IRQHandler) for ETH_IRQHandler
    startup_stm32h563xx.o(.text) refers (Special) to heapauxi.o(.text) for __use_two_region_memory
    startup_stm32h563xx.o(.text) refers to startup_stm32h563xx.o(STACK) for Stack_Mem
    startup_stm32h563xx.o(.text) refers to system_stm32h5xx.o(.text.SystemInit) for SystemInit
    startup_stm32h563xx.o(.text) refers to __main.o(!!!main) for __main
    main.o(.text.check_data) refers to main.o(.bss..L_MergedGlobals) for .L_MergedGlobals
    main.o(.text.check_data) refers to bsp_lan8742.o(.text.BSP_LAN8742_GetBasicStatus) for BSP_LAN8742_GetBasicStatus
    main.o(.ARM.exidx.text.check_data) refers to main.o(.text.check_data) for [Anonymous Symbol]
    main.o(.text.main) refers to stm32h5xx_hal.o(.text.HAL_Init) for HAL_Init
    main.o(.text.main) refers to main.o(.bss..L_MergedGlobals) for .L_MergedGlobals
    main.o(.text.main) refers to stm32h5xx_hal_cortex.o(.text.HAL_MPU_Disable) for HAL_MPU_Disable
    main.o(.text.main) refers to stm32h5xx_hal_cortex.o(.text.HAL_MPU_ConfigMemoryAttributes) for HAL_MPU_ConfigMemoryAttributes
    main.o(.text.main) refers to stm32h5xx_hal_cortex.o(.text.HAL_MPU_ConfigRegion) for HAL_MPU_ConfigRegion
    main.o(.text.main) refers to stm32h5xx_hal_cortex.o(.text.HAL_MPU_Enable) for HAL_MPU_Enable
    main.o(.text.main) refers to main.o(.text.SystemClock_Config) for SystemClock_Config
    main.o(.text.main) refers to gpio.o(.text.MX_GPIO_Init) for MX_GPIO_Init
    main.o(.text.main) refers to dcache.o(.text.MX_DCACHE1_Init) for MX_DCACHE1_Init
    main.o(.text.main) refers to eth.o(.text.MX_ETH_Init) for MX_ETH_Init
    main.o(.text.main) refers to fdcan.o(.text.MX_FDCAN1_Init) for MX_FDCAN1_Init
    main.o(.text.main) refers to icache.o(.text.MX_ICACHE_Init) for MX_ICACHE_Init
    main.o(.text.main) refers to usb.o(.text.MX_USB_PCD_Init) for MX_USB_PCD_Init
    main.o(.text.main) refers to octospi.o(.text.MX_OCTOSPI1_Init) for MX_OCTOSPI1_Init
    main.o(.text.main) refers to eth.o(.bss.heth) for heth
    main.o(.text.main) refers to bsp_lan8742.o(.text.BSP_LAN8742_InitOrDetect) for BSP_LAN8742_InitOrDetect
    main.o(.text.main) refers to bsp_lan8742.o(.text.BSP_LAN8742_Reset) for BSP_LAN8742_Reset
    main.o(.text.main) refers to bsp_lan8742.o(.text.BSP_LAN8742_GetBasicStatus) for BSP_LAN8742_GetBasicStatus
    main.o(.text.main) refers to lwip_app.o(.text.LWIP_APP_Init) for LWIP_APP_Init
    main.o(.text.main) refers to fdcan.o(.bss.hfdcan1) for hfdcan1
    main.o(.text.main) refers to stm32h5xx_hal_fdcan.o(.text.HAL_FDCAN_ConfigFilter) for HAL_FDCAN_ConfigFilter
    main.o(.text.main) refers to stm32h5xx_hal_fdcan.o(.text.HAL_FDCAN_Start) for HAL_FDCAN_Start
    main.o(.text.main) refers to stm32h5xx_hal_fdcan.o(.text.HAL_FDCAN_ActivateNotification) for HAL_FDCAN_ActivateNotification
    main.o(.text.main) refers to tcp_server.o(.text.TCP_Server_Init) for TCP_Server_Init
    main.o(.text.main) refers to udp_discovery.o(.text.UDP_Discovery_Init) for UDP_Discovery_Init
    main.o(.text.main) refers to lwip_app.o(.text.LWIP_APP_Poll) for LWIP_APP_Poll
    main.o(.text.main) refers to udp_discovery.o(.text.UDP_Discovery_Poll) for UDP_Discovery_Poll
    main.o(.text.main) refers to stm32h5xx_hal.o(.text.HAL_GetTick) for HAL_GetTick
[...]
    HAL_MPU_ConfigMemoryAttributes           0x08002f8d   Thumb Code    62  stm32h5xx_hal_cortex.o(.text.HAL_MPU_ConfigMemoryAttributes)
    HAL_MPU_ConfigRegion                     0x08002fcd   Thumb Code    76  stm32h5xx_hal_cortex.o(.text.HAL_MPU_ConfigRegion)
    HAL_MPU_Disable                          0x08003019   Thumb Code    38  stm32h5xx_hal_cortex.o(.text.HAL_MPU_Disable)
    HAL_MPU_Enable                           0x08003041   Thumb Code    36  stm32h5xx_hal_cortex.o(.text.HAL_MPU_Enable)
    HAL_MspInit                              0x08003065   Thumb Code     2  stm32h5xx_hal_msp.o(.text.HAL_MspInit)
    HAL_NVIC_EnableIRQ                       0x08003069   Thumb Code    34  stm32h5xx_hal_cortex.o(.text.HAL_NVIC_EnableIRQ)
    HAL_NVIC_SetPriority                     0x0800308d   Thumb Code    86  stm32h5xx_hal_cortex.o(.text.HAL_NVIC_SetPriority)
    HAL_NVIC_SetPriorityGrouping             0x080030e5   Thumb Code    32  stm32h5xx_hal_cortex.o(.text.HAL_NVIC_SetPriorityGrouping)
    HAL_PCDEx_ActivateLPM                    0x08003105   Thumb Code    34  stm32h5xx_hal_pcd_ex.o(.text.HAL_PCDEx_ActivateLPM)
    HAL_PCD_Init                             0x08003129   Thumb Code   598  stm32h5xx_hal_pcd.o(.text.HAL_PCD_Init)
    HAL_PCD_MspInit                          0x08003381   Thumb Code    96  usb.o(.text.HAL_PCD_MspInit)
    HAL_PWREx_EnableVddUSB                   0x080033e1   Thumb Code    18  stm32h5xx_hal_pwr_ex.o(.text.HAL_PWREx_EnableVddUSB)
    HAL_RCCEx_PeriphCLKConfig                0x080033f5   Thumb Code  4224  stm32h5xx_hal_rcc_ex.o(.text.HAL_RCCEx_PeriphCLKConfig)
    HAL_RCC_ClockConfig                      0x08004475   Thumb Code   606  stm32h5xx_hal_rcc.o(.text.HAL_RCC_ClockConfig)
    HAL_RCC_GetHCLKFreq                      0x080046d5   Thumb Code    48  stm32h5xx_hal_rcc.o(.text.HAL_RCC_GetHCLKFreq)
    HAL_RCC_GetSysClockFreq                  0x08004705   Thumb Code   284  stm32h5xx_hal_rcc.o(.text.HAL_RCC_GetSysClockFreq)
    HAL_RCC_OscConfig                        0x08004831   Thumb Code  1602  stm32h5xx_hal_rcc.o(.text.HAL_RCC_OscConfig)
    HAL_SBS_ETHInterfaceSelect               0x08004e75   Thumb Code    20  stm32h5xx_hal.o(.text.HAL_SBS_ETHInterfaceSelect)
    HAL_SYSTICK_CLKSourceConfig              0x08004e89   Thumb Code   118  stm32h5xx_hal_cortex.o(.text.HAL_SYSTICK_CLKSourceConfig)
    HAL_SYSTICK_Config                       0x08004f01   Thumb Code    36  stm32h5xx_hal_cortex.o(.text.HAL_SYSTICK_Config)
    HAL_SYSTICK_GetCLKSourceConfig           0x08004f25   Thumb Code    48  stm32h5xx_hal_cortex.o(.text.HAL_SYSTICK_GetCLKSourceConfig)
    HAL_XSPI_Init                            0x08004f55   Thumb Code   296  stm32h5xx_hal_xspi.o(.text.HAL_XSPI_Init)
    HAL_XSPI_MspInit                         0x0800507d   Thumb Code   296  octospi.o(.text.HAL_XSPI_MspInit)
    HardFault_Handler                        0x080051a5   Thumb Code     2  stm32h5xx_it.o(.text.HardFault_Handler)
    LWIP_APP_Init                            0x080051a9   Thumb Code   122  lwip_app.o(.text.LWIP_APP_Init)
    LWIP_APP_Poll                            0x08005225   Thumb Code   174  lwip_app.o(.text.LWIP_APP_Poll)
    MX_DCACHE1_Init                          0x080052d5   Thumb Code    42  dcache.o(.text.MX_DCACHE1_Init)
    MX_ETH_Init                              0x08005301   Thumb Code   152  eth.o(.text.MX_ETH_Init)
    MX_FDCAN1_Init                           0x08005399   Thumb Code    98  fdcan.o(.text.MX_FDCAN1_Init)
    MX_GPIO_Init                             0x080053fd   Thumb Code   240  gpio.o(.text.MX_GPIO_Init)
    MX_ICACHE_Init                           0x080054ed   Thumb Code    52  icache.o(.text.MX_ICACHE_Init)
    MX_OCTOSPI1_Init                         0x08005521   Thumb Code    84  octospi.o(.text.MX_OCTOSPI1_Init)
    MX_USB_PCD_Init                          0x08005575   Thumb Code    58  usb.o(.text.MX_USB_PCD_Init)
    MemManage_Handler                        0x080055b1   Thumb Code     2  stm32h5xx_it.o(.text.MemManage_Handler)
    Module_Heartbeat_Timeout_Check           0x080055b5   Thumb Code   842  can_comm.o(.text.Module_Heartbeat_Timeout_Check)
    Module_Update_From_Heartbeat             0x08005901   Thumb Code   452  can_comm.o(.text.Module_Update_From_Heartbeat)
    NMI_Handler                              0x08005ac5   Thumb Code     2  stm32h5xx_it.o(.text.NMI_Handler)
    PendSV_Handler                           0x08005ac9   Thumb Code     2  stm32h5xx_it.o(.text.PendSV_Handler)
    Process_ETH_Command                      0x08005acd   Thumb Code   226  comm_protocol.o(.text.Process_ETH_Command)
    SVC_Handler                              0x08005d89   Thumb Code     2  stm32h5xx_it.o(.text.SVC_Handler)
    SysTick_Handler                          0x08005d8d   Thumb Code    14  stm32h5xx_it.o(.text.SysTick_Handler)
    SysTick_Task                             0x08005d9d   Thumb Code    90  systick_task.o(.text.SysTick_Task)
    SystemClock_Config                       0x08005df9   Thumb Code   202  main.o(.text.SystemClock_Config)
    SystemInit                               0x08005ec5   Thumb Code   180  system_stm32h5xx.o(.text.SystemInit)
    TCP_Server_Init                          0x08005f79   Thumb Code    78  tcp_server.o(.text.TCP_Server_Init)
    TCP_Server_IsConnected                   0x08005fc9   Thumb Code    18  tcp_server.o(.text.TCP_Server_IsConnected)
    TCP_Server_Send                          0x08005fdd   Thumb Code    84  tcp_server.o(.text.TCP_Server_Send)
    UDP_Discovery_Init                       0x08006031   Thumb Code    48  udp_discovery.o(.text.UDP_Discovery_Init)
    UDP_Discovery_Poll                       0x08006061   Thumb Code   168  udp_discovery.o(.text.UDP_Discovery_Poll)
    USB_CoreInit                             0x08006109   Thumb Code    32  stm32h5xx_ll_usb.o(.text.USB_CoreInit)
    USB_DevDisconnect                        0x08006129   Thumb Code    14  stm32h5xx_ll_usb.o(.text.USB_DevDisconnect)
    USB_DevInit                              0x08006139   Thumb Code    30  stm32h5xx_ll_usb.o(.text.USB_DevInit)
    USB_DisableGlobalInt                     0x08006159   Thumb Code    18  stm32h5xx_ll_usb.o(.text.USB_DisableGlobalInt)
    USB_SetCurrentMode                       0x0800616d   Thumb Code    36  stm32h5xx_ll_usb.o(.text.USB_SetCurrentMode)
    UsageFault_Handler                       0x08006191   Thumb Code     2  stm32h5xx_it.o(.text.UsageFault_Handler)
    autoip_accept_packet                     0x08006201   Thumb Code    24  autoip.o(.text.autoip_accept_packet)
    autoip_arp_reply                         0x08006219   Thumb Code   130  autoip.o(.text.autoip_arp_reply)
    autoip_network_changed                   0x0800629d   Thumb Code    86  autoip.o(.text.autoip_network_changed)
    autoip_start                             0x080062f5   Thumb Code   228  autoip.o(.text.autoip_start)
    autoip_stop                              0x080063d9   Thumb Code    48  autoip.o(.text.autoip_stop)
    autoip_supplied_address                  0x08006409   Thumb Code    28  autoip.o(.text.autoip_supplied_address)
    autoip_tmr                               0x08006425   Thumb Code   262  autoip.o(.text.autoip_tmr)
    dhcp_arp_reply                           0x0800652d   Thumb Code   326  dhcp.o(.text.dhcp_arp_reply)
    dhcp_coarse_tmr                          0x08006799   Thumb Code   742  dhcp.o(.text.dhcp_coarse_tmr)
    dhcp_fine_tmr                            0x08006cdd   Thumb Code   180  dhcp.o(.text.dhcp_fine_tmr)
    dhcp_network_changed                     0x08006e69   Thumb Code    70  dhcp.o(.text.dhcp_network_changed)
    dhcp_release_and_stop                    0x08007591   Thumb Code   400  dhcp.o(.text.dhcp_release_and_stop)
    dhcp_renew                               0x08007721   Thumb Code   474  dhcp.o(.text.dhcp_renew)
    dhcp_start                               0x08007b95   Thumb Code   256  dhcp.o(.text.dhcp_start)
    dhcp_supplied_address                    0x08007c95   Thumb Code    36  dhcp.o(.text.dhcp_supplied_address)
    etharp_input                             0x080084d1   Thumb Code   188  etharp.o(.text.etharp_input)
    etharp_output                            0x0800858d   Thumb Code   532  etharp.o(.text.etharp_output)
    etharp_query                             0x0800880d   Thumb Code   420  etharp.o(.text.etharp_query)
    etharp_request                           0x08008a71   Thumb Code    12  etharp.o(.text.etharp_request)
    etharp_tmr                               0x08008b25   Thumb Code   212  etharp.o(.text.etharp_tmr)
    ethernet_input                           0x08008cd1   Thumb Code   174  ethernet.o(.text.ethernet_input)
    ethernet_output                          0x08008d81   Thumb Code    80  ethernet.o(.text.ethernet_output)
    ethernetif_init                          0x08008dd1   Thumb Code   254  ethernetif.o(.text.ethernetif_init)
    ethernetif_input                         0x08008ed1   Thumb Code    82  ethernetif.o(.text.ethernetif_input)
    icmp_dest_unreach                        0x08009051   Thumb Code   118  icmp.o(.text.icmp_dest_unreach)
    icmp_input                               0x080090c9   Thumb Code   286  icmp.o(.text.icmp_input)
    icmp_time_exceeded                       0x080091e9   Thumb Code   118  icmp.o(.text.icmp_time_exceeded)
    ip4_addr_isbroadcast_u32                 0x08009261   Thumb Code    46  ip4_addr.o(.text.ip4_addr_isbroadcast_u32)
    ip4_frag                                 0x08009291   Thumb Code   524  ip4_frag.o(.text.ip4_frag)
    ip4_input                                0x0800949d   Thumb Code   486  ip4.o(.text.ip4_input)
    ip4_output_if                            0x08009685   Thumb Code    48  ip4.o(.text.ip4_output_if)
    ip4_output_if_src                        0x080096b5   Thumb Code   198  ip4.o(.text.ip4_output_if_src)
    ip4_reass                                0x0800977d   Thumb Code  1212  ip4_frag.o(.text.ip4_reass)
    ip4_route                                0x08009c39   Thumb Code   116  ip4.o(.text.ip4_route)
    ip_reass_tmr                             0x08009d31   Thumb Code    62  ip4_frag.o(.text.ip_reass_tmr)
    lwip_htonl                               0x08009f65   Thumb Code     4  def.o(.text.lwip_htonl)
    lwip_htons                               0x08009f69   Thumb Code     4  def.o(.text.lwip_htons)
    lwip_init                                0x08009f6d   Thumb Code    30  init.o(.text.lwip_init)
    main                                     0x08009f8d   Thumb Code   316  main.o(.text.main)
    mem_calloc                               0x0800a0c9   Thumb Code    42  mem.o(.text.mem_calloc)
    mem_free                                 0x0800a0f5   Thumb Code   212  mem.o(.text.mem_free)
    mem_init                                 0x0800a1c9   Thumb Code    60  mem.o(.text.mem_init)
    mem_malloc                               0x0800a205   Thumb Code   358  mem.o(.text.mem_malloc)
    mem_trim                                 0x0800a36d   Thumb Code   194  mem.o(.text.mem_trim)
    memp_free                                0x0800a431   Thumb Code    32  memp.o(.text.memp_free)
    memp_init                                0x0800a451   Thumb Code   966  memp.o(.text.memp_init)
    memp_malloc                              0x0800a819   Thumb Code    32  memp.o(.text.memp_malloc)
    netif_add                                0x0800a839   Thumb Code   226  netif.o(.text.netif_add)
    netif_get_by_index                       0x0800a91d   Thumb Code    88  netif.o(.text.netif_get_by_index)
    netif_init                               0x0800a975   Thumb Code     2  netif.o(.text.netif_init)
    netif_set_addr                           0x0800a981   Thumb Code   268  netif.o(.text.netif_set_addr)
    netif_set_default                        0x0800aa8d   Thumb Code    12  netif.o(.text.netif_set_default)
    netif_set_link_up                        0x0800aa99   Thumb Code    82  netif.o(.text.netif_set_link_up)
    netif_set_status_callback                0x0800aaed   Thumb Code     8  netif.o(.text.netif_set_status_callback)
    netif_set_up                             0x0800aaf5   Thumb Code    68  netif.o(.text.netif_set_up)
    pbuf_add_header                          0x0800ab6d   Thumb Code    74  pbuf.o(.text.pbuf_add_header)
    pbuf_alloc                               0x0800abb9   Thumb Code   396  pbuf.o(.text.pbuf_alloc)
    pbuf_alloced_custom                      0x0800ad45   Thumb Code    62  pbuf.o(.text.pbuf_alloced_custom)
    pbuf_cat                                 0x0800ad85   Thumb Code   110  pbuf.o(.text.pbuf_cat)
    pbuf_chain                               0x0800adf5   Thumb Code   114  pbuf.o(.text.pbuf_chain)
    pbuf_clen                                0x0800ae69   Thumb Code    52  pbuf.o(.text.pbuf_clen)
    pbuf_clone                               0x0800ae9d   Thumb Code   176  pbuf.o(.text.pbuf_clone)
    pbuf_copy                                0x0800af4d   Thumb Code   206  pbuf.o(.text.pbuf_copy)
    pbuf_copy_partial                        0x0800b01d   Thumb Code   112  pbuf.o(.text.pbuf_copy_partial)
    pbuf_free                                0x0800b08d   Thumb Code    94  pbuf.o(.text.pbuf_free)
    pbuf_free_ooseq                          0x0800b0ed   Thumb Code    76  pbuf.o(.text.pbuf_free_ooseq)
    pbuf_header_force                        0x0800b139   Thumb Code   110  pbuf.o(.text.pbuf_header_force)
    pbuf_realloc                             0x0800b1a9   Thumb Code   224  pbuf.o(.text.pbuf_realloc)
    pbuf_ref                                 0x0800b289   Thumb Code    14  pbuf.o(.text.pbuf_ref)
    pbuf_remove_header                       0x0800b299   Thumb Code    48  pbuf.o(.text.pbuf_remove_header)
    sys_check_timeouts                       0x0800b3a5   Thumb Code    84  timeouts.o(.text.sys_check_timeouts)
    sys_now                                  0x0800b3f9   Thumb Code     4  sys_arch.o(.text.sys_now)
    sys_timeouts_init                        0x0800b3fd   Thumb Code   670  timeouts.o(.text.sys_timeouts_init)
    tcp_abandon                              0x0800b69d   Thumb Code   558  tcp.o(.text.tcp_abandon)
    tcp_abort                                0x0800b8cd   Thumb Code     6  tcp.o(.text.tcp_abort)
    tcp_accept                               0x0800b8d5   Thumb Code    16  tcp.o(.text.tcp_accept)
    tcp_alloc                                0x0800b8f5   Thumb Code   632  tcp.o(.text.tcp_alloc)
    tcp_bind                                 0x0800bb6d   Thumb Code  1366  tcp.o(.text.tcp_bind)
    tcp_close                                0x0800c0c5   Thumb Code    30  tcp.o(.text.tcp_close)
    tcp_eff_send_mss_netif                   0x0800c46d   Thumb Code    22  tcp.o(.text.tcp_eff_send_mss_netif)
    tcp_enqueue_flags                        0x0800c485   Thumb Code   152  tcp_out.o(.text.tcp_enqueue_flags)
    tcp_err                                  0x0800c51d   Thumb Code    10  tcp.o(.text.tcp_err)
    tcp_fasttmr                              0x0800c529   Thumb Code   382  tcp.o(.text.tcp_fasttmr)
    tcp_free                                 0x0800c6a9   Thumb Code     8  tcp.o(.text.tcp_free)
    tcp_free_ooseq                           0x0800c6b1   Thumb Code    44  tcp.o(.text.tcp_free_ooseq)
    tcp_init                                 0x0800c6dd   Thumb Code    22  tcp.o(.text.tcp_init)
    tcp_input                                0x0800c6f5   Thumb Code  1104  tcp_in.o(.text.tcp_input)
    tcp_keepalive                            0x0800cb89   Thumb Code   102  tcp_out.o(.text.tcp_keepalive)
    tcp_listen_with_backlog                  0x0800cd7d   Thumb Code     8  tcp.o(.text.tcp_listen_with_backlog)
    tcp_listen_with_backlog_and_err          0x0800cd85   Thumb Code   190  tcp.o(.text.tcp_listen_with_backlog_and_err)
    tcp_netif_ip_addr_changed                0x0800ce45   Thumb Code   184  tcp.o(.text.tcp_netif_ip_addr_changed)
    tcp_new                                  0x0800cefd   Thumb Code     6  tcp.o(.text.tcp_new)
    tcp_next_iss                             0x0800cf05   Thumb Code    26  tcp.o(.text.tcp_next_iss)
    tcp_output                               0x0800cfad   Thumb Code   784  tcp_out.o(.text.tcp_output)
    tcp_pcb_purge                            0x0800d479   Thumb Code   166  tcp.o(.text.tcp_pcb_purge)
    tcp_pcb_remove                           0x0800d521   Thumb Code   110  tcp.o(.text.tcp_pcb_remove)
    tcp_process_refused_data                 0x0800da55   Thumb Code   160  tcp.o(.text.tcp_process_refused_data)
    tcp_recv                                 0x0800e2f5   Thumb Code    10  tcp.o(.text.tcp_recv)
    tcp_recv_null                            0x0800e301   Thumb Code   176  tcp.o(.text.tcp_recv_null)
    tcp_recved                               0x0800e3b1   Thumb Code   114  tcp.o(.text.tcp_recved)
    tcp_rexmit                               0x0800e425   Thumb Code   132  tcp_out.o(.text.tcp_rexmit)
    tcp_rexmit_fast                          0x0800e4a9   Thumb Code   186  tcp_out.o(.text.tcp_rexmit_fast)
    tcp_rexmit_rto                           0x0800e565   Thumb Code   186  tcp_out.o(.text.tcp_rexmit_rto)
    tcp_rexmit_rto_commit                    0x0800e621   Thumb Code    18  tcp_out.o(.text.tcp_rexmit_rto_commit)
    tcp_rexmit_rto_prepare                   0x0800e635   Thumb Code   170  tcp_out.o(.text.tcp_rexmit_rto_prepare)
    tcp_rst                                  0x0800e6e1   Thumb Code   234  tcp_out.o(.text.tcp_rst)
    tcp_seg_copy                             0x0800e7cd   Thumb Code    34  tcp.o(.text.tcp_seg_copy)
    tcp_seg_free                             0x0800e7f1   Thumb Code    32  tcp.o(.text.tcp_seg_free)
    tcp_segs_free                            0x0800e811   Thumb Code    44  tcp.o(.text.tcp_segs_free)
    tcp_send_empty_ack                       0x0800e83d   Thumb Code   130  tcp_out.o(.text.tcp_send_empty_ack)
    tcp_send_fin                             0x0800e8c1   Thumb Code   212  tcp_out.o(.text.tcp_send_fin)
    tcp_sent                                 0x0800e995   Thumb Code    10  tcp.o(.text.tcp_sent)
    tcp_slowtmr                              0x0800e9a1   Thumb Code   892  tcp.o(.text.tcp_slowtmr)
    tcp_split_unsent_seg                     0x0800ed35   Thumb Code   336  tcp_out.o(.text.tcp_split_unsent_seg)
    tcp_timer_needed                         0x0800ee85   Thumb Code   180  timeouts.o(.text.tcp_timer_needed)
    tcp_tmr                                  0x0800efbd   Thumb Code    34  tcp.o(.text.tcp_tmr)
    tcp_trigger_input_pcb_close              0x0800efe1   Thumb Code    18  tcp_in.o(.text.tcp_trigger_input_pcb_close)
    tcp_update_rcv_ann_wnd                   0x0800eff5   Thumb Code    64  tcp.o(.text.tcp_update_rcv_ann_wnd)
    tcp_write                                0x0800f035   Thumb Code  1212  tcp_out.o(.text.tcp_write)
    tcp_zero_window_probe                    0x0800f4f1   Thumb Code   224  tcp_out.o(.text.tcp_zero_window_probe)
    udp_bind                                 0x0800f691   Thumb Code   350  udp.o(.text.udp_bind)
    udp_connect                              0x0800f7f1   Thumb Code   386  udp.o(.text.udp_connect)
    udp_init                                 0x0800f975   Thumb Code    22  udp.o(.text.udp_init)
    udp_input                                0x0800f98d   Thumb Code   778  udp.o(.text.udp_input)
    udp_netif_ip_addr_changed                0x0800fc99   Thumb Code   118  udp.o(.text.udp_netif_ip_addr_changed)
    udp_new                                  0x0800fd11   Thumb Code    38  udp.o(.text.udp_new)
    udp_recv                                 0x0800fd39   Thumb Code    10  udp.o(.text.udp_recv)
    udp_remove                               0x0800fd45   Thumb Code    74  udp.o(.text.udp_remove)
    udp_sendto                               0x0800fd91   Thumb Code   126  udp.o(.text.udp_sendto)
    udp_sendto_if                            0x0800fe11   Thumb Code    90  udp.o(.text.udp_sendto_if)
    udp_sendto_if_src                        0x0800fe6d   Thumb Code   518  udp.o(.text.udp_sendto_if_src)
    _fp_init                                 0x08010073   Thumb Code    26  fpinit.o(x$fpl$fpinit)
    __fplib_config_fpu_vfp                   0x0801008b   Thumb Code     0  fpinit.o(x$fpl$fpinit)
    __fplib_config_pureend_doubles           0x0801008b   Thumb Code     0  fpinit.o(x$fpl$fpinit)
    AHBPrescTable                            0x08010092   Data          16  system_stm32h5xx.o(.rodata.AHBPrescTable)
    ethbroadcast                             0x080100b2   Data           6  ethernet.o(.rodata.ethbroadcast)
    ethzero                                  0x080100b8   Data           6  ethernet.o(.rodata.ethzero)
    ip_addr_any                              0x080100c0   Data           4  ip4_addr.o(.rodata.ip_addr_any)
    ip_addr_broadcast                        0x080100c4   Data           4  ip4_addr.o(.rodata.ip_addr_broadcast)
    lwip_cyclic_timers                       0x080100c8   Data          48  timeouts.o(.rodata.lwip_cyclic_timers)
    memp_ARP_QUEUE                           0x080100f8   Data          16  memp.o(.rodata.memp_ARP_QUEUE)
    memp_FRAG_PBUF                           0x08010108   Data          16  memp.o(.rodata.memp_FRAG_PBUF)
    memp_PBUF                                0x08010118   Data          16  memp.o(.rodata.memp_PBUF)
    memp_PBUF_POOL                           0x08010128   Data          16  memp.o(.rodata.memp_PBUF_POOL)
    memp_REASSDATA                           0x08010138   Data          16  memp.o(.rodata.memp_REASSDATA)
    memp_SYS_TIMEOUT                         0x08010148   Data          16  memp.o(.rodata.memp_SYS_TIMEOUT)
    memp_TCP_PCB                             0x08010158   Data          16  memp.o(.rodata.memp_TCP_PCB)
    memp_TCP_PCB_LISTEN                      0x08010168   Data          16  memp.o(.rodata.memp_TCP_PCB_LISTEN)
    memp_TCP_SEG                             0x08010178   Data          16  memp.o(.rodata.memp_TCP_SEG)
    memp_UDP_PCB                             0x08010188   Data          16  memp.o(.rodata.memp_UDP_PCB)
    memp_pools                               0x08010198   Data          40  memp.o(.rodata.memp_pools)
    Region$$Table$$Base                      0x0801023c   Number         0  anon$$obj.o(Region$$Table)
    Region$$Table$$Limit                     0x0801026c   Number         0  anon$$obj.o(Region$$Table)
    uwTickFreq                               0x20000000   Data           1  stm32h5xx_hal.o(.data..L_MergedGlobals)
    uwTickPrio                               0x20000004   Data           4  stm32h5xx_hal.o(.data..L_MergedGlobals)
    SystemCoreClock                          0x20000010   Data           4  system_stm32h5xx.o(.data.SystemCoreClock)
    _random_number_data                      0x20000018   Data         228  rand.o(.bss)
    phy_link                                 0x200000fc   Data           1  main.o(.bss..L_MergedGlobals)
    phy_speed                                0x200000fd   Data           1  main.o(.bss..L_MergedGlobals)
    phy_duplex                               0x200000fe   Data           1  main.o(.bss..L_MergedGlobals)
    g_device_sn                              0x20000100   Data           4  main.o(.bss..L_MergedGlobals)
    now                                      0x20000108   Data           4  main.o(.bss..L_MergedGlobals)
    hphy                                     0x2000010c   Data           8  main.o(.bss..L_MergedGlobals)
    TxConfig                                 0x2000011c   Data          56  eth.o(.bss..L_MergedGlobals)
    g_lwip_ipinfo                            0x2000015c   Data          15  lwip_app.o(.bss..L_MergedGlobals)
    netif_list                               0x200001e8   Data           4  netif.o(.bss..L_MergedGlobals)
    netif_default                            0x200001ec   Data           4  netif.o(.bss..L_MergedGlobals)
    tcp_input_pcb                            0x20000210   Data           4  tcp_in.o(.bss..L_MergedGlobals)
    dhcp_rx_options_given                    0x20000248   Data           8  dhcp.o(.bss..L_MergedGlobals)
    dhcp_rx_options_val                      0x20000250   Data          32  dhcp.o(.bss..L_MergedGlobals)
    CAN_rxData                               0x200002ac   Data          64  can_comm.o(.bss..L_MergedGlobals)
    eth_drop_cnt                             0x200002f0   Data           2  eth_send_queue.o(.bss..L_MergedGlobals)
    tcp_active_pcbs_changed                  0x200002fc   Data           1  tcp.o(.bss..L_MergedGlobals.11)
    tcp_listen_pcbs                          0x20000300   Data           4  tcp.o(.bss..L_MergedGlobals.11)
    tcp_bound_pcbs                           0x20000304   Data           4  tcp.o(.bss..L_MergedGlobals.11)
    tcp_active_pcbs                          0x20000308   Data           4  tcp.o(.bss..L_MergedGlobals.11)
    tcp_tw_pcbs                              0x2000030c   Data           4  tcp.o(.bss..L_MergedGlobals.11)
    tcp_ticks                                0x20000310   Data           4  tcp.o(.bss..L_MergedGlobals.11)
    DMARxDscrTab                             0x20000314   Data          96  eth.o(.bss.DMARxDscrTab)
    DMATxDscrTab                             0x20000374   Data          96  eth.o(.bss.DMATxDscrTab)
    dbg_last_module_tx                       0x200004c8   Data          64  comm_protocol.o(.bss.dbg_last_module_tx)
    g_module_count                           0x2000071b   Data           1  can_comm.o(.bss.g_module_count)
    g_modules                                0x2000071c   Data         768  can_comm.o(.bss.g_modules)
    hdcache1                                 0x20000a20   Data          44  dcache.o(.bss.hdcache1)
    heth                                     0x20000a4c   Data         176  eth.o(.bss.heth)
    hfdcan1                                  0x20000afc   Data         100  fdcan.o(.bss.hfdcan1)
    hpcd_USB_DRD_FS                          0x20000b60   Data         740  usb.o(.bss.hpcd_USB_DRD_FS)
    hxspi1                                   0x20000e44   Data          92  octospi.o(.bss.hxspi1)
    ip_data                                  0x20000ea0   Data          24  ip.o(.bss.ip_data)
    memp_memory_ARP_QUEUE_base               0x20000eba   Data         243  memp.o(.bss.memp_memory_ARP_QUEUE_base)
    memp_memory_FRAG_PBUF_base               0x20000fad   Data         363  memp.o(.bss.memp_memory_FRAG_PBUF_base)
    memp_memory_PBUF_POOL_base               0x20001118   Data       24835  memp.o(.bss.memp_memory_PBUF_POOL_base)
    memp_memory_PBUF_base                    0x2000721b   Data         259  memp.o(.bss.memp_memory_PBUF_base)
    memp_memory_REASSDATA_base               0x2000731e   Data         163  memp.o(.bss.memp_memory_REASSDATA_base)
    memp_memory_SYS_TIMEOUT_base             0x200073c1   Data         195  memp.o(.bss.memp_memory_SYS_TIMEOUT_base)
    memp_memory_TCP_PCB_LISTEN_base          0x20007484   Data         171  memp.o(.bss.memp_memory_TCP_PCB_LISTEN_base)
    memp_memory_TCP_PCB_base                 0x2000752f   Data        1643  memp.o(.bss.memp_memory_TCP_PCB_base)
    memp_memory_TCP_SEG_base                 0x20007b9a   Data         243  memp.o(.bss.memp_memory_TCP_SEG_base)
    memp_memory_UDP_PCB_base                 0x20007c8d   Data         195  memp.o(.bss.memp_memory_UDP_PCB_base)
    pbuf_free_ooseq_pending                  0x20007d50   Data           1  pbuf.o(.bss.pbuf_free_ooseq_pending)
    ram_heap                                 0x20007d51   Data       16403  mem.o(.bss.ram_heap)
    udp_pcbs                                 0x2000beb0   Data           4  udp.o(.bss.udp_pcbs)
    uwTick                                   0x2000beb4   Data           4  stm32h5xx_hal.o(.bss.uwTick)
    __initial_sp                             0x2000c2b8   Data           0  startup_stm32h563xx.o(STACK)



==============================================================================

Memory Map of the image

  Image Entry point : 0x0800024d

  Load Region LR_IROM1 (Base: 0x08000000, Size: 0x00011b60, Max: 0x00100000, ABSOLUTE, COMPRESSED[0x000102d4])

    Execution Region ER_IROM1 (Exec base: 0x08000000, Load base: 0x08000000, Size: 0x0001026c, Max: 0x00100000, ABSOLUTE)

    Exec Addr    Load Addr    Size         Type   Attr      Idx    E Section Name        Object

    0x08000000   0x08000000   0x0000024c   Data   RO            3    RESET               startup_stm32h563xx.o
    0x0800024c   0x0800024c   0x00000008   Code   RO         2484  * !!!main             c_w.l(__main.o)
    0x08000254   0x08000254   0x0000005c   Code   RO         2689    !!!scatter          c_w.l(__scatter.o)
    0x080002b0   0x080002b0   0x0000003a   Code   RO         2687    !!dczerorl          c_w.l(__dczerorl.o)
    0x080002ea   0x080002ea   0x00000002   PAD
    0x080002ec   0x080002ec   0x0000001a   Code   RO         2693    !!handler_copy      c_w.l(__scatter_copy.o)
    0x08000306   0x08000306   0x00000002   PAD
    0x08000308   0x08000308   0x00000002   Code   RO         2690    !!handler_null      c_w.l(__scatter.o)
    0x0800030a   0x0800030a   0x00000002   PAD
    0x0800030c   0x0800030c   0x0000001c   Code   RO         2695    !!handler_zi        c_w.l(__scatter_zi.o)
    0x08000328   0x08000328   0x00000002   Code   RO         2599    .ARM.Collect$$libinit$$00000000  c_w.l(libinit.o)
    0x0800032a   0x0800032a   0x00000004   Code   RO         2506    .ARM.Collect$$libinit$$00000001  c_w.l(libinit2.o)
    0x0800032e   0x0800032e   0x00000000   Code   RO         2509    .ARM.Collect$$libinit$$00000004  c_w.l(libinit2.o)
    0x0800032e   0x0800032e   0x00000000   Code   RO         2511    .ARM.Collect$$libinit$$00000006  c_w.l(libinit2.o)
    0x0800032e   0x0800032e   0x00000000   Code   RO         2514    .ARM.Collect$$libinit$$0000000C  c_w.l(libinit2.o)
    0x0800032e   0x0800032e   0x00000000   Code   RO         2516    .ARM.Collect$$libinit$$0000000E  c_w.l(libinit2.o)
    0x0800032e   0x0800032e   0x00000004   Code   RO         2517    .ARM.Collect$$libinit$$0000000F  c_w.l(libinit2.o)
    0x08000332   0x08000332   0x00000000   Code   RO         2518    .ARM.Collect$$libinit$$00000010  c_w.l(libinit2.o)
    0x08000332   0x08000332   0x00000000   Code   RO         2521    .ARM.Collect$$libinit$$00000013  c_w.l(libinit2.o)
    0x08000332   0x08000332   0x00000000   Code   RO         2523    .ARM.Collect$$libinit$$00000015  c_w.l(libinit2.o)
    0x08000332   0x08000332   0x00000000   Code   RO         2525    .ARM.Collect$$libinit$$00000017  c_w.l(libinit2.o)
    0x08000332   0x08000332   0x00000000   Code   RO         2527    .ARM.Collect$$libinit$$00000019  c_w.l(libinit2.o)
    0x08000332   0x08000332   0x00000000   Code   RO         2529    .ARM.Collect$$libinit$$0000001B  c_w.l(libinit2.o)
    0x08000332   0x08000332   0x00000000   Code   RO         2531    .ARM.Collect$$libinit$$0000001D  c_w.l(libinit2.o)
    0x08000332   0x08000332   0x00000000   Code   RO         2533    .ARM.Collect$$libinit$$0000001F  c_w.l(libinit2.o)
    0x08000332   0x08000332   0x00000000   Code   RO         2535    .ARM.Collect$$libinit$$00000021  c_w.l(libinit2.o)
    0x08000332   0x08000332   0x00000000   Code   RO         2537    .ARM.Collect$$libinit$$00000023  c_w.l(libinit2.o)
    0x08000332   0x08000332   0x00000000   Code   RO         2539    .ARM.Collect$$libinit$$00000025  c_w.l(libinit2.o)
    0x08000332   0x08000332   0x00000000   Code   RO         2541    .ARM.Collect$$libinit$$00000027  c_w.l(libinit2.o)
    0x08000332   0x08000332   0x00000000   Code   RO         2545    .ARM.Collect$$libinit$$0000002E  c_w.l(libinit2.o)
    0x08000332   0x08000332   0x00000000   Code   RO         2547    .ARM.Collect$$libinit$$00000030  c_w.l(libinit2.o)
    0x08000332   0x08000332   0x00000000   Code   RO         2549    .ARM.Collect$$libinit$$00000032  c_w.l(libinit2.o)
    0x08000332   0x08000332   0x00000000   Code   RO         2551    .ARM.Collect$$libinit$$00000034  c_w.l(libinit2.o)
    0x08000332   0x08000332   0x00000002   Code   RO         2552    .ARM.Collect$$libinit$$00000035  c_w.l(libinit2.o)
    0x08000334   0x08000334   0x00000002   Code   RO         2646    .ARM.Collect$$libshutdown$$00000000  c_w.l(libshutdown.o)
    0x08000336   0x08000336   0x00000000   Code   RO         2654    .ARM.Collect$$libshutdown$$00000002  c_w.l(libshutdown2.o)
    0x08000336   0x08000336   0x00000000   Code   RO         2656    .ARM.Collect$$libshutdown$$00000004  c_w.l(libshutdown2.o)
    0x08000336   0x08000336   0x00000000   Code   RO         2659    .ARM.Collect$$libshutdown$$00000007  c_w.l(libshutdown2.o)
    0x08000336   0x08000336   0x00000000   Code   RO         2662    .ARM.Collect$$libshutdown$$0000000A  c_w.l(libshutdown2.o)
    0x08000336   0x08000336   0x00000000   Code   RO         2664    .ARM.Collect$$libshutdown$$0000000C  c_w.l(libshutdown2.o)
    0x08000336   0x08000336   0x00000000   Code   RO         2667    .ARM.Collect$$libshutdown$$0000000F  c_w.l(libshutdown2.o)
    0x08000336   0x08000336   0x00000002   Code   RO         2668    .ARM.Collect$$libshutdown$$00000010  c_w.l(libshutdown2.o)
    0x08000338   0x08000338   0x00000000   Code   RO         2486    .ARM.Collect$$rtentry$$00000000  c_w.l(__rtentry.o)
    0x08000338   0x08000338   0x00000000   Code   RO         2557    .ARM.Collect$$rtentry$$00000002  c_w.l(__rtentry2.o)
    0x08000338   0x08000338   0x00000004   Code   RO         2571    .ARM.Collect$$rtentry$$00000005  c_w.l(__rtentry5.o)
    0x0800033c   0x0800033c   0x00000000   Code   RO         2559    .ARM.Collect$$rtentry$$00000009  c_w.l(__rtentry2.o)
    0x0800033c   0x0800033c   0x00000004   Code   RO         2560    .ARM.Collect$$rtentry$$0000000A  c_w.l(__rtentry2.o)
    0x08000340   0x08000340   0x00000000   Code   RO         2562    .ARM.Collect$$rtentry$$0000000C  c_w.l(__rtentry2.o)
    0x08000340   0x08000340   0x00000008   Code   RO         2563    .ARM.Collect$$rtentry$$0000000D  c_w.l(__rtentry2.o)
    0x08000348   0x08000348   0x00000004   Code   RO         2572    .ARM.Collect$$rtentry$$00002716  c_w.l(__rtentry5.o)
    0x0800034c   0x0800034c   0x00000002   Code   RO         2608    .ARM.Collect$$rtexit$$00000000  c_w.l(rtexit.o)
    0x0800034e   0x0800034e   0x00000000   Code   RO         2624    .ARM.Collect$$rtexit$$00000002  c_w.l(rtexit2.o)
    0x0800034e   0x0800034e   0x00000004   Code   RO         2625    .ARM.Collect$$rtexit$$00000003  c_w.l(rtexit2.o)
    0x08000352   0x08000352   0x00000006   Code   RO         2626    .ARM.Collect$$rtexit$$00000004  c_w.l(rtexit2.o)
    0x08000358   0x08000358   0x00000034   Code   RO         2461    .emb_text           c_w.l(rand.o)
    0x0800038c   0x0800038c   0x00000030   Code   RO            4    .text               startup_stm32h563xx.o
    0x080003bc   0x080003bc   0x0000003c   Code   RO         2462    .text               c_w.l(rand.o)
    0x080003f8   0x080003f8   0x00000058   Code   RO         2466    .text               c_w.l(memcmp.o)
    0x08000450   0x08000450   0x0000003e   Code   RO         2468    .text               c_w.l(strlen.o)
    0x0800048e   0x0800048e   0x0000008a   Code   RO         2472    .text               c_w.l(rt_memcpy_v6.o)
    0x08000518   0x08000518   0x00000084   Code   RO         2474    .text               c_w.l(rt_memmove_v6.o)
    0x0800059c   0x0800059c   0x00000044   Code   RO         2476    .text               c_w.l(rt_memclr.o)
    0x080005e0   0x080005e0   0x0000004e   Code   RO         2478    .text               c_w.l(rt_memclr_w.o)
    0x0800062e   0x0800062e   0x00000056   Code   RO         2480    .text               c_w.l(strncpy.o)
    0x08000684   0x08000684   0x00000006   Code   RO         2482    .text               c_w.l(heapauxi.o)
    0x0800068a   0x0800068a   0x00000064   Code   RO         2502    .text               c_w.l(rt_memcpy_w.o)
    0x080006ee   0x080006ee   0x0000007a   Code   RO         2504    .text               c_w.l(rt_memmove_w.o)
    0x08000768   0x08000768   0x00000012   Code   RO         2588    .text               c_w.l(exit.o)
    0x0800077a   0x0800077a   0x00000002   Code   RO         2620    .text               c_w.l(use_no_semi.o)
    0x0800077c   0x0800077c   0x00000000   Code   RO         2622    .text               c_w.l(indicate_semi.o)
    0x0800077c   0x0800077c   0x0000000c   Code   RO         2636    .text               c_w.l(sys_exit.o)
    0x08000788   0x08000788   0x000000e8   Code   RO           88    .text.BSP_LAN8742_GetBasicStatus  bsp_lan8742.o
    0x08000870   0x08000870   0x00000064   Code   RO           74    .text.BSP_LAN8742_InitOrDetect  bsp_lan8742.o
    0x080008d4   0x080008d4   0x00000092   Code   RO           78    .text.BSP_LAN8742_Reset  bsp_lan8742.o
    0x08000966   0x08000966   0x00000002   PAD
    0x08000968   0x08000968   0x00000002   Code   RO          220    .text.BusFault_Handler  stm32h5xx_it.o
    0x0800096a   0x0800096a   0x00000002   PAD
    0x0800096c   0x0800096c   0x000000b4   Code   RO         2384    .text.CAN_Send_FD_Frame  can_comm.o
    0x08000a20   0x08000a20   0x00000090   Code   RO         2386    .text.CAN_Send_ParamSet  can_comm.o
    0x08000ab0   0x08000ab0   0x00000080   Code   RO         2382    .text.CAN_Send_SetModuleName  can_comm.o
    0x08000b30   0x08000b30   0x00000002   Code   RO          226    .text.DebugMon_Handler  stm32h5xx_it.o
    0x08000b32   0x08000b32   0x00000002   PAD
    0x08000b34   0x08000b34   0x000000e6   Code   RO         2405    .text.ETH_Handle_GetModuleInfoReply  comm_protocol.o
    0x08000c1a   0x08000c1a   0x00000002   PAD
    0x08000c1c   0x08000c1c   0x000001aa   Code   RO         2403    .text.ETH_Handle_GetModuleList  comm_protocol.o
    0x08000dc6   0x08000dc6   0x00000002   PAD
    0x08000dc8   0x08000dc8   0x0000000c   Code   RO          232    .text.ETH_IRQHandler  stm32h5xx_it.o
    0x08000dd4   0x08000dd4   0x00000414   Code   RO         1033    .text.ETH_Prepare_Tx_Descriptors  stm32h5xx_hal_eth.o
    0x080011e8   0x080011e8   0x00000094   Code   RO         2407    .text.ETH_Report_ParamFeedback  comm_protocol.o
    0x0800127c   0x0800127c   0x00000068   Code   RO         2420    .text.ETH_Send_Queue  eth_send_queue.o
    0x080012e4   0x080012e4   0x0000005c   Code   RO         2401    .text.ETH_Send_VersionInfo  comm_protocol.o
    0x08001340   0x08001340   0x0000016c   Code   RO         1085    .text.ETH_SetMACConfig  stm32h5xx_hal_eth.o
    0x080014ac   0x080014ac   0x0000004e   Code   RO         2422    .text.ETH_Tx_Task_Poll  eth_send_queue.o
    0x080014fa   0x080014fa   0x00000002   PAD
    0x080014fc   0x080014fc   0x00000006   Code   RO           17    .text.Error_Handler  main.o
    0x08001502   0x08001502   0x00000002   PAD
    0x08001504   0x08001504   0x0000000c   Code   RO          234    .text.FDCAN1_IT0_IRQHandler  stm32h5xx_it.o
    0x08001510   0x08001510   0x00000002   Code   RO          315    .text.HAL_DCACHE_CleanAndInvalidateByAddrCallback  stm32h5xx_hal_dcache.o
    0x08001512   0x08001512   0x00000002   PAD
    0x08001514   0x08001514   0x00000002   Code   RO          309    .text.HAL_DCACHE_CleanByAddrCallback  stm32h5xx_hal_dcache.o
    0x08001516   0x08001516   0x00000002   PAD
    0x08001518   0x08001518   0x00000002   Code   RO          307    .text.HAL_DCACHE_ErrorCallback  stm32h5xx_hal_dcache.o
    0x0800151a   0x0800151a   0x00000002   PAD
    0x0800151c   0x0800151c   0x00000092   Code   RO          305    .text.HAL_DCACHE_Init  stm32h5xx_hal_dcache.o
    0x080015ae   0x080015ae   0x00000002   PAD
    0x080015b0   0x080015b0   0x00000002   Code   RO          311    .text.HAL_DCACHE_InvalidateByAddrCallback  stm32h5xx_hal_dcache.o
    0x080015b2   0x080015b2   0x00000002   PAD
    0x080015b4   0x080015b4   0x00000002   Code   RO          313    .text.HAL_DCACHE_InvalidateCompleteCallback  stm32h5xx_hal_dcache.o
    0x080015b6   0x080015b6   0x00000002   PAD
    0x080015b8   0x080015b8   0x00000030   Code   RO           42    .text.HAL_DCACHE_MspInit  dcache.o
    0x080015e8   0x080015e8   0x00000028   Code   RO          871    .text.HAL_Delay     stm32h5xx_hal.o
    0x08001610   0x08001610   0x00000002   Code   RO         1071    .text.HAL_ETH_EEECallback  stm32h5xx_hal_eth.o
    0x08001612   0x08001612   0x00000002   PAD
    0x08001614   0x08001614   0x0000001e   Code   RO          128    .text.HAL_ETH_ErrorCallback  ethernetif.o
    0x08001632   0x08001632   0x00000002   PAD
    0x08001634   0x08001634   0x00000006   Code   RO         1109    .text.HAL_ETH_GetDMAError  stm32h5xx_hal_eth.o
    0x0800163a   0x0800163a   0x00000002   PAD
    0x0800163c   0x0800163c   0x0000013c   Code   RO         1061    .text.HAL_ETH_IRQHandler  stm32h5xx_hal_eth.o
    0x08001778   0x08001778   0x00000328   Code   RO         1013    .text.HAL_ETH_Init  stm32h5xx_hal_eth.o
    0x08001aa0   0x08001aa0   0x00000104   Code   RO           57    .text.HAL_ETH_MspInit  eth.o
    0x08001ba4   0x08001ba4   0x00000002   Code   RO         1069    .text.HAL_ETH_PMTCallback  stm32h5xx_hal_eth.o
    0x08001ba6   0x08001ba6   0x00000002   PAD
    0x08001ba8   0x08001ba8   0x000001e4   Code   RO         1037    .text.HAL_ETH_ReadData  stm32h5xx_hal_eth.o
    0x08001d8c   0x08001d8c   0x00000060   Code   RO         1075    .text.HAL_ETH_ReadPHYRegister  stm32h5xx_hal_eth.o
    0x08001dec   0x08001dec   0x0000002a   Code   RO          114    .text.HAL_ETH_RxAllocateCallback  ethernetif.o
    0x08001e16   0x08001e16   0x00000002   PAD
    0x08001e18   0x08001e18   0x00000002   Code   RO          126    .text.HAL_ETH_RxCpltCallback  ethernetif.o
    0x08001e1a   0x08001e1a   0x00000002   PAD
    0x08001e1c   0x08001e1c   0x0000004e   Code   RO          116    .text.HAL_ETH_RxLinkCallback  ethernetif.o
    0x08001e6a   0x08001e6a   0x00000002   PAD
    0x08001e6c   0x08001e6c   0x00000194   Code   RO         1025    .text.HAL_ETH_Start_IT  stm32h5xx_hal_eth.o
    0x08002000   0x08002000   0x00000096   Code   RO         1029    .text.HAL_ETH_Stop_IT  stm32h5xx_hal_eth.o
    0x08002096   0x08002096   0x00000002   PAD
    0x08002098   0x08002098   0x00000144   Code   RO         1031    .text.HAL_ETH_Transmit  stm32h5xx_hal_eth.o
    0x080021dc   0x080021dc   0x00000002   Code   RO          124    .text.HAL_ETH_TxCpltCallback  ethernetif.o
    0x080021de   0x080021de   0x00000002   PAD
    0x080021e0   0x080021e0   0x00000002   Code   RO         1073    .text.HAL_ETH_WakeUpCallback  stm32h5xx_hal_eth.o
    0x080021e2   0x080021e2   0x00000002   PAD
    0x080021e4   0x080021e4   0x0000005a   Code   RO         1077    .text.HAL_ETH_WritePHYRegister  stm32h5xx_hal_eth.o
    0x0800223e   0x0800223e   0x00000002   PAD
    0x08002240   0x08002240   0x0000010c   Code   RO         1261    .text.HAL_FDCAN_ActivateNotification  stm32h5xx_hal_fdcan.o
    0x0800234c   0x0800234c   0x000000b2   Code   RO         1233    .text.HAL_FDCAN_AddMessageToTxFifoQ  stm32h5xx_hal_fdcan.o
    0x080023fe   0x080023fe   0x00000002   PAD
    0x08002400   0x08002400   0x00000060   Code   RO         1187    .text.HAL_FDCAN_ConfigFilter  stm32h5xx_hal_fdcan.o
    0x08002460   0x08002460   0x00000002   Code   RO         1287    .text.HAL_FDCAN_ErrorCallback  stm32h5xx_hal_fdcan.o
    0x08002462   0x08002462   0x00000002   PAD
    0x08002464   0x08002464   0x00000002   Code   RO         1285    .text.HAL_FDCAN_ErrorStatusCallback  stm32h5xx_hal_fdcan.o
    0x08002466   0x08002466   0x00000002   PAD
    0x08002468   0x08002468   0x00000156   Code   RO         1239    .text.HAL_FDCAN_GetRxMessage  stm32h5xx_hal_fdcan.o
    0x080025be   0x080025be   0x00000002   PAD
    0x080025c0   0x080025c0   0x0000000c   Code   RO         1253    .text.HAL_FDCAN_GetTxFifoFreeLevel  stm32h5xx_hal_fdcan.o
    0x080025cc   0x080025cc   0x00000002   Code   RO         1267    .text.HAL_FDCAN_HighPriorityMessageCallback  stm32h5xx_hal_fdcan.o
    0x080025ce   0x080025ce   0x00000002   PAD
    0x080025d0   0x080025d0   0x0000017c   Code   RO         1265    .text.HAL_FDCAN_IRQHandler  stm32h5xx_hal_fdcan.o
    0x0800274c   0x0800274c   0x00000244   Code   RO         1173    .text.HAL_FDCAN_Init  stm32h5xx_hal_fdcan.o
    0x08002990   0x08002990   0x000000aa   Code   RO          152    .text.HAL_FDCAN_MspInit  fdcan.o
    0x08002a3a   0x08002a3a   0x00000002   PAD
    0x08002a3c   0x08002a3c   0x000001de   Code   RO         2378    .text.HAL_FDCAN_RxFifo0Callback  can_comm.o
    0x08002c1a   0x08002c1a   0x00000002   PAD
    0x08002c1c   0x08002c1c   0x00000002   Code   RO         1275    .text.HAL_FDCAN_RxFifo1Callback  stm32h5xx_hal_fdcan.o
    0x08002c1e   0x08002c1e   0x00000002   PAD
    0x08002c20   0x08002c20   0x0000002c   Code   RO         1231    .text.HAL_FDCAN_Start  stm32h5xx_hal_fdcan.o
    0x08002c4c   0x08002c4c   0x00000002   Code   RO         1283    .text.HAL_FDCAN_TimeoutOccurredCallback  stm32h5xx_hal_fdcan.o
    0x08002c4e   0x08002c4e   0x00000002   PAD
    0x08002c50   0x08002c50   0x00000002   Code   RO         1281    .text.HAL_FDCAN_TimestampWraparoundCallback  stm32h5xx_hal_fdcan.o
    0x08002c52   0x08002c52   0x00000002   PAD
    0x08002c54   0x08002c54   0x00000002   Code   RO         1269    .text.HAL_FDCAN_TxBufferAbortCallback  stm32h5xx_hal_fdcan.o
    0x08002c56   0x08002c56   0x00000002   PAD
    0x08002c58   0x08002c58   0x00000002   Code   RO         1279    .text.HAL_FDCAN_TxBufferCompleteCallback  stm32h5xx_hal_fdcan.o
    0x08002c5a   0x08002c5a   0x00000002   PAD
    0x08002c5c   0x08002c5c   0x00000002   Code   RO         1271    .text.HAL_FDCAN_TxEventFifoCallback  stm32h5xx_hal_fdcan.o
    0x08002c5e   0x08002c5e   0x00000002   PAD
    0x08002c60   0x08002c60   0x00000002   Code   RO         1277    .text.HAL_FDCAN_TxFifoEmptyCallback  stm32h5xx_hal_fdcan.o
    0x08002c62   0x08002c62   0x00000002   PAD
    0x08002c64   0x08002c64   0x00000188   Code   RO          572    .text.HAL_GPIO_Init  stm32h5xx_hal_gpio.o
    0x08002dec   0x08002dec   0x0000000c   Code   RO          578    .text.HAL_GPIO_WritePin  stm32h5xx_hal_gpio.o
    0x08002df8   0x08002df8   0x0000000c   Code   RO          863    .text.HAL_GetTick   stm32h5xx_hal.o
    0x08002e04   0x08002e04   0x0000000c   Code   RO          883    .text.HAL_GetUIDw0  stm32h5xx_hal.o
    0x08002e10   0x08002e10   0x0000000c   Code   RO          887    .text.HAL_GetUIDw2  stm32h5xx_hal.o
    0x08002e1c   0x08002e1c   0x00000014   Code   RO         1306    .text.HAL_ICACHE_Enable  stm32h5xx_hal_icache.o
    0x08002e30   0x08002e30   0x0000004c   Code   RO         1334    .text.HAL_ICACHE_EnableRemapRegion  stm32h5xx_hal_icache.o
    0x08002e7c   0x08002e7c   0x0000001a   Code   RO          861    .text.HAL_IncTick   stm32h5xx_hal.o
    0x08002e96   0x08002e96   0x00000002   PAD
    0x08002e98   0x08002e98   0x0000004c   Code   RO          851    .text.HAL_Init      stm32h5xx_hal.o
    0x08002ee4   0x08002ee4   0x000000a8   Code   RO          853    .text.HAL_InitTick  stm32h5xx_hal.o
    0x08002f8c   0x08002f8c   0x0000003e   Code   RO          295    .text.HAL_MPU_ConfigMemoryAttributes  stm32h5xx_hal_cortex.o
    0x08002fca   0x08002fca   0x00000002   PAD
    0x08002fcc   0x08002fcc   0x0000004c   Code   RO          293    .text.HAL_MPU_ConfigRegion  stm32h5xx_hal_cortex.o
    0x08003018   0x08003018   0x00000026   Code   RO          287    .text.HAL_MPU_Disable  stm32h5xx_hal_cortex.o
    0x0800303e   0x0800303e   0x00000002   PAD
    0x08003040   0x08003040   0x00000024   Code   RO          285    .text.HAL_MPU_Enable  stm32h5xx_hal_cortex.o
    0x08003064   0x08003064   0x00000002   Code   RO          243    .text.HAL_MspInit   stm32h5xx_hal_msp.o
    0x08003066   0x08003066   0x00000002   PAD
    0x08003068   0x08003068   0x00000022   Code   RO          255    .text.HAL_NVIC_EnableIRQ  stm32h5xx_hal_cortex.o
    0x0800308a   0x0800308a   0x00000002   PAD
    0x0800308c   0x0800308c   0x00000056   Code   RO          253    .text.HAL_NVIC_SetPriority  stm32h5xx_hal_cortex.o
    0x080030e2   0x080030e2   0x00000002   PAD
    0x080030e4   0x080030e4   0x00000020   Code   RO          251    .text.HAL_NVIC_SetPriorityGrouping  stm32h5xx_hal_cortex.o
    0x08003104   0x08003104   0x00000022   Code   RO         1546    .text.HAL_PCDEx_ActivateLPM  stm32h5xx_hal_pcd_ex.o
    0x08003126   0x08003126   0x00000002   PAD
    0x08003128   0x08003128   0x00000256   Code   RO         1462    .text.HAL_PCD_Init  stm32h5xx_hal_pcd.o
    0x0800337e   0x0800337e   0x00000002   PAD
    0x08003380   0x08003380   0x00000060   Code   RO          201    .text.HAL_PCD_MspInit  usb.o
    0x080033e0   0x080033e0   0x00000012   Code   RO          789    .text.HAL_PWREx_EnableVddUSB  stm32h5xx_hal_pwr_ex.o
    0x080033f2   0x080033f2   0x00000002   PAD
    0x080033f4   0x080033f4   0x00001080   Code   RO          421    .text.HAL_RCCEx_PeriphCLKConfig  stm32h5xx_hal_rcc_ex.o
    0x08004474   0x08004474   0x0000025e   Code   RO          385    .text.HAL_RCC_ClockConfig  stm32h5xx_hal_rcc.o
    0x080046d2   0x080046d2   0x00000002   PAD
    0x080046d4   0x080046d4   0x00000030   Code   RO          383    .text.HAL_RCC_GetHCLKFreq  stm32h5xx_hal_rcc.o
    0x08004704   0x08004704   0x0000012c   Code   RO          387    .text.HAL_RCC_GetSysClockFreq  stm32h5xx_hal_rcc.o
    0x08004830   0x08004830   0x00000642   Code   RO          381    .text.HAL_RCC_OscConfig  stm32h5xx_hal_rcc.o
    0x08004e72   0x08004e72   0x00000002   PAD
    0x08004e74   0x08004e74   0x00000014   Code   RO          907    .text.HAL_SBS_ETHInterfaceSelect  stm32h5xx_hal.o
    0x08004e88   0x08004e88   0x00000076   Code   RO          277    .text.HAL_SYSTICK_CLKSourceConfig  stm32h5xx_hal_cortex.o
    0x08004efe   0x08004efe   0x00000002   PAD
    0x08004f00   0x08004f00   0x00000024   Code   RO          275    .text.HAL_SYSTICK_Config  stm32h5xx_hal_cortex.o
    0x08004f24   0x08004f24   0x00000030   Code   RO          279    .text.HAL_SYSTICK_GetCLKSourceConfig  stm32h5xx_hal_cortex.o
    0x08004f54   0x08004f54   0x00000128   Code   RO         1346    .text.HAL_XSPI_Init  stm32h5xx_hal_xspi.o
    0x0800507c   0x0800507c   0x00000128   Code   RO          186    .text.HAL_XSPI_MspInit  octospi.o
    0x080051a4   0x080051a4   0x00000002   Code   RO          216    .text.HardFault_Handler  stm32h5xx_it.o
    0x080051a6   0x080051a6   0x00000002   PAD
    0x080051a8   0x080051a8   0x0000007a   Code   RO           99    .text.LWIP_APP_Init  lwip_app.o
    0x08005222   0x08005222   0x00000002   PAD
    0x08005224   0x08005224   0x000000ae   Code   RO          103    .text.LWIP_APP_Poll  lwip_app.o
    0x080052d2   0x080052d2   0x00000002   PAD
    0x080052d4   0x080052d4   0x0000002a   Code   RO           40    .text.MX_DCACHE1_Init  dcache.o
    0x080052fe   0x080052fe   0x00000002   PAD
    0x08005300   0x08005300   0x00000098   Code   RO           55    .text.MX_ETH_Init   eth.o
    0x08005398   0x08005398   0x00000062   Code   RO          150    .text.MX_FDCAN1_Init  fdcan.o
    0x080053fa   0x080053fa   0x00000002   PAD
    0x080053fc   0x080053fc   0x000000f0   Code   RO           31    .text.MX_GPIO_Init  gpio.o
    0x080054ec   0x080054ec   0x00000034   Code   RO          165    .text.MX_ICACHE_Init  icache.o
    0x08005520   0x08005520   0x00000054   Code   RO          184    .text.MX_OCTOSPI1_Init  octospi.o
    0x08005574   0x08005574   0x0000003a   Code   RO          199    .text.MX_USB_PCD_Init  usb.o
    0x080055ae   0x080055ae   0x00000002   PAD
    0x080055b0   0x080055b0   0x00000002   Code   RO          218    .text.MemManage_Handler  stm32h5xx_it.o
    0x080055b2   0x080055b2   0x00000002   PAD
    0x080055b4   0x080055b4   0x0000034a   Code   RO         2376    .text.Module_Heartbeat_Timeout_Check  can_comm.o
    0x080058fe   0x080058fe   0x00000002   PAD
    0x08005900   0x08005900   0x000001c4   Code   RO         2372    .text.Module_Update_From_Heartbeat  can_comm.o
    0x08005ac4   0x08005ac4   0x00000002   Code   RO          214    .text.NMI_Handler   stm32h5xx_it.o
    0x08005ac6   0x08005ac6   0x00000002   PAD
    0x08005ac8   0x08005ac8   0x00000002   Code   RO          228    .text.PendSV_Handler  stm32h5xx_it.o
    0x08005aca   0x08005aca   0x00000002   PAD
    0x08005acc   0x08005acc   0x000000e2   Code   RO         2399    .text.Process_ETH_Command  comm_protocol.o
    0x08005bae   0x08005bae   0x00000002   PAD
    0x08005bb0   0x08005bb0   0x000000ea   Code   RO          423    .text.RCCEx_PLL2_Config  stm32h5xx_hal_rcc_ex.o
    0x08005c9a   0x08005c9a   0x00000002   PAD
    0x08005c9c   0x08005c9c   0x000000ea   Code   RO          425    .text.RCCEx_PLL3_Config  stm32h5xx_hal_rcc_ex.o
    0x08005d86   0x08005d86   0x00000002   PAD
    0x08005d88   0x08005d88   0x00000002   Code   RO          224    .text.SVC_Handler   stm32h5xx_it.o
    0x08005d8a   0x08005d8a   0x00000002   PAD
    0x08005d8c   0x08005d8c   0x0000000e   Code   RO          230    .text.SysTick_Handler  stm32h5xx_it.o
    0x08005d9a   0x08005d9a   0x00000002   PAD
    0x08005d9c   0x08005d9c   0x0000005a   Code   RO         2434    .text.SysTick_Task  systick_task.o
    0x08005df6   0x08005df6   0x00000002   PAD
    0x08005df8   0x08005df8   0x000000ca   Code   RO           15    .text.SystemClock_Config  main.o
    0x08005ec2   0x08005ec2   0x00000002   PAD
    0x08005ec4   0x08005ec4   0x000000b4   Code   RO         1622    .text.SystemInit    system_stm32h5xx.o
    0x08005f78   0x08005f78   0x0000004e   Code   RO         2345    .text.TCP_Server_Init  tcp_server.o
    0x08005fc6   0x08005fc6   0x00000002   PAD
    0x08005fc8   0x08005fc8   0x00000012   Code   RO         2349    .text.TCP_Server_IsConnected  tcp_server.o
    0x08005fda   0x08005fda   0x00000002   PAD
    0x08005fdc   0x08005fdc   0x00000054   Code   RO         2351    .text.TCP_Server_Send  tcp_server.o
    0x08006030   0x08006030   0x00000030   Code   RO         2443    .text.UDP_Discovery_Init  udp_discovery.o
    0x08006060   0x08006060   0x000000a8   Code   RO         2445    .text.UDP_Discovery_Poll  udp_discovery.o
    0x08006108   0x08006108   0x00000020   Code   RO         1560    .text.USB_CoreInit  stm32h5xx_ll_usb.o
    0x08006128   0x08006128   0x0000000e   Code   RO         1594    .text.USB_DevDisconnect  stm32h5xx_ll_usb.o
    0x08006136   0x08006136   0x00000002   PAD
    0x08006138   0x08006138   0x0000001e   Code   RO         1568    .text.USB_DevInit   stm32h5xx_ll_usb.o
    0x08006156   0x08006156   0x00000002   PAD
    0x08006158   0x08006158   0x00000012   Code   RO         1564    .text.USB_DisableGlobalInt  stm32h5xx_ll_usb.o
    0x0800616a   0x0800616a   0x00000002   PAD
    0x0800616c   0x0800616c   0x00000024   Code   RO         1566    .text.USB_SetCurrentMode  stm32h5xx_ll_usb.o
    0x08006190   0x08006190   0x00000002   Code   RO          222    .text.UsageFault_Handler  stm32h5xx_it.o
    0x08006192   0x08006192   0x00000002   PAD
    0x08006194   0x08006194   0x0000006c   Code   RO         2347    .text.accept_cb     tcp_server.o
    0x08006200   0x08006200   0x00000018   Code   RO         2138    .text.autoip_accept_packet  autoip.o
    0x08006218   0x08006218   0x00000082   Code   RO         2134    .text.autoip_arp_reply  autoip.o
    0x0800629a   0x0800629a   0x00000002   PAD
    0x0800629c   0x0800629c   0x00000056   Code   RO         2128    .text.autoip_network_changed  autoip.o
    0x080062f2   0x080062f2   0x00000002   PAD
    0x080062f4   0x080062f4   0x000000e4   Code   RO         2126    .text.autoip_start  autoip.o
    0x080063d8   0x080063d8   0x00000030   Code   RO         2130    .text.autoip_stop   autoip.o
    0x08006408   0x08006408   0x0000001c   Code   RO         2136    .text.autoip_supplied_address  autoip.o
    0x08006424   0x08006424   0x00000106   Code   RO         2132    .text.autoip_tmr    autoip.o
    0x0800652a   0x0800652a   0x00000002   PAD
    0x0800652c   0x0800652c   0x00000146   Code   RO         2170    .text.dhcp_arp_reply  dhcp.o
    0x08006672   0x08006672   0x00000002   PAD
    0x08006674   0x08006674   0x000000f2   Code   RO         2184    .text.dhcp_bind     dhcp.o
    0x08006766   0x08006766   0x00000002   PAD
    0x08006768   0x08006768   0x0000002e   Code   RO         2182    .text.dhcp_check    dhcp.o
    0x08006796   0x08006796   0x00000002   PAD
    0x08006798   0x08006798   0x000002e6   Code   RO         2148    .text.dhcp_coarse_tmr  dhcp.o
    0x08006a7e   0x08006a7e   0x00000002   PAD
    0x08006a80   0x08006a80   0x000000fc   Code   RO         2164    .text.dhcp_create_msg  dhcp.o
    0x08006b7c   0x08006b7c   0x0000015e   Code   RO         2160    .text.dhcp_discover  dhcp.o
    0x08006cda   0x08006cda   0x00000002   PAD
    0x08006cdc   0x08006cdc   0x000000b4   Code   RO         2154    .text.dhcp_fine_tmr  dhcp.o
    0x08006d90   0x08006d90   0x0000006e   Code   RO         2188    .text.dhcp_handle_ack  dhcp.o
    0x08006dfe   0x08006dfe   0x00000002   PAD
    0x08006e00   0x08006e00   0x00000032   Code   RO         2190    .text.dhcp_handle_nak  dhcp.o
    0x08006e32   0x08006e32   0x00000002   PAD
    0x08006e34   0x08006e34   0x00000034   Code   RO         2192    .text.dhcp_handle_offer  dhcp.o
    0x08006e68   0x08006e68   0x00000046   Code   RO         2166    .text.dhcp_network_changed  dhcp.o
    0x08006eae   0x08006eae   0x00000002   PAD
    0x08006eb0   0x08006eb0   0x00000220   Code   RO         2168    .text.dhcp_reboot   dhcp.o
    0x080070d0   0x080070d0   0x000004be   Code   RO         2186    .text.dhcp_recv     dhcp.o
    0x0800758e   0x0800758e   0x00000002   PAD
    0x08007590   0x08007590   0x00000190   Code   RO         2150    .text.dhcp_release_and_stop  dhcp.o
    0x08007720   0x08007720   0x000001da   Code   RO         2172    .text.dhcp_renew    dhcp.o
    0x080078fa   0x080078fa   0x00000002   PAD
    0x080078fc   0x080078fc   0x00000298   Code   RO         2180    .text.dhcp_select   dhcp.o
    0x08007b94   0x08007b94   0x00000100   Code   RO         2152    .text.dhcp_start    dhcp.o
    0x08007c94   0x08007c94   0x00000024   Code   RO         2174    .text.dhcp_supplied_address  dhcp.o
    0x08007cb8   0x08007cb8   0x00000010   Code   RO         2355    .text.err_cb        tcp_server.o
    0x08007cc8   0x08007cc8   0x00000806   Code   RO         2214    .text.etharp_find_entry  etharp.o
    0x080084ce   0x080084ce   0x00000002   PAD
    0x080084d0   0x080084d0   0x000000bc   Code   RO         2222    .text.etharp_input  etharp.o
    0x0800858c   0x0800858c   0x00000214   Code   RO         2226    .text.etharp_output  etharp.o
    0x080087a0   0x080087a0   0x0000006a   Code   RO         2228    .text.etharp_output_to_arp_index  etharp.o
    0x0800880a   0x0800880a   0x00000002   PAD
    0x0800880c   0x0800880c   0x000001a4   Code   RO         2230    .text.etharp_query  etharp.o
    0x080089b0   0x080089b0   0x000000be   Code   RO         2224    .text.etharp_raw    etharp.o
    0x08008a6e   0x08008a6e   0x00000002   PAD
    0x08008a70   0x08008a70   0x0000000c   Code   RO         2206    .text.etharp_request  etharp.o
    0x08008a7c   0x08008a7c   0x000000a6   Code   RO         2232    .text.etharp_request_dst  etharp.o
    0x08008b22   0x08008b22   0x00000002   PAD
    0x08008b24   0x08008b24   0x000000d4   Code   RO         2204    .text.etharp_tmr    etharp.o
    0x08008bf8   0x08008bf8   0x000000d8   Code   RO         2210    .text.etharp_update_arp_entry  etharp.o
    0x08008cd0   0x08008cd0   0x000000ae   Code   RO         2331    .text.ethernet_input  ethernet.o
    0x08008d7e   0x08008d7e   0x00000002   PAD
    0x08008d80   0x08008d80   0x00000050   Code   RO         2333    .text.ethernet_output  ethernet.o
    0x08008dd0   0x08008dd0   0x000000fe   Code   RO          120    .text.ethernetif_init  ethernetif.o
    0x08008ece   0x08008ece   0x00000002   PAD
    0x08008ed0   0x08008ed0   0x00000052   Code   RO          118    .text.ethernetif_input  ethernetif.o
    0x08008f22   0x08008f22   0x00000002   PAD
    0x08008f24   0x08008f24   0x0000012c   Code   RO         2374    .text.find_module_by_nodeid  can_comm.o
    0x08009050   0x08009050   0x00000076   Code   RO         2246    .text.icmp_dest_unreach  icmp.o
    0x080090c6   0x080090c6   0x00000002   PAD
    0x080090c8   0x080090c8   0x0000011e   Code   RO         2244    .text.icmp_input    icmp.o
    0x080091e6   0x080091e6   0x00000002   PAD
    0x080091e8   0x080091e8   0x00000076   Code   RO         2248    .text.icmp_time_exceeded  icmp.o
    0x0800925e   0x0800925e   0x00000002   PAD
    0x08009260   0x08009260   0x0000002e   Code   RO         2278    .text.ip4_addr_isbroadcast_u32  ip4_addr.o
    0x0800928e   0x0800928e   0x00000002   PAD
    0x08009290   0x08009290   0x0000020c   Code   RO         2307    .text.ip4_frag      ip4_frag.o
    0x0800949c   0x0800949c   0x000001e6   Code   RO         2261    .text.ip4_input     ip4.o
    0x08009682   0x08009682   0x00000002   PAD
    0x08009684   0x08009684   0x00000030   Code   RO         2263    .text.ip4_output_if  ip4.o
    0x080096b4   0x080096b4   0x000000c6   Code   RO         2265    .text.ip4_output_if_src  ip4.o
    0x0800977a   0x0800977a   0x00000002   PAD
    0x0800977c   0x0800977c   0x000004bc   Code   RO         2305    .text.ip4_reass     ip4_frag.o
    0x08009c38   0x08009c38   0x00000074   Code   RO         2259    .text.ip4_route     ip4.o
    0x08009cac   0x08009cac   0x00000082   Code   RO         2303    .text.ip_reass_free_complete_datagram  ip4_frag.o
    0x08009d2e   0x08009d2e   0x00000002   PAD
    0x08009d30   0x08009d30   0x0000003e   Code   RO         2301    .text.ip_reass_tmr  ip4_frag.o
    0x08009d6e   0x08009d6e   0x00000002   PAD
    0x08009d70   0x08009d70   0x0000001a   Code   RO         2309    .text.ipfrag_free_pbuf_custom  ip4_frag.o
    0x08009d8a   0x08009d8a   0x00000002   PAD
    0x08009d8c   0x08009d8c   0x0000009e   Code   RO          122    .text.low_level_output  ethernetif.o
    0x08009e2a   0x08009e2a   0x00000002   PAD
    0x08009e2c   0x08009e2c   0x00000136   Code   RO         2060    .text.lwip_cyclic_timer  timeouts.o
    0x08009f62   0x08009f62   0x00000002   PAD
    0x08009f64   0x08009f64   0x00000004   Code   RO         1647    .text.lwip_htonl    def.o
    0x08009f68   0x08009f68   0x00000004   Code   RO         1645    .text.lwip_htons    def.o
    0x08009f6c   0x08009f6c   0x0000001e   Code   RO         1637    .text.lwip_init     init.o
    0x08009f8a   0x08009f8a   0x00000002   PAD
    0x08009f8c   0x08009f8c   0x0000013c   Code   RO           13    .text.main          main.o
    0x0800a0c8   0x0800a0c8   0x0000002a   Code   RO         1702    .text.mem_calloc    mem.o
    0x0800a0f2   0x0800a0f2   0x00000002   PAD
    0x0800a0f4   0x0800a0f4   0x000000d4   Code   RO         1696    .text.mem_free      mem.o
    0x0800a1c8   0x0800a1c8   0x0000003c   Code   RO         1694    .text.mem_init      mem.o
    0x0800a204   0x0800a204   0x00000166   Code   RO         1700    .text.mem_malloc    mem.o
    0x0800a36a   0x0800a36a   0x00000002   PAD
    0x0800a36c   0x0800a36c   0x000000c2   Code   RO         1698    .text.mem_trim      mem.o
    0x0800a42e   0x0800a42e   0x00000002   PAD
    0x0800a430   0x0800a430   0x00000020   Code   RO         1724    .text.memp_free     memp.o
    0x0800a450   0x0800a450   0x000003c6   Code   RO         1716    .text.memp_init     memp.o
    0x0800a816   0x0800a816   0x00000002   PAD
    0x0800a818   0x0800a818   0x00000020   Code   RO         1720    .text.memp_malloc   memp.o
    0x0800a838   0x0800a838   0x000000e2   Code   RO         1763    .text.netif_add     netif.o
    0x0800a91a   0x0800a91a   0x00000002   PAD
    0x0800a91c   0x0800a91c   0x00000058   Code   RO         1797    .text.netif_get_by_index  netif.o
    0x0800a974   0x0800a974   0x00000002   Code   RO         1757    .text.netif_init    netif.o
    0x0800a976   0x0800a976   0x00000002   PAD
    0x0800a978   0x0800a978   0x00000006   Code   RO         1765    .text.netif_null_output_ip4  netif.o
    0x0800a97e   0x0800a97e   0x00000002   PAD
    0x0800a980   0x0800a980   0x0000010c   Code   RO         1767    .text.netif_set_addr  netif.o
    0x0800aa8c   0x0800aa8c   0x0000000c   Code   RO         1779    .text.netif_set_default  netif.o
    0x0800aa98   0x0800aa98   0x00000052   Code   RO         1785    .text.netif_set_link_up  netif.o
    0x0800aaea   0x0800aaea   0x00000002   PAD
    0x0800aaec   0x0800aaec   0x00000008   Code   RO         1783    .text.netif_set_status_callback  netif.o
    0x0800aaf4   0x0800aaf4   0x00000044   Code   RO         1781    .text.netif_set_up  netif.o
    0x0800ab38   0x0800ab38   0x00000034   Code   RO          101    .text.netif_status_cb  lwip_app.o
    0x0800ab6c   0x0800ab6c   0x0000004a   Code   RO         1820    .text.pbuf_add_header  pbuf.o
    0x0800abb6   0x0800abb6   0x00000002   PAD
    0x0800abb8   0x0800abb8   0x0000018c   Code   RO         1810    .text.pbuf_alloc    pbuf.o
    0x0800ad44   0x0800ad44   0x0000003e   Code   RO         1816    .text.pbuf_alloced_custom  pbuf.o
    0x0800ad82   0x0800ad82   0x00000002   PAD
    0x0800ad84   0x0800ad84   0x0000006e   Code   RO         1836    .text.pbuf_cat      pbuf.o
    0x0800adf2   0x0800adf2   0x00000002   PAD
    0x0800adf4   0x0800adf4   0x00000072   Code   RO         1838    .text.pbuf_chain    pbuf.o
    0x0800ae66   0x0800ae66   0x00000002   PAD
    0x0800ae68   0x0800ae68   0x00000034   Code   RO         1832    .text.pbuf_clen     pbuf.o
    0x0800ae9c   0x0800ae9c   0x000000b0   Code   RO         1858    .text.pbuf_clone    pbuf.o
    0x0800af4c   0x0800af4c   0x000000ce   Code   RO         1842    .text.pbuf_copy     pbuf.o
    0x0800b01a   0x0800b01a   0x00000002   PAD
    0x0800b01c   0x0800b01c   0x00000070   Code   RO         1846    .text.pbuf_copy_partial  pbuf.o
    0x0800b08c   0x0800b08c   0x0000005e   Code   RO         1814    .text.pbuf_free     pbuf.o
    0x0800b0ea   0x0800b0ea   0x00000002   PAD
    0x0800b0ec   0x0800b0ec   0x0000004c   Code   RO         1808    .text.pbuf_free_ooseq  pbuf.o
    0x0800b138   0x0800b138   0x0000006e   Code   RO         1828    .text.pbuf_header_force  pbuf.o
    0x0800b1a6   0x0800b1a6   0x00000002   PAD
    0x0800b1a8   0x0800b1a8   0x000000e0   Code   RO         1818    .text.pbuf_realloc  pbuf.o
    0x0800b288   0x0800b288   0x0000000e   Code   RO         1834    .text.pbuf_ref      pbuf.o
    0x0800b296   0x0800b296   0x00000002   PAD
    0x0800b298   0x0800b298   0x00000030   Code   RO         1824    .text.pbuf_remove_header  pbuf.o
    0x0800b2c8   0x0800b2c8   0x000000d8   Code   RO         2353    .text.recv_cb       tcp_server.o
    0x0800b3a0   0x0800b3a0   0x00000004   Code   RO         2357    .text.sent_cb       tcp_server.o
    0x0800b3a4   0x0800b3a4   0x00000054   Code   RO         2064    .text.sys_check_timeouts  timeouts.o
    0x0800b3f8   0x0800b3f8   0x00000004   Code   RO          142    .text.sys_now       sys_arch.o
    0x0800b3fc   0x0800b3fc   0x0000029e   Code   RO         2058    .text.sys_timeouts_init  timeouts.o
    0x0800b69a   0x0800b69a   0x00000002   PAD
    0x0800b69c   0x0800b69c   0x0000022e   Code   RO         1900    .text.tcp_abandon   tcp.o
    0x0800b8ca   0x0800b8ca   0x00000002   PAD
    0x0800b8cc   0x0800b8cc   0x00000006   Code   RO         1906    .text.tcp_abort     tcp.o
    0x0800b8d2   0x0800b8d2   0x00000002   PAD
    0x0800b8d4   0x0800b8d4   0x00000010   Code   RO         1960    .text.tcp_accept    tcp.o
    0x0800b8e4   0x0800b8e4   0x00000010   Code   RO         1916    .text.tcp_accept_null  tcp.o
    0x0800b8f4   0x0800b8f4   0x00000278   Code   RO         1944    .text.tcp_alloc     tcp.o
    0x0800bb6c   0x0800bb6c   0x00000556   Code   RO         1908    .text.tcp_bind      tcp.o
    0x0800c0c2   0x0800c0c2   0x00000002   PAD
    0x0800c0c4   0x0800c0c4   0x0000001e   Code   RO         1894    .text.tcp_close     tcp.o
    0x0800c0e2   0x0800c0e2   0x00000002   PAD
    0x0800c0e4   0x0800c0e4   0x000002ee   Code   RO         1896    .text.tcp_close_shutdown  tcp.o
    0x0800c3d2   0x0800c3d2   0x00000002   PAD
    0x0800c3d4   0x0800c3d4   0x00000098   Code   RO         2014    .text.tcp_create_segment  tcp_out.o
    0x0800c46c   0x0800c46c   0x00000016   Code   RO         1926    .text.tcp_eff_send_mss_netif  tcp.o
    0x0800c482   0x0800c482   0x00000002   PAD
    0x0800c484   0x0800c484   0x00000098   Code   RO         2020    .text.tcp_enqueue_flags  tcp_out.o
    0x0800c51c   0x0800c51c   0x0000000a   Code   RO         1958    .text.tcp_err       tcp.o
    0x0800c526   0x0800c526   0x00000002   PAD
    0x0800c528   0x0800c528   0x0000017e   Code   RO         1890    .text.tcp_fasttmr   tcp.o
    0x0800c6a6   0x0800c6a6   0x00000002   PAD
    0x0800c6a8   0x0800c6a8   0x00000008   Code   RO         1886    .text.tcp_free      tcp.o
    0x0800c6b0   0x0800c6b0   0x0000002c   Code   RO         1928    .text.tcp_free_ooseq  tcp.o
    0x0800c6dc   0x0800c6dc   0x00000016   Code   RO         1884    .text.tcp_init      tcp.o
    0x0800c6f2   0x0800c6f2   0x00000002   PAD
    0x0800c6f4   0x0800c6f4   0x00000450   Code   RO         1983    .text.tcp_input     tcp_in.o
    0x0800cb44   0x0800cb44   0x00000042   Code   RO         1991    .text.tcp_input_delayed_close  tcp_in.o
    0x0800cb86   0x0800cb86   0x00000002   PAD
    0x0800cb88   0x0800cb88   0x00000066   Code   RO         2040    .text.tcp_keepalive  tcp_out.o
    0x0800cbee   0x0800cbee   0x00000002   PAD
    0x0800cbf0   0x0800cbf0   0x00000060   Code   RO         1946    .text.tcp_kill_prio  tcp.o
    0x0800cc50   0x0800cc50   0x0000012c   Code   RO         1987    .text.tcp_listen_input  tcp_in.o
    0x0800cd7c   0x0800cd7c   0x00000008   Code   RO         1912    .text.tcp_listen_with_backlog  tcp.o
    0x0800cd84   0x0800cd84   0x000000be   Code   RO         1914    .text.tcp_listen_with_backlog_and_err  tcp.o
    0x0800ce42   0x0800ce42   0x00000002   PAD
    0x0800ce44   0x0800ce44   0x000000b8   Code   RO         1964    .text.tcp_netif_ip_addr_changed  tcp.o
    0x0800cefc   0x0800cefc   0x00000006   Code   RO         1948    .text.tcp_new       tcp.o
    0x0800cf02   0x0800cf02   0x00000002   PAD
    0x0800cf04   0x0800cf04   0x0000001a   Code   RO         1924    .text.tcp_next_iss  tcp.o
    0x0800cf1e   0x0800cf1e   0x00000002   PAD
    0x0800cf20   0x0800cf20   0x0000008c   Code   RO         1999    .text.tcp_oos_insert_segment  tcp_in.o
    0x0800cfac   0x0800cfac   0x00000310   Code   RO         2022    .text.tcp_output    tcp_out.o
    0x0800d2bc   0x0800d2bc   0x00000070   Code   RO         2038    .text.tcp_output_alloc_header  tcp_out.o
    0x0800d32c   0x0800d32c   0x000000f6   Code   RO         1995    .text.tcp_parseopt  tcp_in.o
    0x0800d422   0x0800d422   0x00000002   PAD
    0x0800d424   0x0800d424   0x00000054   Code   RO         2012    .text.tcp_pbuf_prealloc  tcp_out.o
    0x0800d478   0x0800d478   0x000000a6   Code   RO         1930    .text.tcp_pcb_purge  tcp.o
    0x0800d51e   0x0800d51e   0x00000002   PAD
    0x0800d520   0x0800d520   0x0000006e   Code   RO         1902    .text.tcp_pcb_remove  tcp.o
    0x0800d58e   0x0800d58e   0x00000002   PAD
    0x0800d590   0x0800d590   0x000004c4   Code   RO         1989    .text.tcp_process   tcp_in.o
    0x0800da54   0x0800da54   0x000000a0   Code   RO         1932    .text.tcp_process_refused_data  tcp.o
    0x0800daf4   0x0800daf4   0x00000800   Code   RO         1997    .text.tcp_receive   tcp_in.o
    0x0800e2f4   0x0800e2f4   0x0000000a   Code   RO         1954    .text.tcp_recv      tcp.o
    0x0800e2fe   0x0800e2fe   0x00000002   PAD
    0x0800e300   0x0800e300   0x000000b0   Code   RO         1936    .text.tcp_recv_null  tcp.o
    0x0800e3b0   0x0800e3b0   0x00000072   Code   RO         1920    .text.tcp_recved    tcp.o
    0x0800e422   0x0800e422   0x00000002   PAD
    0x0800e424   0x0800e424   0x00000084   Code   RO         2032    .text.tcp_rexmit    tcp_out.o
    0x0800e4a8   0x0800e4a8   0x000000ba   Code   RO         2034    .text.tcp_rexmit_fast  tcp_out.o
    0x0800e562   0x0800e562   0x00000002   PAD
    0x0800e564   0x0800e564   0x000000ba   Code   RO         2030    .text.tcp_rexmit_rto  tcp_out.o
    0x0800e61e   0x0800e61e   0x00000002   PAD
    0x0800e620   0x0800e620   0x00000012   Code   RO         2028    .text.tcp_rexmit_rto_commit  tcp_out.o
    0x0800e632   0x0800e632   0x00000002   PAD
    0x0800e634   0x0800e634   0x000000aa   Code   RO         2026    .text.tcp_rexmit_rto_prepare  tcp_out.o
    0x0800e6de   0x0800e6de   0x00000002   PAD
    0x0800e6e0   0x0800e6e0   0x000000ea   Code   RO         2036    .text.tcp_rst       tcp_out.o
    0x0800e7ca   0x0800e7ca   0x00000002   PAD
    0x0800e7cc   0x0800e7cc   0x00000022   Code   RO         1942    .text.tcp_seg_copy  tcp.o
    0x0800e7ee   0x0800e7ee   0x00000002   PAD
    0x0800e7f0   0x0800e7f0   0x00000020   Code   RO         1938    .text.tcp_seg_free  tcp.o
    0x0800e810   0x0800e810   0x0000002c   Code   RO         1904    .text.tcp_segs_free  tcp.o
    0x0800e83c   0x0800e83c   0x00000082   Code   RO         2024    .text.tcp_send_empty_ack  tcp_out.o
    0x0800e8be   0x0800e8be   0x00000002   PAD
    0x0800e8c0   0x0800e8c0   0x000000d4   Code   RO         2018    .text.tcp_send_fin  tcp_out.o
    0x0800e994   0x0800e994   0x0000000a   Code   RO         1956    .text.tcp_sent      tcp.o
    0x0800e99e   0x0800e99e   0x00000002   PAD
    0x0800e9a0   0x0800e9a0   0x00000394   Code   RO         1892    .text.tcp_slowtmr   tcp.o
    0x0800ed34   0x0800ed34   0x00000150   Code   RO         2016    .text.tcp_split_unsent_seg  tcp_out.o
    0x0800ee84   0x0800ee84   0x000000b4   Code   RO         2052    .text.tcp_timer_needed  timeouts.o
    0x0800ef38   0x0800ef38   0x00000084   Code   RO         1985    .text.tcp_timewait_input  tcp_in.o
    0x0800efbc   0x0800efbc   0x00000022   Code   RO         1888    .text.tcp_tmr       tcp.o
    0x0800efde   0x0800efde   0x00000002   PAD
    0x0800efe0   0x0800efe0   0x00000012   Code   RO         1993    .text.tcp_trigger_input_pcb_close  tcp_in.o
    0x0800eff2   0x0800eff2   0x00000002   PAD
    0x0800eff4   0x0800eff4   0x00000040   Code   RO         1918    .text.tcp_update_rcv_ann_wnd  tcp.o
    0x0800f034   0x0800f034   0x000004bc   Code   RO         2010    .text.tcp_write     tcp_out.o
    0x0800f4f0   0x0800f4f0   0x000000e0   Code   RO         2042    .text.tcp_zero_window_probe  tcp_out.o
    0x0800f5d0   0x0800f5d0   0x000000c0   Code   RO         2056    .text.tcpip_tcp_timer  timeouts.o
    0x0800f690   0x0800f690   0x0000015e   Code   RO         2093    .text.udp_bind      udp.o
    0x0800f7ee   0x0800f7ee   0x00000002   PAD
    0x0800f7f0   0x0800f7f0   0x00000182   Code   RO         2097    .text.udp_connect   udp.o
    0x0800f972   0x0800f972   0x00000002   PAD
    0x0800f974   0x0800f974   0x00000016   Code   RO         2081    .text.udp_init      udp.o
    0x0800f98a   0x0800f98a   0x00000002   PAD
    0x0800f98c   0x0800f98c   0x0000030a   Code   RO         2083    .text.udp_input     udp.o
    0x0800fc96   0x0800fc96   0x00000002   PAD
    0x0800fc98   0x0800fc98   0x00000076   Code   RO         2109    .text.udp_netif_ip_addr_changed  udp.o
    0x0800fd0e   0x0800fd0e   0x00000002   PAD
    0x0800fd10   0x0800fd10   0x00000026   Code   RO         2105    .text.udp_new       udp.o
    0x0800fd36   0x0800fd36   0x00000002   PAD
    0x0800fd38   0x0800fd38   0x0000000a   Code   RO         2101    .text.udp_recv      udp.o
    0x0800fd42   0x0800fd42   0x00000002   PAD
    0x0800fd44   0x0800fd44   0x0000004a   Code   RO         2103    .text.udp_remove    udp.o
    0x0800fd8e   0x0800fd8e   0x00000002   PAD
    0x0800fd90   0x0800fd90   0x0000007e   Code   RO         2087    .text.udp_sendto    udp.o
    0x0800fe0e   0x0800fe0e   0x00000002   PAD
    0x0800fe10   0x0800fe10   0x0000005a   Code   RO         2089    .text.udp_sendto_if  udp.o
    0x0800fe6a   0x0800fe6a   0x00000002   PAD
    0x0800fe6c   0x0800fe6c   0x00000206   Code   RO         2091    .text.udp_sendto_if_src  udp.o
    0x08010072   0x08010072   0x0000001a   Code   RO         2582    x$fpl$fpinit        fz_wm.l(fpinit.o)
    0x0801008c   0x0801008c   0x00000006   Data   RO           90    .rodata..Lswitch.table.BSP_LAN8742_GetBasicStatus  bsp_lan8742.o
    0x08010092   0x08010092   0x00000010   Data   RO         1627    .rodata.AHBPrescTable  system_stm32h5xx.o
    0x080100a2   0x080100a2   0x00000010   Data   RO         1293    .rodata.cst16       stm32h5xx_hal_fdcan.o
    0x080100b2   0x080100b2   0x00000006   Data   RO         2335    .rodata.ethbroadcast  ethernet.o
    0x080100b8   0x080100b8   0x00000006   Data   RO         2336    .rodata.ethzero     ethernet.o
    0x080100be   0x080100be   0x00000002   PAD
    0x080100c0   0x080100c0   0x00000004   Data   RO         2290    .rodata.ip_addr_any  ip4_addr.o
    0x080100c4   0x080100c4   0x00000004   Data   RO         2291    .rodata.ip_addr_broadcast  ip4_addr.o
    0x080100c8   0x080100c8   0x00000030   Data   RO         2070    .rodata.lwip_cyclic_timers  timeouts.o
    0x080100f8   0x080100f8   0x00000010   Data   RO         1740    .rodata.memp_ARP_QUEUE  memp.o
    0x08010108   0x08010108   0x00000010   Data   RO         1738    .rodata.memp_FRAG_PBUF  memp.o
    0x08010118   0x08010118   0x00000010   Data   RO         1744    .rodata.memp_PBUF   memp.o
    0x08010128   0x08010128   0x00000010   Data   RO         1746    .rodata.memp_PBUF_POOL  memp.o
    0x08010138   0x08010138   0x00000010   Data   RO         1736    .rodata.memp_REASSDATA  memp.o
    0x08010148   0x08010148   0x00000010   Data   RO         1742    .rodata.memp_SYS_TIMEOUT  memp.o
    0x08010158   0x08010158   0x00000010   Data   RO         1730    .rodata.memp_TCP_PCB  memp.o
    0x08010168   0x08010168   0x00000010   Data   RO         1732    .rodata.memp_TCP_PCB_LISTEN  memp.o
    0x08010178   0x08010178   0x00000010   Data   RO         1734    .rodata.memp_TCP_SEG  memp.o
    0x08010188   0x08010188   0x00000010   Data   RO         1728    .rodata.memp_UDP_PCB  memp.o
    0x08010198   0x08010198   0x00000028   Data   RO         1747    .rodata.memp_pools  memp.o
    0x080101c0   0x080101c0   0x00000011   Data   RO          133    .rodata.str1.1      ethernetif.o
    0x080101d1   0x080101d1   0x00000068   Data   RO         1726    .rodata.str1.1      memp.o
    0x08010239   0x08010239   0x00000003   PAD
    0x0801023c   0x0801023c   0x00000030   Data   RO         2686    Region$$Table       anon$$obj.o


    Execution Region RW_IRAM1 (Exec base: 0x20000000, Load base: 0x08010270, Size: 0x0000c2b8, Max: 0x00050000, ABSOLUTE)

    Exec Addr    Load Addr    Size         Type   Attr      Idx    E Section Name        Object

    0x20000000   0x08010270   0x00000008   Data   RW          974    .data..L_MergedGlobals  stm32h5xx_hal.o
    0x20000008   0x08010278   0x00000008   Data   RW         1973    .data..L_MergedGlobals  tcp.o
    0x20000010   0x08010280   0x00000004   Data   RW         1626    .data.SystemCoreClock  system_stm32h5xx.o
    0x20000014   0x08010284   0x00000002   Data   RW         2111    .data.udp_port      udp.o
    0x20000016   0x08010286   0x00000002   PAD
    0x20000018        -       0x000000e4   Zero   RW         2463    .bss                c_w.l(rand.o)
    0x200000fc        -       0x00000018   Zero   RW           22    .bss..L_MergedGlobals  main.o
    0x20000114        -       0x00000040   Zero   RW           65    .bss..L_MergedGlobals  eth.o
    0x20000154        -       0x0000005c   Zero   RW          105    .bss..L_MergedGlobals  lwip_app.o
    0x200001b0        -       0x0000000c   Zero   RW         1705    .bss..L_MergedGlobals  mem.o
    0x200001bc        -       0x00000028   Zero   RW         1748    .bss..L_MergedGlobals  memp.o
    0x200001e4        -       0x0000000c   Zero   RW         1799    .bss..L_MergedGlobals  netif.o
    0x200001f0        -       0x00000038   Zero   RW         2001    .bss..L_MergedGlobals  tcp_in.o
    0x20000228        -       0x0000000c   Zero   RW         2072    .bss..L_MergedGlobals  timeouts.o
    0x20000234   0x08010286   0x00000004   PAD
    0x20000238        -       0x00000038   Zero   RW         2195    .bss..L_MergedGlobals  dhcp.o
    0x20000270        -       0x00000008   Zero   RW         2311    .bss..L_MergedGlobals  ip4_frag.o
    0x20000278        -       0x00000008   Zero   RW         2361    .bss..L_MergedGlobals  tcp_server.o
    0x20000280        -       0x0000006c   Zero   RW         2390    .bss..L_MergedGlobals  can_comm.o
    0x200002ec        -       0x00000006   Zero   RW         2425    .bss..L_MergedGlobals  eth_send_queue.o
    0x200002f2   0x08010286   0x00000002   PAD
    0x200002f4        -       0x00000008   Zero   RW         2447    .bss..L_MergedGlobals  udp_discovery.o
    0x200002fc        -       0x00000018   Zero   RW         1974    .bss..L_MergedGlobals.11  tcp.o
    0x20000314        -       0x00000060   Zero   RW           63    .bss.DMARxDscrTab   eth.o
    0x20000374        -       0x00000060   Zero   RW           62    .bss.DMATxDscrTab   eth.o
    0x200003d4        -       0x00000004   Zero   RW          130    .bss.HAL_ETH_RxAllocateCallback.rx_idx  ethernetif.o
    0x200003d8        -       0x000000f0   Zero   RW         2234    .bss.arp_table      etharp.o
    0x200004c8        -       0x00000040   Zero   RW         2410    .bss.dbg_last_module_tx  comm_protocol.o
    0x20000508        -       0x00000208   Zero   RW         2424    .bss.eth_tx_queue   eth_send_queue.o
    0x20000710        -       0x00000001   Zero   RW         2235    .bss.etharp_cached_entry  etharp.o
    0x20000711        -       0x0000000a   Zero   RW          132    .bss.ethernetif_init.hostname  ethernetif.o
    0x2000071b        -       0x00000001   Zero   RW         2388    .bss.g_module_count  can_comm.o
    0x2000071c        -       0x00000300   Zero   RW         2389    .bss.g_modules      can_comm.o
    0x20000a1c        -       0x00000002   Zero   RW         2409    .bss.g_report_seq   comm_protocol.o
    0x20000a1e   0x08010286   0x00000002   PAD
    0x20000a20        -       0x0000002c   Zero   RW           46    .bss.hdcache1       dcache.o
    0x20000a4c        -       0x000000b0   Zero   RW           61    .bss.heth           eth.o
    0x20000afc        -       0x00000064   Zero   RW          156    .bss.hfdcan1        fdcan.o
    0x20000b60        -       0x000002e4   Zero   RW          205    .bss.hpcd_USB_DRD_FS  usb.o
    0x20000e44        -       0x0000005c   Zero   RW          190    .bss.hxspi1         octospi.o
    0x20000ea0        -       0x00000018   Zero   RW         1688    .bss.ip_data        ip.o
    0x20000eb8        -       0x00000002   Zero   RW         2269    .bss.ip_id          ip4.o
    0x20000eba        -       0x000000f3   Zero   RW         1739    .bss.memp_memory_ARP_QUEUE_base  memp.o
    0x20000fad        -       0x0000016b   Zero   RW         1737    .bss.memp_memory_FRAG_PBUF_base  memp.o
    0x20001118        -       0x00006103   Zero   RW         1745    .bss.memp_memory_PBUF_POOL_base  memp.o
    0x2000721b        -       0x00000103   Zero   RW         1743    .bss.memp_memory_PBUF_base  memp.o
    0x2000731e        -       0x000000a3   Zero   RW         1735    .bss.memp_memory_REASSDATA_base  memp.o
    0x200073c1        -       0x000000c3   Zero   RW         1741    .bss.memp_memory_SYS_TIMEOUT_base  memp.o
    0x20007484        -       0x000000ab   Zero   RW         1731    .bss.memp_memory_TCP_PCB_LISTEN_base  memp.o
    0x2000752f        -       0x0000066b   Zero   RW         1729    .bss.memp_memory_TCP_PCB_base  memp.o
    0x20007b9a        -       0x000000f3   Zero   RW         1733    .bss.memp_memory_TCP_SEG_base  memp.o
    0x20007c8d        -       0x000000c3   Zero   RW         1727    .bss.memp_memory_UDP_PCB_base  memp.o
    0x20007d50        -       0x00000001   Zero   RW         1872    .bss.pbuf_free_ooseq_pending  pbuf.o
    0x20007d51        -       0x00004013   Zero   RW         1704    .bss.ram_heap       mem.o
    0x2000bd64        -       0x00000100   Zero   RW         2360    .bss.rx_buf         tcp_server.o
    0x2000be64        -       0x00000040   Zero   RW         2411    .bss.send_buf       comm_protocol.o
    0x2000bea4        -       0x00000004   Zero   RW         2359    .bss.server_pcb     tcp_server.o
    0x2000bea8        -       0x00000001   Zero   RW         1971    .bss.tcp_timer      tcp.o
    0x2000bea9   0x08010286   0x00000003   PAD
    0x2000beac        -       0x00000004   Zero   RW         2436    .bss.tick_1ms       systick_task.o
    0x2000beb0        -       0x00000004   Zero   RW         2112    .bss.udp_pcbs       udp.o
    0x2000beb4        -       0x00000004   Zero   RW          973    .bss.uwTick         stm32h5xx_hal.o
    0x2000beb8        -       0x00000400   Zero   RW            1    STACK               startup_stm32h563xx.o


    Execution Region RW_ETH (Exec base: 0x20050000, Load base: 0x080102a0, Size: 0x000018c0, Max: 0x00010000, ABSOLUTE, UNINIT, COMPRESSED[0x00000034])

    Exec Addr    Load Addr    Size         Type   Attr      Idx    E Section Name        Object

    0x20050000   COMPRESSED   0x000018c0   Data   RW          131    .EthSection         ethernetif.o


    Execution Region RW_IRAM2 (Exec base: 0x20060000, Load base: 0x080102d4, Size: 0x00000000, Max: 0x00040000, ABSOLUTE)

    **** No section assigned to this execution region ****


==============================================================================

Image component sizes


      Code (inc. data)   RO Data    RW Data    ZI Data      Debug   Object Name

       806          0          0          0          0       6998   autoip.o
       478          0          6          0          0      15011   bsp_lan8742.o
      2524          4          0          0        877      17012   can_comm.o
      1122         38          0          0        130       7080   comm_protocol.o
        90          0          0          0         44       3896   dcache.o
         8          0          0          0          0       3149   def.o
      6008        134          0          0         56      36035   dhcp.o
       412          0          0          0        432      12922   eth.o
       182          0          0          0        526       1683   eth_send_queue.o
      4096          0          0          0        241      19045   etharp.o
       254          0         12          0          0       3640   ethernet.o
       648          0         17       6336         14      11484   ethernetif.o
       268          0          0          0        100      10660   fdcan.o
       240          0          0          0          0       3076   gpio.o
        52          0          0          0          0       1141   icache.o
       522          0          0          0          0       5935   icmp.o
        30          0          0          0          0        641   init.o
         0          0          0          0         24       2407   ip.o
       848          0          0          0          2       7407   ip4.o
        46          0          8          0          0       7720   ip4_addr.o
      1954          0          0          0          8      12758   ip4_frag.o
       348          0          0          0         92       4628   lwip_app.o
       524          0          0          0         24      13526   main.o
       866          0          0          0      16415       5003   mem.o
      1030          0        304          0      28350       8773   memp.o
       760          0          0          0         12      11493   netif.o
       380          0          0          0         92       9628   octospi.o
      1868          0          0          0          1      35261   pbuf.o
        48         12        588          0       1024        908   startup_stm32h563xx.o
       366          0          0          8          4      14943   stm32h5xx_hal.o
       566          6          0          0          0      14457   stm32h5xx_hal_cortex.o
       156          0          0          0          0      13366   stm32h5xx_hal_dcache.o
      4092          0          0          0          0      34379   stm32h5xx_hal_eth.o
      1920          0         16          0          0      23370   stm32h5xx_hal_fdcan.o
       404          0          0          0          0       5233   stm32h5xx_hal_gpio.o
        96          0          0          0          0       5244   stm32h5xx_hal_icache.o
         2          0          0          0          0        408   stm32h5xx_hal_msp.o
       598          0          0          0          0      17172   stm32h5xx_hal_pcd.o
        34          0          0          0          0       5530   stm32h5xx_hal_pcd_ex.o
        18          0          0          0          0       7399   stm32h5xx_hal_pwr_ex.o
      2556         16          0          0          0      12968   stm32h5xx_hal_rcc.o
      4692        354          0          0          0      29471   stm32h5xx_hal_rcc_ex.o
       296          0          0          0          0      31990   stm32h5xx_hal_xspi.o
        54          0          0          0          0       9756   stm32h5xx_it.o
       130          0          0          0          0      21366   stm32h5xx_ll_usb.o
         4          0          0          0          0        707   sys_arch.o
       180          0         16          4          0       6129   system_stm32h5xx.o
        90          0          0          0          4        692   systick_task.o
      6242         34          0          8         25      35130   tcp.o
      5274         16          0          0         56      15318   tcp_in.o
      4426          0          0          0          0      24988   tcp_out.o
       524          0          0          0        268       6072   tcp_server.o
      1436          0         48          0         12       8123   timeouts.o
      2510          0          0          2          4      13486   udp.o
       216          0          0          0          8       3118   udp_discovery.o
       154          0          0          0        740       7391   usb.o

    ----------------------------------------------------------------------
     63770        614       1068       6360      49596     647126   Object Totals
         0          0         48          0          0          0   (incl. Generated)
       322          0          5          2         11          0   (incl. Padding)

    ----------------------------------------------------------------------

      Code (inc. data)   RO Data    RW Data    ZI Data      Debug   Library Member Name

        58          0          0          0          0          0   __dczerorl.o
         8          0          0          0          0         68   __main.o
         0          0          0          0          0          0   __rtentry.o
        12          0          0          0          0          0   __rtentry2.o
         8          4          0          0          0          0   __rtentry5.o
        94          8          0          0          0          0   __scatter.o
        26          0          0          0          0          0   __scatter_copy.o
        28          0          0          0          0          0   __scatter_zi.o
        18          0          0          0          0         80   exit.o
         6          0          0          0          0        152   heapauxi.o
         0          0          0          0          0          0   indicate_semi.o
         2          0          0          0          0          0   libinit.o
        10          0          0          0          0          0   libinit2.o
         2          0          0          0          0          0   libshutdown.o
         2          0          0          0          0          0   libshutdown2.o
        88          0          0          0          0         76   memcmp.o
       112         18          0          0        228        160   rand.o
        68          0          0          0          0         68   rt_memclr.o
        78          0          0          0          0         80   rt_memclr_w.o
       138          0          0          0          0         68   rt_memcpy_v6.o
       100          0          0          0          0         80   rt_memcpy_w.o
       132          0          0          0          0         68   rt_memmove_v6.o
       122          0          0          0          0         80   rt_memmove_w.o
         2          0          0          0          0          0   rtexit.o
        10          0          0          0          0          0   rtexit2.o
        62          0          0          0          0         76   strlen.o
        86          0          0          0          0         76   strncpy.o
        12          4          0          0          0         68   sys_exit.o
         2          0          0          0          0         68   use_no_semi.o
        26          0          0          0          0        116   fpinit.o

    ----------------------------------------------------------------------
      1318         34          0          0        228       1384   Library Totals
         6          0          0          0          0          0   (incl. Padding)

    ----------------------------------------------------------------------

      Code (inc. data)   RO Data    RW Data    ZI Data      Debug   Library Name

      1286         34          0          0        228       1268   c_w.l
        26          0          0          0          0        116   fz_wm.l

    ----------------------------------------------------------------------
      1318         34          0          0        228       1384   Library Totals

    ----------------------------------------------------------------------

==============================================================================


      Code (inc. data)   RO Data    RW Data    ZI Data      Debug   

     65088        648       1068       6360      49824     646962   Grand Totals
     65088        648       1068         76      49824     646962   ELF Image Totals (compressed)
     65088        648       1068         76          0          0   ROM Totals

==============================================================================

    Total RO  Size (Code + RO Data)                66156 (  64.61kB)
    Total RW  Size (RW Data + ZI Data)             56184 (  54.87kB)
    Total ROM Size (Code + RO Data + RW Data)      66232 (  64.68kB)

==============================================================================

