<html>
<body>
<pre>
<h1>µVision Build Log</h1>
<h2>Tool Versions:</h2>
IDE-Version: ¦ÌVision V5.39.0.0
Copyright (C) 2023 ARM Ltd and ARM Germany GmbH. All rights reserved.
License Information: GT Administrator, SC, LIC=GMZI6-DI394-II35V-PFRDN-RD7AM-HNK97
 
Tool Versions:
Toolchain:       MDK-ARM Plus  Version: 5.39.0.0
Toolchain Path:  D:\Keil_v5\ARM\ARMCC_V6.22\Bin
C Compiler:      ArmClang.exe V6.22
Assembler:       Armasm.exe V6.22
Linker/Locator:  ArmLink.exe V6.22
Library Manager: ArmAr.exe V6.22
Hex Converter:   FromElf.exe V6.22
CPU DLL:         
Dialog DLL:      
Target DLL:      STLink\ST-LINKIII-KEIL_SWO.dll V3.2.0.0
Dialog DLL:      TCM.DLL V1.56.4.0
 
<h2>Project:</h2>
X:\GT_IAP_Done\app_\app_LaserDriver\ALM\ALM_ETH\ALM_ETH_260314_1816\MDK-ARM\ALM_ETH.uvprojx
Project File Date:  04/11/2026

<h2>Output:</h2>
*** Using Compiler 'V6.22', folder: 'D:\Keil_v5\ARM\ARMCC_V6.22\Bin'
Rebuild target 'ALM_ETH'
assembling startup_stm32h563xx.s...
compiling usb.c...
compiling stm32h5xx_hal_rcc.c...
compiling gpio.c...
compiling stm32h5xx_hal_msp.c...
compiling linked_list.c...
compiling stm32h5xx_hal_pwr.c...
compiling stm32h5xx_hal_eth_ex.c...
compiling eth.c...
compiling bsp_lan8742.c...
compiling stm32h5xx_hal_exti.c...
compiling stm32h5xx_it.c...
compiling dcache.c...
compiling main.c...
compiling icache.c...
compiling stm32h5xx_hal_gpio.c...
compiling octospi.c...
compiling sys_arch.c...
compiling fdcan.c...
compiling stm32h5xx_hal.c...
compiling lwip_app.c...
compiling stm32h5xx_hal_cortex.c...
compiling ethernetif.c...
compiling stm32h5xx_hal_flash.c...
compiling stm32h5xx_hal_pwr_ex.c...
compiling stm32h5xx_hal_icache.c...
compiling stm32h5xx_hal_pcd_ex.c...
compiling stm32h5xx_ll_dlyb.c...
compiling stm32h5xx_hal_dcache.c...
compiling stm32h5xx_hal_flash_ex.c...
compiling stm32h5xx_hal_dma.c...
compiling dns.c...
compiling init.c...
compiling def.c...
compiling stm32h5xx_hal_fdcan.c...
compiling system_stm32h5xx.c...
compiling ip.c...
compiling inet_chksum.c...
compiling stm32h5xx_hal_xspi.c...
compiling raw.c...
compiling stm32h5xx_hal_eth.c...
compiling stats.c...
compiling mem.c...
compiling stm32h5xx_hal_pcd.c...
compiling sys.c...
compiling stm32h5xx_hal_dma_ex.c...
compiling netif.c...
compiling memp.c...
compiling stm32h5xx_ll_usb.c...
compiling altcp.c...
compiling timeouts.c...
compiling altcp_alloc.c...
compiling altcp_tcp.c...
compiling pbuf.c...
compiling stm32h5xx_hal_rcc_ex.c...
compiling autoip.c...
compiling udp.c...
compiling tcp_out.c...
compiling icmp.c...
compiling tcp_in.c...
compiling igmp.c...
compiling err.c...
compiling ethernet.c...
compiling ip4.c...
compiling tcp.c...
compiling ip4_addr.c...
compiling ip4_frag.c...
compiling etharp.c...
compiling dhcp.c...
compiling tcp_server.c...
compiling eth_send_queue.c...
compiling systick_task.c...
compiling udp_discovery.c...
compiling device_config.c...
compiling comm_protocol.c...
compiling CAN_comm.c...
linking...
Program Size: Code=66760 RO-data=1068 RW-data=6388 ZI-data=49868  
FromELF: creating hex file...
"ALM_ETH\ALM_ETH.axf" - 0 Error(s), 0 Warning(s).

<h2>Software Packages used:</h2>

Package Vendor: ARM
                https://www.keil.com/pack/ARM.CMSIS.6.0.0.pack
                ARM::CMSIS@6.0.0
                CMSIS (Common Microcontroller Software Interface Standard)
   * Component: CORE Version: 6.0.0

Package Vendor: Keil
                https://www.keil.com/pack/Keil.STM32H5xx_DFP.2.2.0.pack
                Keil::STM32H5xx_DFP@2.2.0
                STMicroelectronics STM32H5 Series Device Support

<h2>Collection of Component include folders:</h2>
  ./RTE/_ALM_ETH
  D:/Keil_v5/ARM/PACK/ARM/CMSIS/6.0.0/CMSIS/Core/Include

<h2>Collection of Component Files used:</h2>

   * Component: ARM::CMSIS:CORE@6.0.0
Build Time Elapsed:  00:00:04
</pre>
</body>
</html>
