Component: Arm Compiler for Embedded 6.22 Tool: armlink [5ee90200]

==============================================================================

Section Cross References

    startup_stm32h563xx.o(STACK) refers (Special) to heapauxi.o(.text) for __use_two_region_memory
    startup_stm32h563xx.o(HEAP) refers (Special) to heapauxi.o(.text) for __use_two_region_memory
    startup_stm32h563xx.o(RESET) refers (Special) to heapauxi.o(.text) for __use_two_region_memory
    startup_stm32h563xx.o(RESET) refers to startup_stm32h563xx.o(STACK) for __initial_sp
    startup_stm32h563xx.o(RESET) refers to startup_stm32h563xx.o(.text) for Reset_Handler
    startup_stm32h563xx.o(RESET) refers to stm32h5xx_it.o(.text.NMI_Handler) for NMI_Handler
    startup_stm32h563xx.o(RESET) refers to stm32h5xx_it.o(.text.HardFault_Handler) for HardFault_Handler
    startup_stm32h563xx.o(RESET) refers to stm32h5xx_it.o(.text.MemManage_Handler) for MemManage_Handler
    startup_stm32h563xx.o(RESET) refers to stm32h5xx_it.o(.text.BusFault_Handler) for BusFault_Handler
    startup_stm32h563xx.o(RESET) refers to stm32h5xx_it.o(.text.UsageFault_Handler) for UsageFault_Handler
    startup_stm32h563xx.o(RESET) refers to stm32h5xx_it.o(.text.SVC_Handler) for SVC_Handler
    startup_stm32h563xx.o(RESET) refers to stm32h5xx_it.o(.text.DebugMon_Handler) for DebugMon_Handler
    startup_stm32h563xx.o(RESET) refers to stm32h5xx_it.o(.text.PendSV_Handler) for PendSV_Handler
    startup_stm32h563xx.o(RESET) refers to stm32h5xx_it.o(.text.SysTick_Handler) for SysTick_Handler
    startup_stm32h563xx.o(RESET) refers to stm32h5xx_it.o(.text.ETH_IRQHandler) for ETH_IRQHandler
    startup_stm32h563xx.o(.text) refers (Special) to heapauxi.o(.text) for __use_two_region_memory
    startup_stm32h563xx.o(.text) refers to startup_stm32h563xx.o(STACK) for Stack_Mem
    startup_stm32h563xx.o(.text) refers to system_stm32h5xx.o(.text.SystemInit) for SystemInit
    startup_stm32h563xx.o(.text) refers to __main.o(!!!main) for __main
    main.o(.text.check_data) refers to main.o(.bss..L_MergedGlobals) for .L_MergedGlobals
    main.o(.text.check_data) refers to bsp_lan8742.o(.text.BSP_LAN8742_GetBasicStatus) for BSP_LAN8742_GetBasicStatus
    main.o(.ARM.exidx.text.check_data) refers to main.o(.text.check_data) for [Anonymous Symbol]
    main.o(.text.main) refers to stm32h5xx_hal.o(.text.HAL_Init) for HAL_Init
    main.o(.text.main) refers to stm32h5xx_hal_cortex.o(.text.HAL_MPU_Disable) for HAL_MPU_Disable
    main.o(.text.main) refers to stm32h5xx_hal_cortex.o(.text.HAL_MPU_ConfigMemoryAttributes) for HAL_MPU_ConfigMemoryAttributes
    main.o(.text.main) refers to stm32h5xx_hal_cortex.o(.text.HAL_MPU_ConfigRegion) for HAL_MPU_ConfigRegion
    main.o(.text.main) refers to stm32h5xx_hal_cortex.o(.text.HAL_MPU_Enable) for HAL_MPU_Enable
    main.o(.text.main) refers to main.o(.text.SystemClock_Config) for SystemClock_Config
    main.o(.text.main) refers to gpio.o(.text.MX_GPIO_Init) for MX_GPIO_Init
    main.o(.text.main) refers to dcache.o(.text.MX_DCACHE1_Init) for MX_DCACHE1_Init
    main.o(.text.main) refers to eth.o(.text.MX_ETH_Init) for MX_ETH_Init
    main.o(.text.main) refers to fdcan.o(.text.MX_FDCAN1_Init) for MX_FDCAN1_Init
    main.o(.text.main) refers to icache.o(.text.MX_ICACHE_Init) for MX_ICACHE_Init
    main.o(.text.main) refers to usb.o(.text.MX_USB_PCD_Init) for MX_USB_PCD_Init
    main.o(.text.main) refers to octospi.o(.text.MX_OCTOSPI1_Init) for MX_OCTOSPI1_Init
    main.o(.text.main) refers to main.o(.bss..L_MergedGlobals) for .L_MergedGlobals
    main.o(.text.main) refers to eth.o(.bss.heth) for heth
    main.o(.text.main) refers to bsp_lan8742.o(.text.BSP_LAN8742_InitOrDetect) for BSP_LAN8742_InitOrDetect
    main.o(.text.main) refers to bsp_lan8742.o(.text.BSP_LAN8742_Reset) for BSP_LAN8742_Reset
    main.o(.text.main) refers to bsp_lan8742.o(.text.BSP_LAN8742_GetBasicStatus) for BSP_LAN8742_GetBasicStatus
    main.o(.text.main) refers to lwip_app.o(.text.LWIP_APP_Init) for LWIP_APP_Init
    main.o(.text.main) refers to lwip_app.o(.text.LWIP_APP_Poll) for LWIP_APP_Poll
    main.o(.text.main) refers to stm32h5xx_hal.o(.text.HAL_GetTick) for HAL_GetTick
    main.o(.ARM.exidx.text.main) refers to main.o(.text.main) for [Anonymous Symbol]
    main.o(.text.SystemClock_Config) refers to rt_memclr_w.o(.text) for __aeabi_memclr4
    main.o(.text.SystemClock_Config) refers to stm32h5xx_hal_rcc.o(.text.HAL_RCC_OscConfig) for HAL_RCC_OscConfig
    main.o(.text.SystemClock_Config) refers to stm32h5xx_hal_rcc.o(.text.HAL_RCC_ClockConfig) for HAL_RCC_ClockConfig
    main.o(.ARM.exidx.text.SystemClock_Config) refers to main.o(.text.SystemClock_Config) for [Anonymous Symbol]
    main.o(.ARM.exidx.text.Error_Handler) refers to main.o(.text.Error_Handler) for [Anonymous Symbol]
    gpio.o(.text.MX_GPIO_Init) refers to stm32h5xx_hal_gpio.o(.text.HAL_GPIO_WritePin) for HAL_GPIO_WritePin
[...]
    RAMCFG_IRQHandler                        0x080003af   Thumb Code     0  startup_stm32h563xx.o(.text)
    RCC_IRQHandler                           0x080003af   Thumb Code     0  startup_stm32h563xx.o(.text)
    RCC_S_IRQHandler                         0x080003af   Thumb Code     0  startup_stm32h563xx.o(.text)
    RNG_IRQHandler                           0x080003af   Thumb Code     0  startup_stm32h563xx.o(.text)
    RTC_IRQHandler                           0x080003af   Thumb Code     0  startup_stm32h563xx.o(.text)
    RTC_S_IRQHandler                         0x080003af   Thumb Code     0  startup_stm32h563xx.o(.text)
    SAI1_IRQHandler                          0x080003af   Thumb Code     0  startup_stm32h563xx.o(.text)
    SAI2_IRQHandler                          0x080003af   Thumb Code     0  startup_stm32h563xx.o(.text)
    SDMMC1_IRQHandler                        0x080003af   Thumb Code     0  startup_stm32h563xx.o(.text)
    SDMMC2_IRQHandler                        0x080003af   Thumb Code     0  startup_stm32h563xx.o(.text)
    SPI1_IRQHandler                          0x080003af   Thumb Code     0  startup_stm32h563xx.o(.text)
    SPI2_IRQHandler                          0x080003af   Thumb Code     0  startup_stm32h563xx.o(.text)
    SPI3_IRQHandler                          0x080003af   Thumb Code     0  startup_stm32h563xx.o(.text)
    SPI4_IRQHandler                          0x080003af   Thumb Code     0  startup_stm32h563xx.o(.text)
    SPI5_IRQHandler                          0x080003af   Thumb Code     0  startup_stm32h563xx.o(.text)
    SPI6_IRQHandler                          0x080003af   Thumb Code     0  startup_stm32h563xx.o(.text)
    TAMP_IRQHandler                          0x080003af   Thumb Code     0  startup_stm32h563xx.o(.text)
    TIM12_IRQHandler                         0x080003af   Thumb Code     0  startup_stm32h563xx.o(.text)
    TIM13_IRQHandler                         0x080003af   Thumb Code     0  startup_stm32h563xx.o(.text)
    TIM14_IRQHandler                         0x080003af   Thumb Code     0  startup_stm32h563xx.o(.text)
    TIM15_IRQHandler                         0x080003af   Thumb Code     0  startup_stm32h563xx.o(.text)
    TIM16_IRQHandler                         0x080003af   Thumb Code     0  startup_stm32h563xx.o(.text)
    TIM17_IRQHandler                         0x080003af   Thumb Code     0  startup_stm32h563xx.o(.text)
    TIM1_BRK_IRQHandler                      0x080003af   Thumb Code     0  startup_stm32h563xx.o(.text)
    TIM1_CC_IRQHandler                       0x080003af   Thumb Code     0  startup_stm32h563xx.o(.text)
    TIM1_TRG_COM_IRQHandler                  0x080003af   Thumb Code     0  startup_stm32h563xx.o(.text)
    TIM1_UP_IRQHandler                       0x080003af   Thumb Code     0  startup_stm32h563xx.o(.text)
    TIM2_IRQHandler                          0x080003af   Thumb Code     0  startup_stm32h563xx.o(.text)
    TIM3_IRQHandler                          0x080003af   Thumb Code     0  startup_stm32h563xx.o(.text)
    TIM4_IRQHandler                          0x080003af   Thumb Code     0  startup_stm32h563xx.o(.text)
    TIM5_IRQHandler                          0x080003af   Thumb Code     0  startup_stm32h563xx.o(.text)
    TIM6_IRQHandler                          0x080003af   Thumb Code     0  startup_stm32h563xx.o(.text)
    TIM7_IRQHandler                          0x080003af   Thumb Code     0  startup_stm32h563xx.o(.text)
    TIM8_BRK_IRQHandler                      0x080003af   Thumb Code     0  startup_stm32h563xx.o(.text)
    TIM8_CC_IRQHandler                       0x080003af   Thumb Code     0  startup_stm32h563xx.o(.text)
    TIM8_TRG_COM_IRQHandler                  0x080003af   Thumb Code     0  startup_stm32h563xx.o(.text)
    TIM8_UP_IRQHandler                       0x080003af   Thumb Code     0  startup_stm32h563xx.o(.text)
    UART12_IRQHandler                        0x080003af   Thumb Code     0  startup_stm32h563xx.o(.text)
    UART4_IRQHandler                         0x080003af   Thumb Code     0  startup_stm32h563xx.o(.text)
    UART5_IRQHandler                         0x080003af   Thumb Code     0  startup_stm32h563xx.o(.text)
    UART7_IRQHandler                         0x080003af   Thumb Code     0  startup_stm32h563xx.o(.text)
    UART8_IRQHandler                         0x080003af   Thumb Code     0  startup_stm32h563xx.o(.text)
    UART9_IRQHandler                         0x080003af   Thumb Code     0  startup_stm32h563xx.o(.text)
    UCPD1_IRQHandler                         0x080003af   Thumb Code     0  startup_stm32h563xx.o(.text)
    USART10_IRQHandler                       0x080003af   Thumb Code     0  startup_stm32h563xx.o(.text)
    USART11_IRQHandler                       0x080003af   Thumb Code     0  startup_stm32h563xx.o(.text)
    USART1_IRQHandler                        0x080003af   Thumb Code     0  startup_stm32h563xx.o(.text)
    USART2_IRQHandler                        0x080003af   Thumb Code     0  startup_stm32h563xx.o(.text)
    USART3_IRQHandler                        0x080003af   Thumb Code     0  startup_stm32h563xx.o(.text)
    USART6_IRQHandler                        0x080003af   Thumb Code     0  startup_stm32h563xx.o(.text)
    USB_DRD_FS_IRQHandler                    0x080003af   Thumb Code     0  startup_stm32h563xx.o(.text)
    WWDG_IRQHandler                          0x080003af   Thumb Code     0  startup_stm32h563xx.o(.text)
    srand                                    0x080003bd   Thumb Code    42  rand.o(.text)
    _rand_init                               0x080003e7   Thumb Code     4  rand.o(.text)
    memcmp                                   0x080003f9   Thumb Code    88  memcmp.o(.text)
    strlen                                   0x08000451   Thumb Code    62  strlen.o(.text)
    __aeabi_memcpy                           0x0800048f   Thumb Code     0  rt_memcpy_v6.o(.text)
    __rt_memcpy                              0x0800048f   Thumb Code   138  rt_memcpy_v6.o(.text)
    _memcpy_lastbytes                        0x080004f5   Thumb Code     0  rt_memcpy_v6.o(.text)
    __aeabi_memclr                           0x08000519   Thumb Code     0  rt_memclr.o(.text)
    __rt_memclr                              0x08000519   Thumb Code     0  rt_memclr.o(.text)
    _memset                                  0x0800051d   Thumb Code    64  rt_memclr.o(.text)
    __aeabi_memclr4                          0x0800055d   Thumb Code     0  rt_memclr_w.o(.text)
    __aeabi_memclr8                          0x0800055d   Thumb Code     0  rt_memclr_w.o(.text)
    __rt_memclr_w                            0x0800055d   Thumb Code     0  rt_memclr_w.o(.text)
    _memset_w                                0x08000561   Thumb Code    74  rt_memclr_w.o(.text)
    __use_two_region_memory                  0x080005ab   Thumb Code     2  heapauxi.o(.text)
    __rt_heap_escrow$2region                 0x080005ad   Thumb Code     2  heapauxi.o(.text)
    __rt_heap_expand$2region                 0x080005af   Thumb Code     2  heapauxi.o(.text)
    __aeabi_memcpy4                          0x080005b1   Thumb Code     0  rt_memcpy_w.o(.text)
    __aeabi_memcpy8                          0x080005b1   Thumb Code     0  rt_memcpy_w.o(.text)
    __rt_memcpy_w                            0x080005b1   Thumb Code   100  rt_memcpy_w.o(.text)
    _memcpy_lastbytes_aligned                0x080005f9   Thumb Code     0  rt_memcpy_w.o(.text)
    exit                                     0x08000615   Thumb Code    18  exit.o(.text)
    __I$use$semihosting                      0x08000627   Thumb Code     0  use_no_semi.o(.text)
    __use_no_semihosting_swi                 0x08000627   Thumb Code     2  use_no_semi.o(.text)
    __semihosting_library_function           0x08000629   Thumb Code     0  indicate_semi.o(.text)
    _sys_exit                                0x08000629   Thumb Code     8  sys_exit.o(.text)
    BSP_LAN8742_GetBasicStatus               0x08000635   Thumb Code   232  bsp_lan8742.o(.text.BSP_LAN8742_GetBasicStatus)
    BSP_LAN8742_InitOrDetect                 0x0800071d   Thumb Code   100  bsp_lan8742.o(.text.BSP_LAN8742_InitOrDetect)
    BSP_LAN8742_Reset                        0x08000781   Thumb Code   146  bsp_lan8742.o(.text.BSP_LAN8742_Reset)
    BusFault_Handler                         0x08000815   Thumb Code     2  stm32h5xx_it.o(.text.BusFault_Handler)
    DebugMon_Handler                         0x08000819   Thumb Code     2  stm32h5xx_it.o(.text.DebugMon_Handler)
    ETH_IRQHandler                           0x0800081d   Thumb Code    12  stm32h5xx_it.o(.text.ETH_IRQHandler)
    Error_Handler                            0x08000da9   Thumb Code     6  main.o(.text.Error_Handler)
    HAL_DCACHE_CleanAndInvalidateByAddrCallback 0x08000db1   Thumb Code     2  stm32h5xx_hal_dcache.o(.text.HAL_DCACHE_CleanAndInvalidateByAddrCallback)
    HAL_DCACHE_CleanByAddrCallback           0x08000db5   Thumb Code     2  stm32h5xx_hal_dcache.o(.text.HAL_DCACHE_CleanByAddrCallback)
    HAL_DCACHE_ErrorCallback                 0x08000db9   Thumb Code     2  stm32h5xx_hal_dcache.o(.text.HAL_DCACHE_ErrorCallback)
    HAL_DCACHE_Init                          0x08000dbd   Thumb Code   146  stm32h5xx_hal_dcache.o(.text.HAL_DCACHE_Init)
    HAL_DCACHE_InvalidateByAddrCallback      0x08000e51   Thumb Code     2  stm32h5xx_hal_dcache.o(.text.HAL_DCACHE_InvalidateByAddrCallback)
    HAL_DCACHE_InvalidateCompleteCallback    0x08000e55   Thumb Code     2  stm32h5xx_hal_dcache.o(.text.HAL_DCACHE_InvalidateCompleteCallback)
    HAL_DCACHE_MspInit                       0x08000e59   Thumb Code    48  dcache.o(.text.HAL_DCACHE_MspInit)
    HAL_Delay                                0x08000e89   Thumb Code    40  stm32h5xx_hal.o(.text.HAL_Delay)
    HAL_ETH_EEECallback                      0x08000eb1   Thumb Code     2  stm32h5xx_hal_eth.o(.text.HAL_ETH_EEECallback)
    HAL_ETH_ErrorCallback                    0x08000eb5   Thumb Code    30  ethernetif.o(.text.HAL_ETH_ErrorCallback)
    HAL_ETH_GetDMAError                      0x08000ed5   Thumb Code     6  stm32h5xx_hal_eth.o(.text.HAL_ETH_GetDMAError)
    HAL_ETH_IRQHandler                       0x08000edd   Thumb Code   316  stm32h5xx_hal_eth.o(.text.HAL_ETH_IRQHandler)
    HAL_ETH_Init                             0x08001019   Thumb Code   808  stm32h5xx_hal_eth.o(.text.HAL_ETH_Init)
    HAL_ETH_MspInit                          0x08001341   Thumb Code   260  eth.o(.text.HAL_ETH_MspInit)
    HAL_ETH_PMTCallback                      0x08001445   Thumb Code     2  stm32h5xx_hal_eth.o(.text.HAL_ETH_PMTCallback)
    HAL_ETH_ReadData                         0x08001449   Thumb Code   484  stm32h5xx_hal_eth.o(.text.HAL_ETH_ReadData)
    HAL_ETH_ReadPHYRegister                  0x0800162d   Thumb Code    96  stm32h5xx_hal_eth.o(.text.HAL_ETH_ReadPHYRegister)
    HAL_ETH_RxAllocateCallback               0x0800168d   Thumb Code    42  ethernetif.o(.text.HAL_ETH_RxAllocateCallback)
    HAL_ETH_RxCpltCallback                   0x080016b9   Thumb Code     2  ethernetif.o(.text.HAL_ETH_RxCpltCallback)
    HAL_ETH_RxLinkCallback                   0x080016bd   Thumb Code    78  ethernetif.o(.text.HAL_ETH_RxLinkCallback)
    HAL_ETH_Start_IT                         0x0800170d   Thumb Code   404  stm32h5xx_hal_eth.o(.text.HAL_ETH_Start_IT)
    HAL_ETH_Stop_IT                          0x080018a1   Thumb Code   150  stm32h5xx_hal_eth.o(.text.HAL_ETH_Stop_IT)
    HAL_ETH_Transmit                         0x08001939   Thumb Code   324  stm32h5xx_hal_eth.o(.text.HAL_ETH_Transmit)
    HAL_ETH_TxCpltCallback                   0x08001a7d   Thumb Code     2  ethernetif.o(.text.HAL_ETH_TxCpltCallback)
    HAL_ETH_WakeUpCallback                   0x08001a81   Thumb Code     2  stm32h5xx_hal_eth.o(.text.HAL_ETH_WakeUpCallback)
    HAL_ETH_WritePHYRegister                 0x08001a85   Thumb Code    90  stm32h5xx_hal_eth.o(.text.HAL_ETH_WritePHYRegister)
    HAL_FDCAN_Init                           0x08001ae1   Thumb Code   580  stm32h5xx_hal_fdcan.o(.text.HAL_FDCAN_Init)
    HAL_FDCAN_MspInit                        0x08001d25   Thumb Code   154  fdcan.o(.text.HAL_FDCAN_MspInit)
    HAL_GPIO_Init                            0x08001dc1   Thumb Code   392  stm32h5xx_hal_gpio.o(.text.HAL_GPIO_Init)
    HAL_GPIO_WritePin                        0x08001f49   Thumb Code    12  stm32h5xx_hal_gpio.o(.text.HAL_GPIO_WritePin)
    HAL_GetTick                              0x08001f55   Thumb Code    12  stm32h5xx_hal.o(.text.HAL_GetTick)
    HAL_GetUIDw0                             0x08001f61   Thumb Code    12  stm32h5xx_hal.o(.text.HAL_GetUIDw0)
    HAL_GetUIDw2                             0x08001f6d   Thumb Code    12  stm32h5xx_hal.o(.text.HAL_GetUIDw2)
    HAL_ICACHE_Enable                        0x08001f79   Thumb Code    20  stm32h5xx_hal_icache.o(.text.HAL_ICACHE_Enable)
    HAL_ICACHE_EnableRemapRegion             0x08001f8d   Thumb Code    76  stm32h5xx_hal_icache.o(.text.HAL_ICACHE_EnableRemapRegion)
    HAL_IncTick                              0x08001fd9   Thumb Code    26  stm32h5xx_hal.o(.text.HAL_IncTick)
    HAL_Init                                 0x08001ff5   Thumb Code    76  stm32h5xx_hal.o(.text.HAL_Init)
    HAL_InitTick                             0x08002041   Thumb Code   168  stm32h5xx_hal.o(.text.HAL_InitTick)
    HAL_MPU_ConfigMemoryAttributes           0x080020e9   Thumb Code    62  stm32h5xx_hal_cortex.o(.text.HAL_MPU_ConfigMemoryAttributes)
    HAL_MPU_ConfigRegion                     0x08002129   Thumb Code    76  stm32h5xx_hal_cortex.o(.text.HAL_MPU_ConfigRegion)
    HAL_MPU_Disable                          0x08002175   Thumb Code    38  stm32h5xx_hal_cortex.o(.text.HAL_MPU_Disable)
    HAL_MPU_Enable                           0x0800219d   Thumb Code    36  stm32h5xx_hal_cortex.o(.text.HAL_MPU_Enable)
    HAL_MspInit                              0x080021c1   Thumb Code     2  stm32h5xx_hal_msp.o(.text.HAL_MspInit)
    HAL_NVIC_EnableIRQ                       0x080021c5   Thumb Code    34  stm32h5xx_hal_cortex.o(.text.HAL_NVIC_EnableIRQ)
    HAL_NVIC_SetPriority                     0x080021e9   Thumb Code    86  stm32h5xx_hal_cortex.o(.text.HAL_NVIC_SetPriority)
    HAL_NVIC_SetPriorityGrouping             0x08002241   Thumb Code    32  stm32h5xx_hal_cortex.o(.text.HAL_NVIC_SetPriorityGrouping)
    HAL_PCDEx_ActivateLPM                    0x08002261   Thumb Code    34  stm32h5xx_hal_pcd_ex.o(.text.HAL_PCDEx_ActivateLPM)
    HAL_PCD_Init                             0x08002285   Thumb Code   598  stm32h5xx_hal_pcd.o(.text.HAL_PCD_Init)
    HAL_PCD_MspInit                          0x080024dd   Thumb Code    96  usb.o(.text.HAL_PCD_MspInit)
    HAL_PWREx_EnableVddUSB                   0x0800253d   Thumb Code    18  stm32h5xx_hal_pwr_ex.o(.text.HAL_PWREx_EnableVddUSB)
    HAL_RCCEx_PeriphCLKConfig                0x08002551   Thumb Code  4224  stm32h5xx_hal_rcc_ex.o(.text.HAL_RCCEx_PeriphCLKConfig)
    HAL_RCC_ClockConfig                      0x080035d1   Thumb Code   606  stm32h5xx_hal_rcc.o(.text.HAL_RCC_ClockConfig)
    HAL_RCC_GetHCLKFreq                      0x08003831   Thumb Code    48  stm32h5xx_hal_rcc.o(.text.HAL_RCC_GetHCLKFreq)
    HAL_RCC_GetSysClockFreq                  0x08003861   Thumb Code   284  stm32h5xx_hal_rcc.o(.text.HAL_RCC_GetSysClockFreq)
    HAL_RCC_OscConfig                        0x0800398d   Thumb Code  1602  stm32h5xx_hal_rcc.o(.text.HAL_RCC_OscConfig)
    HAL_SBS_ETHInterfaceSelect               0x08003fd1   Thumb Code    20  stm32h5xx_hal.o(.text.HAL_SBS_ETHInterfaceSelect)
    HAL_SYSTICK_CLKSourceConfig              0x08003fe5   Thumb Code   118  stm32h5xx_hal_cortex.o(.text.HAL_SYSTICK_CLKSourceConfig)
    HAL_SYSTICK_Config                       0x0800405d   Thumb Code    36  stm32h5xx_hal_cortex.o(.text.HAL_SYSTICK_Config)
    HAL_SYSTICK_GetCLKSourceConfig           0x08004081   Thumb Code    48  stm32h5xx_hal_cortex.o(.text.HAL_SYSTICK_GetCLKSourceConfig)
    HAL_XSPI_Init                            0x080040b1   Thumb Code   296  stm32h5xx_hal_xspi.o(.text.HAL_XSPI_Init)
    HAL_XSPI_MspInit                         0x080041d9   Thumb Code   296  octospi.o(.text.HAL_XSPI_MspInit)
    HardFault_Handler                        0x08004301   Thumb Code     2  stm32h5xx_it.o(.text.HardFault_Handler)
    LWIP_APP_Init                            0x08004305   Thumb Code   122  lwip_app.o(.text.LWIP_APP_Init)
    LWIP_APP_Poll                            0x08004381   Thumb Code   128  lwip_app.o(.text.LWIP_APP_Poll)
    MX_DCACHE1_Init                          0x08004401   Thumb Code    42  dcache.o(.text.MX_DCACHE1_Init)
    MX_ETH_Init                              0x0800442d   Thumb Code   152  eth.o(.text.MX_ETH_Init)
    MX_FDCAN1_Init                           0x080044c5   Thumb Code    76  fdcan.o(.text.MX_FDCAN1_Init)
    MX_GPIO_Init                             0x08004511   Thumb Code   240  gpio.o(.text.MX_GPIO_Init)
    MX_ICACHE_Init                           0x08004601   Thumb Code    52  icache.o(.text.MX_ICACHE_Init)
    MX_OCTOSPI1_Init                         0x08004635   Thumb Code    84  octospi.o(.text.MX_OCTOSPI1_Init)
    MX_USB_PCD_Init                          0x08004689   Thumb Code    58  usb.o(.text.MX_USB_PCD_Init)
    MemManage_Handler                        0x080046c5   Thumb Code     2  stm32h5xx_it.o(.text.MemManage_Handler)
    NMI_Handler                              0x080046c9   Thumb Code     2  stm32h5xx_it.o(.text.NMI_Handler)
    PendSV_Handler                           0x080046cd   Thumb Code     2  stm32h5xx_it.o(.text.PendSV_Handler)
    SVC_Handler                              0x080048a9   Thumb Code     2  stm32h5xx_it.o(.text.SVC_Handler)
    SysTick_Handler                          0x080048ad   Thumb Code     4  stm32h5xx_it.o(.text.SysTick_Handler)
    SystemClock_Config                       0x080048b1   Thumb Code   202  main.o(.text.SystemClock_Config)
    SystemInit                               0x0800497d   Thumb Code   180  system_stm32h5xx.o(.text.SystemInit)
    USB_CoreInit                             0x08004a31   Thumb Code    32  stm32h5xx_ll_usb.o(.text.USB_CoreInit)
    USB_DevDisconnect                        0x08004a51   Thumb Code    14  stm32h5xx_ll_usb.o(.text.USB_DevDisconnect)
    USB_DevInit                              0x08004a61   Thumb Code    30  stm32h5xx_ll_usb.o(.text.USB_DevInit)
    USB_DisableGlobalInt                     0x08004a81   Thumb Code    18  stm32h5xx_ll_usb.o(.text.USB_DisableGlobalInt)
    USB_SetCurrentMode                       0x08004a95   Thumb Code    36  stm32h5xx_ll_usb.o(.text.USB_SetCurrentMode)
    UsageFault_Handler                       0x08004ab9   Thumb Code     2  stm32h5xx_it.o(.text.UsageFault_Handler)
    autoip_accept_packet                     0x08004abd   Thumb Code    24  autoip.o(.text.autoip_accept_packet)
    autoip_arp_reply                         0x08004ad5   Thumb Code   130  autoip.o(.text.autoip_arp_reply)
    autoip_network_changed                   0x08004b59   Thumb Code    86  autoip.o(.text.autoip_network_changed)
    autoip_start                             0x08004bb1   Thumb Code   228  autoip.o(.text.autoip_start)
    autoip_stop                              0x08004c95   Thumb Code    48  autoip.o(.text.autoip_stop)
    autoip_supplied_address                  0x08004cc5   Thumb Code    28  autoip.o(.text.autoip_supplied_address)
    autoip_tmr                               0x08004ce1   Thumb Code   262  autoip.o(.text.autoip_tmr)
    dhcp_arp_reply                           0x08004de9   Thumb Code   326  dhcp.o(.text.dhcp_arp_reply)
    dhcp_coarse_tmr                          0x08005055   Thumb Code   742  dhcp.o(.text.dhcp_coarse_tmr)
    dhcp_fine_tmr                            0x08005599   Thumb Code   180  dhcp.o(.text.dhcp_fine_tmr)
    dhcp_network_changed                     0x08005725   Thumb Code    70  dhcp.o(.text.dhcp_network_changed)
    dhcp_release_and_stop                    0x08005e4d   Thumb Code   400  dhcp.o(.text.dhcp_release_and_stop)
    dhcp_renew                               0x08005fdd   Thumb Code   474  dhcp.o(.text.dhcp_renew)
    dhcp_start                               0x08006451   Thumb Code   256  dhcp.o(.text.dhcp_start)
    dhcp_supplied_address                    0x08006551   Thumb Code    36  dhcp.o(.text.dhcp_supplied_address)
    etharp_input                             0x08006d7d   Thumb Code   188  etharp.o(.text.etharp_input)
    etharp_output                            0x08006e39   Thumb Code   532  etharp.o(.text.etharp_output)
    etharp_query                             0x080070b9   Thumb Code   420  etharp.o(.text.etharp_query)
    etharp_request                           0x0800731d   Thumb Code    12  etharp.o(.text.etharp_request)
    etharp_tmr                               0x080073d1   Thumb Code   212  etharp.o(.text.etharp_tmr)
    ethernet_input                           0x0800757d   Thumb Code   174  ethernet.o(.text.ethernet_input)
    ethernet_output                          0x0800762d   Thumb Code    80  ethernet.o(.text.ethernet_output)
    ethernetif_init                          0x0800767d   Thumb Code   254  ethernetif.o(.text.ethernetif_init)
    ethernetif_input                         0x0800777d   Thumb Code    82  ethernetif.o(.text.ethernetif_input)
    icmp_dest_unreach                        0x080077d1   Thumb Code   118  icmp.o(.text.icmp_dest_unreach)
    icmp_input                               0x08007849   Thumb Code   286  icmp.o(.text.icmp_input)
    icmp_time_exceeded                       0x08007969   Thumb Code   118  icmp.o(.text.icmp_time_exceeded)
    ip4_addr_isbroadcast_u32                 0x080079e1   Thumb Code    46  ip4_addr.o(.text.ip4_addr_isbroadcast_u32)
    ip4_frag                                 0x08007a11   Thumb Code   524  ip4_frag.o(.text.ip4_frag)
    ip4_input                                0x08007c1d   Thumb Code   486  ip4.o(.text.ip4_input)
    ip4_output_if                            0x08007e05   Thumb Code    48  ip4.o(.text.ip4_output_if)
    ip4_output_if_src                        0x08007e35   Thumb Code   198  ip4.o(.text.ip4_output_if_src)
    ip4_reass                                0x08007efd   Thumb Code  1212  ip4_frag.o(.text.ip4_reass)
    ip4_route                                0x080083b9   Thumb Code   116  ip4.o(.text.ip4_route)
    ip_reass_tmr                             0x080084b1   Thumb Code    62  ip4_frag.o(.text.ip_reass_tmr)
    lwip_htonl                               0x080086e5   Thumb Code     4  def.o(.text.lwip_htonl)
    lwip_htons                               0x080086e9   Thumb Code     4  def.o(.text.lwip_htons)
    lwip_init                                0x080086ed   Thumb Code    30  init.o(.text.lwip_init)
    main                                     0x0800870d   Thumb Code   224  main.o(.text.main)
    mem_calloc                               0x080087ed   Thumb Code    42  mem.o(.text.mem_calloc)
    mem_free                                 0x08008819   Thumb Code   212  mem.o(.text.mem_free)
    mem_init                                 0x080088ed   Thumb Code    60  mem.o(.text.mem_init)
    mem_malloc                               0x08008929   Thumb Code   358  mem.o(.text.mem_malloc)
    mem_trim                                 0x08008a91   Thumb Code   194  mem.o(.text.mem_trim)
    memp_free                                0x08008b55   Thumb Code    32  memp.o(.text.memp_free)
    memp_init                                0x08008b75   Thumb Code   966  memp.o(.text.memp_init)
    memp_malloc                              0x08008f3d   Thumb Code    32  memp.o(.text.memp_malloc)
    netif_add                                0x08008f5d   Thumb Code   226  netif.o(.text.netif_add)
    netif_get_by_index                       0x08009041   Thumb Code    88  netif.o(.text.netif_get_by_index)
    netif_init                               0x08009099   Thumb Code     2  netif.o(.text.netif_init)
    netif_set_addr                           0x080090a5   Thumb Code   268  netif.o(.text.netif_set_addr)
    netif_set_default                        0x080091b1   Thumb Code    12  netif.o(.text.netif_set_default)
    netif_set_link_up                        0x080091bd   Thumb Code    82  netif.o(.text.netif_set_link_up)
    netif_set_status_callback                0x08009211   Thumb Code     8  netif.o(.text.netif_set_status_callback)
    netif_set_up                             0x08009219   Thumb Code    68  netif.o(.text.netif_set_up)
    pbuf_add_header                          0x08009291   Thumb Code    74  pbuf.o(.text.pbuf_add_header)
    pbuf_alloc                               0x080092dd   Thumb Code   396  pbuf.o(.text.pbuf_alloc)
    pbuf_alloced_custom                      0x08009469   Thumb Code    62  pbuf.o(.text.pbuf_alloced_custom)
    pbuf_cat                                 0x080094a9   Thumb Code   110  pbuf.o(.text.pbuf_cat)
    pbuf_chain                               0x08009519   Thumb Code   114  pbuf.o(.text.pbuf_chain)
    pbuf_clen                                0x0800958d   Thumb Code    52  pbuf.o(.text.pbuf_clen)
    pbuf_clone                               0x080095c1   Thumb Code   176  pbuf.o(.text.pbuf_clone)
    pbuf_copy                                0x08009671   Thumb Code   206  pbuf.o(.text.pbuf_copy)
    pbuf_copy_partial                        0x08009741   Thumb Code   112  pbuf.o(.text.pbuf_copy_partial)
    pbuf_free                                0x080097b1   Thumb Code    94  pbuf.o(.text.pbuf_free)
    pbuf_free_ooseq                          0x08009811   Thumb Code    76  pbuf.o(.text.pbuf_free_ooseq)
    pbuf_header_force                        0x0800985d   Thumb Code   110  pbuf.o(.text.pbuf_header_force)
    pbuf_realloc                             0x080098cd   Thumb Code   224  pbuf.o(.text.pbuf_realloc)
    pbuf_ref                                 0x080099ad   Thumb Code    14  pbuf.o(.text.pbuf_ref)
    pbuf_remove_header                       0x080099bd   Thumb Code    48  pbuf.o(.text.pbuf_remove_header)
    sys_check_timeouts                       0x080099ed   Thumb Code    84  timeouts.o(.text.sys_check_timeouts)
    sys_now                                  0x08009a41   Thumb Code     4  sys_arch.o(.text.sys_now)
    sys_timeouts_init                        0x08009a45   Thumb Code   670  timeouts.o(.text.sys_timeouts_init)
    tcp_abandon                              0x08009ce5   Thumb Code   558  tcp.o(.text.tcp_abandon)
    tcp_abort                                0x08009f15   Thumb Code     6  tcp.o(.text.tcp_abort)
    tcp_alloc                                0x08009f1d   Thumb Code   616  tcp.o(.text.tcp_alloc)
    tcp_eff_send_mss_netif                   0x0800a50d   Thumb Code    22  tcp.o(.text.tcp_eff_send_mss_netif)
    tcp_enqueue_flags                        0x0800a525   Thumb Code   152  tcp_out.o(.text.tcp_enqueue_flags)
    tcp_fasttmr                              0x0800a5bd   Thumb Code   382  tcp.o(.text.tcp_fasttmr)
    tcp_free                                 0x0800a73d   Thumb Code     8  tcp.o(.text.tcp_free)
    tcp_free_ooseq                           0x0800a745   Thumb Code    44  tcp.o(.text.tcp_free_ooseq)
    tcp_init                                 0x0800a771   Thumb Code    22  tcp.o(.text.tcp_init)
    tcp_input                                0x0800a789   Thumb Code  1104  tcp_in.o(.text.tcp_input)
    tcp_keepalive                            0x0800ac1d   Thumb Code   102  tcp_out.o(.text.tcp_keepalive)
    tcp_netif_ip_addr_changed                0x0800ae11   Thumb Code   184  tcp.o(.text.tcp_netif_ip_addr_changed)
    tcp_next_iss                             0x0800aec9   Thumb Code    26  tcp.o(.text.tcp_next_iss)
    tcp_output                               0x0800af71   Thumb Code   784  tcp_out.o(.text.tcp_output)
    tcp_pcb_purge                            0x0800b3e9   Thumb Code   166  tcp.o(.text.tcp_pcb_purge)
    tcp_pcb_remove                           0x0800b491   Thumb Code   110  tcp.o(.text.tcp_pcb_remove)
    tcp_process_refused_data                 0x0800b9c5   Thumb Code   160  tcp.o(.text.tcp_process_refused_data)
    tcp_recv_null                            0x0800c265   Thumb Code   176  tcp.o(.text.tcp_recv_null)
    tcp_rexmit                               0x0800c315   Thumb Code   132  tcp_out.o(.text.tcp_rexmit)
    tcp_rexmit_fast                          0x0800c399   Thumb Code   186  tcp_out.o(.text.tcp_rexmit_fast)
    tcp_rexmit_rto                           0x0800c455   Thumb Code   186  tcp_out.o(.text.tcp_rexmit_rto)
    tcp_rexmit_rto_commit                    0x0800c511   Thumb Code    18  tcp_out.o(.text.tcp_rexmit_rto_commit)
    tcp_rexmit_rto_prepare                   0x0800c525   Thumb Code   170  tcp_out.o(.text.tcp_rexmit_rto_prepare)
    tcp_rst                                  0x0800c5d1   Thumb Code   234  tcp_out.o(.text.tcp_rst)
    tcp_seg_copy                             0x0800c6bd   Thumb Code    34  tcp.o(.text.tcp_seg_copy)
    tcp_seg_free                             0x0800c6e1   Thumb Code    32  tcp.o(.text.tcp_seg_free)
    tcp_segs_free                            0x0800c701   Thumb Code    44  tcp.o(.text.tcp_segs_free)
    tcp_send_empty_ack                       0x0800c72d   Thumb Code   130  tcp_out.o(.text.tcp_send_empty_ack)
    tcp_send_fin                             0x0800c7b1   Thumb Code   212  tcp_out.o(.text.tcp_send_fin)
    tcp_slowtmr                              0x0800c885   Thumb Code   904  tcp.o(.text.tcp_slowtmr)
    tcp_split_unsent_seg                     0x0800cc25   Thumb Code   336  tcp_out.o(.text.tcp_split_unsent_seg)
    tcp_timer_needed                         0x0800cd75   Thumb Code   180  timeouts.o(.text.tcp_timer_needed)
    tcp_tmr                                  0x0800cead   Thumb Code    34  tcp.o(.text.tcp_tmr)
    tcp_trigger_input_pcb_close              0x0800ced1   Thumb Code    18  tcp_in.o(.text.tcp_trigger_input_pcb_close)
    tcp_update_rcv_ann_wnd                   0x0800cee5   Thumb Code    64  tcp.o(.text.tcp_update_rcv_ann_wnd)
    tcp_zero_window_probe                    0x0800cf25   Thumb Code   224  tcp_out.o(.text.tcp_zero_window_probe)
    udp_bind                                 0x0800d0c5   Thumb Code   350  udp.o(.text.udp_bind)
    udp_connect                              0x0800d225   Thumb Code   386  udp.o(.text.udp_connect)
    udp_init                                 0x0800d3a9   Thumb Code    22  udp.o(.text.udp_init)
    udp_input                                0x0800d3c1   Thumb Code   758  udp.o(.text.udp_input)
    udp_netif_ip_addr_changed                0x0800d6b9   Thumb Code   118  udp.o(.text.udp_netif_ip_addr_changed)
    udp_new                                  0x0800d731   Thumb Code    38  udp.o(.text.udp_new)
    udp_recv                                 0x0800d759   Thumb Code    10  udp.o(.text.udp_recv)
    udp_remove                               0x0800d765   Thumb Code    74  udp.o(.text.udp_remove)
    udp_sendto_if                            0x0800d7b1   Thumb Code    90  udp.o(.text.udp_sendto_if)
    udp_sendto_if_src                        0x0800d80d   Thumb Code   484  udp.o(.text.udp_sendto_if_src)
    _fp_init                                 0x0800d9f1   Thumb Code    26  fpinit.o(x$fpl$fpinit)
    __fplib_config_fpu_vfp                   0x0800da09   Thumb Code     0  fpinit.o(x$fpl$fpinit)
    __fplib_config_pureend_doubles           0x0800da09   Thumb Code     0  fpinit.o(x$fpl$fpinit)
    AHBPrescTable                            0x0800da10   Data          16  system_stm32h5xx.o(.rodata.AHBPrescTable)
    ethbroadcast                             0x0800da20   Data           6  ethernet.o(.rodata.ethbroadcast)
    ethzero                                  0x0800da26   Data           6  ethernet.o(.rodata.ethzero)
    ip_addr_any                              0x0800da2c   Data           4  ip4_addr.o(.rodata.ip_addr_any)
    ip_addr_broadcast                        0x0800da30   Data           4  ip4_addr.o(.rodata.ip_addr_broadcast)
    lwip_cyclic_timers                       0x0800da34   Data          48  timeouts.o(.rodata.lwip_cyclic_timers)
    memp_ARP_QUEUE                           0x0800da64   Data          16  memp.o(.rodata.memp_ARP_QUEUE)
    memp_FRAG_PBUF                           0x0800da74   Data          16  memp.o(.rodata.memp_FRAG_PBUF)
    memp_PBUF                                0x0800da84   Data          16  memp.o(.rodata.memp_PBUF)
    memp_PBUF_POOL                           0x0800da94   Data          16  memp.o(.rodata.memp_PBUF_POOL)
    memp_REASSDATA                           0x0800daa4   Data          16  memp.o(.rodata.memp_REASSDATA)
    memp_SYS_TIMEOUT                         0x0800dab4   Data          16  memp.o(.rodata.memp_SYS_TIMEOUT)
    memp_TCP_PCB                             0x0800dac4   Data          16  memp.o(.rodata.memp_TCP_PCB)
    memp_TCP_PCB_LISTEN                      0x0800dad4   Data          16  memp.o(.rodata.memp_TCP_PCB_LISTEN)
    memp_TCP_SEG                             0x0800dae4   Data          16  memp.o(.rodata.memp_TCP_SEG)
    memp_UDP_PCB                             0x0800daf4   Data          16  memp.o(.rodata.memp_UDP_PCB)
    memp_pools                               0x0800db04   Data          40  memp.o(.rodata.memp_pools)
    Region$$Table$$Base                      0x0800dba8   Number         0  anon$$obj.o(Region$$Table)
    Region$$Table$$Limit                     0x0800dbd8   Number         0  anon$$obj.o(Region$$Table)
    uwTickFreq                               0x20000000   Data           1  stm32h5xx_hal.o(.data..L_MergedGlobals)
    uwTickPrio                               0x20000004   Data           4  stm32h5xx_hal.o(.data..L_MergedGlobals)
    SystemCoreClock                          0x20000010   Data           4  system_stm32h5xx.o(.data.SystemCoreClock)
    _random_number_data                      0x20000018   Data         228  rand.o(.bss)
    phy_link                                 0x200000fc   Data           1  main.o(.bss..L_MergedGlobals)
    phy_speed                                0x200000fd   Data           1  main.o(.bss..L_MergedGlobals)
    phy_duplex                               0x200000fe   Data           1  main.o(.bss..L_MergedGlobals)
    now                                      0x20000104   Data           4  main.o(.bss..L_MergedGlobals)
    hphy                                     0x20000108   Data           8  main.o(.bss..L_MergedGlobals)
    TxConfig                                 0x20000118   Data          56  eth.o(.bss..L_MergedGlobals)
    g_lwip_ipinfo                            0x20000154   Data          15  lwip_app.o(.bss..L_MergedGlobals)
    netif_list                               0x200001e0   Data           4  netif.o(.bss..L_MergedGlobals)
    netif_default                            0x200001e4   Data           4  netif.o(.bss..L_MergedGlobals)
    tcp_input_pcb                            0x20000208   Data           4  tcp_in.o(.bss..L_MergedGlobals)
    dhcp_rx_options_given                    0x20000240   Data           8  dhcp.o(.bss..L_MergedGlobals)
    dhcp_rx_options_val                      0x20000248   Data          32  dhcp.o(.bss..L_MergedGlobals)
    tcp_active_pcbs_changed                  0x20000270   Data           1  tcp.o(.bss..L_MergedGlobals.11)
    tcp_listen_pcbs                          0x20000274   Data           4  tcp.o(.bss..L_MergedGlobals.11)
    tcp_bound_pcbs                           0x20000278   Data           4  tcp.o(.bss..L_MergedGlobals.11)
    tcp_active_pcbs                          0x2000027c   Data           4  tcp.o(.bss..L_MergedGlobals.11)
    tcp_tw_pcbs                              0x20000280   Data           4  tcp.o(.bss..L_MergedGlobals.11)
    tcp_ticks                                0x20000284   Data           4  tcp.o(.bss..L_MergedGlobals.11)
    DMARxDscrTab                             0x20000288   Data          96  eth.o(.bss.DMARxDscrTab)
    DMATxDscrTab                             0x200002e8   Data          96  eth.o(.bss.DMATxDscrTab)
    hdcache1                                 0x20000448   Data          44  dcache.o(.bss.hdcache1)
    heth                                     0x20000474   Data         176  eth.o(.bss.heth)
    hfdcan1                                  0x20000524   Data         100  fdcan.o(.bss.hfdcan1)
    hpcd_USB_DRD_FS                          0x20000588   Data         740  usb.o(.bss.hpcd_USB_DRD_FS)
    hxspi1                                   0x2000086c   Data          92  octospi.o(.bss.hxspi1)
    ip_data                                  0x200008c8   Data          24  ip.o(.bss.ip_data)
    memp_memory_ARP_QUEUE_base               0x200008e2   Data         243  memp.o(.bss.memp_memory_ARP_QUEUE_base)
    memp_memory_FRAG_PBUF_base               0x200009d5   Data         363  memp.o(.bss.memp_memory_FRAG_PBUF_base)
    memp_memory_PBUF_POOL_base               0x20000b40   Data       24835  memp.o(.bss.memp_memory_PBUF_POOL_base)
    memp_memory_PBUF_base                    0x20006c43   Data         259  memp.o(.bss.memp_memory_PBUF_base)
    memp_memory_REASSDATA_base               0x20006d46   Data         163  memp.o(.bss.memp_memory_REASSDATA_base)
    memp_memory_SYS_TIMEOUT_base             0x20006de9   Data         195  memp.o(.bss.memp_memory_SYS_TIMEOUT_base)
    memp_memory_TCP_PCB_LISTEN_base          0x20006eac   Data         171  memp.o(.bss.memp_memory_TCP_PCB_LISTEN_base)
    memp_memory_TCP_PCB_base                 0x20006f57   Data        1563  memp.o(.bss.memp_memory_TCP_PCB_base)
    memp_memory_TCP_SEG_base                 0x20007572   Data         243  memp.o(.bss.memp_memory_TCP_SEG_base)
    memp_memory_UDP_PCB_base                 0x20007665   Data         195  memp.o(.bss.memp_memory_UDP_PCB_base)
    pbuf_free_ooseq_pending                  0x20007728   Data           1  pbuf.o(.bss.pbuf_free_ooseq_pending)
    ram_heap                                 0x20007729   Data       16403  mem.o(.bss.ram_heap)
    udp_pcbs                                 0x2000b740   Data           4  udp.o(.bss.udp_pcbs)
    uwTick                                   0x2000b744   Data           4  stm32h5xx_hal.o(.bss.uwTick)
    __initial_sp                             0x2000bb48   Data           0  startup_stm32h563xx.o(STACK)



==============================================================================

Memory Map of the image

  Image Entry point : 0x0800024d

  Load Region LR_IROM1 (Base: 0x08000000, Size: 0x0000f4c0, Max: 0x00100000, ABSOLUTE, COMPRESSED[0x0000dc34])

    Execution Region ER_IROM1 (Exec base: 0x08000000, Load base: 0x08000000, Size: 0x0000dbd8, Max: 0x00100000, ABSOLUTE)

    Exec Addr    Load Addr    Size         Type   Attr      Idx    E Section Name        Object

    0x08000000   0x08000000   0x0000024c   Data   RO            3    RESET               startup_stm32h563xx.o
    0x0800024c   0x0800024c   0x00000008   Code   RO         2369  * !!!main             c_w.l(__main.o)
    0x08000254   0x08000254   0x0000005c   Code   RO         2574    !!!scatter          c_w.l(__scatter.o)
    0x080002b0   0x080002b0   0x0000003a   Code   RO         2572    !!dczerorl          c_w.l(__dczerorl.o)
    0x080002ea   0x080002ea   0x00000002   PAD
    0x080002ec   0x080002ec   0x0000001a   Code   RO         2578    !!handler_copy      c_w.l(__scatter_copy.o)
    0x08000306   0x08000306   0x00000002   PAD
    0x08000308   0x08000308   0x00000002   Code   RO         2575    !!handler_null      c_w.l(__scatter.o)
    0x0800030a   0x0800030a   0x00000002   PAD
    0x0800030c   0x0800030c   0x0000001c   Code   RO         2580    !!handler_zi        c_w.l(__scatter_zi.o)
    0x08000328   0x08000328   0x00000002   Code   RO         2484    .ARM.Collect$$libinit$$00000000  c_w.l(libinit.o)
    0x0800032a   0x0800032a   0x00000004   Code   RO         2391    .ARM.Collect$$libinit$$00000001  c_w.l(libinit2.o)
    0x0800032e   0x0800032e   0x00000000   Code   RO         2394    .ARM.Collect$$libinit$$00000004  c_w.l(libinit2.o)
    0x0800032e   0x0800032e   0x00000000   Code   RO         2396    .ARM.Collect$$libinit$$00000006  c_w.l(libinit2.o)
    0x0800032e   0x0800032e   0x00000000   Code   RO         2399    .ARM.Collect$$libinit$$0000000C  c_w.l(libinit2.o)
    0x0800032e   0x0800032e   0x00000000   Code   RO         2401    .ARM.Collect$$libinit$$0000000E  c_w.l(libinit2.o)
    0x0800032e   0x0800032e   0x00000004   Code   RO         2402    .ARM.Collect$$libinit$$0000000F  c_w.l(libinit2.o)
    0x08000332   0x08000332   0x00000000   Code   RO         2403    .ARM.Collect$$libinit$$00000010  c_w.l(libinit2.o)
    0x08000332   0x08000332   0x00000000   Code   RO         2406    .ARM.Collect$$libinit$$00000013  c_w.l(libinit2.o)
    0x08000332   0x08000332   0x00000000   Code   RO         2408    .ARM.Collect$$libinit$$00000015  c_w.l(libinit2.o)
    0x08000332   0x08000332   0x00000000   Code   RO         2410    .ARM.Collect$$libinit$$00000017  c_w.l(libinit2.o)
    0x08000332   0x08000332   0x00000000   Code   RO         2412    .ARM.Collect$$libinit$$00000019  c_w.l(libinit2.o)
    0x08000332   0x08000332   0x00000000   Code   RO         2414    .ARM.Collect$$libinit$$0000001B  c_w.l(libinit2.o)
    0x08000332   0x08000332   0x00000000   Code   RO         2416    .ARM.Collect$$libinit$$0000001D  c_w.l(libinit2.o)
    0x08000332   0x08000332   0x00000000   Code   RO         2418    .ARM.Collect$$libinit$$0000001F  c_w.l(libinit2.o)
    0x08000332   0x08000332   0x00000000   Code   RO         2420    .ARM.Collect$$libinit$$00000021  c_w.l(libinit2.o)
    0x08000332   0x08000332   0x00000000   Code   RO         2422    .ARM.Collect$$libinit$$00000023  c_w.l(libinit2.o)
    0x08000332   0x08000332   0x00000000   Code   RO         2424    .ARM.Collect$$libinit$$00000025  c_w.l(libinit2.o)
    0x08000332   0x08000332   0x00000000   Code   RO         2426    .ARM.Collect$$libinit$$00000027  c_w.l(libinit2.o)
    0x08000332   0x08000332   0x00000000   Code   RO         2430    .ARM.Collect$$libinit$$0000002E  c_w.l(libinit2.o)
    0x08000332   0x08000332   0x00000000   Code   RO         2432    .ARM.Collect$$libinit$$00000030  c_w.l(libinit2.o)
    0x08000332   0x08000332   0x00000000   Code   RO         2434    .ARM.Collect$$libinit$$00000032  c_w.l(libinit2.o)
    0x08000332   0x08000332   0x00000000   Code   RO         2436    .ARM.Collect$$libinit$$00000034  c_w.l(libinit2.o)
    0x08000332   0x08000332   0x00000002   Code   RO         2437    .ARM.Collect$$libinit$$00000035  c_w.l(libinit2.o)
    0x08000334   0x08000334   0x00000002   Code   RO         2531    .ARM.Collect$$libshutdown$$00000000  c_w.l(libshutdown.o)
    0x08000336   0x08000336   0x00000000   Code   RO         2539    .ARM.Collect$$libshutdown$$00000002  c_w.l(libshutdown2.o)
    0x08000336   0x08000336   0x00000000   Code   RO         2541    .ARM.Collect$$libshutdown$$00000004  c_w.l(libshutdown2.o)
    0x08000336   0x08000336   0x00000000   Code   RO         2544    .ARM.Collect$$libshutdown$$00000007  c_w.l(libshutdown2.o)
    0x08000336   0x08000336   0x00000000   Code   RO         2547    .ARM.Collect$$libshutdown$$0000000A  c_w.l(libshutdown2.o)
    0x08000336   0x08000336   0x00000000   Code   RO         2549    .ARM.Collect$$libshutdown$$0000000C  c_w.l(libshutdown2.o)
    0x08000336   0x08000336   0x00000000   Code   RO         2552    .ARM.Collect$$libshutdown$$0000000F  c_w.l(libshutdown2.o)
    0x08000336   0x08000336   0x00000002   Code   RO         2553    .ARM.Collect$$libshutdown$$00000010  c_w.l(libshutdown2.o)
    0x08000338   0x08000338   0x00000000   Code   RO         2371    .ARM.Collect$$rtentry$$00000000  c_w.l(__rtentry.o)
    0x08000338   0x08000338   0x00000000   Code   RO         2442    .ARM.Collect$$rtentry$$00000002  c_w.l(__rtentry2.o)
    0x08000338   0x08000338   0x00000004   Code   RO         2456    .ARM.Collect$$rtentry$$00000005  c_w.l(__rtentry5.o)
    0x0800033c   0x0800033c   0x00000000   Code   RO         2444    .ARM.Collect$$rtentry$$00000009  c_w.l(__rtentry2.o)
    0x0800033c   0x0800033c   0x00000004   Code   RO         2445    .ARM.Collect$$rtentry$$0000000A  c_w.l(__rtentry2.o)
    0x08000340   0x08000340   0x00000000   Code   RO         2447    .ARM.Collect$$rtentry$$0000000C  c_w.l(__rtentry2.o)
    0x08000340   0x08000340   0x00000008   Code   RO         2448    .ARM.Collect$$rtentry$$0000000D  c_w.l(__rtentry2.o)
    0x08000348   0x08000348   0x00000004   Code   RO         2457    .ARM.Collect$$rtentry$$00002716  c_w.l(__rtentry5.o)
    0x0800034c   0x0800034c   0x00000002   Code   RO         2493    .ARM.Collect$$rtexit$$00000000  c_w.l(rtexit.o)
    0x0800034e   0x0800034e   0x00000000   Code   RO         2509    .ARM.Collect$$rtexit$$00000002  c_w.l(rtexit2.o)
    0x0800034e   0x0800034e   0x00000004   Code   RO         2510    .ARM.Collect$$rtexit$$00000003  c_w.l(rtexit2.o)
    0x08000352   0x08000352   0x00000006   Code   RO         2511    .ARM.Collect$$rtexit$$00000004  c_w.l(rtexit2.o)
    0x08000358   0x08000358   0x00000034   Code   RO         2348    .emb_text           c_w.l(rand.o)
    0x0800038c   0x0800038c   0x00000030   Code   RO            4    .text               startup_stm32h563xx.o
    0x080003bc   0x080003bc   0x0000003c   Code   RO         2349    .text               c_w.l(rand.o)
    0x080003f8   0x080003f8   0x00000058   Code   RO         2353    .text               c_w.l(memcmp.o)
    0x08000450   0x08000450   0x0000003e   Code   RO         2355    .text               c_w.l(strlen.o)
    0x0800048e   0x0800048e   0x0000008a   Code   RO         2359    .text               c_w.l(rt_memcpy_v6.o)
    0x08000518   0x08000518   0x00000044   Code   RO         2363    .text               c_w.l(rt_memclr.o)
    0x0800055c   0x0800055c   0x0000004e   Code   RO         2365    .text               c_w.l(rt_memclr_w.o)
    0x080005aa   0x080005aa   0x00000006   Code   RO         2367    .text               c_w.l(heapauxi.o)
    0x080005b0   0x080005b0   0x00000064   Code   RO         2387    .text               c_w.l(rt_memcpy_w.o)
    0x08000614   0x08000614   0x00000012   Code   RO         2473    .text               c_w.l(exit.o)
    0x08000626   0x08000626   0x00000002   Code   RO         2505    .text               c_w.l(use_no_semi.o)
    0x08000628   0x08000628   0x00000000   Code   RO         2507    .text               c_w.l(indicate_semi.o)
    0x08000628   0x08000628   0x0000000c   Code   RO         2521    .text               c_w.l(sys_exit.o)
    0x08000634   0x08000634   0x000000e8   Code   RO           88    .text.BSP_LAN8742_GetBasicStatus  bsp_lan8742.o
    0x0800071c   0x0800071c   0x00000064   Code   RO           74    .text.BSP_LAN8742_InitOrDetect  bsp_lan8742.o
    0x08000780   0x08000780   0x00000092   Code   RO           78    .text.BSP_LAN8742_Reset  bsp_lan8742.o
    0x08000812   0x08000812   0x00000002   PAD
    0x08000814   0x08000814   0x00000002   Code   RO          220    .text.BusFault_Handler  stm32h5xx_it.o
    0x08000816   0x08000816   0x00000002   PAD
    0x08000818   0x08000818   0x00000002   Code   RO          226    .text.DebugMon_Handler  stm32h5xx_it.o
    0x0800081a   0x0800081a   0x00000002   PAD
    0x0800081c   0x0800081c   0x0000000c   Code   RO          232    .text.ETH_IRQHandler  stm32h5xx_it.o
    0x08000828   0x08000828   0x00000414   Code   RO         1031    .text.ETH_Prepare_Tx_Descriptors  stm32h5xx_hal_eth.o
    0x08000c3c   0x08000c3c   0x0000016c   Code   RO         1083    .text.ETH_SetMACConfig  stm32h5xx_hal_eth.o
    0x08000da8   0x08000da8   0x00000006   Code   RO           17    .text.Error_Handler  main.o
    0x08000dae   0x08000dae   0x00000002   PAD
    0x08000db0   0x08000db0   0x00000002   Code   RO          313    .text.HAL_DCACHE_CleanAndInvalidateByAddrCallback  stm32h5xx_hal_dcache.o
    0x08000db2   0x08000db2   0x00000002   PAD
    0x08000db4   0x08000db4   0x00000002   Code   RO          307    .text.HAL_DCACHE_CleanByAddrCallback  stm32h5xx_hal_dcache.o
    0x08000db6   0x08000db6   0x00000002   PAD
    0x08000db8   0x08000db8   0x00000002   Code   RO          305    .text.HAL_DCACHE_ErrorCallback  stm32h5xx_hal_dcache.o
    0x08000dba   0x08000dba   0x00000002   PAD
    0x08000dbc   0x08000dbc   0x00000092   Code   RO          303    .text.HAL_DCACHE_Init  stm32h5xx_hal_dcache.o
    0x08000e4e   0x08000e4e   0x00000002   PAD
    0x08000e50   0x08000e50   0x00000002   Code   RO          309    .text.HAL_DCACHE_InvalidateByAddrCallback  stm32h5xx_hal_dcache.o
    0x08000e52   0x08000e52   0x00000002   PAD
    0x08000e54   0x08000e54   0x00000002   Code   RO          311    .text.HAL_DCACHE_InvalidateCompleteCallback  stm32h5xx_hal_dcache.o
    0x08000e56   0x08000e56   0x00000002   PAD
    0x08000e58   0x08000e58   0x00000030   Code   RO           42    .text.HAL_DCACHE_MspInit  dcache.o
    0x08000e88   0x08000e88   0x00000028   Code   RO          869    .text.HAL_Delay     stm32h5xx_hal.o
    0x08000eb0   0x08000eb0   0x00000002   Code   RO         1069    .text.HAL_ETH_EEECallback  stm32h5xx_hal_eth.o
    0x08000eb2   0x08000eb2   0x00000002   PAD
    0x08000eb4   0x08000eb4   0x0000001e   Code   RO          128    .text.HAL_ETH_ErrorCallback  ethernetif.o
    0x08000ed2   0x08000ed2   0x00000002   PAD
    0x08000ed4   0x08000ed4   0x00000006   Code   RO         1107    .text.HAL_ETH_GetDMAError  stm32h5xx_hal_eth.o
    0x08000eda   0x08000eda   0x00000002   PAD
    0x08000edc   0x08000edc   0x0000013c   Code   RO         1059    .text.HAL_ETH_IRQHandler  stm32h5xx_hal_eth.o
    0x08001018   0x08001018   0x00000328   Code   RO         1011    .text.HAL_ETH_Init  stm32h5xx_hal_eth.o
    0x08001340   0x08001340   0x00000104   Code   RO           57    .text.HAL_ETH_MspInit  eth.o
    0x08001444   0x08001444   0x00000002   Code   RO         1067    .text.HAL_ETH_PMTCallback  stm32h5xx_hal_eth.o
    0x08001446   0x08001446   0x00000002   PAD
    0x08001448   0x08001448   0x000001e4   Code   RO         1035    .text.HAL_ETH_ReadData  stm32h5xx_hal_eth.o
    0x0800162c   0x0800162c   0x00000060   Code   RO         1073    .text.HAL_ETH_ReadPHYRegister  stm32h5xx_hal_eth.o
    0x0800168c   0x0800168c   0x0000002a   Code   RO          114    .text.HAL_ETH_RxAllocateCallback  ethernetif.o
    0x080016b6   0x080016b6   0x00000002   PAD
    0x080016b8   0x080016b8   0x00000002   Code   RO          126    .text.HAL_ETH_RxCpltCallback  ethernetif.o
    0x080016ba   0x080016ba   0x00000002   PAD
    0x080016bc   0x080016bc   0x0000004e   Code   RO          116    .text.HAL_ETH_RxLinkCallback  ethernetif.o
    0x0800170a   0x0800170a   0x00000002   PAD
    0x0800170c   0x0800170c   0x00000194   Code   RO         1023    .text.HAL_ETH_Start_IT  stm32h5xx_hal_eth.o
    0x080018a0   0x080018a0   0x00000096   Code   RO         1027    .text.HAL_ETH_Stop_IT  stm32h5xx_hal_eth.o
    0x08001936   0x08001936   0x00000002   PAD
    0x08001938   0x08001938   0x00000144   Code   RO         1029    .text.HAL_ETH_Transmit  stm32h5xx_hal_eth.o
    0x08001a7c   0x08001a7c   0x00000002   Code   RO          124    .text.HAL_ETH_TxCpltCallback  ethernetif.o
    0x08001a7e   0x08001a7e   0x00000002   PAD
    0x08001a80   0x08001a80   0x00000002   Code   RO         1071    .text.HAL_ETH_WakeUpCallback  stm32h5xx_hal_eth.o
    0x08001a82   0x08001a82   0x00000002   PAD
    0x08001a84   0x08001a84   0x0000005a   Code   RO         1075    .text.HAL_ETH_WritePHYRegister  stm32h5xx_hal_eth.o
    0x08001ade   0x08001ade   0x00000002   PAD
    0x08001ae0   0x08001ae0   0x00000244   Code   RO         1171    .text.HAL_FDCAN_Init  stm32h5xx_hal_fdcan.o
    0x08001d24   0x08001d24   0x0000009a   Code   RO          152    .text.HAL_FDCAN_MspInit  fdcan.o
    0x08001dbe   0x08001dbe   0x00000002   PAD
    0x08001dc0   0x08001dc0   0x00000188   Code   RO          570    .text.HAL_GPIO_Init  stm32h5xx_hal_gpio.o
    0x08001f48   0x08001f48   0x0000000c   Code   RO          576    .text.HAL_GPIO_WritePin  stm32h5xx_hal_gpio.o
    0x08001f54   0x08001f54   0x0000000c   Code   RO          861    .text.HAL_GetTick   stm32h5xx_hal.o
    0x08001f60   0x08001f60   0x0000000c   Code   RO          881    .text.HAL_GetUIDw0  stm32h5xx_hal.o
    0x08001f6c   0x08001f6c   0x0000000c   Code   RO          885    .text.HAL_GetUIDw2  stm32h5xx_hal.o
    0x08001f78   0x08001f78   0x00000014   Code   RO         1304    .text.HAL_ICACHE_Enable  stm32h5xx_hal_icache.o
    0x08001f8c   0x08001f8c   0x0000004c   Code   RO         1332    .text.HAL_ICACHE_EnableRemapRegion  stm32h5xx_hal_icache.o
    0x08001fd8   0x08001fd8   0x0000001a   Code   RO          859    .text.HAL_IncTick   stm32h5xx_hal.o
    0x08001ff2   0x08001ff2   0x00000002   PAD
    0x08001ff4   0x08001ff4   0x0000004c   Code   RO          849    .text.HAL_Init      stm32h5xx_hal.o
    0x08002040   0x08002040   0x000000a8   Code   RO          851    .text.HAL_InitTick  stm32h5xx_hal.o
    0x080020e8   0x080020e8   0x0000003e   Code   RO          293    .text.HAL_MPU_ConfigMemoryAttributes  stm32h5xx_hal_cortex.o
    0x08002126   0x08002126   0x00000002   PAD
    0x08002128   0x08002128   0x0000004c   Code   RO          291    .text.HAL_MPU_ConfigRegion  stm32h5xx_hal_cortex.o
    0x08002174   0x08002174   0x00000026   Code   RO          285    .text.HAL_MPU_Disable  stm32h5xx_hal_cortex.o
    0x0800219a   0x0800219a   0x00000002   PAD
    0x0800219c   0x0800219c   0x00000024   Code   RO          283    .text.HAL_MPU_Enable  stm32h5xx_hal_cortex.o
    0x080021c0   0x080021c0   0x00000002   Code   RO          241    .text.HAL_MspInit   stm32h5xx_hal_msp.o
    0x080021c2   0x080021c2   0x00000002   PAD
    0x080021c4   0x080021c4   0x00000022   Code   RO          253    .text.HAL_NVIC_EnableIRQ  stm32h5xx_hal_cortex.o
    0x080021e6   0x080021e6   0x00000002   PAD
    0x080021e8   0x080021e8   0x00000056   Code   RO          251    .text.HAL_NVIC_SetPriority  stm32h5xx_hal_cortex.o
    0x0800223e   0x0800223e   0x00000002   PAD
    0x08002240   0x08002240   0x00000020   Code   RO          249    .text.HAL_NVIC_SetPriorityGrouping  stm32h5xx_hal_cortex.o
    0x08002260   0x08002260   0x00000022   Code   RO         1544    .text.HAL_PCDEx_ActivateLPM  stm32h5xx_hal_pcd_ex.o
    0x08002282   0x08002282   0x00000002   PAD
    0x08002284   0x08002284   0x00000256   Code   RO         1460    .text.HAL_PCD_Init  stm32h5xx_hal_pcd.o
    0x080024da   0x080024da   0x00000002   PAD
    0x080024dc   0x080024dc   0x00000060   Code   RO          201    .text.HAL_PCD_MspInit  usb.o
    0x0800253c   0x0800253c   0x00000012   Code   RO          787    .text.HAL_PWREx_EnableVddUSB  stm32h5xx_hal_pwr_ex.o
    0x0800254e   0x0800254e   0x00000002   PAD
    0x08002550   0x08002550   0x00001080   Code   RO          419    .text.HAL_RCCEx_PeriphCLKConfig  stm32h5xx_hal_rcc_ex.o
    0x080035d0   0x080035d0   0x0000025e   Code   RO          383    .text.HAL_RCC_ClockConfig  stm32h5xx_hal_rcc.o
    0x0800382e   0x0800382e   0x00000002   PAD
    0x08003830   0x08003830   0x00000030   Code   RO          381    .text.HAL_RCC_GetHCLKFreq  stm32h5xx_hal_rcc.o
    0x08003860   0x08003860   0x0000012c   Code   RO          385    .text.HAL_RCC_GetSysClockFreq  stm32h5xx_hal_rcc.o
    0x0800398c   0x0800398c   0x00000642   Code   RO          379    .text.HAL_RCC_OscConfig  stm32h5xx_hal_rcc.o
    0x08003fce   0x08003fce   0x00000002   PAD
    0x08003fd0   0x08003fd0   0x00000014   Code   RO          905    .text.HAL_SBS_ETHInterfaceSelect  stm32h5xx_hal.o
    0x08003fe4   0x08003fe4   0x00000076   Code   RO          275    .text.HAL_SYSTICK_CLKSourceConfig  stm32h5xx_hal_cortex.o
    0x0800405a   0x0800405a   0x00000002   PAD
    0x0800405c   0x0800405c   0x00000024   Code   RO          273    .text.HAL_SYSTICK_Config  stm32h5xx_hal_cortex.o
    0x08004080   0x08004080   0x00000030   Code   RO          277    .text.HAL_SYSTICK_GetCLKSourceConfig  stm32h5xx_hal_cortex.o
    0x080040b0   0x080040b0   0x00000128   Code   RO         1344    .text.HAL_XSPI_Init  stm32h5xx_hal_xspi.o
    0x080041d8   0x080041d8   0x00000128   Code   RO          186    .text.HAL_XSPI_MspInit  octospi.o
    0x08004300   0x08004300   0x00000002   Code   RO          216    .text.HardFault_Handler  stm32h5xx_it.o
    0x08004302   0x08004302   0x00000002   PAD
    0x08004304   0x08004304   0x0000007a   Code   RO           99    .text.LWIP_APP_Init  lwip_app.o
    0x0800437e   0x0800437e   0x00000002   PAD
    0x08004380   0x08004380   0x00000080   Code   RO          103    .text.LWIP_APP_Poll  lwip_app.o
    0x08004400   0x08004400   0x0000002a   Code   RO           40    .text.MX_DCACHE1_Init  dcache.o
    0x0800442a   0x0800442a   0x00000002   PAD
    0x0800442c   0x0800442c   0x00000098   Code   RO           55    .text.MX_ETH_Init   eth.o
    0x080044c4   0x080044c4   0x0000004c   Code   RO          150    .text.MX_FDCAN1_Init  fdcan.o
    0x08004510   0x08004510   0x000000f0   Code   RO           31    .text.MX_GPIO_Init  gpio.o
    0x08004600   0x08004600   0x00000034   Code   RO          165    .text.MX_ICACHE_Init  icache.o
    0x08004634   0x08004634   0x00000054   Code   RO          184    .text.MX_OCTOSPI1_Init  octospi.o
    0x08004688   0x08004688   0x0000003a   Code   RO          199    .text.MX_USB_PCD_Init  usb.o
    0x080046c2   0x080046c2   0x00000002   PAD
    0x080046c4   0x080046c4   0x00000002   Code   RO          218    .text.MemManage_Handler  stm32h5xx_it.o
    0x080046c6   0x080046c6   0x00000002   PAD
    0x080046c8   0x080046c8   0x00000002   Code   RO          214    .text.NMI_Handler   stm32h5xx_it.o
    0x080046ca   0x080046ca   0x00000002   PAD
    0x080046cc   0x080046cc   0x00000002   Code   RO          228    .text.PendSV_Handler  stm32h5xx_it.o
    0x080046ce   0x080046ce   0x00000002   PAD
    0x080046d0   0x080046d0   0x000000ea   Code   RO          421    .text.RCCEx_PLL2_Config  stm32h5xx_hal_rcc_ex.o
    0x080047ba   0x080047ba   0x00000002   PAD
    0x080047bc   0x080047bc   0x000000ea   Code   RO          423    .text.RCCEx_PLL3_Config  stm32h5xx_hal_rcc_ex.o
    0x080048a6   0x080048a6   0x00000002   PAD
    0x080048a8   0x080048a8   0x00000002   Code   RO          224    .text.SVC_Handler   stm32h5xx_it.o
    0x080048aa   0x080048aa   0x00000002   PAD
    0x080048ac   0x080048ac   0x00000004   Code   RO          230    .text.SysTick_Handler  stm32h5xx_it.o
    0x080048b0   0x080048b0   0x000000ca   Code   RO           15    .text.SystemClock_Config  main.o
    0x0800497a   0x0800497a   0x00000002   PAD
    0x0800497c   0x0800497c   0x000000b4   Code   RO         1620    .text.SystemInit    system_stm32h5xx.o
    0x08004a30   0x08004a30   0x00000020   Code   RO         1558    .text.USB_CoreInit  stm32h5xx_ll_usb.o
    0x08004a50   0x08004a50   0x0000000e   Code   RO         1592    .text.USB_DevDisconnect  stm32h5xx_ll_usb.o
    0x08004a5e   0x08004a5e   0x00000002   PAD
    0x08004a60   0x08004a60   0x0000001e   Code   RO         1566    .text.USB_DevInit   stm32h5xx_ll_usb.o
    0x08004a7e   0x08004a7e   0x00000002   PAD
    0x08004a80   0x08004a80   0x00000012   Code   RO         1562    .text.USB_DisableGlobalInt  stm32h5xx_ll_usb.o
    0x08004a92   0x08004a92   0x00000002   PAD
    0x08004a94   0x08004a94   0x00000024   Code   RO         1564    .text.USB_SetCurrentMode  stm32h5xx_ll_usb.o
    0x08004ab8   0x08004ab8   0x00000002   Code   RO          222    .text.UsageFault_Handler  stm32h5xx_it.o
    0x08004aba   0x08004aba   0x00000002   PAD
    0x08004abc   0x08004abc   0x00000018   Code   RO         2136    .text.autoip_accept_packet  autoip.o
    0x08004ad4   0x08004ad4   0x00000082   Code   RO         2132    .text.autoip_arp_reply  autoip.o
    0x08004b56   0x08004b56   0x00000002   PAD
    0x08004b58   0x08004b58   0x00000056   Code   RO         2126    .text.autoip_network_changed  autoip.o
    0x08004bae   0x08004bae   0x00000002   PAD
    0x08004bb0   0x08004bb0   0x000000e4   Code   RO         2124    .text.autoip_start  autoip.o
    0x08004c94   0x08004c94   0x00000030   Code   RO         2128    .text.autoip_stop   autoip.o
    0x08004cc4   0x08004cc4   0x0000001c   Code   RO         2134    .text.autoip_supplied_address  autoip.o
    0x08004ce0   0x08004ce0   0x00000106   Code   RO         2130    .text.autoip_tmr    autoip.o
    0x08004de6   0x08004de6   0x00000002   PAD
    0x08004de8   0x08004de8   0x00000146   Code   RO         2168    .text.dhcp_arp_reply  dhcp.o
    0x08004f2e   0x08004f2e   0x00000002   PAD
    0x08004f30   0x08004f30   0x000000f2   Code   RO         2182    .text.dhcp_bind     dhcp.o
    0x08005022   0x08005022   0x00000002   PAD
    0x08005024   0x08005024   0x0000002e   Code   RO         2180    .text.dhcp_check    dhcp.o
    0x08005052   0x08005052   0x00000002   PAD
    0x08005054   0x08005054   0x000002e6   Code   RO         2146    .text.dhcp_coarse_tmr  dhcp.o
    0x0800533a   0x0800533a   0x00000002   PAD
    0x0800533c   0x0800533c   0x000000fc   Code   RO         2162    .text.dhcp_create_msg  dhcp.o
    0x08005438   0x08005438   0x0000015e   Code   RO         2158    .text.dhcp_discover  dhcp.o
    0x08005596   0x08005596   0x00000002   PAD
    0x08005598   0x08005598   0x000000b4   Code   RO         2152    .text.dhcp_fine_tmr  dhcp.o
    0x0800564c   0x0800564c   0x0000006e   Code   RO         2186    .text.dhcp_handle_ack  dhcp.o
    0x080056ba   0x080056ba   0x00000002   PAD
    0x080056bc   0x080056bc   0x00000032   Code   RO         2188    .text.dhcp_handle_nak  dhcp.o
    0x080056ee   0x080056ee   0x00000002   PAD
    0x080056f0   0x080056f0   0x00000034   Code   RO         2190    .text.dhcp_handle_offer  dhcp.o
    0x08005724   0x08005724   0x00000046   Code   RO         2164    .text.dhcp_network_changed  dhcp.o
    0x0800576a   0x0800576a   0x00000002   PAD
    0x0800576c   0x0800576c   0x00000220   Code   RO         2166    .text.dhcp_reboot   dhcp.o
    0x0800598c   0x0800598c   0x000004be   Code   RO         2184    .text.dhcp_recv     dhcp.o
    0x08005e4a   0x08005e4a   0x00000002   PAD
    0x08005e4c   0x08005e4c   0x00000190   Code   RO         2148    .text.dhcp_release_and_stop  dhcp.o
    0x08005fdc   0x08005fdc   0x000001da   Code   RO         2170    .text.dhcp_renew    dhcp.o
    0x080061b6   0x080061b6   0x00000002   PAD
    0x080061b8   0x080061b8   0x00000298   Code   RO         2178    .text.dhcp_select   dhcp.o
    0x08006450   0x08006450   0x00000100   Code   RO         2150    .text.dhcp_start    dhcp.o
    0x08006550   0x08006550   0x00000024   Code   RO         2172    .text.dhcp_supplied_address  dhcp.o
    0x08006574   0x08006574   0x00000806   Code   RO         2212    .text.etharp_find_entry  etharp.o
    0x08006d7a   0x08006d7a   0x00000002   PAD
    0x08006d7c   0x08006d7c   0x000000bc   Code   RO         2220    .text.etharp_input  etharp.o
    0x08006e38   0x08006e38   0x00000214   Code   RO         2224    .text.etharp_output  etharp.o
    0x0800704c   0x0800704c   0x0000006a   Code   RO         2226    .text.etharp_output_to_arp_index  etharp.o
    0x080070b6   0x080070b6   0x00000002   PAD
    0x080070b8   0x080070b8   0x000001a4   Code   RO         2228    .text.etharp_query  etharp.o
    0x0800725c   0x0800725c   0x000000be   Code   RO         2222    .text.etharp_raw    etharp.o
    0x0800731a   0x0800731a   0x00000002   PAD
    0x0800731c   0x0800731c   0x0000000c   Code   RO         2204    .text.etharp_request  etharp.o
    0x08007328   0x08007328   0x000000a6   Code   RO         2230    .text.etharp_request_dst  etharp.o
    0x080073ce   0x080073ce   0x00000002   PAD
    0x080073d0   0x080073d0   0x000000d4   Code   RO         2202    .text.etharp_tmr    etharp.o
    0x080074a4   0x080074a4   0x000000d8   Code   RO         2208    .text.etharp_update_arp_entry  etharp.o
    0x0800757c   0x0800757c   0x000000ae   Code   RO         2329    .text.ethernet_input  ethernet.o
    0x0800762a   0x0800762a   0x00000002   PAD
    0x0800762c   0x0800762c   0x00000050   Code   RO         2331    .text.ethernet_output  ethernet.o
    0x0800767c   0x0800767c   0x000000fe   Code   RO          120    .text.ethernetif_init  ethernetif.o
    0x0800777a   0x0800777a   0x00000002   PAD
    0x0800777c   0x0800777c   0x00000052   Code   RO          118    .text.ethernetif_input  ethernetif.o
    0x080077ce   0x080077ce   0x00000002   PAD
    0x080077d0   0x080077d0   0x00000076   Code   RO         2244    .text.icmp_dest_unreach  icmp.o
    0x08007846   0x08007846   0x00000002   PAD
    0x08007848   0x08007848   0x0000011e   Code   RO         2242    .text.icmp_input    icmp.o
    0x08007966   0x08007966   0x00000002   PAD
    0x08007968   0x08007968   0x00000076   Code   RO         2246    .text.icmp_time_exceeded  icmp.o
    0x080079de   0x080079de   0x00000002   PAD
    0x080079e0   0x080079e0   0x0000002e   Code   RO         2276    .text.ip4_addr_isbroadcast_u32  ip4_addr.o
    0x08007a0e   0x08007a0e   0x00000002   PAD
    0x08007a10   0x08007a10   0x0000020c   Code   RO         2305    .text.ip4_frag      ip4_frag.o
    0x08007c1c   0x08007c1c   0x000001e6   Code   RO         2259    .text.ip4_input     ip4.o
    0x08007e02   0x08007e02   0x00000002   PAD
    0x08007e04   0x08007e04   0x00000030   Code   RO         2261    .text.ip4_output_if  ip4.o
    0x08007e34   0x08007e34   0x000000c6   Code   RO         2263    .text.ip4_output_if_src  ip4.o
    0x08007efa   0x08007efa   0x00000002   PAD
    0x08007efc   0x08007efc   0x000004bc   Code   RO         2303    .text.ip4_reass     ip4_frag.o
    0x080083b8   0x080083b8   0x00000074   Code   RO         2257    .text.ip4_route     ip4.o
    0x0800842c   0x0800842c   0x00000082   Code   RO         2301    .text.ip_reass_free_complete_datagram  ip4_frag.o
    0x080084ae   0x080084ae   0x00000002   PAD
    0x080084b0   0x080084b0   0x0000003e   Code   RO         2299    .text.ip_reass_tmr  ip4_frag.o
    0x080084ee   0x080084ee   0x00000002   PAD
    0x080084f0   0x080084f0   0x0000001a   Code   RO         2307    .text.ipfrag_free_pbuf_custom  ip4_frag.o
    0x0800850a   0x0800850a   0x00000002   PAD
    0x0800850c   0x0800850c   0x0000009e   Code   RO          122    .text.low_level_output  ethernetif.o
    0x080085aa   0x080085aa   0x00000002   PAD
    0x080085ac   0x080085ac   0x00000136   Code   RO         2058    .text.lwip_cyclic_timer  timeouts.o
    0x080086e2   0x080086e2   0x00000002   PAD
    0x080086e4   0x080086e4   0x00000004   Code   RO         1645    .text.lwip_htonl    def.o
    0x080086e8   0x080086e8   0x00000004   Code   RO         1643    .text.lwip_htons    def.o
    0x080086ec   0x080086ec   0x0000001e   Code   RO         1635    .text.lwip_init     init.o
    0x0800870a   0x0800870a   0x00000002   PAD
    0x0800870c   0x0800870c   0x000000e0   Code   RO           13    .text.main          main.o
    0x080087ec   0x080087ec   0x0000002a   Code   RO         1700    .text.mem_calloc    mem.o
    0x08008816   0x08008816   0x00000002   PAD
    0x08008818   0x08008818   0x000000d4   Code   RO         1694    .text.mem_free      mem.o
    0x080088ec   0x080088ec   0x0000003c   Code   RO         1692    .text.mem_init      mem.o
    0x08008928   0x08008928   0x00000166   Code   RO         1698    .text.mem_malloc    mem.o
    0x08008a8e   0x08008a8e   0x00000002   PAD
    0x08008a90   0x08008a90   0x000000c2   Code   RO         1696    .text.mem_trim      mem.o
    0x08008b52   0x08008b52   0x00000002   PAD
    0x08008b54   0x08008b54   0x00000020   Code   RO         1722    .text.memp_free     memp.o
    0x08008b74   0x08008b74   0x000003c6   Code   RO         1714    .text.memp_init     memp.o
    0x08008f3a   0x08008f3a   0x00000002   PAD
    0x08008f3c   0x08008f3c   0x00000020   Code   RO         1718    .text.memp_malloc   memp.o
    0x08008f5c   0x08008f5c   0x000000e2   Code   RO         1761    .text.netif_add     netif.o
    0x0800903e   0x0800903e   0x00000002   PAD
    0x08009040   0x08009040   0x00000058   Code   RO         1795    .text.netif_get_by_index  netif.o
    0x08009098   0x08009098   0x00000002   Code   RO         1755    .text.netif_init    netif.o
    0x0800909a   0x0800909a   0x00000002   PAD
    0x0800909c   0x0800909c   0x00000006   Code   RO         1763    .text.netif_null_output_ip4  netif.o
    0x080090a2   0x080090a2   0x00000002   PAD
    0x080090a4   0x080090a4   0x0000010c   Code   RO         1765    .text.netif_set_addr  netif.o
    0x080091b0   0x080091b0   0x0000000c   Code   RO         1777    .text.netif_set_default  netif.o
    0x080091bc   0x080091bc   0x00000052   Code   RO         1783    .text.netif_set_link_up  netif.o
    0x0800920e   0x0800920e   0x00000002   PAD
    0x08009210   0x08009210   0x00000008   Code   RO         1781    .text.netif_set_status_callback  netif.o
    0x08009218   0x08009218   0x00000044   Code   RO         1779    .text.netif_set_up  netif.o
    0x0800925c   0x0800925c   0x00000034   Code   RO          101    .text.netif_status_cb  lwip_app.o
    0x08009290   0x08009290   0x0000004a   Code   RO         1818    .text.pbuf_add_header  pbuf.o
    0x080092da   0x080092da   0x00000002   PAD
    0x080092dc   0x080092dc   0x0000018c   Code   RO         1808    .text.pbuf_alloc    pbuf.o
    0x08009468   0x08009468   0x0000003e   Code   RO         1814    .text.pbuf_alloced_custom  pbuf.o
    0x080094a6   0x080094a6   0x00000002   PAD
    0x080094a8   0x080094a8   0x0000006e   Code   RO         1834    .text.pbuf_cat      pbuf.o
    0x08009516   0x08009516   0x00000002   PAD
    0x08009518   0x08009518   0x00000072   Code   RO         1836    .text.pbuf_chain    pbuf.o
    0x0800958a   0x0800958a   0x00000002   PAD
    0x0800958c   0x0800958c   0x00000034   Code   RO         1830    .text.pbuf_clen     pbuf.o
    0x080095c0   0x080095c0   0x000000b0   Code   RO         1856    .text.pbuf_clone    pbuf.o
    0x08009670   0x08009670   0x000000ce   Code   RO         1840    .text.pbuf_copy     pbuf.o
    0x0800973e   0x0800973e   0x00000002   PAD
    0x08009740   0x08009740   0x00000070   Code   RO         1844    .text.pbuf_copy_partial  pbuf.o
    0x080097b0   0x080097b0   0x0000005e   Code   RO         1812    .text.pbuf_free     pbuf.o
    0x0800980e   0x0800980e   0x00000002   PAD
    0x08009810   0x08009810   0x0000004c   Code   RO         1806    .text.pbuf_free_ooseq  pbuf.o
    0x0800985c   0x0800985c   0x0000006e   Code   RO         1826    .text.pbuf_header_force  pbuf.o
    0x080098ca   0x080098ca   0x00000002   PAD
    0x080098cc   0x080098cc   0x000000e0   Code   RO         1816    .text.pbuf_realloc  pbuf.o
    0x080099ac   0x080099ac   0x0000000e   Code   RO         1832    .text.pbuf_ref      pbuf.o
    0x080099ba   0x080099ba   0x00000002   PAD
    0x080099bc   0x080099bc   0x00000030   Code   RO         1822    .text.pbuf_remove_header  pbuf.o
    0x080099ec   0x080099ec   0x00000054   Code   RO         2062    .text.sys_check_timeouts  timeouts.o
    0x08009a40   0x08009a40   0x00000004   Code   RO          142    .text.sys_now       sys_arch.o
    0x08009a44   0x08009a44   0x0000029e   Code   RO         2056    .text.sys_timeouts_init  timeouts.o
    0x08009ce2   0x08009ce2   0x00000002   PAD
    0x08009ce4   0x08009ce4   0x0000022e   Code   RO         1898    .text.tcp_abandon   tcp.o
    0x08009f12   0x08009f12   0x00000002   PAD
    0x08009f14   0x08009f14   0x00000006   Code   RO         1904    .text.tcp_abort     tcp.o
    0x08009f1a   0x08009f1a   0x00000002   PAD
    0x08009f1c   0x08009f1c   0x00000268   Code   RO         1942    .text.tcp_alloc     tcp.o
    0x0800a184   0x0800a184   0x000002ee   Code   RO         1894    .text.tcp_close_shutdown  tcp.o
    0x0800a472   0x0800a472   0x00000002   PAD
    0x0800a474   0x0800a474   0x00000098   Code   RO         2012    .text.tcp_create_segment  tcp_out.o
    0x0800a50c   0x0800a50c   0x00000016   Code   RO         1924    .text.tcp_eff_send_mss_netif  tcp.o
    0x0800a522   0x0800a522   0x00000002   PAD
    0x0800a524   0x0800a524   0x00000098   Code   RO         2018    .text.tcp_enqueue_flags  tcp_out.o
    0x0800a5bc   0x0800a5bc   0x0000017e   Code   RO         1888    .text.tcp_fasttmr   tcp.o
    0x0800a73a   0x0800a73a   0x00000002   PAD
    0x0800a73c   0x0800a73c   0x00000008   Code   RO         1884    .text.tcp_free      tcp.o
    0x0800a744   0x0800a744   0x0000002c   Code   RO         1926    .text.tcp_free_ooseq  tcp.o
    0x0800a770   0x0800a770   0x00000016   Code   RO         1882    .text.tcp_init      tcp.o
    0x0800a786   0x0800a786   0x00000002   PAD
    0x0800a788   0x0800a788   0x00000450   Code   RO         1981    .text.tcp_input     tcp_in.o
    0x0800abd8   0x0800abd8   0x00000042   Code   RO         1989    .text.tcp_input_delayed_close  tcp_in.o
    0x0800ac1a   0x0800ac1a   0x00000002   PAD
    0x0800ac1c   0x0800ac1c   0x00000066   Code   RO         2038    .text.tcp_keepalive  tcp_out.o
    0x0800ac82   0x0800ac82   0x00000002   PAD
    0x0800ac84   0x0800ac84   0x00000060   Code   RO         1944    .text.tcp_kill_prio  tcp.o
    0x0800ace4   0x0800ace4   0x0000012c   Code   RO         1985    .text.tcp_listen_input  tcp_in.o
    0x0800ae10   0x0800ae10   0x000000b8   Code   RO         1962    .text.tcp_netif_ip_addr_changed  tcp.o
    0x0800aec8   0x0800aec8   0x0000001a   Code   RO         1922    .text.tcp_next_iss  tcp.o
    0x0800aee2   0x0800aee2   0x00000002   PAD
    0x0800aee4   0x0800aee4   0x0000008c   Code   RO         1997    .text.tcp_oos_insert_segment  tcp_in.o
    0x0800af70   0x0800af70   0x00000310   Code   RO         2020    .text.tcp_output    tcp_out.o
    0x0800b280   0x0800b280   0x00000070   Code   RO         2036    .text.tcp_output_alloc_header  tcp_out.o
    0x0800b2f0   0x0800b2f0   0x000000f6   Code   RO         1993    .text.tcp_parseopt  tcp_in.o
    0x0800b3e6   0x0800b3e6   0x00000002   PAD
    0x0800b3e8   0x0800b3e8   0x000000a6   Code   RO         1928    .text.tcp_pcb_purge  tcp.o
    0x0800b48e   0x0800b48e   0x00000002   PAD
    0x0800b490   0x0800b490   0x0000006e   Code   RO         1900    .text.tcp_pcb_remove  tcp.o
    0x0800b4fe   0x0800b4fe   0x00000002   PAD
    0x0800b500   0x0800b500   0x000004c4   Code   RO         1987    .text.tcp_process   tcp_in.o
    0x0800b9c4   0x0800b9c4   0x000000a0   Code   RO         1930    .text.tcp_process_refused_data  tcp.o
    0x0800ba64   0x0800ba64   0x00000800   Code   RO         1995    .text.tcp_receive   tcp_in.o
    0x0800c264   0x0800c264   0x000000b0   Code   RO         1934    .text.tcp_recv_null  tcp.o
    0x0800c314   0x0800c314   0x00000084   Code   RO         2030    .text.tcp_rexmit    tcp_out.o
    0x0800c398   0x0800c398   0x000000ba   Code   RO         2032    .text.tcp_rexmit_fast  tcp_out.o
    0x0800c452   0x0800c452   0x00000002   PAD
    0x0800c454   0x0800c454   0x000000ba   Code   RO         2028    .text.tcp_rexmit_rto  tcp_out.o
    0x0800c50e   0x0800c50e   0x00000002   PAD
    0x0800c510   0x0800c510   0x00000012   Code   RO         2026    .text.tcp_rexmit_rto_commit  tcp_out.o
    0x0800c522   0x0800c522   0x00000002   PAD
    0x0800c524   0x0800c524   0x000000aa   Code   RO         2024    .text.tcp_rexmit_rto_prepare  tcp_out.o
    0x0800c5ce   0x0800c5ce   0x00000002   PAD
    0x0800c5d0   0x0800c5d0   0x000000ea   Code   RO         2034    .text.tcp_rst       tcp_out.o
    0x0800c6ba   0x0800c6ba   0x00000002   PAD
    0x0800c6bc   0x0800c6bc   0x00000022   Code   RO         1940    .text.tcp_seg_copy  tcp.o
    0x0800c6de   0x0800c6de   0x00000002   PAD
    0x0800c6e0   0x0800c6e0   0x00000020   Code   RO         1936    .text.tcp_seg_free  tcp.o
    0x0800c700   0x0800c700   0x0000002c   Code   RO         1902    .text.tcp_segs_free  tcp.o
    0x0800c72c   0x0800c72c   0x00000082   Code   RO         2022    .text.tcp_send_empty_ack  tcp_out.o
    0x0800c7ae   0x0800c7ae   0x00000002   PAD
    0x0800c7b0   0x0800c7b0   0x000000d4   Code   RO         2016    .text.tcp_send_fin  tcp_out.o
    0x0800c884   0x0800c884   0x000003a0   Code   RO         1890    .text.tcp_slowtmr   tcp.o
    0x0800cc24   0x0800cc24   0x00000150   Code   RO         2014    .text.tcp_split_unsent_seg  tcp_out.o
    0x0800cd74   0x0800cd74   0x000000b4   Code   RO         2050    .text.tcp_timer_needed  timeouts.o
    0x0800ce28   0x0800ce28   0x00000084   Code   RO         1983    .text.tcp_timewait_input  tcp_in.o
    0x0800ceac   0x0800ceac   0x00000022   Code   RO         1886    .text.tcp_tmr       tcp.o
    0x0800cece   0x0800cece   0x00000002   PAD
    0x0800ced0   0x0800ced0   0x00000012   Code   RO         1991    .text.tcp_trigger_input_pcb_close  tcp_in.o
    0x0800cee2   0x0800cee2   0x00000002   PAD
    0x0800cee4   0x0800cee4   0x00000040   Code   RO         1916    .text.tcp_update_rcv_ann_wnd  tcp.o
    0x0800cf24   0x0800cf24   0x000000e0   Code   RO         2040    .text.tcp_zero_window_probe  tcp_out.o
    0x0800d004   0x0800d004   0x000000c0   Code   RO         2054    .text.tcpip_tcp_timer  timeouts.o
    0x0800d0c4   0x0800d0c4   0x0000015e   Code   RO         2091    .text.udp_bind      udp.o
    0x0800d222   0x0800d222   0x00000002   PAD
    0x0800d224   0x0800d224   0x00000182   Code   RO         2095    .text.udp_connect   udp.o
    0x0800d3a6   0x0800d3a6   0x00000002   PAD
    0x0800d3a8   0x0800d3a8   0x00000016   Code   RO         2079    .text.udp_init      udp.o
    0x0800d3be   0x0800d3be   0x00000002   PAD
    0x0800d3c0   0x0800d3c0   0x000002f6   Code   RO         2081    .text.udp_input     udp.o
    0x0800d6b6   0x0800d6b6   0x00000002   PAD
    0x0800d6b8   0x0800d6b8   0x00000076   Code   RO         2107    .text.udp_netif_ip_addr_changed  udp.o
    0x0800d72e   0x0800d72e   0x00000002   PAD
    0x0800d730   0x0800d730   0x00000026   Code   RO         2103    .text.udp_new       udp.o
    0x0800d756   0x0800d756   0x00000002   PAD
    0x0800d758   0x0800d758   0x0000000a   Code   RO         2099    .text.udp_recv      udp.o
    0x0800d762   0x0800d762   0x00000002   PAD
    0x0800d764   0x0800d764   0x0000004a   Code   RO         2101    .text.udp_remove    udp.o
    0x0800d7ae   0x0800d7ae   0x00000002   PAD
    0x0800d7b0   0x0800d7b0   0x0000005a   Code   RO         2087    .text.udp_sendto_if  udp.o
    0x0800d80a   0x0800d80a   0x00000002   PAD
    0x0800d80c   0x0800d80c   0x000001e4   Code   RO         2089    .text.udp_sendto_if_src  udp.o
    0x0800d9f0   0x0800d9f0   0x0000001a   Code   RO         2467    x$fpl$fpinit        fz_wm.l(fpinit.o)
    0x0800da0a   0x0800da0a   0x00000006   Data   RO           90    .rodata..Lswitch.table.BSP_LAN8742_GetBasicStatus  bsp_lan8742.o
    0x0800da10   0x0800da10   0x00000010   Data   RO         1625    .rodata.AHBPrescTable  system_stm32h5xx.o
    0x0800da20   0x0800da20   0x00000006   Data   RO         2333    .rodata.ethbroadcast  ethernet.o
    0x0800da26   0x0800da26   0x00000006   Data   RO         2334    .rodata.ethzero     ethernet.o
    0x0800da2c   0x0800da2c   0x00000004   Data   RO         2288    .rodata.ip_addr_any  ip4_addr.o
    0x0800da30   0x0800da30   0x00000004   Data   RO         2289    .rodata.ip_addr_broadcast  ip4_addr.o
    0x0800da34   0x0800da34   0x00000030   Data   RO         2068    .rodata.lwip_cyclic_timers  timeouts.o
    0x0800da64   0x0800da64   0x00000010   Data   RO         1738    .rodata.memp_ARP_QUEUE  memp.o
    0x0800da74   0x0800da74   0x00000010   Data   RO         1736    .rodata.memp_FRAG_PBUF  memp.o
    0x0800da84   0x0800da84   0x00000010   Data   RO         1742    .rodata.memp_PBUF   memp.o
    0x0800da94   0x0800da94   0x00000010   Data   RO         1744    .rodata.memp_PBUF_POOL  memp.o
    0x0800daa4   0x0800daa4   0x00000010   Data   RO         1734    .rodata.memp_REASSDATA  memp.o
    0x0800dab4   0x0800dab4   0x00000010   Data   RO         1740    .rodata.memp_SYS_TIMEOUT  memp.o
    0x0800dac4   0x0800dac4   0x00000010   Data   RO         1728    .rodata.memp_TCP_PCB  memp.o
    0x0800dad4   0x0800dad4   0x00000010   Data   RO         1730    .rodata.memp_TCP_PCB_LISTEN  memp.o
    0x0800dae4   0x0800dae4   0x00000010   Data   RO         1732    .rodata.memp_TCP_SEG  memp.o
    0x0800daf4   0x0800daf4   0x00000010   Data   RO         1726    .rodata.memp_UDP_PCB  memp.o
    0x0800db04   0x0800db04   0x00000028   Data   RO         1745    .rodata.memp_pools  memp.o
    0x0800db2c   0x0800db2c   0x00000011   Data   RO          133    .rodata.str1.1      ethernetif.o
    0x0800db3d   0x0800db3d   0x00000068   Data   RO         1724    .rodata.str1.1      memp.o
    0x0800dba5   0x0800dba5   0x00000003   PAD
    0x0800dba8   0x0800dba8   0x00000030   Data   RO         2571    Region$$Table       anon$$obj.o


    Execution Region RW_IRAM1 (Exec base: 0x20000000, Load base: 0x0800dbd8, Size: 0x0000bb48, Max: 0x00050000, ABSOLUTE)

    Exec Addr    Load Addr    Size         Type   Attr      Idx    E Section Name        Object

    0x20000000   0x0800dbd8   0x00000008   Data   RW          972    .data..L_MergedGlobals  stm32h5xx_hal.o
    0x20000008   0x0800dbe0   0x00000008   Data   RW         1971    .data..L_MergedGlobals  tcp.o
    0x20000010   0x0800dbe8   0x00000004   Data   RW         1624    .data.SystemCoreClock  system_stm32h5xx.o
    0x20000014   0x0800dbec   0x00000002   Data   RW         2109    .data.udp_port      udp.o
    0x20000016   0x0800dbee   0x00000002   PAD
    0x20000018        -       0x000000e4   Zero   RW         2350    .bss                c_w.l(rand.o)
    0x200000fc        -       0x00000014   Zero   RW           22    .bss..L_MergedGlobals  main.o
    0x20000110        -       0x00000040   Zero   RW           65    .bss..L_MergedGlobals  eth.o
    0x20000150        -       0x00000058   Zero   RW          105    .bss..L_MergedGlobals  lwip_app.o
    0x200001a8        -       0x0000000c   Zero   RW         1703    .bss..L_MergedGlobals  mem.o
    0x200001b4        -       0x00000028   Zero   RW         1746    .bss..L_MergedGlobals  memp.o
    0x200001dc        -       0x0000000c   Zero   RW         1797    .bss..L_MergedGlobals  netif.o
    0x200001e8        -       0x00000038   Zero   RW         1999    .bss..L_MergedGlobals  tcp_in.o
    0x20000220        -       0x0000000c   Zero   RW         2070    .bss..L_MergedGlobals  timeouts.o
    0x2000022c   0x0800dbee   0x00000004   PAD
    0x20000230        -       0x00000038   Zero   RW         2193    .bss..L_MergedGlobals  dhcp.o
    0x20000268        -       0x00000008   Zero   RW         2309    .bss..L_MergedGlobals  ip4_frag.o
    0x20000270        -       0x00000018   Zero   RW         1972    .bss..L_MergedGlobals.11  tcp.o
    0x20000288        -       0x00000060   Zero   RW           63    .bss.DMARxDscrTab   eth.o
    0x200002e8        -       0x00000060   Zero   RW           62    .bss.DMATxDscrTab   eth.o
    0x20000348        -       0x00000004   Zero   RW          130    .bss.HAL_ETH_RxAllocateCallback.rx_idx  ethernetif.o
    0x2000034c        -       0x000000f0   Zero   RW         2232    .bss.arp_table      etharp.o
    0x2000043c        -       0x00000001   Zero   RW         2233    .bss.etharp_cached_entry  etharp.o
    0x2000043d        -       0x0000000a   Zero   RW          132    .bss.ethernetif_init.hostname  ethernetif.o
    0x20000447   0x0800dbee   0x00000001   PAD
    0x20000448        -       0x0000002c   Zero   RW           46    .bss.hdcache1       dcache.o
    0x20000474        -       0x000000b0   Zero   RW           61    .bss.heth           eth.o
    0x20000524        -       0x00000064   Zero   RW          156    .bss.hfdcan1        fdcan.o
    0x20000588        -       0x000002e4   Zero   RW          205    .bss.hpcd_USB_DRD_FS  usb.o
    0x2000086c        -       0x0000005c   Zero   RW          190    .bss.hxspi1         octospi.o
    0x200008c8        -       0x00000018   Zero   RW         1686    .bss.ip_data        ip.o
    0x200008e0        -       0x00000002   Zero   RW         2267    .bss.ip_id          ip4.o
    0x200008e2        -       0x000000f3   Zero   RW         1737    .bss.memp_memory_ARP_QUEUE_base  memp.o
    0x200009d5        -       0x0000016b   Zero   RW         1735    .bss.memp_memory_FRAG_PBUF_base  memp.o
    0x20000b40        -       0x00006103   Zero   RW         1743    .bss.memp_memory_PBUF_POOL_base  memp.o
    0x20006c43        -       0x00000103   Zero   RW         1741    .bss.memp_memory_PBUF_base  memp.o
    0x20006d46        -       0x000000a3   Zero   RW         1733    .bss.memp_memory_REASSDATA_base  memp.o
    0x20006de9        -       0x000000c3   Zero   RW         1739    .bss.memp_memory_SYS_TIMEOUT_base  memp.o
    0x20006eac        -       0x000000ab   Zero   RW         1729    .bss.memp_memory_TCP_PCB_LISTEN_base  memp.o
    0x20006f57        -       0x0000061b   Zero   RW         1727    .bss.memp_memory_TCP_PCB_base  memp.o
    0x20007572        -       0x000000f3   Zero   RW         1731    .bss.memp_memory_TCP_SEG_base  memp.o
    0x20007665        -       0x000000c3   Zero   RW         1725    .bss.memp_memory_UDP_PCB_base  memp.o
    0x20007728        -       0x00000001   Zero   RW         1870    .bss.pbuf_free_ooseq_pending  pbuf.o
    0x20007729        -       0x00004013   Zero   RW         1702    .bss.ram_heap       mem.o
    0x2000b73c        -       0x00000001   Zero   RW         1969    .bss.tcp_timer      tcp.o
    0x2000b73d   0x0800dbee   0x00000003   PAD
    0x2000b740        -       0x00000004   Zero   RW         2110    .bss.udp_pcbs       udp.o
    0x2000b744        -       0x00000004   Zero   RW          971    .bss.uwTick         stm32h5xx_hal.o
    0x2000b748        -       0x00000400   Zero   RW            1    STACK               startup_stm32h563xx.o


    Execution Region RW_ETH (Exec base: 0x20050000, Load base: 0x0800dc00, Size: 0x000018c0, Max: 0x00010000, ABSOLUTE, UNINIT, COMPRESSED[0x00000034])

    Exec Addr    Load Addr    Size         Type   Attr      Idx    E Section Name        Object

    0x20050000   COMPRESSED   0x000018c0   Data   RW          131    .EthSection         ethernetif.o


    Execution Region RW_IRAM2 (Exec base: 0x20060000, Load base: 0x0800dc34, Size: 0x00000000, Max: 0x00040000, ABSOLUTE)

    **** No section assigned to this execution region ****


==============================================================================

Image component sizes


      Code (inc. data)   RO Data    RW Data    ZI Data      Debug   Object Name

       806          0          0          0          0       6998   autoip.o
       478          0          6          0          0      15011   bsp_lan8742.o
        90          0          0          0         44       3896   dcache.o
         8          0          0          0          0       3149   def.o
      6008        134          0          0         56      36035   dhcp.o
       412          0          0          0        432      12922   eth.o
      4096          0          0          0        241      19045   etharp.o
       254          0         12          0          0       3640   ethernet.o
       648          0         17       6336         14      11484   ethernetif.o
       230          0          0          0        100       7911   fdcan.o
       240          0          0          0          0       3076   gpio.o
        52          0          0          0          0       1141   icache.o
       522          0          0          0          0       5935   icmp.o
        30          0          0          0          0        641   init.o
         0          0          0          0         24       2407   ip.o
       848          0          0          0          2       7407   ip4.o
        46          0          8          0          0       7720   ip4_addr.o
      1954          0          0          0          8      12758   ip4_frag.o
       302          0          0          0         88       4066   lwip_app.o
       432          0          0          0         20      12767   main.o
       866          0          0          0      16415       5003   mem.o
      1030          0        304          0      28270       8773   memp.o
       760          0          0          0         12      11493   netif.o
       380          0          0          0         92       9628   octospi.o
      1868          0          0          0          1      35215   pbuf.o
        48         12        588          0       1024        908   startup_stm32h563xx.o
       366          0          0          8          4      14943   stm32h5xx_hal.o
       566          6          0          0          0      14457   stm32h5xx_hal_cortex.o
       156          0          0          0          0      13366   stm32h5xx_hal_dcache.o
      4092          0          0          0          0      34379   stm32h5xx_hal_eth.o
       580          0          0          0          0      23370   stm32h5xx_hal_fdcan.o
       404          0          0          0          0       5233   stm32h5xx_hal_gpio.o
        96          0          0          0          0       5244   stm32h5xx_hal_icache.o
         2          0          0          0          0        408   stm32h5xx_hal_msp.o
       598          0          0          0          0      17172   stm32h5xx_hal_pcd.o
        34          0          0          0          0       5530   stm32h5xx_hal_pcd_ex.o
        18          0          0          0          0       7399   stm32h5xx_hal_pwr_ex.o
      2556         16          0          0          0      12968   stm32h5xx_hal_rcc.o
      4692        354          0          0          0      29471   stm32h5xx_hal_rcc_ex.o
       296          0          0          0          0      31990   stm32h5xx_hal_xspi.o
        32          0          0          0          0       7622   stm32h5xx_it.o
       130          0          0          0          0      21366   stm32h5xx_ll_usb.o
         4          0          0          0          0        707   sys_arch.o
       180          0         16          4          0       6129   system_stm32h5xx.o
      4462         34          0          8         25      35084   tcp.o
      5274         16          0          0         56      15272   tcp_in.o
      3130          0          0          0          0      24942   tcp_out.o
      1436          0         48          0         12       8123   timeouts.o
      2330          0          0          2          4      13590   udp.o
       154          0          0          0        740       7391   usb.o

    ----------------------------------------------------------------------
     54252        572       1050       6360      47692     605185   Object Totals
         0          0         48          0          0          0   (incl. Generated)
       256          0          3          2          8          0   (incl. Padding)

    ----------------------------------------------------------------------

      Code (inc. data)   RO Data    RW Data    ZI Data      Debug   Library Member Name

        58          0          0          0          0          0   __dczerorl.o
         8          0          0          0          0         68   __main.o
         0          0          0          0          0          0   __rtentry.o
        12          0          0          0          0          0   __rtentry2.o
         8          4          0          0          0          0   __rtentry5.o
        94          8          0          0          0          0   __scatter.o
        26          0          0          0          0          0   __scatter_copy.o
        28          0          0          0          0          0   __scatter_zi.o
        18          0          0          0          0         80   exit.o
         6          0          0          0          0        152   heapauxi.o
         0          0          0          0          0          0   indicate_semi.o
         2          0          0          0          0          0   libinit.o
        10          0          0          0          0          0   libinit2.o
         2          0          0          0          0          0   libshutdown.o
         2          0          0          0          0          0   libshutdown2.o
        88          0          0          0          0         76   memcmp.o
       112         18          0          0        228        160   rand.o
        68          0          0          0          0         68   rt_memclr.o
        78          0          0          0          0         80   rt_memclr_w.o
       138          0          0          0          0         68   rt_memcpy_v6.o
       100          0          0          0          0         80   rt_memcpy_w.o
         2          0          0          0          0          0   rtexit.o
        10          0          0          0          0          0   rtexit2.o
        62          0          0          0          0         76   strlen.o
        12          4          0          0          0         68   sys_exit.o
         2          0          0          0          0         68   use_no_semi.o
        26          0          0          0          0        116   fpinit.o

    ----------------------------------------------------------------------
       978         34          0          0        228       1160   Library Totals
         6          0          0          0          0          0   (incl. Padding)

    ----------------------------------------------------------------------

      Code (inc. data)   RO Data    RW Data    ZI Data      Debug   Library Name

       946         34          0          0        228       1044   c_w.l
        26          0          0          0          0        116   fz_wm.l

    ----------------------------------------------------------------------
       978         34          0          0        228       1160   Library Totals

    ----------------------------------------------------------------------

==============================================================================


      Code (inc. data)   RO Data    RW Data    ZI Data      Debug   

     55230        606       1050       6360      47920     605073   Grand Totals
     55230        606       1050         76      47920     605073   ELF Image Totals (compressed)
     55230        606       1050         76          0          0   ROM Totals

==============================================================================

    Total RO  Size (Code + RO Data)                56280 (  54.96kB)
    Total RW  Size (RW Data + ZI Data)             54280 (  53.01kB)
    Total ROM Size (Code + RO Data + RW Data)      56356 (  55.04kB)

==============================================================================

