<!doctype html public "-//w3c//dtd html 4.0 transitional//en">
<html><head>
<title>Static Call Graph - [ALM_ETH\ALM_ETH.axf]</title></head>
<body><HR>
<H1>Static Call Graph for image ALM_ETH\ALM_ETH.axf</H1><HR>
<BR><P>#&#060CALLGRAPH&#062# ARM Linker, 6220000: Last Updated: Thu Apr  9 10:19:45 2026
<BR><P>
<H3>Maximum Stack Usage =        560 bytes + Unknown(Cycles, Untraceable Function Pointers)</H3><H3>
Call chain for Maximum Stack Depth:</H3>
__rt_entry_main &rArr; main &rArr; LWIP_APP_Init &rArr; dhcp_start &rArr; dhcp_discover &rArr; autoip_start &rArr; netif_set_addr &rArr; tcp_netif_ip_addr_changed &rArr; tcp_abandon &rArr; tcp_output &rArr; tcp_send_empty_ack &rArr; ip4_output_if &rArr; ip4_output_if_src &rArr; ip4_frag &rArr; pbuf_alloc &rArr; mem_malloc
<P>
<H3>
Mutually Recursive functions
</H3> <LI><a href="#[6]">SecureFault_Handler</a>&nbsp;&nbsp;&nbsp;&rArr;&nbsp;&nbsp;&nbsp;<a href="#[6]">SecureFault_Handler</a><BR>
 <LI><a href="#[2f]">ADC1_IRQHandler</a>&nbsp;&nbsp;&nbsp;&rArr;&nbsp;&nbsp;&nbsp;<a href="#[2f]">ADC1_IRQHandler</a><BR>
 <LI><a href="#[4]">BusFault_Handler</a>&nbsp;&nbsp;&nbsp;&rArr;&nbsp;&nbsp;&nbsp;<a href="#[4]">BusFault_Handler</a><BR>
 <LI><a href="#[2]">HardFault_Handler</a>&nbsp;&nbsp;&nbsp;&rArr;&nbsp;&nbsp;&nbsp;<a href="#[2]">HardFault_Handler</a><BR>
 <LI><a href="#[3]">MemManage_Handler</a>&nbsp;&nbsp;&nbsp;&rArr;&nbsp;&nbsp;&nbsp;<a href="#[3]">MemManage_Handler</a><BR>
 <LI><a href="#[1]">NMI_Handler</a>&nbsp;&nbsp;&nbsp;&rArr;&nbsp;&nbsp;&nbsp;<a href="#[1]">NMI_Handler</a><BR>
 <LI><a href="#[5]">UsageFault_Handler</a>&nbsp;&nbsp;&nbsp;&rArr;&nbsp;&nbsp;&nbsp;<a href="#[5]">UsageFault_Handler</a><BR>
</UL>
<P>
<H3>
Function Pointers
</H3><UL>
 <LI><a href="#[2f]">ADC1_IRQHandler</a> from startup_stm32h563xx.o(.text) referenced from startup_stm32h563xx.o(RESET)
 <LI><a href="#[4f]">ADC2_IRQHandler</a> from startup_stm32h563xx.o(.text) referenced from startup_stm32h563xx.o(RESET)
 <LI><a href="#[4]">BusFault_Handler</a> from stm32h5xx_it.o(.text.BusFault_Handler) referenced from startup_stm32h563xx.o(RESET)
 <LI><a href="#[7e]">CEC_IRQHandler</a> from startup_stm32h563xx.o(.text) referenced from startup_stm32h563xx.o(RESET)
 <LI><a href="#[79]">CORDIC_IRQHandler</a> from startup_stm32h563xx.o(.text) referenced from startup_stm32h563xx.o(RESET)
 <LI><a href="#[55]">CRS_IRQHandler</a> from startup_stm32h563xx.o(.text) referenced from startup_stm32h563xx.o(RESET)
 <LI><a href="#[30]">DAC1_IRQHandler</a> from startup_stm32h563xx.o(.text) referenced from startup_stm32h563xx.o(RESET)
 <LI><a href="#[73]">DCACHE1_IRQHandler</a> from startup_stm32h563xx.o(.text) referenced from startup_stm32h563xx.o(RESET)
 <LI><a href="#[76]">DCMI_PSSI_IRQHandler</a> from startup_stm32h563xx.o(.text) referenced from startup_stm32h563xx.o(RESET)
 <LI><a href="#[7b]">DTS_IRQHandler</a> from startup_stm32h563xx.o(.text) referenced from startup_stm32h563xx.o(RESET)
 <LI><a href="#[8]">DebugMon_Handler</a> from stm32h5xx_it.o(.text.DebugMon_Handler) referenced from startup_stm32h563xx.o(RESET)
 <LI><a href="#[74]">ETH_IRQHandler</a> from stm32h5xx_it.o(.text.ETH_IRQHandler) referenced from startup_stm32h563xx.o(RESET)
 <LI><a href="#[75]">ETH_WKUP_IRQHandler</a> from startup_stm32h563xx.o(.text) referenced from startup_stm32h563xx.o(RESET)
 <LI><a href="#[16]">EXTI0_IRQHandler</a> from startup_stm32h563xx.o(.text) referenced from startup_stm32h563xx.o(RESET)
 <LI><a href="#[20]">EXTI10_IRQHandler</a> from startup_stm32h563xx.o(.text) referenced from startup_stm32h563xx.o(RESET)
 <LI><a href="#[21]">EXTI11_IRQHandler</a> from startup_stm32h563xx.o(.text) referenced from startup_stm32h563xx.o(RESET)
 <LI><a href="#[22]">EXTI12_IRQHandler</a> from startup_stm32h563xx.o(.text) referenced from startup_stm32h563xx.o(RESET)
 <LI><a href="#[23]">EXTI13_IRQHandler</a> from startup_stm32h563xx.o(.text) referenced from startup_stm32h563xx.o(RESET)
 <LI><a href="#[24]">EXTI14_IRQHandler</a> from startup_stm32h563xx.o(.text) referenced from startup_stm32h563xx.o(RESET)
 <LI><a href="#[25]">EXTI15_IRQHandler</a> from startup_stm32h563xx.o(.text) referenced from startup_stm32h563xx.o(RESET)
 <LI><a href="#[17]">EXTI1_IRQHandler</a> from startup_stm32h563xx.o(.text) referenced from startup_stm32h563xx.o(RESET)
 <LI><a href="#[18]">EXTI2_IRQHandler</a> from startup_stm32h563xx.o(.text) referenced from startup_stm32h563xx.o(RESET)
 <LI><a href="#[19]">EXTI3_IRQHandler</a> from startup_stm32h563xx.o(.text) referenced from startup_stm32h563xx.o(RESET)
 <LI><a href="#[1a]">EXTI4_IRQHandler</a> from startup_stm32h563xx.o(.text) referenced from startup_stm32h563xx.o(RESET)
 <LI><a href="#[1b]">EXTI5_IRQHandler</a> from startup_stm32h563xx.o(.text) referenced from startup_stm32h563xx.o(RESET)
 <LI><a href="#[1c]">EXTI6_IRQHandler</a> from startup_stm32h563xx.o(.text) referenced from startup_stm32h563xx.o(RESET)
 <LI><a href="#[1d]">EXTI7_IRQHandler</a> from startup_stm32h563xx.o(.text) referenced from startup_stm32h563xx.o(RESET)
 <LI><a href="#[1e]">EXTI8_IRQHandler</a> from startup_stm32h563xx.o(.text) referenced from startup_stm32h563xx.o(RESET)
 <LI><a href="#[1f]">EXTI9_IRQHandler</a> from startup_stm32h563xx.o(.text) referenced from startup_stm32h563xx.o(RESET)
 <LI><a href="#[31]">FDCAN1_IT0_IRQHandler</a> from startup_stm32h563xx.o(.text) referenced from startup_stm32h563xx.o(RESET)
 <LI><a href="#[32]">FDCAN1_IT1_IRQHandler</a> from startup_stm32h563xx.o(.text) referenced from startup_stm32h563xx.o(RESET)
 <LI><a href="#[77]">FDCAN2_IT0_IRQHandler</a> from startup_stm32h563xx.o(.text) referenced from startup_stm32h563xx.o(RESET)
 <LI><a href="#[78]">FDCAN2_IT1_IRQHandler</a> from startup_stm32h563xx.o(.text) referenced from startup_stm32h563xx.o(RESET)
 <LI><a href="#[11]">FLASH_IRQHandler</a> from startup_stm32h563xx.o(.text) referenced from startup_stm32h563xx.o(RESET)
 <LI><a href="#[12]">FLASH_S_IRQHandler</a> from startup_stm32h563xx.o(.text) referenced from startup_stm32h563xx.o(RESET)
 <LI><a href="#[7a]">FMAC_IRQHandler</a> from startup_stm32h563xx.o(.text) referenced from startup_stm32h563xx.o(RESET)
 <LI><a href="#[57]">FMC_IRQHandler</a> from startup_stm32h563xx.o(.text) referenced from startup_stm32h563xx.o(RESET)
 <LI><a href="#[71]">FPU_IRQHandler</a> from startup_stm32h563xx.o(.text) referenced from startup_stm32h563xx.o(RESET)
 <LI><a href="#[26]">GPDMA1_Channel0_IRQHandler</a> from startup_stm32h563xx.o(.text) referenced from startup_stm32h563xx.o(RESET)
 <LI><a href="#[27]">GPDMA1_Channel1_IRQHandler</a> from startup_stm32h563xx.o(.text) referenced from startup_stm32h563xx.o(RESET)
 <LI><a href="#[28]">GPDMA1_Channel2_IRQHandler</a> from startup_stm32h563xx.o(.text) referenced from startup_stm32h563xx.o(RESET)
 <LI><a href="#[29]">GPDMA1_Channel3_IRQHandler</a> from startup_stm32h563xx.o(.text) referenced from startup_stm32h563xx.o(RESET)
 <LI><a href="#[2a]">GPDMA1_Channel4_IRQHandler</a> from startup_stm32h563xx.o(.text) referenced from startup_stm32h563xx.o(RESET)
 <LI><a href="#[2b]">GPDMA1_Channel5_IRQHandler</a> from startup_stm32h563xx.o(.text) referenced from startup_stm32h563xx.o(RESET)
 <LI><a href="#[2c]">GPDMA1_Channel6_IRQHandler</a> from startup_stm32h563xx.o(.text) referenced from startup_stm32h563xx.o(RESET)
 <LI><a href="#[2d]">GPDMA1_Channel7_IRQHandler</a> from startup_stm32h563xx.o(.text) referenced from startup_stm32h563xx.o(RESET)
 <LI><a href="#[64]">GPDMA2_Channel0_IRQHandler</a> from startup_stm32h563xx.o(.text) referenced from startup_stm32h563xx.o(RESET)
 <LI><a href="#[65]">GPDMA2_Channel1_IRQHandler</a> from startup_stm32h563xx.o(.text) referenced from startup_stm32h563xx.o(RESET)
 <LI><a href="#[66]">GPDMA2_Channel2_IRQHandler</a> from startup_stm32h563xx.o(.text) referenced from startup_stm32h563xx.o(RESET)
 <LI><a href="#[67]">GPDMA2_Channel3_IRQHandler</a> from startup_stm32h563xx.o(.text) referenced from startup_stm32h563xx.o(RESET)
 <LI><a href="#[68]">GPDMA2_Channel4_IRQHandler</a> from startup_stm32h563xx.o(.text) referenced from startup_stm32h563xx.o(RESET)
 <LI><a href="#[69]">GPDMA2_Channel5_IRQHandler</a> from startup_stm32h563xx.o(.text) referenced from startup_stm32h563xx.o(RESET)
 <LI><a href="#[6a]">GPDMA2_Channel6_IRQHandler</a> from startup_stm32h563xx.o(.text) referenced from startup_stm32h563xx.o(RESET)
 <LI><a href="#[6b]">GPDMA2_Channel7_IRQHandler</a> from startup_stm32h563xx.o(.text) referenced from startup_stm32h563xx.o(RESET)
 <LI><a href="#[13]">GTZC_IRQHandler</a> from startup_stm32h563xx.o(.text) referenced from startup_stm32h563xx.o(RESET)
 <LI><a href="#[90]">HAL_DCACHE_CleanAndInvalidateByAddrCallback</a> from stm32h5xx_hal_dcache.o(.text.HAL_DCACHE_CleanAndInvalidateByAddrCallback) referenced 2 times from stm32h5xx_hal_dcache.o(.text.HAL_DCACHE_Init)
 <LI><a href="#[8d]">HAL_DCACHE_CleanByAddrCallback</a> from stm32h5xx_hal_dcache.o(.text.HAL_DCACHE_CleanByAddrCallback) referenced 2 times from stm32h5xx_hal_dcache.o(.text.HAL_DCACHE_Init)
 <LI><a href="#[8c]">HAL_DCACHE_ErrorCallback</a> from stm32h5xx_hal_dcache.o(.text.HAL_DCACHE_ErrorCallback) referenced 2 times from stm32h5xx_hal_dcache.o(.text.HAL_DCACHE_Init)
 <LI><a href="#[8e]">HAL_DCACHE_InvalidateByAddrCallback</a> from stm32h5xx_hal_dcache.o(.text.HAL_DCACHE_InvalidateByAddrCallback) referenced 2 times from stm32h5xx_hal_dcache.o(.text.HAL_DCACHE_Init)
 <LI><a href="#[8f]">HAL_DCACHE_InvalidateCompleteCallback</a> from stm32h5xx_hal_dcache.o(.text.HAL_DCACHE_InvalidateCompleteCallback) referenced 2 times from stm32h5xx_hal_dcache.o(.text.HAL_DCACHE_Init)
 <LI><a href="#[91]">HAL_DCACHE_MspInit</a> from dcache.o(.text.HAL_DCACHE_MspInit) referenced 2 times from stm32h5xx_hal_dcache.o(.text.HAL_DCACHE_Init)
 <LI><a href="#[7d]">HASH_IRQHandler</a> from startup_stm32h563xx.o(.text) referenced from startup_stm32h563xx.o(RESET)
 <LI><a href="#[2]">HardFault_Handler</a> from stm32h5xx_it.o(.text.HardFault_Handler) referenced from startup_stm32h563xx.o(RESET)
 <LI><a href="#[3e]">I2C1_ER_IRQHandler</a> from startup_stm32h563xx.o(.text) referenced from startup_stm32h563xx.o(RESET)
 <LI><a href="#[3d]">I2C1_EV_IRQHandler</a> from startup_stm32h563xx.o(.text) referenced from startup_stm32h563xx.o(RESET)
 <LI><a href="#[40]">I2C2_ER_IRQHandler</a> from startup_stm32h563xx.o(.text) referenced from startup_stm32h563xx.o(RESET)
 <LI><a href="#[3f]">I2C2_EV_IRQHandler</a> from startup_stm32h563xx.o(.text) referenced from startup_stm32h563xx.o(RESET)
 <LI><a href="#[5b]">I2C3_ER_IRQHandler</a> from startup_stm32h563xx.o(.text) referenced from startup_stm32h563xx.o(RESET)
 <LI><a href="#[5a]">I2C3_EV_IRQHandler</a> from startup_stm32h563xx.o(.text) referenced from startup_stm32h563xx.o(RESET)
 <LI><a href="#[85]">I2C4_ER_IRQHandler</a> from startup_stm32h563xx.o(.text) referenced from startup_stm32h563xx.o(RESET)
 <LI><a href="#[84]">I2C4_EV_IRQHandler</a> from startup_stm32h563xx.o(.text) referenced from startup_stm32h563xx.o(RESET)
 <LI><a href="#[83]">I3C1_ER_IRQHandler</a> from startup_stm32h563xx.o(.text) referenced from startup_stm32h563xx.o(RESET)
 <LI><a href="#[82]">I3C1_EV_IRQHandler</a> from startup_stm32h563xx.o(.text) referenced from startup_stm32h563xx.o(RESET)
 <LI><a href="#[72]">ICACHE_IRQHandler</a> from startup_stm32h563xx.o(.text) referenced from startup_stm32h563xx.o(RESET)
 <LI><a href="#[2e]">IWDG_IRQHandler</a> from startup_stm32h563xx.o(.text) referenced from startup_stm32h563xx.o(RESET)
 <LI><a href="#[4a]">LPTIM1_IRQHandler</a> from startup_stm32h563xx.o(.text) referenced from startup_stm32h563xx.o(RESET)
 <LI><a href="#[50]">LPTIM2_IRQHandler</a> from startup_stm32h563xx.o(.text) referenced from startup_stm32h563xx.o(RESET)
 <LI><a href="#[86]">LPTIM3_IRQHandler</a> from startup_stm32h563xx.o(.text) referenced from startup_stm32h563xx.o(RESET)
 <LI><a href="#[87]">LPTIM4_IRQHandler</a> from startup_stm32h563xx.o(.text) referenced from startup_stm32h563xx.o(RESET)
 <LI><a href="#[88]">LPTIM5_IRQHandler</a> from startup_stm32h563xx.o(.text) referenced from startup_stm32h563xx.o(RESET)
 <LI><a href="#[89]">LPTIM6_IRQHandler</a> from startup_stm32h563xx.o(.text) referenced from startup_stm32h563xx.o(RESET)
 <LI><a href="#[49]">LPUART1_IRQHandler</a> from startup_stm32h563xx.o(.text) referenced from startup_stm32h563xx.o(RESET)
 <LI><a href="#[3]">MemManage_Handler</a> from stm32h5xx_it.o(.text.MemManage_Handler) referenced from startup_stm32h563xx.o(RESET)
 <LI><a href="#[1]">NMI_Handler</a> from stm32h5xx_it.o(.text.NMI_Handler) referenced from startup_stm32h563xx.o(RESET)
 <LI><a href="#[58]">OCTOSPI1_IRQHandler</a> from startup_stm32h563xx.o(.text) referenced from startup_stm32h563xx.o(RESET)
 <LI><a href="#[c]">PVD_AVD_IRQHandler</a> from startup_stm32h563xx.o(.text) referenced from startup_stm32h563xx.o(RESET)
 <LI><a href="#[9]">PendSV_Handler</a> from stm32h5xx_it.o(.text.PendSV_Handler) referenced from startup_stm32h563xx.o(RESET)
 <LI><a href="#[10]">RAMCFG_IRQHandler</a> from startup_stm32h563xx.o(.text) referenced from startup_stm32h563xx.o(RESET)
 <LI><a href="#[14]">RCC_IRQHandler</a> from startup_stm32h563xx.o(.text) referenced from startup_stm32h563xx.o(RESET)
 <LI><a href="#[15]">RCC_S_IRQHandler</a> from startup_stm32h563xx.o(.text) referenced from startup_stm32h563xx.o(RESET)
 <LI><a href="#[7c]">RNG_IRQHandler</a> from startup_stm32h563xx.o(.text) referenced from startup_stm32h563xx.o(RESET)
 <LI><a href="#[d]">RTC_IRQHandler</a> from startup_stm32h563xx.o(.text) referenced from startup_stm32h563xx.o(RESET)
 <LI><a href="#[e]">RTC_S_IRQHandler</a> from startup_stm32h563xx.o(.text) referenced from startup_stm32h563xx.o(RESET)
 <LI><a href="#[0]">Reset_Handler</a> from startup_stm32h563xx.o(.text) referenced from startup_stm32h563xx.o(RESET)
 <LI><a href="#[62]">SAI1_IRQHandler</a> from startup_stm32h563xx.o(.text) referenced from startup_stm32h563xx.o(RESET)
 <LI><a href="#[63]">SAI2_IRQHandler</a> from startup_stm32h563xx.o(.text) referenced from startup_stm32h563xx.o(RESET)
 <LI><a href="#[59]">SDMMC1_IRQHandler</a> from startup_stm32h563xx.o(.text) referenced from startup_stm32h563xx.o(RESET)
 <LI><a href="#[70]">SDMMC2_IRQHandler</a> from startup_stm32h563xx.o(.text) referenced from startup_stm32h563xx.o(RESET)
 <LI><a href="#[41]">SPI1_IRQHandler</a> from startup_stm32h563xx.o(.text) referenced from startup_stm32h563xx.o(RESET)
 <LI><a href="#[42]">SPI2_IRQHandler</a> from startup_stm32h563xx.o(.text) referenced from startup_stm32h563xx.o(RESET)
 <LI><a href="#[43]">SPI3_IRQHandler</a> from startup_stm32h563xx.o(.text) referenced from startup_stm32h563xx.o(RESET)
 <LI><a href="#[5c]">SPI4_IRQHandler</a> from startup_stm32h563xx.o(.text) referenced from startup_stm32h563xx.o(RESET)
 <LI><a href="#[5d]">SPI5_IRQHandler</a> from startup_stm32h563xx.o(.text) referenced from startup_stm32h563xx.o(RESET)
 <LI><a href="#[5e]">SPI6_IRQHandler</a> from startup_stm32h563xx.o(.text) referenced from startup_stm32h563xx.o(RESET)
 <LI><a href="#[7]">SVC_Handler</a> from stm32h5xx_it.o(.text.SVC_Handler) referenced from startup_stm32h563xx.o(RESET)
 <LI><a href="#[6]">SecureFault_Handler</a> from startup_stm32h563xx.o(.text) referenced from startup_stm32h563xx.o(RESET)
 <LI><a href="#[a]">SysTick_Handler</a> from stm32h5xx_it.o(.text.SysTick_Handler) referenced from startup_stm32h563xx.o(RESET)
 <LI><a href="#[8a]">SystemInit</a> from system_stm32h5xx.o(.text.SystemInit) referenced from startup_stm32h563xx.o(.text)
 <LI><a href="#[f]">TAMP_IRQHandler</a> from startup_stm32h563xx.o(.text) referenced from startup_stm32h563xx.o(RESET)
 <LI><a href="#[7f]">TIM12_IRQHandler</a> from startup_stm32h563xx.o(.text) referenced from startup_stm32h563xx.o(RESET)
 <LI><a href="#[80]">TIM13_IRQHandler</a> from startup_stm32h563xx.o(.text) referenced from startup_stm32h563xx.o(RESET)
 <LI><a href="#[81]">TIM14_IRQHandler</a> from startup_stm32h563xx.o(.text) referenced from startup_stm32h563xx.o(RESET)
 <LI><a href="#[51]">TIM15_IRQHandler</a> from startup_stm32h563xx.o(.text) referenced from startup_stm32h563xx.o(RESET)
 <LI><a href="#[52]">TIM16_IRQHandler</a> from startup_stm32h563xx.o(.text) referenced from startup_stm32h563xx.o(RESET)
 <LI><a href="#[53]">TIM17_IRQHandler</a> from startup_stm32h563xx.o(.text) referenced from startup_stm32h563xx.o(RESET)
 <LI><a href="#[33]">TIM1_BRK_IRQHandler</a> from startup_stm32h563xx.o(.text) referenced from startup_stm32h563xx.o(RESET)
 <LI><a href="#[36]">TIM1_CC_IRQHandler</a> from startup_stm32h563xx.o(.text) referenced from startup_stm32h563xx.o(RESET)
 <LI><a href="#[35]">TIM1_TRG_COM_IRQHandler</a> from startup_stm32h563xx.o(.text) referenced from startup_stm32h563xx.o(RESET)
 <LI><a href="#[34]">TIM1_UP_IRQHandler</a> from startup_stm32h563xx.o(.text) referenced from startup_stm32h563xx.o(RESET)
 <LI><a href="#[37]">TIM2_IRQHandler</a> from startup_stm32h563xx.o(.text) referenced from startup_stm32h563xx.o(RESET)
 <LI><a href="#[38]">TIM3_IRQHandler</a> from startup_stm32h563xx.o(.text) referenced from startup_stm32h563xx.o(RESET)
 <LI><a href="#[39]">TIM4_IRQHandler</a> from startup_stm32h563xx.o(.text) referenced from startup_stm32h563xx.o(RESET)
 <LI><a href="#[3a]">TIM5_IRQHandler</a> from startup_stm32h563xx.o(.text) referenced from startup_stm32h563xx.o(RESET)
 <LI><a href="#[3b]">TIM6_IRQHandler</a> from startup_stm32h563xx.o(.text) referenced from startup_stm32h563xx.o(RESET)
 <LI><a href="#[3c]">TIM7_IRQHandler</a> from startup_stm32h563xx.o(.text) referenced from startup_stm32h563xx.o(RESET)
 <LI><a href="#[4b]">TIM8_BRK_IRQHandler</a> from startup_stm32h563xx.o(.text) referenced from startup_stm32h563xx.o(RESET)
 <LI><a href="#[4e]">TIM8_CC_IRQHandler</a> from startup_stm32h563xx.o(.text) referenced from startup_stm32h563xx.o(RESET)
 <LI><a href="#[4d]">TIM8_TRG_COM_IRQHandler</a> from startup_stm32h563xx.o(.text) referenced from startup_stm32h563xx.o(RESET)
 <LI><a href="#[4c]">TIM8_UP_IRQHandler</a> from startup_stm32h563xx.o(.text) referenced from startup_stm32h563xx.o(RESET)
 <LI><a href="#[6f]">UART12_IRQHandler</a> from startup_stm32h563xx.o(.text) referenced from startup_stm32h563xx.o(RESET)
 <LI><a href="#[47]">UART4_IRQHandler</a> from startup_stm32h563xx.o(.text) referenced from startup_stm32h563xx.o(RESET)
 <LI><a href="#[48]">UART5_IRQHandler</a> from startup_stm32h563xx.o(.text) referenced from startup_stm32h563xx.o(RESET)
 <LI><a href="#[6c]">UART7_IRQHandler</a> from startup_stm32h563xx.o(.text) referenced from startup_stm32h563xx.o(RESET)
 <LI><a href="#[6d]">UART8_IRQHandler</a> from startup_stm32h563xx.o(.text) referenced from startup_stm32h563xx.o(RESET)
 <LI><a href="#[6e]">UART9_IRQHandler</a> from startup_stm32h563xx.o(.text) referenced from startup_stm32h563xx.o(RESET)
 <LI><a href="#[56]">UCPD1_IRQHandler</a> from startup_stm32h563xx.o(.text) referenced from startup_stm32h563xx.o(RESET)
 <LI><a href="#[60]">USART10_IRQHandler</a> from startup_stm32h563xx.o(.text) referenced from startup_stm32h563xx.o(RESET)
 <LI><a href="#[61]">USART11_IRQHandler</a> from startup_stm32h563xx.o(.text) referenced from startup_stm32h563xx.o(RESET)
 <LI><a href="#[44]">USART1_IRQHandler</a> from startup_stm32h563xx.o(.text) referenced from startup_stm32h563xx.o(RESET)
 <LI><a href="#[45]">USART2_IRQHandler</a> from startup_stm32h563xx.o(.text) referenced from startup_stm32h563xx.o(RESET)
 <LI><a href="#[46]">USART3_IRQHandler</a> from startup_stm32h563xx.o(.text) referenced from startup_stm32h563xx.o(RESET)
 <LI><a href="#[5f]">USART6_IRQHandler</a> from startup_stm32h563xx.o(.text) referenced from startup_stm32h563xx.o(RESET)
 <LI><a href="#[54]">USB_DRD_FS_IRQHandler</a> from startup_stm32h563xx.o(.text) referenced from startup_stm32h563xx.o(RESET)
 <LI><a href="#[5]">UsageFault_Handler</a> from stm32h5xx_it.o(.text.UsageFault_Handler) referenced from startup_stm32h563xx.o(RESET)
 <LI><a href="#[b]">WWDG_IRQHandler</a> from startup_stm32h563xx.o(.text) referenced from startup_stm32h563xx.o(RESET)
 <LI><a href="#[8b]">__main</a> from __main.o(!!!main) referenced from startup_stm32h563xx.o(.text)
 <LI><a href="#[a2]">autoip_tmr</a> from autoip.o(.text.autoip_tmr) referenced from timeouts.o(.rodata.lwip_cyclic_timers)
 <LI><a href="#[a0]">dhcp_coarse_tmr</a> from dhcp.o(.text.dhcp_coarse_tmr) referenced from timeouts.o(.rodata.lwip_cyclic_timers)
 <LI><a href="#[a1]">dhcp_fine_tmr</a> from dhcp.o(.text.dhcp_fine_tmr) referenced from timeouts.o(.rodata.lwip_cyclic_timers)
 <LI><a href="#[95]">dhcp_recv</a> from dhcp.o(.text.dhcp_recv) referenced 2 times from dhcp.o(.text.dhcp_start)
 <LI><a href="#[96]">etharp_output</a> from etharp.o(.text.etharp_output) referenced 2 times from ethernetif.o(.text.ethernetif_init)
 <LI><a href="#[9f]">etharp_tmr</a> from etharp.o(.text.etharp_tmr) referenced from timeouts.o(.rodata.lwip_cyclic_timers)
 <LI><a href="#[93]">ethernet_input</a> from ethernet.o(.text.ethernet_input) referenced 2 times from lwip_app.o(.text.LWIP_APP_Init)
 <LI><a href="#[92]">ethernetif_init</a> from ethernetif.o(.text.ethernetif_init) referenced 2 times from lwip_app.o(.text.LWIP_APP_Init)
 <LI><a href="#[9e]">ip_reass_tmr</a> from ip4_frag.o(.text.ip_reass_tmr) referenced from timeouts.o(.rodata.lwip_cyclic_timers)
 <LI><a href="#[98]">ipfrag_free_pbuf_custom</a> from ip4_frag.o(.text.ipfrag_free_pbuf_custom) referenced 4 times from ip4_frag.o(.text.ip4_frag)
 <LI><a href="#[97]">low_level_output</a> from ethernetif.o(.text.low_level_output) referenced 2 times from ethernetif.o(.text.ethernetif_init)
 <LI><a href="#[99]">lwip_cyclic_timer</a> from timeouts.o(.text.lwip_cyclic_timer) referenced 4 times from timeouts.o(.text.lwip_cyclic_timer)
 <LI><a href="#[99]">lwip_cyclic_timer</a> from timeouts.o(.text.lwip_cyclic_timer) referenced 2 times from timeouts.o(.text.sys_timeouts_init)
 <LI><a href="#[9a]">netif_null_output_ip4</a> from netif.o(.text.netif_null_output_ip4) referenced 2 times from netif.o(.text.netif_add)
 <LI><a href="#[94]">netif_status_cb</a> from lwip_app.o(.text.netif_status_cb) referenced 2 times from lwip_app.o(.text.LWIP_APP_Init)
 <LI><a href="#[9b]">tcp_recv_null</a> from tcp.o(.text.tcp_recv_null) referenced 2 times from tcp.o(.text.tcp_alloc)
 <LI><a href="#[9d]">tcp_tmr</a> from tcp.o(.text.tcp_tmr) referenced from timeouts.o(.rodata.lwip_cyclic_timers)
 <LI><a href="#[9c]">tcpip_tcp_timer</a> from timeouts.o(.text.tcpip_tcp_timer) referenced 2 times from timeouts.o(.text.tcp_timer_needed)
 <LI><a href="#[9c]">tcpip_tcp_timer</a> from timeouts.o(.text.tcpip_tcp_timer) referenced 2 times from timeouts.o(.text.tcpip_tcp_timer)
</UL>
<P>
<H3>
Global Symbols
</H3>
<P><STRONG><a name="[8b]"></a>__main</STRONG> (Thumb, 8 bytes, Stack size 0 bytes, __main.o(!!!main))
<BR><BR>[Calls]<UL><LI><a href="#[a4]">&gt;&gt;</a>&nbsp;&nbsp;&nbsp;__rt_entry
<LI><a href="#[a3]">&gt;&gt;</a>&nbsp;&nbsp;&nbsp;__scatterload
</UL>
<BR>[Address Reference Count : 1]<UL><LI> startup_stm32h563xx.o(.text)
</UL>
<P><STRONG><a name="[a3]"></a>__scatterload</STRONG> (Thumb, 0 bytes, Stack size unknown bytes, __scatter.o(!!!scatter))
<BR><BR>[Called By]<UL><LI><a href="#[8b]">&gt;&gt;</a>&nbsp;&nbsp;&nbsp;__main
</UL>

<P><STRONG><a name="[a5]"></a>__scatterload_rt2</STRONG> (Thumb, 84 bytes, Stack size unknown bytes, __scatter.o(!!!scatter), UNUSED)
<BR><BR>[Calls]<UL><LI><a href="#[a4]">&gt;&gt;</a>&nbsp;&nbsp;&nbsp;__rt_entry
</UL>

<P><STRONG><a name="[195]"></a>__scatterload_rt2_thumb_only</STRONG> (Thumb, 0 bytes, Stack size unknown bytes, __scatter.o(!!!scatter), UNUSED)

<P><STRONG><a name="[196]"></a>__scatterload_loop</STRONG> (Thumb, 0 bytes, Stack size unknown bytes, __scatter.o(!!!scatter), UNUSED)

<P><STRONG><a name="[197]"></a>__decompress</STRONG> (Thumb, 58 bytes, Stack size unknown bytes, __dczerorl.o(!!dczerorl), UNUSED)

<P><STRONG><a name="[198]"></a>__decompress0</STRONG> (Thumb, 0 bytes, Stack size unknown bytes, __dczerorl.o(!!dczerorl), UNUSED)

<P><STRONG><a name="[a6]"></a>__scatterload_copy</STRONG> (Thumb, 26 bytes, Stack size unknown bytes, __scatter_copy.o(!!handler_copy), UNUSED)
<BR><BR>[Calls]<UL><LI><a href="#[a6]">&gt;&gt;</a>&nbsp;&nbsp;&nbsp;__scatterload_copy
</UL>
<BR>[Called By]<UL><LI><a href="#[a6]">&gt;&gt;</a>&nbsp;&nbsp;&nbsp;__scatterload_copy
</UL>

<P><STRONG><a name="[199]"></a>__scatterload_null</STRONG> (Thumb, 2 bytes, Stack size unknown bytes, __scatter.o(!!handler_null), UNUSED)

<P><STRONG><a name="[19a]"></a>__scatterload_zeroinit</STRONG> (Thumb, 28 bytes, Stack size unknown bytes, __scatter_zi.o(!!handler_zi), UNUSED)

<P><STRONG><a name="[ac]"></a>__rt_lib_init</STRONG> (Thumb, 0 bytes, Stack size unknown bytes, libinit.o(.ARM.Collect$$libinit$$00000000))
<BR><BR>[Called By]<UL><LI><a href="#[ab]">&gt;&gt;</a>&nbsp;&nbsp;&nbsp;__rt_entry_li
</UL>

<P><STRONG><a name="[a7]"></a>__rt_lib_init_fp_1</STRONG> (Thumb, 0 bytes, Stack size unknown bytes, libinit2.o(.ARM.Collect$$libinit$$00000001))
<BR><BR>[Calls]<UL><LI><a href="#[a8]">&gt;&gt;</a>&nbsp;&nbsp;&nbsp;_fp_init
</UL>

<P><STRONG><a name="[19b]"></a>__rt_lib_init_heap_1</STRONG> (Thumb, 0 bytes, Stack size unknown bytes, libinit2.o(.ARM.Collect$$libinit$$0000000C))

<P><STRONG><a name="[19c]"></a>__rt_lib_init_preinit_1</STRONG> (Thumb, 0 bytes, Stack size unknown bytes, libinit2.o(.ARM.Collect$$libinit$$00000006))

<P><STRONG><a name="[a9]"></a>__rt_lib_init_rand_2</STRONG> (Thumb, 0 bytes, Stack size unknown bytes, libinit2.o(.ARM.Collect$$libinit$$0000000F))
<BR><BR>[Stack]<UL><LI>Max Depth = 8 + Unknown Stack Size
<LI>Call Chain = __rt_lib_init_rand_2 &rArr; _rand_init &rArr; srand
</UL>
<BR>[Calls]<UL><LI><a href="#[aa]">&gt;&gt;</a>&nbsp;&nbsp;&nbsp;_rand_init
</UL>

<P><STRONG><a name="[19d]"></a>__rt_lib_init_relocate_pie_1</STRONG> (Thumb, 0 bytes, Stack size unknown bytes, libinit2.o(.ARM.Collect$$libinit$$00000004))

<P><STRONG><a name="[19e]"></a>__rt_lib_init_user_alloc_1</STRONG> (Thumb, 0 bytes, Stack size unknown bytes, libinit2.o(.ARM.Collect$$libinit$$0000000E))

<P><STRONG><a name="[19f]"></a>__rt_lib_init_alloca_1</STRONG> (Thumb, 0 bytes, Stack size unknown bytes, libinit2.o(.ARM.Collect$$libinit$$00000030))

<P><STRONG><a name="[1a0]"></a>__rt_lib_init_argv_1</STRONG> (Thumb, 0 bytes, Stack size unknown bytes, libinit2.o(.ARM.Collect$$libinit$$0000002E))

<P><STRONG><a name="[1a1]"></a>__rt_lib_init_atexit_1</STRONG> (Thumb, 0 bytes, Stack size unknown bytes, libinit2.o(.ARM.Collect$$libinit$$0000001D))

<P><STRONG><a name="[1a2]"></a>__rt_lib_init_clock_1</STRONG> (Thumb, 0 bytes, Stack size unknown bytes, libinit2.o(.ARM.Collect$$libinit$$00000023))

<P><STRONG><a name="[1a3]"></a>__rt_lib_init_cpp_1</STRONG> (Thumb, 0 bytes, Stack size unknown bytes, libinit2.o(.ARM.Collect$$libinit$$00000034))

<P><STRONG><a name="[1a4]"></a>__rt_lib_init_exceptions_1</STRONG> (Thumb, 0 bytes, Stack size unknown bytes, libinit2.o(.ARM.Collect$$libinit$$00000032))

<P><STRONG><a name="[1a5]"></a>__rt_lib_init_fp_trap_1</STRONG> (Thumb, 0 bytes, Stack size unknown bytes, libinit2.o(.ARM.Collect$$libinit$$00000021))

<P><STRONG><a name="[1a6]"></a>__rt_lib_init_getenv_1</STRONG> (Thumb, 0 bytes, Stack size unknown bytes, libinit2.o(.ARM.Collect$$libinit$$00000025))

<P><STRONG><a name="[1a7]"></a>__rt_lib_init_lc_collate_1</STRONG> (Thumb, 0 bytes, Stack size unknown bytes, libinit2.o(.ARM.Collect$$libinit$$00000013))

<P><STRONG><a name="[1a8]"></a>__rt_lib_init_lc_ctype_1</STRONG> (Thumb, 0 bytes, Stack size unknown bytes, libinit2.o(.ARM.Collect$$libinit$$00000015))

<P><STRONG><a name="[1a9]"></a>__rt_lib_init_lc_monetary_1</STRONG> (Thumb, 0 bytes, Stack size unknown bytes, libinit2.o(.ARM.Collect$$libinit$$00000017))

<P><STRONG><a name="[1aa]"></a>__rt_lib_init_lc_numeric_1</STRONG> (Thumb, 0 bytes, Stack size unknown bytes, libinit2.o(.ARM.Collect$$libinit$$00000019))

<P><STRONG><a name="[1ab]"></a>__rt_lib_init_lc_time_1</STRONG> (Thumb, 0 bytes, Stack size unknown bytes, libinit2.o(.ARM.Collect$$libinit$$0000001B))

<P><STRONG><a name="[1ac]"></a>__rt_lib_init_rand_1</STRONG> (Thumb, 0 bytes, Stack size unknown bytes, libinit2.o(.ARM.Collect$$libinit$$00000010))

<P><STRONG><a name="[1ad]"></a>__rt_lib_init_return</STRONG> (Thumb, 0 bytes, Stack size unknown bytes, libinit2.o(.ARM.Collect$$libinit$$00000035))

<P><STRONG><a name="[1ae]"></a>__rt_lib_init_signal_1</STRONG> (Thumb, 0 bytes, Stack size unknown bytes, libinit2.o(.ARM.Collect$$libinit$$0000001F))

<P><STRONG><a name="[1af]"></a>__rt_lib_init_stdio_1</STRONG> (Thumb, 0 bytes, Stack size unknown bytes, libinit2.o(.ARM.Collect$$libinit$$00000027))

<P><STRONG><a name="[b1]"></a>__rt_lib_shutdown</STRONG> (Thumb, 0 bytes, Stack size unknown bytes, libshutdown.o(.ARM.Collect$$libshutdown$$00000000))
<BR><BR>[Called By]<UL><LI><a href="#[b0]">&gt;&gt;</a>&nbsp;&nbsp;&nbsp;__rt_exit_ls
</UL>

<P><STRONG><a name="[1b0]"></a>__rt_lib_shutdown_cpp_1</STRONG> (Thumb, 0 bytes, Stack size unknown bytes, libshutdown2.o(.ARM.Collect$$libshutdown$$00000002))

<P><STRONG><a name="[1b1]"></a>__rt_lib_shutdown_fp_trap_1</STRONG> (Thumb, 0 bytes, Stack size unknown bytes, libshutdown2.o(.ARM.Collect$$libshutdown$$00000007))

<P><STRONG><a name="[1b2]"></a>__rt_lib_shutdown_heap_1</STRONG> (Thumb, 0 bytes, Stack size unknown bytes, libshutdown2.o(.ARM.Collect$$libshutdown$$0000000F))

<P><STRONG><a name="[1b3]"></a>__rt_lib_shutdown_return</STRONG> (Thumb, 0 bytes, Stack size unknown bytes, libshutdown2.o(.ARM.Collect$$libshutdown$$00000010))

<P><STRONG><a name="[1b4]"></a>__rt_lib_shutdown_signal_1</STRONG> (Thumb, 0 bytes, Stack size unknown bytes, libshutdown2.o(.ARM.Collect$$libshutdown$$0000000A))

<P><STRONG><a name="[1b5]"></a>__rt_lib_shutdown_stdio_1</STRONG> (Thumb, 0 bytes, Stack size unknown bytes, libshutdown2.o(.ARM.Collect$$libshutdown$$00000004))

<P><STRONG><a name="[1b6]"></a>__rt_lib_shutdown_user_alloc_1</STRONG> (Thumb, 0 bytes, Stack size unknown bytes, libshutdown2.o(.ARM.Collect$$libshutdown$$0000000C))

<P><STRONG><a name="[a4]"></a>__rt_entry</STRONG> (Thumb, 0 bytes, Stack size unknown bytes, __rtentry.o(.ARM.Collect$$rtentry$$00000000))
<BR><BR>[Called By]<UL><LI><a href="#[8b]">&gt;&gt;</a>&nbsp;&nbsp;&nbsp;__main
<LI><a href="#[a5]">&gt;&gt;</a>&nbsp;&nbsp;&nbsp;__scatterload_rt2
</UL>

<P><STRONG><a name="[1b7]"></a>__rt_entry_presh_1</STRONG> (Thumb, 0 bytes, Stack size unknown bytes, __rtentry2.o(.ARM.Collect$$rtentry$$00000002))

<P><STRONG><a name="[1b8]"></a>__rt_entry_sh</STRONG> (Thumb, 0 bytes, Stack size unknown bytes, __rtentry5.o(.ARM.Collect$$rtentry$$00000005))

<P><STRONG><a name="[ab]"></a>__rt_entry_li</STRONG> (Thumb, 0 bytes, Stack size unknown bytes, __rtentry2.o(.ARM.Collect$$rtentry$$0000000A))
<BR><BR>[Calls]<UL><LI><a href="#[ac]">&gt;&gt;</a>&nbsp;&nbsp;&nbsp;__rt_lib_init
</UL>

<P><STRONG><a name="[1b9]"></a>__rt_entry_postsh_1</STRONG> (Thumb, 0 bytes, Stack size unknown bytes, __rtentry2.o(.ARM.Collect$$rtentry$$00000009))

<P><STRONG><a name="[ad]"></a>__rt_entry_main</STRONG> (Thumb, 0 bytes, Stack size unknown bytes, __rtentry2.o(.ARM.Collect$$rtentry$$0000000D))
<BR><BR>[Stack]<UL><LI>Max Depth = 560 + Unknown Stack Size
<LI>Call Chain = __rt_entry_main &rArr; main &rArr; LWIP_APP_Init &rArr; dhcp_start &rArr; dhcp_discover &rArr; autoip_start &rArr; netif_set_addr &rArr; tcp_netif_ip_addr_changed &rArr; tcp_abandon &rArr; tcp_output &rArr; tcp_send_empty_ack &rArr; ip4_output_if &rArr; ip4_output_if_src &rArr; ip4_frag &rArr; pbuf_alloc &rArr; mem_malloc
</UL>
<BR>[Calls]<UL><LI><a href="#[ae]">&gt;&gt;</a>&nbsp;&nbsp;&nbsp;main
<LI><a href="#[af]">&gt;&gt;</a>&nbsp;&nbsp;&nbsp;exit
</UL>

<P><STRONG><a name="[1ba]"></a>__rt_entry_postli_1</STRONG> (Thumb, 0 bytes, Stack size unknown bytes, __rtentry2.o(.ARM.Collect$$rtentry$$0000000C))

<P><STRONG><a name="[b9]"></a>__rt_exit</STRONG> (Thumb, 0 bytes, Stack size unknown bytes, rtexit.o(.ARM.Collect$$rtexit$$00000000))
<BR><BR>[Called By]<UL><LI><a href="#[af]">&gt;&gt;</a>&nbsp;&nbsp;&nbsp;exit
</UL>

<P><STRONG><a name="[b0]"></a>__rt_exit_ls</STRONG> (Thumb, 0 bytes, Stack size unknown bytes, rtexit2.o(.ARM.Collect$$rtexit$$00000003))
<BR><BR>[Calls]<UL><LI><a href="#[b1]">&gt;&gt;</a>&nbsp;&nbsp;&nbsp;__rt_lib_shutdown
</UL>

<P><STRONG><a name="[1bb]"></a>__rt_exit_prels_1</STRONG> (Thumb, 0 bytes, Stack size unknown bytes, rtexit2.o(.ARM.Collect$$rtexit$$00000002))

<P><STRONG><a name="[b2]"></a>__rt_exit_exit</STRONG> (Thumb, 0 bytes, Stack size unknown bytes, rtexit2.o(.ARM.Collect$$rtexit$$00000004))
<BR><BR>[Calls]<UL><LI><a href="#[b3]">&gt;&gt;</a>&nbsp;&nbsp;&nbsp;_sys_exit
</UL>

<P><STRONG><a name="[11d]"></a>rand</STRONG> (Thumb, 48 bytes, Stack size 0 bytes, rand.o(.emb_text))
<BR><BR>[Called By]<UL><LI><a href="#[15d]">&gt;&gt;</a>&nbsp;&nbsp;&nbsp;tcp_init
<LI><a href="#[15c]">&gt;&gt;</a>&nbsp;&nbsp;&nbsp;udp_init
<LI><a href="#[11c]">&gt;&gt;</a>&nbsp;&nbsp;&nbsp;dhcp_arp_reply
<LI><a href="#[125]">&gt;&gt;</a>&nbsp;&nbsp;&nbsp;dhcp_release_and_stop
<LI><a href="#[12a]">&gt;&gt;</a>&nbsp;&nbsp;&nbsp;dhcp_discover
<LI><a href="#[127]">&gt;&gt;</a>&nbsp;&nbsp;&nbsp;dhcp_create_msg
</UL>

<P><STRONG><a name="[0]"></a>Reset_Handler</STRONG> (Thumb, 14 bytes, Stack size 0 bytes, startup_stm32h563xx.o(.text))
<BR>[Address Reference Count : 1]<UL><LI> startup_stm32h563xx.o(RESET)
</UL>
<P><STRONG><a name="[6]"></a>SecureFault_Handler</STRONG> (Thumb, 2 bytes, Stack size 0 bytes, startup_stm32h563xx.o(.text))
<BR><BR>[Calls]<UL><LI><a href="#[6]">&gt;&gt;</a>&nbsp;&nbsp;&nbsp;SecureFault_Handler
</UL>
<BR>[Called By]<UL><LI><a href="#[6]">&gt;&gt;</a>&nbsp;&nbsp;&nbsp;SecureFault_Handler
</UL>
<BR>[Address Reference Count : 1]<UL><LI> startup_stm32h563xx.o(RESET)
</UL>
<P><STRONG><a name="[2f]"></a>ADC1_IRQHandler</STRONG> (Thumb, 0 bytes, Stack size 0 bytes, startup_stm32h563xx.o(.text))
<BR><BR>[Calls]<UL><LI><a href="#[2f]">&gt;&gt;</a>&nbsp;&nbsp;&nbsp;ADC1_IRQHandler
</UL>
<BR>[Called By]<UL><LI><a href="#[2f]">&gt;&gt;</a>&nbsp;&nbsp;&nbsp;ADC1_IRQHandler
</UL>
<BR>[Address Reference Count : 1]<UL><LI> startup_stm32h563xx.o(RESET)
</UL>
<P><STRONG><a name="[4f]"></a>ADC2_IRQHandler</STRONG> (Thumb, 0 bytes, Stack size 0 bytes, startup_stm32h563xx.o(.text))
<BR>[Address Reference Count : 1]<UL><LI> startup_stm32h563xx.o(RESET)
</UL>
<P><STRONG><a name="[7e]"></a>CEC_IRQHandler</STRONG> (Thumb, 0 bytes, Stack size 0 bytes, startup_stm32h563xx.o(.text))
<BR>[Address Reference Count : 1]<UL><LI> startup_stm32h563xx.o(RESET)
</UL>
<P><STRONG><a name="[79]"></a>CORDIC_IRQHandler</STRONG> (Thumb, 0 bytes, Stack size 0 bytes, startup_stm32h563xx.o(.text))
<BR>[Address Reference Count : 1]<UL><LI> startup_stm32h563xx.o(RESET)
</UL>
<P><STRONG><a name="[55]"></a>CRS_IRQHandler</STRONG> (Thumb, 0 bytes, Stack size 0 bytes, startup_stm32h563xx.o(.text))
<BR>[Address Reference Count : 1]<UL><LI> startup_stm32h563xx.o(RESET)
</UL>
<P><STRONG><a name="[30]"></a>DAC1_IRQHandler</STRONG> (Thumb, 0 bytes, Stack size 0 bytes, startup_stm32h563xx.o(.text))
<BR>[Address Reference Count : 1]<UL><LI> startup_stm32h563xx.o(RESET)
</UL>
<P><STRONG><a name="[73]"></a>DCACHE1_IRQHandler</STRONG> (Thumb, 0 bytes, Stack size 0 bytes, startup_stm32h563xx.o(.text))
<BR>[Address Reference Count : 1]<UL><LI> startup_stm32h563xx.o(RESET)
</UL>
<P><STRONG><a name="[76]"></a>DCMI_PSSI_IRQHandler</STRONG> (Thumb, 0 bytes, Stack size 0 bytes, startup_stm32h563xx.o(.text))
<BR>[Address Reference Count : 1]<UL><LI> startup_stm32h563xx.o(RESET)
</UL>
<P><STRONG><a name="[7b]"></a>DTS_IRQHandler</STRONG> (Thumb, 0 bytes, Stack size 0 bytes, startup_stm32h563xx.o(.text))
<BR>[Address Reference Count : 1]<UL><LI> startup_stm32h563xx.o(RESET)
</UL>
<P><STRONG><a name="[75]"></a>ETH_WKUP_IRQHandler</STRONG> (Thumb, 0 bytes, Stack size 0 bytes, startup_stm32h563xx.o(.text))
<BR>[Address Reference Count : 1]<UL><LI> startup_stm32h563xx.o(RESET)
</UL>
<P><STRONG><a name="[16]"></a>EXTI0_IRQHandler</STRONG> (Thumb, 0 bytes, Stack size 0 bytes, startup_stm32h563xx.o(.text))
<BR>[Address Reference Count : 1]<UL><LI> startup_stm32h563xx.o(RESET)
</UL>
<P><STRONG><a name="[20]"></a>EXTI10_IRQHandler</STRONG> (Thumb, 0 bytes, Stack size 0 bytes, startup_stm32h563xx.o(.text))
<BR>[Address Reference Count : 1]<UL><LI> startup_stm32h563xx.o(RESET)
</UL>
<P><STRONG><a name="[21]"></a>EXTI11_IRQHandler</STRONG> (Thumb, 0 bytes, Stack size 0 bytes, startup_stm32h563xx.o(.text))
<BR>[Address Reference Count : 1]<UL><LI> startup_stm32h563xx.o(RESET)
</UL>
<P><STRONG><a name="[22]"></a>EXTI12_IRQHandler</STRONG> (Thumb, 0 bytes, Stack size 0 bytes, startup_stm32h563xx.o(.text))
<BR>[Address Reference Count : 1]<UL><LI> startup_stm32h563xx.o(RESET)
</UL>
<P><STRONG><a name="[23]"></a>EXTI13_IRQHandler</STRONG> (Thumb, 0 bytes, Stack size 0 bytes, startup_stm32h563xx.o(.text))
<BR>[Address Reference Count : 1]<UL><LI> startup_stm32h563xx.o(RESET)
</UL>
<P><STRONG><a name="[24]"></a>EXTI14_IRQHandler</STRONG> (Thumb, 0 bytes, Stack size 0 bytes, startup_stm32h563xx.o(.text))
<BR>[Address Reference Count : 1]<UL><LI> startup_stm32h563xx.o(RESET)
</UL>
<P><STRONG><a name="[25]"></a>EXTI15_IRQHandler</STRONG> (Thumb, 0 bytes, Stack size 0 bytes, startup_stm32h563xx.o(.text))
<BR>[Address Reference Count : 1]<UL><LI> startup_stm32h563xx.o(RESET)
</UL>
<P><STRONG><a name="[17]"></a>EXTI1_IRQHandler</STRONG> (Thumb, 0 bytes, Stack size 0 bytes, startup_stm32h563xx.o(.text))
<BR>[Address Reference Count : 1]<UL><LI> startup_stm32h563xx.o(RESET)
</UL>
<P><STRONG><a name="[18]"></a>EXTI2_IRQHandler</STRONG> (Thumb, 0 bytes, Stack size 0 bytes, startup_stm32h563xx.o(.text))
<BR>[Address Reference Count : 1]<UL><LI> startup_stm32h563xx.o(RESET)
</UL>
<P><STRONG><a name="[19]"></a>EXTI3_IRQHandler</STRONG> (Thumb, 0 bytes, Stack size 0 bytes, startup_stm32h563xx.o(.text))
<BR>[Address Reference Count : 1]<UL><LI> startup_stm32h563xx.o(RESET)
</UL>
<P><STRONG><a name="[1a]"></a>EXTI4_IRQHandler</STRONG> (Thumb, 0 bytes, Stack size 0 bytes, startup_stm32h563xx.o(.text))
<BR>[Address Reference Count : 1]<UL><LI> startup_stm32h563xx.o(RESET)
</UL>
<P><STRONG><a name="[1b]"></a>EXTI5_IRQHandler</STRONG> (Thumb, 0 bytes, Stack size 0 bytes, startup_stm32h563xx.o(.text))
<BR>[Address Reference Count : 1]<UL><LI> startup_stm32h563xx.o(RESET)
</UL>
<P><STRONG><a name="[1c]"></a>EXTI6_IRQHandler</STRONG> (Thumb, 0 bytes, Stack size 0 bytes, startup_stm32h563xx.o(.text))
<BR>[Address Reference Count : 1]<UL><LI> startup_stm32h563xx.o(RESET)
</UL>
<P><STRONG><a name="[1d]"></a>EXTI7_IRQHandler</STRONG> (Thumb, 0 bytes, Stack size 0 bytes, startup_stm32h563xx.o(.text))
<BR>[Address Reference Count : 1]<UL><LI> startup_stm32h563xx.o(RESET)
</UL>
<P><STRONG><a name="[1e]"></a>EXTI8_IRQHandler</STRONG> (Thumb, 0 bytes, Stack size 0 bytes, startup_stm32h563xx.o(.text))
<BR>[Address Reference Count : 1]<UL><LI> startup_stm32h563xx.o(RESET)
</UL>
<P><STRONG><a name="[1f]"></a>EXTI9_IRQHandler</STRONG> (Thumb, 0 bytes, Stack size 0 bytes, startup_stm32h563xx.o(.text))
<BR>[Address Reference Count : 1]<UL><LI> startup_stm32h563xx.o(RESET)
</UL>
<P><STRONG><a name="[31]"></a>FDCAN1_IT0_IRQHandler</STRONG> (Thumb, 0 bytes, Stack size 0 bytes, startup_stm32h563xx.o(.text))
<BR>[Address Reference Count : 1]<UL><LI> startup_stm32h563xx.o(RESET)
</UL>
<P><STRONG><a name="[32]"></a>FDCAN1_IT1_IRQHandler</STRONG> (Thumb, 0 bytes, Stack size 0 bytes, startup_stm32h563xx.o(.text))
<BR>[Address Reference Count : 1]<UL><LI> startup_stm32h563xx.o(RESET)
</UL>
<P><STRONG><a name="[77]"></a>FDCAN2_IT0_IRQHandler</STRONG> (Thumb, 0 bytes, Stack size 0 bytes, startup_stm32h563xx.o(.text))
<BR>[Address Reference Count : 1]<UL><LI> startup_stm32h563xx.o(RESET)
</UL>
<P><STRONG><a name="[78]"></a>FDCAN2_IT1_IRQHandler</STRONG> (Thumb, 0 bytes, Stack size 0 bytes, startup_stm32h563xx.o(.text))
<BR>[Address Reference Count : 1]<UL><LI> startup_stm32h563xx.o(RESET)
</UL>
<P><STRONG><a name="[11]"></a>FLASH_IRQHandler</STRONG> (Thumb, 0 bytes, Stack size 0 bytes, startup_stm32h563xx.o(.text))
<BR>[Address Reference Count : 1]<UL><LI> startup_stm32h563xx.o(RESET)
</UL>
<P><STRONG><a name="[12]"></a>FLASH_S_IRQHandler</STRONG> (Thumb, 0 bytes, Stack size 0 bytes, startup_stm32h563xx.o(.text))
<BR>[Address Reference Count : 1]<UL><LI> startup_stm32h563xx.o(RESET)
</UL>
<P><STRONG><a name="[7a]"></a>FMAC_IRQHandler</STRONG> (Thumb, 0 bytes, Stack size 0 bytes, startup_stm32h563xx.o(.text))
<BR>[Address Reference Count : 1]<UL><LI> startup_stm32h563xx.o(RESET)
</UL>
<P><STRONG><a name="[57]"></a>FMC_IRQHandler</STRONG> (Thumb, 0 bytes, Stack size 0 bytes, startup_stm32h563xx.o(.text))
<BR>[Address Reference Count : 1]<UL><LI> startup_stm32h563xx.o(RESET)
</UL>
<P><STRONG><a name="[71]"></a>FPU_IRQHandler</STRONG> (Thumb, 0 bytes, Stack size 0 bytes, startup_stm32h563xx.o(.text))
<BR>[Address Reference Count : 1]<UL><LI> startup_stm32h563xx.o(RESET)
</UL>
<P><STRONG><a name="[26]"></a>GPDMA1_Channel0_IRQHandler</STRONG> (Thumb, 0 bytes, Stack size 0 bytes, startup_stm32h563xx.o(.text))
<BR>[Address Reference Count : 1]<UL><LI> startup_stm32h563xx.o(RESET)
</UL>
<P><STRONG><a name="[27]"></a>GPDMA1_Channel1_IRQHandler</STRONG> (Thumb, 0 bytes, Stack size 0 bytes, startup_stm32h563xx.o(.text))
<BR>[Address Reference Count : 1]<UL><LI> startup_stm32h563xx.o(RESET)
</UL>
<P><STRONG><a name="[28]"></a>GPDMA1_Channel2_IRQHandler</STRONG> (Thumb, 0 bytes, Stack size 0 bytes, startup_stm32h563xx.o(.text))
<BR>[Address Reference Count : 1]<UL><LI> startup_stm32h563xx.o(RESET)
</UL>
<P><STRONG><a name="[29]"></a>GPDMA1_Channel3_IRQHandler</STRONG> (Thumb, 0 bytes, Stack size 0 bytes, startup_stm32h563xx.o(.text))
<BR>[Address Reference Count : 1]<UL><LI> startup_stm32h563xx.o(RESET)
</UL>
<P><STRONG><a name="[2a]"></a>GPDMA1_Channel4_IRQHandler</STRONG> (Thumb, 0 bytes, Stack size 0 bytes, startup_stm32h563xx.o(.text))
<BR>[Address Reference Count : 1]<UL><LI> startup_stm32h563xx.o(RESET)
</UL>
<P><STRONG><a name="[2b]"></a>GPDMA1_Channel5_IRQHandler</STRONG> (Thumb, 0 bytes, Stack size 0 bytes, startup_stm32h563xx.o(.text))
<BR>[Address Reference Count : 1]<UL><LI> startup_stm32h563xx.o(RESET)
</UL>
<P><STRONG><a name="[2c]"></a>GPDMA1_Channel6_IRQHandler</STRONG> (Thumb, 0 bytes, Stack size 0 bytes, startup_stm32h563xx.o(.text))
<BR>[Address Reference Count : 1]<UL><LI> startup_stm32h563xx.o(RESET)
</UL>
<P><STRONG><a name="[2d]"></a>GPDMA1_Channel7_IRQHandler</STRONG> (Thumb, 0 bytes, Stack size 0 bytes, startup_stm32h563xx.o(.text))
<BR>[Address Reference Count : 1]<UL><LI> startup_stm32h563xx.o(RESET)
</UL>
<P><STRONG><a name="[64]"></a>GPDMA2_Channel0_IRQHandler</STRONG> (Thumb, 0 bytes, Stack size 0 bytes, startup_stm32h563xx.o(.text))
<BR>[Address Reference Count : 1]<UL><LI> startup_stm32h563xx.o(RESET)
</UL>
<P><STRONG><a name="[65]"></a>GPDMA2_Channel1_IRQHandler</STRONG> (Thumb, 0 bytes, Stack size 0 bytes, startup_stm32h563xx.o(.text))
<BR>[Address Reference Count : 1]<UL><LI> startup_stm32h563xx.o(RESET)
</UL>
<P><STRONG><a name="[66]"></a>GPDMA2_Channel2_IRQHandler</STRONG> (Thumb, 0 bytes, Stack size 0 bytes, startup_stm32h563xx.o(.text))
<BR>[Address Reference Count : 1]<UL><LI> startup_stm32h563xx.o(RESET)
</UL>
<P><STRONG><a name="[67]"></a>GPDMA2_Channel3_IRQHandler</STRONG> (Thumb, 0 bytes, Stack size 0 bytes, startup_stm32h563xx.o(.text))
<BR>[Address Reference Count : 1]<UL><LI> startup_stm32h563xx.o(RESET)
</UL>
<P><STRONG><a name="[68]"></a>GPDMA2_Channel4_IRQHandler</STRONG> (Thumb, 0 bytes, Stack size 0 bytes, startup_stm32h563xx.o(.text))
<BR>[Address Reference Count : 1]<UL><LI> startup_stm32h563xx.o(RESET)
</UL>
<P><STRONG><a name="[69]"></a>GPDMA2_Channel5_IRQHandler</STRONG> (Thumb, 0 bytes, Stack size 0 bytes, startup_stm32h563xx.o(.text))
<BR>[Address Reference Count : 1]<UL><LI> startup_stm32h563xx.o(RESET)
</UL>
<P><STRONG><a name="[6a]"></a>GPDMA2_Channel6_IRQHandler</STRONG> (Thumb, 0 bytes, Stack size 0 bytes, startup_stm32h563xx.o(.text))
<BR>[Address Reference Count : 1]<UL><LI> startup_stm32h563xx.o(RESET)
</UL>
<P><STRONG><a name="[6b]"></a>GPDMA2_Channel7_IRQHandler</STRONG> (Thumb, 0 bytes, Stack size 0 bytes, startup_stm32h563xx.o(.text))
<BR>[Address Reference Count : 1]<UL><LI> startup_stm32h563xx.o(RESET)
</UL>
<P><STRONG><a name="[13]"></a>GTZC_IRQHandler</STRONG> (Thumb, 0 bytes, Stack size 0 bytes, startup_stm32h563xx.o(.text))
<BR>[Address Reference Count : 1]<UL><LI> startup_stm32h563xx.o(RESET)
</UL>
<P><STRONG><a name="[7d]"></a>HASH_IRQHandler</STRONG> (Thumb, 0 bytes, Stack size 0 bytes, startup_stm32h563xx.o(.text))
<BR>[Address Reference Count : 1]<UL><LI> startup_stm32h563xx.o(RESET)
</UL>
<P><STRONG><a name="[3e]"></a>I2C1_ER_IRQHandler</STRONG> (Thumb, 0 bytes, Stack size 0 bytes, startup_stm32h563xx.o(.text))
<BR>[Address Reference Count : 1]<UL><LI> startup_stm32h563xx.o(RESET)
</UL>
<P><STRONG><a name="[3d]"></a>I2C1_EV_IRQHandler</STRONG> (Thumb, 0 bytes, Stack size 0 bytes, startup_stm32h563xx.o(.text))
<BR>[Address Reference Count : 1]<UL><LI> startup_stm32h563xx.o(RESET)
</UL>
<P><STRONG><a name="[40]"></a>I2C2_ER_IRQHandler</STRONG> (Thumb, 0 bytes, Stack size 0 bytes, startup_stm32h563xx.o(.text))
<BR>[Address Reference Count : 1]<UL><LI> startup_stm32h563xx.o(RESET)
</UL>
<P><STRONG><a name="[3f]"></a>I2C2_EV_IRQHandler</STRONG> (Thumb, 0 bytes, Stack size 0 bytes, startup_stm32h563xx.o(.text))
<BR>[Address Reference Count : 1]<UL><LI> startup_stm32h563xx.o(RESET)
</UL>
<P><STRONG><a name="[5b]"></a>I2C3_ER_IRQHandler</STRONG> (Thumb, 0 bytes, Stack size 0 bytes, startup_stm32h563xx.o(.text))
<BR>[Address Reference Count : 1]<UL><LI> startup_stm32h563xx.o(RESET)
</UL>
<P><STRONG><a name="[5a]"></a>I2C3_EV_IRQHandler</STRONG> (Thumb, 0 bytes, Stack size 0 bytes, startup_stm32h563xx.o(.text))
<BR>[Address Reference Count : 1]<UL><LI> startup_stm32h563xx.o(RESET)
</UL>
<P><STRONG><a name="[85]"></a>I2C4_ER_IRQHandler</STRONG> (Thumb, 0 bytes, Stack size 0 bytes, startup_stm32h563xx.o(.text))
<BR>[Address Reference Count : 1]<UL><LI> startup_stm32h563xx.o(RESET)
</UL>
<P><STRONG><a name="[84]"></a>I2C4_EV_IRQHandler</STRONG> (Thumb, 0 bytes, Stack size 0 bytes, startup_stm32h563xx.o(.text))
<BR>[Address Reference Count : 1]<UL><LI> startup_stm32h563xx.o(RESET)
</UL>
<P><STRONG><a name="[83]"></a>I3C1_ER_IRQHandler</STRONG> (Thumb, 0 bytes, Stack size 0 bytes, startup_stm32h563xx.o(.text))
<BR>[Address Reference Count : 1]<UL><LI> startup_stm32h563xx.o(RESET)
</UL>
<P><STRONG><a name="[82]"></a>I3C1_EV_IRQHandler</STRONG> (Thumb, 0 bytes, Stack size 0 bytes, startup_stm32h563xx.o(.text))
<BR>[Address Reference Count : 1]<UL><LI> startup_stm32h563xx.o(RESET)
</UL>
<P><STRONG><a name="[72]"></a>ICACHE_IRQHandler</STRONG> (Thumb, 0 bytes, Stack size 0 bytes, startup_stm32h563xx.o(.text))
<BR>[Address Reference Count : 1]<UL><LI> startup_stm32h563xx.o(RESET)
</UL>
<P><STRONG><a name="[2e]"></a>IWDG_IRQHandler</STRONG> (Thumb, 0 bytes, Stack size 0 bytes, startup_stm32h563xx.o(.text))
<BR>[Address Reference Count : 1]<UL><LI> startup_stm32h563xx.o(RESET)
</UL>
<P><STRONG><a name="[4a]"></a>LPTIM1_IRQHandler</STRONG> (Thumb, 0 bytes, Stack size 0 bytes, startup_stm32h563xx.o(.text))
<BR>[Address Reference Count : 1]<UL><LI> startup_stm32h563xx.o(RESET)
</UL>
<P><STRONG><a name="[50]"></a>LPTIM2_IRQHandler</STRONG> (Thumb, 0 bytes, Stack size 0 bytes, startup_stm32h563xx.o(.text))
<BR>[Address Reference Count : 1]<UL><LI> startup_stm32h563xx.o(RESET)
</UL>
<P><STRONG><a name="[86]"></a>LPTIM3_IRQHandler</STRONG> (Thumb, 0 bytes, Stack size 0 bytes, startup_stm32h563xx.o(.text))
<BR>[Address Reference Count : 1]<UL><LI> startup_stm32h563xx.o(RESET)
</UL>
<P><STRONG><a name="[87]"></a>LPTIM4_IRQHandler</STRONG> (Thumb, 0 bytes, Stack size 0 bytes, startup_stm32h563xx.o(.text))
<BR>[Address Reference Count : 1]<UL><LI> startup_stm32h563xx.o(RESET)
</UL>
<P><STRONG><a name="[88]"></a>LPTIM5_IRQHandler</STRONG> (Thumb, 0 bytes, Stack size 0 bytes, startup_stm32h563xx.o(.text))
<BR>[Address Reference Count : 1]<UL><LI> startup_stm32h563xx.o(RESET)
</UL>
<P><STRONG><a name="[89]"></a>LPTIM6_IRQHandler</STRONG> (Thumb, 0 bytes, Stack size 0 bytes, startup_stm32h563xx.o(.text))
<BR>[Address Reference Count : 1]<UL><LI> startup_stm32h563xx.o(RESET)
</UL>
<P><STRONG><a name="[49]"></a>LPUART1_IRQHandler</STRONG> (Thumb, 0 bytes, Stack size 0 bytes, startup_stm32h563xx.o(.text))
<BR>[Address Reference Count : 1]<UL><LI> startup_stm32h563xx.o(RESET)
</UL>
<P><STRONG><a name="[58]"></a>OCTOSPI1_IRQHandler</STRONG> (Thumb, 0 bytes, Stack size 0 bytes, startup_stm32h563xx.o(.text))
<BR>[Address Reference Count : 1]<UL><LI> startup_stm32h563xx.o(RESET)
</UL>
<P><STRONG><a name="[c]"></a>PVD_AVD_IRQHandler</STRONG> (Thumb, 0 bytes, Stack size 0 bytes, startup_stm32h563xx.o(.text))
<BR>[Address Reference Count : 1]<UL><LI> startup_stm32h563xx.o(RESET)
</UL>
<P><STRONG><a name="[10]"></a>RAMCFG_IRQHandler</STRONG> (Thumb, 0 bytes, Stack size 0 bytes, startup_stm32h563xx.o(.text))
<BR>[Address Reference Count : 1]<UL><LI> startup_stm32h563xx.o(RESET)
</UL>
<P><STRONG><a name="[14]"></a>RCC_IRQHandler</STRONG> (Thumb, 0 bytes, Stack size 0 bytes, startup_stm32h563xx.o(.text))
<BR>[Address Reference Count : 1]<UL><LI> startup_stm32h563xx.o(RESET)
</UL>
<P><STRONG><a name="[15]"></a>RCC_S_IRQHandler</STRONG> (Thumb, 0 bytes, Stack size 0 bytes, startup_stm32h563xx.o(.text))
<BR>[Address Reference Count : 1]<UL><LI> startup_stm32h563xx.o(RESET)
</UL>
<P><STRONG><a name="[7c]"></a>RNG_IRQHandler</STRONG> (Thumb, 0 bytes, Stack size 0 bytes, startup_stm32h563xx.o(.text))
<BR>[Address Reference Count : 1]<UL><LI> startup_stm32h563xx.o(RESET)
</UL>
<P><STRONG><a name="[d]"></a>RTC_IRQHandler</STRONG> (Thumb, 0 bytes, Stack size 0 bytes, startup_stm32h563xx.o(.text))
<BR>[Address Reference Count : 1]<UL><LI> startup_stm32h563xx.o(RESET)
</UL>
<P><STRONG><a name="[e]"></a>RTC_S_IRQHandler</STRONG> (Thumb, 0 bytes, Stack size 0 bytes, startup_stm32h563xx.o(.text))
<BR>[Address Reference Count : 1]<UL><LI> startup_stm32h563xx.o(RESET)
</UL>
<P><STRONG><a name="[62]"></a>SAI1_IRQHandler</STRONG> (Thumb, 0 bytes, Stack size 0 bytes, startup_stm32h563xx.o(.text))
<BR>[Address Reference Count : 1]<UL><LI> startup_stm32h563xx.o(RESET)
</UL>
<P><STRONG><a name="[63]"></a>SAI2_IRQHandler</STRONG> (Thumb, 0 bytes, Stack size 0 bytes, startup_stm32h563xx.o(.text))
<BR>[Address Reference Count : 1]<UL><LI> startup_stm32h563xx.o(RESET)
</UL>
<P><STRONG><a name="[59]"></a>SDMMC1_IRQHandler</STRONG> (Thumb, 0 bytes, Stack size 0 bytes, startup_stm32h563xx.o(.text))
<BR>[Address Reference Count : 1]<UL><LI> startup_stm32h563xx.o(RESET)
</UL>
<P><STRONG><a name="[70]"></a>SDMMC2_IRQHandler</STRONG> (Thumb, 0 bytes, Stack size 0 bytes, startup_stm32h563xx.o(.text))
<BR>[Address Reference Count : 1]<UL><LI> startup_stm32h563xx.o(RESET)
</UL>
<P><STRONG><a name="[41]"></a>SPI1_IRQHandler</STRONG> (Thumb, 0 bytes, Stack size 0 bytes, startup_stm32h563xx.o(.text))
<BR>[Address Reference Count : 1]<UL><LI> startup_stm32h563xx.o(RESET)
</UL>
<P><STRONG><a name="[42]"></a>SPI2_IRQHandler</STRONG> (Thumb, 0 bytes, Stack size 0 bytes, startup_stm32h563xx.o(.text))
<BR>[Address Reference Count : 1]<UL><LI> startup_stm32h563xx.o(RESET)
</UL>
<P><STRONG><a name="[43]"></a>SPI3_IRQHandler</STRONG> (Thumb, 0 bytes, Stack size 0 bytes, startup_stm32h563xx.o(.text))
<BR>[Address Reference Count : 1]<UL><LI> startup_stm32h563xx.o(RESET)
</UL>
<P><STRONG><a name="[5c]"></a>SPI4_IRQHandler</STRONG> (Thumb, 0 bytes, Stack size 0 bytes, startup_stm32h563xx.o(.text))
<BR>[Address Reference Count : 1]<UL><LI> startup_stm32h563xx.o(RESET)
</UL>
<P><STRONG><a name="[5d]"></a>SPI5_IRQHandler</STRONG> (Thumb, 0 bytes, Stack size 0 bytes, startup_stm32h563xx.o(.text))
<BR>[Address Reference Count : 1]<UL><LI> startup_stm32h563xx.o(RESET)
</UL>
<P><STRONG><a name="[5e]"></a>SPI6_IRQHandler</STRONG> (Thumb, 0 bytes, Stack size 0 bytes, startup_stm32h563xx.o(.text))
<BR>[Address Reference Count : 1]<UL><LI> startup_stm32h563xx.o(RESET)
</UL>
<P><STRONG><a name="[f]"></a>TAMP_IRQHandler</STRONG> (Thumb, 0 bytes, Stack size 0 bytes, startup_stm32h563xx.o(.text))
<BR>[Address Reference Count : 1]<UL><LI> startup_stm32h563xx.o(RESET)
</UL>
<P><STRONG><a name="[7f]"></a>TIM12_IRQHandler</STRONG> (Thumb, 0 bytes, Stack size 0 bytes, startup_stm32h563xx.o(.text))
<BR>[Address Reference Count : 1]<UL><LI> startup_stm32h563xx.o(RESET)
</UL>
<P><STRONG><a name="[80]"></a>TIM13_IRQHandler</STRONG> (Thumb, 0 bytes, Stack size 0 bytes, startup_stm32h563xx.o(.text))
<BR>[Address Reference Count : 1]<UL><LI> startup_stm32h563xx.o(RESET)
</UL>
<P><STRONG><a name="[81]"></a>TIM14_IRQHandler</STRONG> (Thumb, 0 bytes, Stack size 0 bytes, startup_stm32h563xx.o(.text))
<BR>[Address Reference Count : 1]<UL><LI> startup_stm32h563xx.o(RESET)
</UL>
<P><STRONG><a name="[51]"></a>TIM15_IRQHandler</STRONG> (Thumb, 0 bytes, Stack size 0 bytes, startup_stm32h563xx.o(.text))
<BR>[Address Reference Count : 1]<UL><LI> startup_stm32h563xx.o(RESET)
</UL>
<P><STRONG><a name="[52]"></a>TIM16_IRQHandler</STRONG> (Thumb, 0 bytes, Stack size 0 bytes, startup_stm32h563xx.o(.text))
<BR>[Address Reference Count : 1]<UL><LI> startup_stm32h563xx.o(RESET)
</UL>
<P><STRONG><a name="[53]"></a>TIM17_IRQHandler</STRONG> (Thumb, 0 bytes, Stack size 0 bytes, startup_stm32h563xx.o(.text))
<BR>[Address Reference Count : 1]<UL><LI> startup_stm32h563xx.o(RESET)
</UL>
<P><STRONG><a name="[33]"></a>TIM1_BRK_IRQHandler</STRONG> (Thumb, 0 bytes, Stack size 0 bytes, startup_stm32h563xx.o(.text))
<BR>[Address Reference Count : 1]<UL><LI> startup_stm32h563xx.o(RESET)
</UL>
<P><STRONG><a name="[36]"></a>TIM1_CC_IRQHandler</STRONG> (Thumb, 0 bytes, Stack size 0 bytes, startup_stm32h563xx.o(.text))
<BR>[Address Reference Count : 1]<UL><LI> startup_stm32h563xx.o(RESET)
</UL>
<P><STRONG><a name="[35]"></a>TIM1_TRG_COM_IRQHandler</STRONG> (Thumb, 0 bytes, Stack size 0 bytes, startup_stm32h563xx.o(.text))
<BR>[Address Reference Count : 1]<UL><LI> startup_stm32h563xx.o(RESET)
</UL>
<P><STRONG><a name="[34]"></a>TIM1_UP_IRQHandler</STRONG> (Thumb, 0 bytes, Stack size 0 bytes, startup_stm32h563xx.o(.text))
<BR>[Address Reference Count : 1]<UL><LI> startup_stm32h563xx.o(RESET)
</UL>
<P><STRONG><a name="[37]"></a>TIM2_IRQHandler</STRONG> (Thumb, 0 bytes, Stack size 0 bytes, startup_stm32h563xx.o(.text))
<BR>[Address Reference Count : 1]<UL><LI> startup_stm32h563xx.o(RESET)
</UL>
<P><STRONG><a name="[38]"></a>TIM3_IRQHandler</STRONG> (Thumb, 0 bytes, Stack size 0 bytes, startup_stm32h563xx.o(.text))
<BR>[Address Reference Count : 1]<UL><LI> startup_stm32h563xx.o(RESET)
</UL>
<P><STRONG><a name="[39]"></a>TIM4_IRQHandler</STRONG> (Thumb, 0 bytes, Stack size 0 bytes, startup_stm32h563xx.o(.text))
<BR>[Address Reference Count : 1]<UL><LI> startup_stm32h563xx.o(RESET)
</UL>
<P><STRONG><a name="[3a]"></a>TIM5_IRQHandler</STRONG> (Thumb, 0 bytes, Stack size 0 bytes, startup_stm32h563xx.o(.text))
<BR>[Address Reference Count : 1]<UL><LI> startup_stm32h563xx.o(RESET)
</UL>
<P><STRONG><a name="[3b]"></a>TIM6_IRQHandler</STRONG> (Thumb, 0 bytes, Stack size 0 bytes, startup_stm32h563xx.o(.text))
<BR>[Address Reference Count : 1]<UL><LI> startup_stm32h563xx.o(RESET)
</UL>
<P><STRONG><a name="[3c]"></a>TIM7_IRQHandler</STRONG> (Thumb, 0 bytes, Stack size 0 bytes, startup_stm32h563xx.o(.text))
<BR>[Address Reference Count : 1]<UL><LI> startup_stm32h563xx.o(RESET)
</UL>
<P><STRONG><a name="[4b]"></a>TIM8_BRK_IRQHandler</STRONG> (Thumb, 0 bytes, Stack size 0 bytes, startup_stm32h563xx.o(.text))
<BR>[Address Reference Count : 1]<UL><LI> startup_stm32h563xx.o(RESET)
</UL>
<P><STRONG><a name="[4e]"></a>TIM8_CC_IRQHandler</STRONG> (Thumb, 0 bytes, Stack size 0 bytes, startup_stm32h563xx.o(.text))
<BR>[Address Reference Count : 1]<UL><LI> startup_stm32h563xx.o(RESET)
</UL>
<P><STRONG><a name="[4d]"></a>TIM8_TRG_COM_IRQHandler</STRONG> (Thumb, 0 bytes, Stack size 0 bytes, startup_stm32h563xx.o(.text))
<BR>[Address Reference Count : 1]<UL><LI> startup_stm32h563xx.o(RESET)
</UL>
<P><STRONG><a name="[4c]"></a>TIM8_UP_IRQHandler</STRONG> (Thumb, 0 bytes, Stack size 0 bytes, startup_stm32h563xx.o(.text))
<BR>[Address Reference Count : 1]<UL><LI> startup_stm32h563xx.o(RESET)
</UL>
<P><STRONG><a name="[6f]"></a>UART12_IRQHandler</STRONG> (Thumb, 0 bytes, Stack size 0 bytes, startup_stm32h563xx.o(.text))
<BR>[Address Reference Count : 1]<UL><LI> startup_stm32h563xx.o(RESET)
</UL>
<P><STRONG><a name="[47]"></a>UART4_IRQHandler</STRONG> (Thumb, 0 bytes, Stack size 0 bytes, startup_stm32h563xx.o(.text))
<BR>[Address Reference Count : 1]<UL><LI> startup_stm32h563xx.o(RESET)
</UL>
<P><STRONG><a name="[48]"></a>UART5_IRQHandler</STRONG> (Thumb, 0 bytes, Stack size 0 bytes, startup_stm32h563xx.o(.text))
<BR>[Address Reference Count : 1]<UL><LI> startup_stm32h563xx.o(RESET)
</UL>
<P><STRONG><a name="[6c]"></a>UART7_IRQHandler</STRONG> (Thumb, 0 bytes, Stack size 0 bytes, startup_stm32h563xx.o(.text))
<BR>[Address Reference Count : 1]<UL><LI> startup_stm32h563xx.o(RESET)
</UL>
<P><STRONG><a name="[6d]"></a>UART8_IRQHandler</STRONG> (Thumb, 0 bytes, Stack size 0 bytes, startup_stm32h563xx.o(.text))
<BR>[Address Reference Count : 1]<UL><LI> startup_stm32h563xx.o(RESET)
</UL>
<P><STRONG><a name="[6e]"></a>UART9_IRQHandler</STRONG> (Thumb, 0 bytes, Stack size 0 bytes, startup_stm32h563xx.o(.text))
<BR>[Address Reference Count : 1]<UL><LI> startup_stm32h563xx.o(RESET)
</UL>
<P><STRONG><a name="[56]"></a>UCPD1_IRQHandler</STRONG> (Thumb, 0 bytes, Stack size 0 bytes, startup_stm32h563xx.o(.text))
<BR>[Address Reference Count : 1]<UL><LI> startup_stm32h563xx.o(RESET)
</UL>
<P><STRONG><a name="[60]"></a>USART10_IRQHandler</STRONG> (Thumb, 0 bytes, Stack size 0 bytes, startup_stm32h563xx.o(.text))
<BR>[Address Reference Count : 1]<UL><LI> startup_stm32h563xx.o(RESET)
</UL>
<P><STRONG><a name="[61]"></a>USART11_IRQHandler</STRONG> (Thumb, 0 bytes, Stack size 0 bytes, startup_stm32h563xx.o(.text))
<BR>[Address Reference Count : 1]<UL><LI> startup_stm32h563xx.o(RESET)
</UL>
<P><STRONG><a name="[44]"></a>USART1_IRQHandler</STRONG> (Thumb, 0 bytes, Stack size 0 bytes, startup_stm32h563xx.o(.text))
<BR>[Address Reference Count : 1]<UL><LI> startup_stm32h563xx.o(RESET)
</UL>
<P><STRONG><a name="[45]"></a>USART2_IRQHandler</STRONG> (Thumb, 0 bytes, Stack size 0 bytes, startup_stm32h563xx.o(.text))
<BR>[Address Reference Count : 1]<UL><LI> startup_stm32h563xx.o(RESET)
</UL>
<P><STRONG><a name="[46]"></a>USART3_IRQHandler</STRONG> (Thumb, 0 bytes, Stack size 0 bytes, startup_stm32h563xx.o(.text))
<BR>[Address Reference Count : 1]<UL><LI> startup_stm32h563xx.o(RESET)
</UL>
<P><STRONG><a name="[5f]"></a>USART6_IRQHandler</STRONG> (Thumb, 0 bytes, Stack size 0 bytes, startup_stm32h563xx.o(.text))
<BR>[Address Reference Count : 1]<UL><LI> startup_stm32h563xx.o(RESET)
</UL>
<P><STRONG><a name="[54]"></a>USB_DRD_FS_IRQHandler</STRONG> (Thumb, 0 bytes, Stack size 0 bytes, startup_stm32h563xx.o(.text))
<BR>[Address Reference Count : 1]<UL><LI> startup_stm32h563xx.o(RESET)
</UL>
<P><STRONG><a name="[b]"></a>WWDG_IRQHandler</STRONG> (Thumb, 0 bytes, Stack size 0 bytes, startup_stm32h563xx.o(.text))
<BR>[Address Reference Count : 1]<UL><LI> startup_stm32h563xx.o(RESET)
</UL>
<P><STRONG><a name="[b4]"></a>srand</STRONG> (Thumb, 42 bytes, Stack size 8 bytes, rand.o(.text))
<BR><BR>[Stack]<UL><LI>Max Depth = 8<LI>Call Chain = srand
</UL>
<BR>[Called By]<UL><LI><a href="#[aa]">&gt;&gt;</a>&nbsp;&nbsp;&nbsp;_rand_init
</UL>

<P><STRONG><a name="[aa]"></a>_rand_init</STRONG> (Thumb, 4 bytes, Stack size 0 bytes, rand.o(.text))
<BR><BR>[Stack]<UL><LI>Max Depth = 8<LI>Call Chain = _rand_init &rArr; srand
</UL>
<BR>[Calls]<UL><LI><a href="#[b4]">&gt;&gt;</a>&nbsp;&nbsp;&nbsp;srand
</UL>
<BR>[Called By]<UL><LI><a href="#[a9]">&gt;&gt;</a>&nbsp;&nbsp;&nbsp;__rt_lib_init_rand_2
</UL>

<P><STRONG><a name="[116]"></a>memcmp</STRONG> (Thumb, 88 bytes, Stack size 8 bytes, memcmp.o(.text))
<BR><BR>[Stack]<UL><LI>Max Depth = 8<LI>Call Chain = memcmp
</UL>
<BR>[Called By]<UL><LI><a href="#[93]">&gt;&gt;</a>&nbsp;&nbsp;&nbsp;ethernet_input
<LI><a href="#[115]">&gt;&gt;</a>&nbsp;&nbsp;&nbsp;autoip_arp_reply
</UL>

<P><STRONG><a name="[128]"></a>strlen</STRONG> (Thumb, 62 bytes, Stack size 8 bytes, strlen.o(.text))
<BR><BR>[Stack]<UL><LI>Max Depth = 8<LI>Call Chain = strlen
</UL>
<BR>[Called By]<UL><LI><a href="#[126]">&gt;&gt;</a>&nbsp;&nbsp;&nbsp;dhcp_renew
<LI><a href="#[12c]">&gt;&gt;</a>&nbsp;&nbsp;&nbsp;dhcp_reboot
<LI><a href="#[12b]">&gt;&gt;</a>&nbsp;&nbsp;&nbsp;dhcp_select
<LI><a href="#[a0]">&gt;&gt;</a>&nbsp;&nbsp;&nbsp;dhcp_coarse_tmr
</UL>

<P><STRONG><a name="[d8]"></a>__aeabi_memcpy</STRONG> (Thumb, 0 bytes, Stack size 0 bytes, rt_memcpy_v6.o(.text))
<BR><BR>[Called By]<UL><LI><a href="#[d5]">&gt;&gt;</a>&nbsp;&nbsp;&nbsp;HAL_ETH_RxLinkCallback
<LI><a href="#[157]">&gt;&gt;</a>&nbsp;&nbsp;&nbsp;ip_reass_free_complete_datagram
<LI><a href="#[14e]">&gt;&gt;</a>&nbsp;&nbsp;&nbsp;ip4_frag
<LI><a href="#[151]">&gt;&gt;</a>&nbsp;&nbsp;&nbsp;ip4_reass
<LI><a href="#[14d]">&gt;&gt;</a>&nbsp;&nbsp;&nbsp;icmp_time_exceeded
<LI><a href="#[14b]">&gt;&gt;</a>&nbsp;&nbsp;&nbsp;icmp_input
<LI><a href="#[148]">&gt;&gt;</a>&nbsp;&nbsp;&nbsp;icmp_dest_unreach
<LI><a href="#[18c]">&gt;&gt;</a>&nbsp;&nbsp;&nbsp;tcp_seg_copy
<LI><a href="#[142]">&gt;&gt;</a>&nbsp;&nbsp;&nbsp;pbuf_clone
<LI><a href="#[131]">&gt;&gt;</a>&nbsp;&nbsp;&nbsp;pbuf_copy_partial
<LI><a href="#[14c]">&gt;&gt;</a>&nbsp;&nbsp;&nbsp;pbuf_copy
</UL>

<P><STRONG><a name="[b5]"></a>__rt_memcpy</STRONG> (Thumb, 138 bytes, Stack size 0 bytes, rt_memcpy_v6.o(.text), UNUSED)
<BR><BR>[Calls]<UL><LI><a href="#[b6]">&gt;&gt;</a>&nbsp;&nbsp;&nbsp;__aeabi_memcpy4
</UL>

<P><STRONG><a name="[1bc]"></a>_memcpy_lastbytes</STRONG> (Thumb, 0 bytes, Stack size unknown bytes, rt_memcpy_v6.o(.text), UNUSED)

<P><STRONG><a name="[11e]"></a>__aeabi_memclr</STRONG> (Thumb, 0 bytes, Stack size unknown bytes, rt_memclr.o(.text))
<BR><BR>[Called By]<UL><LI><a href="#[119]">&gt;&gt;</a>&nbsp;&nbsp;&nbsp;mem_calloc
<LI><a href="#[11c]">&gt;&gt;</a>&nbsp;&nbsp;&nbsp;dhcp_arp_reply
<LI><a href="#[126]">&gt;&gt;</a>&nbsp;&nbsp;&nbsp;dhcp_renew
<LI><a href="#[125]">&gt;&gt;</a>&nbsp;&nbsp;&nbsp;dhcp_release_and_stop
<LI><a href="#[12c]">&gt;&gt;</a>&nbsp;&nbsp;&nbsp;dhcp_reboot
<LI><a href="#[12b]">&gt;&gt;</a>&nbsp;&nbsp;&nbsp;dhcp_select
<LI><a href="#[12a]">&gt;&gt;</a>&nbsp;&nbsp;&nbsp;dhcp_discover
<LI><a href="#[127]">&gt;&gt;</a>&nbsp;&nbsp;&nbsp;dhcp_create_msg
<LI><a href="#[a0]">&gt;&gt;</a>&nbsp;&nbsp;&nbsp;dhcp_coarse_tmr
</UL>

<P><STRONG><a name="[1bd]"></a>__rt_memclr</STRONG> (Thumb, 0 bytes, Stack size unknown bytes, rt_memclr.o(.text), UNUSED)

<P><STRONG><a name="[b7]"></a>_memset</STRONG> (Thumb, 64 bytes, Stack size 0 bytes, rt_memclr.o(.text), UNUSED)
<BR><BR>[Calls]<UL><LI><a href="#[b8]">&gt;&gt;</a>&nbsp;&nbsp;&nbsp;_memset_w
</UL>

<P><STRONG><a name="[10b]"></a>__aeabi_memclr4</STRONG> (Thumb, 0 bytes, Stack size unknown bytes, rt_memclr_w.o(.text))
<BR><BR>[Called By]<UL><LI><a href="#[97]">&gt;&gt;</a>&nbsp;&nbsp;&nbsp;low_level_output
<LI><a href="#[ff]">&gt;&gt;</a>&nbsp;&nbsp;&nbsp;dhcp_start
<LI><a href="#[108]">&gt;&gt;</a>&nbsp;&nbsp;&nbsp;MX_ETH_Init
<LI><a href="#[114]">&gt;&gt;</a>&nbsp;&nbsp;&nbsp;SystemClock_Config
<LI><a href="#[125]">&gt;&gt;</a>&nbsp;&nbsp;&nbsp;dhcp_release_and_stop
<LI><a href="#[16f]">&gt;&gt;</a>&nbsp;&nbsp;&nbsp;tcp_alloc
</UL>

<P><STRONG><a name="[de]"></a>__aeabi_memclr8</STRONG> (Thumb, 0 bytes, Stack size unknown bytes, rt_memclr_w.o(.text))
<BR><BR>[Called By]<UL><LI><a href="#[ea]">&gt;&gt;</a>&nbsp;&nbsp;&nbsp;HAL_PCD_MspInit
<LI><a href="#[f7]">&gt;&gt;</a>&nbsp;&nbsp;&nbsp;HAL_XSPI_MspInit
<LI><a href="#[dd]">&gt;&gt;</a>&nbsp;&nbsp;&nbsp;HAL_FDCAN_MspInit
</UL>

<P><STRONG><a name="[1be]"></a>__rt_memclr_w</STRONG> (Thumb, 0 bytes, Stack size unknown bytes, rt_memclr_w.o(.text), UNUSED)

<P><STRONG><a name="[b8]"></a>_memset_w</STRONG> (Thumb, 74 bytes, Stack size 4 bytes, rt_memclr_w.o(.text), UNUSED)
<BR><BR>[Called By]<UL><LI><a href="#[b7]">&gt;&gt;</a>&nbsp;&nbsp;&nbsp;_memset
</UL>

<P><STRONG><a name="[1bf]"></a>__use_two_region_memory</STRONG> (Thumb, 2 bytes, Stack size 0 bytes, heapauxi.o(.text), UNUSED)

<P><STRONG><a name="[1c0]"></a>__rt_heap_escrow$2region</STRONG> (Thumb, 2 bytes, Stack size 0 bytes, heapauxi.o(.text), UNUSED)

<P><STRONG><a name="[1c1]"></a>__rt_heap_expand$2region</STRONG> (Thumb, 2 bytes, Stack size 0 bytes, heapauxi.o(.text), UNUSED)

<P><STRONG><a name="[b6]"></a>__aeabi_memcpy4</STRONG> (Thumb, 0 bytes, Stack size 8 bytes, rt_memcpy_w.o(.text), UNUSED)
<BR><BR>[Called By]<UL><LI><a href="#[b5]">&gt;&gt;</a>&nbsp;&nbsp;&nbsp;__rt_memcpy
</UL>

<P><STRONG><a name="[1c2]"></a>__aeabi_memcpy8</STRONG> (Thumb, 0 bytes, Stack size 8 bytes, rt_memcpy_w.o(.text), UNUSED)

<P><STRONG><a name="[1c3]"></a>__rt_memcpy_w</STRONG> (Thumb, 100 bytes, Stack size 8 bytes, rt_memcpy_w.o(.text), UNUSED)

<P><STRONG><a name="[1c4]"></a>_memcpy_lastbytes_aligned</STRONG> (Thumb, 0 bytes, Stack size unknown bytes, rt_memcpy_w.o(.text), UNUSED)

<P><STRONG><a name="[af]"></a>exit</STRONG> (Thumb, 18 bytes, Stack size 8 bytes, exit.o(.text))
<BR><BR>[Stack]<UL><LI>Max Depth = 8 + Unknown Stack Size
<LI>Call Chain = exit
</UL>
<BR>[Calls]<UL><LI><a href="#[b9]">&gt;&gt;</a>&nbsp;&nbsp;&nbsp;__rt_exit
</UL>
<BR>[Called By]<UL><LI><a href="#[ad]">&gt;&gt;</a>&nbsp;&nbsp;&nbsp;__rt_entry_main
</UL>

<P><STRONG><a name="[1c5]"></a>__I$use$semihosting</STRONG> (Thumb, 0 bytes, Stack size 0 bytes, use_no_semi.o(.text), UNUSED)

<P><STRONG><a name="[1c6]"></a>__use_no_semihosting_swi</STRONG> (Thumb, 2 bytes, Stack size 0 bytes, use_no_semi.o(.text), UNUSED)

<P><STRONG><a name="[1c7]"></a>__semihosting_library_function</STRONG> (Thumb, 0 bytes, Stack size 0 bytes, indicate_semi.o(.text), UNUSED)

<P><STRONG><a name="[b3]"></a>_sys_exit</STRONG> (Thumb, 8 bytes, Stack size 0 bytes, sys_exit.o(.text))
<BR><BR>[Called By]<UL><LI><a href="#[b2]">&gt;&gt;</a>&nbsp;&nbsp;&nbsp;__rt_exit_exit
</UL>

<P><STRONG><a name="[ba]"></a>BSP_LAN8742_GetBasicStatus</STRONG> (Thumb, 232 bytes, Stack size 32 bytes, bsp_lan8742.o(.text.BSP_LAN8742_GetBasicStatus))
<BR><BR>[Stack]<UL><LI>Max Depth = 48<LI>Call Chain = BSP_LAN8742_GetBasicStatus &rArr; HAL_ETH_ReadPHYRegister
</UL>
<BR>[Calls]<UL><LI><a href="#[bb]">&gt;&gt;</a>&nbsp;&nbsp;&nbsp;HAL_ETH_ReadPHYRegister
</UL>
<BR>[Called By]<UL><LI><a href="#[ae]">&gt;&gt;</a>&nbsp;&nbsp;&nbsp;main
</UL>

<P><STRONG><a name="[bc]"></a>BSP_LAN8742_InitOrDetect</STRONG> (Thumb, 100 bytes, Stack size 16 bytes, bsp_lan8742.o(.text.BSP_LAN8742_InitOrDetect))
<BR><BR>[Stack]<UL><LI>Max Depth = 32<LI>Call Chain = BSP_LAN8742_InitOrDetect &rArr; HAL_ETH_ReadPHYRegister
</UL>
<BR>[Calls]<UL><LI><a href="#[bb]">&gt;&gt;</a>&nbsp;&nbsp;&nbsp;HAL_ETH_ReadPHYRegister
</UL>
<BR>[Called By]<UL><LI><a href="#[ae]">&gt;&gt;</a>&nbsp;&nbsp;&nbsp;main
</UL>

<P><STRONG><a name="[bd]"></a>BSP_LAN8742_Reset</STRONG> (Thumb, 146 bytes, Stack size 24 bytes, bsp_lan8742.o(.text.BSP_LAN8742_Reset))
<BR><BR>[Stack]<UL><LI>Max Depth = 40<LI>Call Chain = BSP_LAN8742_Reset &rArr; HAL_ETH_WritePHYRegister
</UL>
<BR>[Calls]<UL><LI><a href="#[c0]">&gt;&gt;</a>&nbsp;&nbsp;&nbsp;HAL_ETH_WritePHYRegister
<LI><a href="#[bf]">&gt;&gt;</a>&nbsp;&nbsp;&nbsp;HAL_Delay
<LI><a href="#[bb]">&gt;&gt;</a>&nbsp;&nbsp;&nbsp;HAL_ETH_ReadPHYRegister
<LI><a href="#[be]">&gt;&gt;</a>&nbsp;&nbsp;&nbsp;HAL_GPIO_WritePin
<LI><a href="#[c1]">&gt;&gt;</a>&nbsp;&nbsp;&nbsp;HAL_GetTick
</UL>
<BR>[Called By]<UL><LI><a href="#[ae]">&gt;&gt;</a>&nbsp;&nbsp;&nbsp;main
</UL>

<P><STRONG><a name="[4]"></a>BusFault_Handler</STRONG> (Thumb, 2 bytes, Stack size 0 bytes, stm32h5xx_it.o(.text.BusFault_Handler))
<BR><BR>[Calls]<UL><LI><a href="#[4]">&gt;&gt;</a>&nbsp;&nbsp;&nbsp;BusFault_Handler
</UL>
<BR>[Called By]<UL><LI><a href="#[4]">&gt;&gt;</a>&nbsp;&nbsp;&nbsp;BusFault_Handler
</UL>
<BR>[Address Reference Count : 1]<UL><LI> startup_stm32h563xx.o(RESET)
</UL>
<P><STRONG><a name="[8]"></a>DebugMon_Handler</STRONG> (Thumb, 2 bytes, Stack size 0 bytes, stm32h5xx_it.o(.text.DebugMon_Handler))
<BR>[Address Reference Count : 1]<UL><LI> startup_stm32h563xx.o(RESET)
</UL>
<P><STRONG><a name="[74]"></a>ETH_IRQHandler</STRONG> (Thumb, 12 bytes, Stack size 0 bytes, stm32h5xx_it.o(.text.ETH_IRQHandler))
<BR><BR>[Stack]<UL><LI>Max Depth = 72<LI>Call Chain = ETH_IRQHandler &rArr; HAL_ETH_IRQHandler &rArr; HAL_ETH_ErrorCallback &rArr; HAL_ETH_Start_IT
</UL>
<BR>[Calls]<UL><LI><a href="#[c2]">&gt;&gt;</a>&nbsp;&nbsp;&nbsp;HAL_ETH_IRQHandler
</UL>
<BR>[Address Reference Count : 1]<UL><LI> startup_stm32h563xx.o(RESET)
</UL>
<P><STRONG><a name="[e0]"></a>Error_Handler</STRONG> (Thumb, 6 bytes, Stack size 0 bytes, main.o(.text.Error_Handler))
<BR><BR>[Called By]<UL><LI><a href="#[ea]">&gt;&gt;</a>&nbsp;&nbsp;&nbsp;HAL_PCD_MspInit
<LI><a href="#[f7]">&gt;&gt;</a>&nbsp;&nbsp;&nbsp;HAL_XSPI_MspInit
<LI><a href="#[dd]">&gt;&gt;</a>&nbsp;&nbsp;&nbsp;HAL_FDCAN_MspInit
<LI><a href="#[92]">&gt;&gt;</a>&nbsp;&nbsp;&nbsp;ethernetif_init
<LI><a href="#[111]">&gt;&gt;</a>&nbsp;&nbsp;&nbsp;MX_OCTOSPI1_Init
<LI><a href="#[112]">&gt;&gt;</a>&nbsp;&nbsp;&nbsp;MX_USB_PCD_Init
<LI><a href="#[10e]">&gt;&gt;</a>&nbsp;&nbsp;&nbsp;MX_ICACHE_Init
<LI><a href="#[10c]">&gt;&gt;</a>&nbsp;&nbsp;&nbsp;MX_FDCAN1_Init
<LI><a href="#[108]">&gt;&gt;</a>&nbsp;&nbsp;&nbsp;MX_ETH_Init
<LI><a href="#[106]">&gt;&gt;</a>&nbsp;&nbsp;&nbsp;MX_DCACHE1_Init
</UL>

<P><STRONG><a name="[90]"></a>HAL_DCACHE_CleanAndInvalidateByAddrCallback</STRONG> (Thumb, 2 bytes, Stack size 0 bytes, stm32h5xx_hal_dcache.o(.text.HAL_DCACHE_CleanAndInvalidateByAddrCallback))
<BR>[Address Reference Count : 1]<UL><LI> stm32h5xx_hal_dcache.o(.text.HAL_DCACHE_Init)
</UL>
<P><STRONG><a name="[8d]"></a>HAL_DCACHE_CleanByAddrCallback</STRONG> (Thumb, 2 bytes, Stack size 0 bytes, stm32h5xx_hal_dcache.o(.text.HAL_DCACHE_CleanByAddrCallback))
<BR>[Address Reference Count : 1]<UL><LI> stm32h5xx_hal_dcache.o(.text.HAL_DCACHE_Init)
</UL>
<P><STRONG><a name="[8c]"></a>HAL_DCACHE_ErrorCallback</STRONG> (Thumb, 2 bytes, Stack size 0 bytes, stm32h5xx_hal_dcache.o(.text.HAL_DCACHE_ErrorCallback))
<BR>[Address Reference Count : 1]<UL><LI> stm32h5xx_hal_dcache.o(.text.HAL_DCACHE_Init)
</UL>
<P><STRONG><a name="[107]"></a>HAL_DCACHE_Init</STRONG> (Thumb, 146 bytes, Stack size 8 bytes, stm32h5xx_hal_dcache.o(.text.HAL_DCACHE_Init))
<BR><BR>[Stack]<UL><LI>Max Depth = 8<LI>Call Chain = HAL_DCACHE_Init
</UL>
<BR>[Called By]<UL><LI><a href="#[106]">&gt;&gt;</a>&nbsp;&nbsp;&nbsp;MX_DCACHE1_Init
</UL>

<P><STRONG><a name="[8e]"></a>HAL_DCACHE_InvalidateByAddrCallback</STRONG> (Thumb, 2 bytes, Stack size 0 bytes, stm32h5xx_hal_dcache.o(.text.HAL_DCACHE_InvalidateByAddrCallback))
<BR>[Address Reference Count : 1]<UL><LI> stm32h5xx_hal_dcache.o(.text.HAL_DCACHE_Init)
</UL>
<P><STRONG><a name="[8f]"></a>HAL_DCACHE_InvalidateCompleteCallback</STRONG> (Thumb, 2 bytes, Stack size 0 bytes, stm32h5xx_hal_dcache.o(.text.HAL_DCACHE_InvalidateCompleteCallback))
<BR>[Address Reference Count : 1]<UL><LI> stm32h5xx_hal_dcache.o(.text.HAL_DCACHE_Init)
</UL>
<P><STRONG><a name="[91]"></a>HAL_DCACHE_MspInit</STRONG> (Thumb, 48 bytes, Stack size 4 bytes, dcache.o(.text.HAL_DCACHE_MspInit))
<BR><BR>[Stack]<UL><LI>Max Depth = 4<LI>Call Chain = HAL_DCACHE_MspInit
</UL>
<BR>[Address Reference Count : 1]<UL><LI> stm32h5xx_hal_dcache.o(.text.HAL_DCACHE_Init)
</UL>
<P><STRONG><a name="[bf]"></a>HAL_Delay</STRONG> (Thumb, 40 bytes, Stack size 16 bytes, stm32h5xx_hal.o(.text.HAL_Delay))
<BR><BR>[Stack]<UL><LI>Max Depth = 16<LI>Call Chain = HAL_Delay
</UL>
<BR>[Calls]<UL><LI><a href="#[c1]">&gt;&gt;</a>&nbsp;&nbsp;&nbsp;HAL_GetTick
</UL>
<BR>[Called By]<UL><LI><a href="#[bd]">&gt;&gt;</a>&nbsp;&nbsp;&nbsp;BSP_LAN8742_Reset
</UL>

<P><STRONG><a name="[ca]"></a>HAL_ETH_EEECallback</STRONG> (Thumb, 2 bytes, Stack size 0 bytes, stm32h5xx_hal_eth.o(.text.HAL_ETH_EEECallback))
<BR><BR>[Called By]<UL><LI><a href="#[c2]">&gt;&gt;</a>&nbsp;&nbsp;&nbsp;HAL_ETH_IRQHandler
</UL>

<P><STRONG><a name="[c3]"></a>HAL_ETH_ErrorCallback</STRONG> (Thumb, 30 bytes, Stack size 8 bytes, ethernetif.o(.text.HAL_ETH_ErrorCallback))
<BR><BR>[Stack]<UL><LI>Max Depth = 40<LI>Call Chain = HAL_ETH_ErrorCallback &rArr; HAL_ETH_Start_IT
</UL>
<BR>[Calls]<UL><LI><a href="#[c5]">&gt;&gt;</a>&nbsp;&nbsp;&nbsp;HAL_ETH_Stop_IT
<LI><a href="#[c4]">&gt;&gt;</a>&nbsp;&nbsp;&nbsp;HAL_ETH_GetDMAError
<LI><a href="#[c6]">&gt;&gt;</a>&nbsp;&nbsp;&nbsp;HAL_ETH_Start_IT
</UL>
<BR>[Called By]<UL><LI><a href="#[c2]">&gt;&gt;</a>&nbsp;&nbsp;&nbsp;HAL_ETH_IRQHandler
</UL>

<P><STRONG><a name="[c4]"></a>HAL_ETH_GetDMAError</STRONG> (Thumb, 6 bytes, Stack size 0 bytes, stm32h5xx_hal_eth.o(.text.HAL_ETH_GetDMAError))
<BR><BR>[Called By]<UL><LI><a href="#[c3]">&gt;&gt;</a>&nbsp;&nbsp;&nbsp;HAL_ETH_ErrorCallback
</UL>

<P><STRONG><a name="[c2]"></a>HAL_ETH_IRQHandler</STRONG> (Thumb, 316 bytes, Stack size 32 bytes, stm32h5xx_hal_eth.o(.text.HAL_ETH_IRQHandler))
<BR><BR>[Stack]<UL><LI>Max Depth = 72<LI>Call Chain = HAL_ETH_IRQHandler &rArr; HAL_ETH_ErrorCallback &rArr; HAL_ETH_Start_IT
</UL>
<BR>[Calls]<UL><LI><a href="#[c3]">&gt;&gt;</a>&nbsp;&nbsp;&nbsp;HAL_ETH_ErrorCallback
<LI><a href="#[c7]">&gt;&gt;</a>&nbsp;&nbsp;&nbsp;HAL_ETH_RxCpltCallback
<LI><a href="#[c8]">&gt;&gt;</a>&nbsp;&nbsp;&nbsp;HAL_ETH_TxCpltCallback
<LI><a href="#[cb]">&gt;&gt;</a>&nbsp;&nbsp;&nbsp;HAL_ETH_WakeUpCallback
<LI><a href="#[ca]">&gt;&gt;</a>&nbsp;&nbsp;&nbsp;HAL_ETH_EEECallback
<LI><a href="#[c9]">&gt;&gt;</a>&nbsp;&nbsp;&nbsp;HAL_ETH_PMTCallback
</UL>
<BR>[Called By]<UL><LI><a href="#[74]">&gt;&gt;</a>&nbsp;&nbsp;&nbsp;ETH_IRQHandler
</UL>

<P><STRONG><a name="[cc]"></a>HAL_ETH_Init</STRONG> (Thumb, 808 bytes, Stack size 120 bytes, stm32h5xx_hal_eth.o(.text.HAL_ETH_Init))
<BR><BR>[Stack]<UL><LI>Max Depth = 216<LI>Call Chain = HAL_ETH_Init &rArr; HAL_ETH_MspInit &rArr; HAL_GPIO_Init
</UL>
<BR>[Calls]<UL><LI><a href="#[cf]">&gt;&gt;</a>&nbsp;&nbsp;&nbsp;HAL_RCC_GetHCLKFreq
<LI><a href="#[cd]">&gt;&gt;</a>&nbsp;&nbsp;&nbsp;HAL_ETH_MspInit
<LI><a href="#[c1]">&gt;&gt;</a>&nbsp;&nbsp;&nbsp;HAL_GetTick
<LI><a href="#[d0]">&gt;&gt;</a>&nbsp;&nbsp;&nbsp;ETH_SetMACConfig
<LI><a href="#[ce]">&gt;&gt;</a>&nbsp;&nbsp;&nbsp;HAL_SBS_ETHInterfaceSelect
</UL>
<BR>[Called By]<UL><LI><a href="#[92]">&gt;&gt;</a>&nbsp;&nbsp;&nbsp;ethernetif_init
<LI><a href="#[108]">&gt;&gt;</a>&nbsp;&nbsp;&nbsp;MX_ETH_Init
</UL>

<P><STRONG><a name="[cd]"></a>HAL_ETH_MspInit</STRONG> (Thumb, 260 bytes, Stack size 48 bytes, eth.o(.text.HAL_ETH_MspInit))
<BR><BR>[Stack]<UL><LI>Max Depth = 96<LI>Call Chain = HAL_ETH_MspInit &rArr; HAL_GPIO_Init
</UL>
<BR>[Calls]<UL><LI><a href="#[d3]">&gt;&gt;</a>&nbsp;&nbsp;&nbsp;HAL_NVIC_EnableIRQ
<LI><a href="#[d2]">&gt;&gt;</a>&nbsp;&nbsp;&nbsp;HAL_NVIC_SetPriority
<LI><a href="#[d1]">&gt;&gt;</a>&nbsp;&nbsp;&nbsp;HAL_GPIO_Init
</UL>
<BR>[Called By]<UL><LI><a href="#[cc]">&gt;&gt;</a>&nbsp;&nbsp;&nbsp;HAL_ETH_Init
</UL>

<P><STRONG><a name="[c9]"></a>HAL_ETH_PMTCallback</STRONG> (Thumb, 2 bytes, Stack size 0 bytes, stm32h5xx_hal_eth.o(.text.HAL_ETH_PMTCallback))
<BR><BR>[Called By]<UL><LI><a href="#[c2]">&gt;&gt;</a>&nbsp;&nbsp;&nbsp;HAL_ETH_IRQHandler
</UL>

<P><STRONG><a name="[d4]"></a>HAL_ETH_ReadData</STRONG> (Thumb, 484 bytes, Stack size 56 bytes, stm32h5xx_hal_eth.o(.text.HAL_ETH_ReadData))
<BR><BR>[Stack]<UL><LI>Max Depth = 128<LI>Call Chain = HAL_ETH_ReadData &rArr; HAL_ETH_RxLinkCallback &rArr; pbuf_alloc &rArr; mem_malloc
</UL>
<BR>[Calls]<UL><LI><a href="#[d5]">&gt;&gt;</a>&nbsp;&nbsp;&nbsp;HAL_ETH_RxLinkCallback
<LI><a href="#[d6]">&gt;&gt;</a>&nbsp;&nbsp;&nbsp;HAL_ETH_RxAllocateCallback
</UL>
<BR>[Called By]<UL><LI><a href="#[101]">&gt;&gt;</a>&nbsp;&nbsp;&nbsp;ethernetif_input
</UL>

<P><STRONG><a name="[bb]"></a>HAL_ETH_ReadPHYRegister</STRONG> (Thumb, 96 bytes, Stack size 16 bytes, stm32h5xx_hal_eth.o(.text.HAL_ETH_ReadPHYRegister))
<BR><BR>[Stack]<UL><LI>Max Depth = 16<LI>Call Chain = HAL_ETH_ReadPHYRegister
</UL>
<BR>[Calls]<UL><LI><a href="#[c1]">&gt;&gt;</a>&nbsp;&nbsp;&nbsp;HAL_GetTick
</UL>
<BR>[Called By]<UL><LI><a href="#[bd]">&gt;&gt;</a>&nbsp;&nbsp;&nbsp;BSP_LAN8742_Reset
<LI><a href="#[bc]">&gt;&gt;</a>&nbsp;&nbsp;&nbsp;BSP_LAN8742_InitOrDetect
<LI><a href="#[ba]">&gt;&gt;</a>&nbsp;&nbsp;&nbsp;BSP_LAN8742_GetBasicStatus
</UL>

<P><STRONG><a name="[d6]"></a>HAL_ETH_RxAllocateCallback</STRONG> (Thumb, 42 bytes, Stack size 0 bytes, ethernetif.o(.text.HAL_ETH_RxAllocateCallback))
<BR><BR>[Called By]<UL><LI><a href="#[c6]">&gt;&gt;</a>&nbsp;&nbsp;&nbsp;HAL_ETH_Start_IT
<LI><a href="#[d4]">&gt;&gt;</a>&nbsp;&nbsp;&nbsp;HAL_ETH_ReadData
</UL>

<P><STRONG><a name="[c7]"></a>HAL_ETH_RxCpltCallback</STRONG> (Thumb, 2 bytes, Stack size 0 bytes, ethernetif.o(.text.HAL_ETH_RxCpltCallback))
<BR><BR>[Called By]<UL><LI><a href="#[c2]">&gt;&gt;</a>&nbsp;&nbsp;&nbsp;HAL_ETH_IRQHandler
</UL>

<P><STRONG><a name="[d5]"></a>HAL_ETH_RxLinkCallback</STRONG> (Thumb, 78 bytes, Stack size 24 bytes, ethernetif.o(.text.HAL_ETH_RxLinkCallback))
<BR><BR>[Stack]<UL><LI>Max Depth = 72<LI>Call Chain = HAL_ETH_RxLinkCallback &rArr; pbuf_alloc &rArr; mem_malloc
</UL>
<BR>[Calls]<UL><LI><a href="#[d9]">&gt;&gt;</a>&nbsp;&nbsp;&nbsp;pbuf_cat
<LI><a href="#[d7]">&gt;&gt;</a>&nbsp;&nbsp;&nbsp;pbuf_alloc
<LI><a href="#[d8]">&gt;&gt;</a>&nbsp;&nbsp;&nbsp;__aeabi_memcpy
</UL>
<BR>[Called By]<UL><LI><a href="#[d4]">&gt;&gt;</a>&nbsp;&nbsp;&nbsp;HAL_ETH_ReadData
</UL>

<P><STRONG><a name="[c6]"></a>HAL_ETH_Start_IT</STRONG> (Thumb, 404 bytes, Stack size 32 bytes, stm32h5xx_hal_eth.o(.text.HAL_ETH_Start_IT))
<BR><BR>[Stack]<UL><LI>Max Depth = 32<LI>Call Chain = HAL_ETH_Start_IT
</UL>
<BR>[Calls]<UL><LI><a href="#[d6]">&gt;&gt;</a>&nbsp;&nbsp;&nbsp;HAL_ETH_RxAllocateCallback
</UL>
<BR>[Called By]<UL><LI><a href="#[c3]">&gt;&gt;</a>&nbsp;&nbsp;&nbsp;HAL_ETH_ErrorCallback
<LI><a href="#[92]">&gt;&gt;</a>&nbsp;&nbsp;&nbsp;ethernetif_init
</UL>

<P><STRONG><a name="[c5]"></a>HAL_ETH_Stop_IT</STRONG> (Thumb, 150 bytes, Stack size 8 bytes, stm32h5xx_hal_eth.o(.text.HAL_ETH_Stop_IT))
<BR><BR>[Stack]<UL><LI>Max Depth = 8<LI>Call Chain = HAL_ETH_Stop_IT
</UL>
<BR>[Called By]<UL><LI><a href="#[c3]">&gt;&gt;</a>&nbsp;&nbsp;&nbsp;HAL_ETH_ErrorCallback
</UL>

<P><STRONG><a name="[da]"></a>HAL_ETH_Transmit</STRONG> (Thumb, 324 bytes, Stack size 24 bytes, stm32h5xx_hal_eth.o(.text.HAL_ETH_Transmit))
<BR><BR>[Stack]<UL><LI>Max Depth = 72<LI>Call Chain = HAL_ETH_Transmit &rArr; ETH_Prepare_Tx_Descriptors
</UL>
<BR>[Calls]<UL><LI><a href="#[c1]">&gt;&gt;</a>&nbsp;&nbsp;&nbsp;HAL_GetTick
<LI><a href="#[db]">&gt;&gt;</a>&nbsp;&nbsp;&nbsp;ETH_Prepare_Tx_Descriptors
</UL>
<BR>[Called By]<UL><LI><a href="#[97]">&gt;&gt;</a>&nbsp;&nbsp;&nbsp;low_level_output
</UL>

<P><STRONG><a name="[c8]"></a>HAL_ETH_TxCpltCallback</STRONG> (Thumb, 2 bytes, Stack size 0 bytes, ethernetif.o(.text.HAL_ETH_TxCpltCallback))
<BR><BR>[Called By]<UL><LI><a href="#[c2]">&gt;&gt;</a>&nbsp;&nbsp;&nbsp;HAL_ETH_IRQHandler
</UL>

<P><STRONG><a name="[cb]"></a>HAL_ETH_WakeUpCallback</STRONG> (Thumb, 2 bytes, Stack size 0 bytes, stm32h5xx_hal_eth.o(.text.HAL_ETH_WakeUpCallback))
<BR><BR>[Called By]<UL><LI><a href="#[c2]">&gt;&gt;</a>&nbsp;&nbsp;&nbsp;HAL_ETH_IRQHandler
</UL>

<P><STRONG><a name="[c0]"></a>HAL_ETH_WritePHYRegister</STRONG> (Thumb, 90 bytes, Stack size 16 bytes, stm32h5xx_hal_eth.o(.text.HAL_ETH_WritePHYRegister))
<BR><BR>[Stack]<UL><LI>Max Depth = 16<LI>Call Chain = HAL_ETH_WritePHYRegister
</UL>
<BR>[Calls]<UL><LI><a href="#[c1]">&gt;&gt;</a>&nbsp;&nbsp;&nbsp;HAL_GetTick
</UL>
<BR>[Called By]<UL><LI><a href="#[bd]">&gt;&gt;</a>&nbsp;&nbsp;&nbsp;BSP_LAN8742_Reset
</UL>

<P><STRONG><a name="[dc]"></a>HAL_FDCAN_Init</STRONG> (Thumb, 580 bytes, Stack size 16 bytes, stm32h5xx_hal_fdcan.o(.text.HAL_FDCAN_Init))
[...]
<LI><a href="#[186]">&gt;&gt;</a>&nbsp;&nbsp;&nbsp;tcp_eff_send_mss_netif
<LI><a href="#[183]">&gt;&gt;</a>&nbsp;&nbsp;&nbsp;tcp_next_iss
<LI><a href="#[176]">&gt;&gt;</a>&nbsp;&nbsp;&nbsp;tcp_enqueue_flags
<LI><a href="#[149]">&gt;&gt;</a>&nbsp;&nbsp;&nbsp;ip4_route
<LI><a href="#[184]">&gt;&gt;</a>&nbsp;&nbsp;&nbsp;tcp_timer_needed
<LI><a href="#[16a]">&gt;&gt;</a>&nbsp;&nbsp;&nbsp;tcp_abandon
<LI><a href="#[16c]">&gt;&gt;</a>&nbsp;&nbsp;&nbsp;tcp_rst
<LI><a href="#[16d]">&gt;&gt;</a>&nbsp;&nbsp;&nbsp;tcp_output
</UL>
<BR>[Called By]<UL><LI><a href="#[153]">&gt;&gt;</a>&nbsp;&nbsp;&nbsp;tcp_input
</UL>

<P><STRONG><a name="[17d]"></a>tcp_process</STRONG> (Thumb, 1220 bytes, Stack size 40 bytes, tcp_in.o(.text.tcp_process))
<BR><BR>[Stack]<UL><LI>Max Depth = 384<LI>Call Chain = tcp_process &rArr; tcp_abort &rArr; tcp_abandon &rArr; tcp_output &rArr; tcp_send_empty_ack &rArr; ip4_output_if &rArr; ip4_output_if_src &rArr; ip4_frag &rArr; pbuf_alloc &rArr; mem_malloc
</UL>
<BR>[Calls]<UL><LI><a href="#[18b]">&gt;&gt;</a>&nbsp;&nbsp;&nbsp;tcp_rexmit_rto
<LI><a href="#[18a]">&gt;&gt;</a>&nbsp;&nbsp;&nbsp;tcp_rexmit
<LI><a href="#[189]">&gt;&gt;</a>&nbsp;&nbsp;&nbsp;tcp_receive
<LI><a href="#[185]">&gt;&gt;</a>&nbsp;&nbsp;&nbsp;tcp_parseopt
<LI><a href="#[175]">&gt;&gt;</a>&nbsp;&nbsp;&nbsp;tcp_seg_free
<LI><a href="#[186]">&gt;&gt;</a>&nbsp;&nbsp;&nbsp;tcp_eff_send_mss_netif
<LI><a href="#[149]">&gt;&gt;</a>&nbsp;&nbsp;&nbsp;ip4_route
<LI><a href="#[184]">&gt;&gt;</a>&nbsp;&nbsp;&nbsp;tcp_timer_needed
<LI><a href="#[16e]">&gt;&gt;</a>&nbsp;&nbsp;&nbsp;tcp_abort
<LI><a href="#[16c]">&gt;&gt;</a>&nbsp;&nbsp;&nbsp;tcp_rst
<LI><a href="#[16b]">&gt;&gt;</a>&nbsp;&nbsp;&nbsp;tcp_pcb_purge
</UL>
<BR>[Called By]<UL><LI><a href="#[153]">&gt;&gt;</a>&nbsp;&nbsp;&nbsp;tcp_input
</UL>

<P><STRONG><a name="[17e]"></a>tcp_input_delayed_close</STRONG> (Thumb, 66 bytes, Stack size 8 bytes, tcp_in.o(.text.tcp_input_delayed_close))
<BR><BR>[Stack]<UL><LI>Max Depth = 312<LI>Call Chain = tcp_input_delayed_close &rArr; tcp_pcb_remove &rArr; tcp_output &rArr; tcp_send_empty_ack &rArr; ip4_output_if &rArr; ip4_output_if_src &rArr; ip4_frag &rArr; pbuf_alloc &rArr; mem_malloc
</UL>
<BR>[Calls]<UL><LI><a href="#[17f]">&gt;&gt;</a>&nbsp;&nbsp;&nbsp;tcp_pcb_remove
<LI><a href="#[178]">&gt;&gt;</a>&nbsp;&nbsp;&nbsp;tcp_free
</UL>
<BR>[Called By]<UL><LI><a href="#[153]">&gt;&gt;</a>&nbsp;&nbsp;&nbsp;tcp_input
</UL>

<P><STRONG><a name="[185]"></a>tcp_parseopt</STRONG> (Thumb, 246 bytes, Stack size 20 bytes, tcp_in.o(.text.tcp_parseopt))
<BR><BR>[Stack]<UL><LI>Max Depth = 20<LI>Call Chain = tcp_parseopt
</UL>
<BR>[Called By]<UL><LI><a href="#[17d]">&gt;&gt;</a>&nbsp;&nbsp;&nbsp;tcp_process
<LI><a href="#[17c]">&gt;&gt;</a>&nbsp;&nbsp;&nbsp;tcp_listen_input
</UL>

<P><STRONG><a name="[189]"></a>tcp_receive</STRONG> (Thumb, 2048 bytes, Stack size 32 bytes, tcp_in.o(.text.tcp_receive))
<BR><BR>[Stack]<UL><LI>Max Depth = 264<LI>Call Chain = tcp_receive &rArr; tcp_send_empty_ack &rArr; ip4_output_if &rArr; ip4_output_if_src &rArr; ip4_frag &rArr; pbuf_alloc &rArr; mem_malloc
</UL>
<BR>[Calls]<UL><LI><a href="#[d9]">&gt;&gt;</a>&nbsp;&nbsp;&nbsp;pbuf_cat
<LI><a href="#[11a]">&gt;&gt;</a>&nbsp;&nbsp;&nbsp;lwip_htonl
<LI><a href="#[144]">&gt;&gt;</a>&nbsp;&nbsp;&nbsp;lwip_htons
<LI><a href="#[18d]">&gt;&gt;</a>&nbsp;&nbsp;&nbsp;tcp_rexmit_fast
<LI><a href="#[17a]">&gt;&gt;</a>&nbsp;&nbsp;&nbsp;tcp_send_empty_ack
<LI><a href="#[187]">&gt;&gt;</a>&nbsp;&nbsp;&nbsp;tcp_oos_insert_segment
<LI><a href="#[18c]">&gt;&gt;</a>&nbsp;&nbsp;&nbsp;tcp_seg_copy
<LI><a href="#[175]">&gt;&gt;</a>&nbsp;&nbsp;&nbsp;tcp_seg_free
<LI><a href="#[18e]">&gt;&gt;</a>&nbsp;&nbsp;&nbsp;tcp_update_rcv_ann_wnd
<LI><a href="#[156]">&gt;&gt;</a>&nbsp;&nbsp;&nbsp;pbuf_clen
<LI><a href="#[145]">&gt;&gt;</a>&nbsp;&nbsp;&nbsp;pbuf_remove_header
<LI><a href="#[11f]">&gt;&gt;</a>&nbsp;&nbsp;&nbsp;pbuf_realloc
</UL>
<BR>[Called By]<UL><LI><a href="#[17d]">&gt;&gt;</a>&nbsp;&nbsp;&nbsp;tcp_process
</UL>

<P><STRONG><a name="[187]"></a>tcp_oos_insert_segment</STRONG> (Thumb, 140 bytes, Stack size 24 bytes, tcp_in.o(.text.tcp_oos_insert_segment))
<BR><BR>[Stack]<UL><LI>Max Depth = 80<LI>Call Chain = tcp_oos_insert_segment &rArr; tcp_segs_free &rArr; pbuf_free &rArr; mem_free
</UL>
<BR>[Calls]<UL><LI><a href="#[144]">&gt;&gt;</a>&nbsp;&nbsp;&nbsp;lwip_htons
<LI><a href="#[175]">&gt;&gt;</a>&nbsp;&nbsp;&nbsp;tcp_seg_free
<LI><a href="#[188]">&gt;&gt;</a>&nbsp;&nbsp;&nbsp;tcp_segs_free
<LI><a href="#[11f]">&gt;&gt;</a>&nbsp;&nbsp;&nbsp;pbuf_realloc
</UL>
<BR>[Called By]<UL><LI><a href="#[189]">&gt;&gt;</a>&nbsp;&nbsp;&nbsp;tcp_receive
</UL>

<P><STRONG><a name="[174]"></a>tcp_create_segment</STRONG> (Thumb, 152 bytes, Stack size 32 bytes, tcp_out.o(.text.tcp_create_segment))
<BR><BR>[Stack]<UL><LI>Max Depth = 80<LI>Call Chain = tcp_create_segment &rArr; tcp_seg_free &rArr; pbuf_free &rArr; mem_free
</UL>
<BR>[Calls]<UL><LI><a href="#[121]">&gt;&gt;</a>&nbsp;&nbsp;&nbsp;pbuf_free
<LI><a href="#[143]">&gt;&gt;</a>&nbsp;&nbsp;&nbsp;memp_malloc
<LI><a href="#[11a]">&gt;&gt;</a>&nbsp;&nbsp;&nbsp;lwip_htonl
<LI><a href="#[144]">&gt;&gt;</a>&nbsp;&nbsp;&nbsp;lwip_htons
<LI><a href="#[175]">&gt;&gt;</a>&nbsp;&nbsp;&nbsp;tcp_seg_free
<LI><a href="#[147]">&gt;&gt;</a>&nbsp;&nbsp;&nbsp;pbuf_add_header
</UL>
<BR>[Called By]<UL><LI><a href="#[176]">&gt;&gt;</a>&nbsp;&nbsp;&nbsp;tcp_enqueue_flags
<LI><a href="#[192]">&gt;&gt;</a>&nbsp;&nbsp;&nbsp;tcp_split_unsent_seg
<LI><a href="#[170]">&gt;&gt;</a>&nbsp;&nbsp;&nbsp;tcp_send_fin
</UL>

<P><STRONG><a name="[181]"></a>tcp_output_alloc_header</STRONG> (Thumb, 112 bytes, Stack size 40 bytes, tcp_out.o(.text.tcp_output_alloc_header))
<BR><BR>[Stack]<UL><LI>Max Depth = 88<LI>Call Chain = tcp_output_alloc_header &rArr; pbuf_alloc &rArr; mem_malloc
</UL>
<BR>[Calls]<UL><LI><a href="#[d7]">&gt;&gt;</a>&nbsp;&nbsp;&nbsp;pbuf_alloc
<LI><a href="#[11a]">&gt;&gt;</a>&nbsp;&nbsp;&nbsp;lwip_htonl
<LI><a href="#[144]">&gt;&gt;</a>&nbsp;&nbsp;&nbsp;lwip_htons
</UL>
<BR>[Called By]<UL><LI><a href="#[17a]">&gt;&gt;</a>&nbsp;&nbsp;&nbsp;tcp_send_empty_ack
<LI><a href="#[193]">&gt;&gt;</a>&nbsp;&nbsp;&nbsp;tcp_zero_window_probe
<LI><a href="#[180]">&gt;&gt;</a>&nbsp;&nbsp;&nbsp;tcp_keepalive
</UL>

<P><STRONG><a name="[9c]"></a>tcpip_tcp_timer</STRONG> (Thumb, 192 bytes, Stack size 16 bytes, timeouts.o(.text.tcpip_tcp_timer))
<BR><BR>[Stack]<UL><LI>Max Depth = 360<LI>Call Chain = tcpip_tcp_timer &rArr; tcp_tmr &rArr; tcp_slowtmr &rArr; tcp_rexmit_rto_commit &rArr; tcp_output &rArr; tcp_send_empty_ack &rArr; ip4_output_if &rArr; ip4_output_if_src &rArr; ip4_frag &rArr; pbuf_alloc &rArr; mem_malloc
</UL>
<BR>[Calls]<UL><LI><a href="#[158]">&gt;&gt;</a>&nbsp;&nbsp;&nbsp;sys_now
<LI><a href="#[143]">&gt;&gt;</a>&nbsp;&nbsp;&nbsp;memp_malloc
<LI><a href="#[9d]">&gt;&gt;</a>&nbsp;&nbsp;&nbsp;tcp_tmr
</UL>
<BR>[Address Reference Count : 2]<UL><LI> timeouts.o(.text.tcp_timer_needed)
<LI> timeouts.o(.text.tcpip_tcp_timer)
</UL>
<P><STRONG><a name="[99]"></a>lwip_cyclic_timer</STRONG> (Thumb, 310 bytes, Stack size 24 bytes, timeouts.o(.text.lwip_cyclic_timer))
<BR><BR>[Stack]<UL><LI>Max Depth = 24<LI>Call Chain = lwip_cyclic_timer
</UL>
<BR>[Calls]<UL><LI><a href="#[158]">&gt;&gt;</a>&nbsp;&nbsp;&nbsp;sys_now
<LI><a href="#[143]">&gt;&gt;</a>&nbsp;&nbsp;&nbsp;memp_malloc
</UL>
<BR>[Address Reference Count : 2]<UL><LI> timeouts.o(.text.sys_timeouts_init)
<LI> timeouts.o(.text.lwip_cyclic_timer)
</UL>
<P><STRONG><a name="[127]"></a>dhcp_create_msg</STRONG> (Thumb, 252 bytes, Stack size 32 bytes, dhcp.o(.text.dhcp_create_msg))
<BR><BR>[Stack]<UL><LI>Max Depth = 80 + Unknown Stack Size
<LI>Call Chain = dhcp_create_msg &rArr; pbuf_alloc &rArr; mem_malloc
</UL>
<BR>[Calls]<UL><LI><a href="#[d7]">&gt;&gt;</a>&nbsp;&nbsp;&nbsp;pbuf_alloc
<LI><a href="#[11a]">&gt;&gt;</a>&nbsp;&nbsp;&nbsp;lwip_htonl
<LI><a href="#[11e]">&gt;&gt;</a>&nbsp;&nbsp;&nbsp;__aeabi_memclr
<LI><a href="#[11d]">&gt;&gt;</a>&nbsp;&nbsp;&nbsp;rand
</UL>
<BR>[Called By]<UL><LI><a href="#[126]">&gt;&gt;</a>&nbsp;&nbsp;&nbsp;dhcp_renew
<LI><a href="#[12c]">&gt;&gt;</a>&nbsp;&nbsp;&nbsp;dhcp_reboot
<LI><a href="#[12b]">&gt;&gt;</a>&nbsp;&nbsp;&nbsp;dhcp_select
<LI><a href="#[a0]">&gt;&gt;</a>&nbsp;&nbsp;&nbsp;dhcp_coarse_tmr
</UL>

<P><STRONG><a name="[95]"></a>dhcp_recv</STRONG> (Thumb, 1214 bytes, Stack size 56 bytes, dhcp.o(.text.dhcp_recv))
<BR><BR>[Stack]<UL><LI>Max Depth = 536 + Unknown Stack Size
<LI>Call Chain = dhcp_recv &rArr; dhcp_handle_nak &rArr; dhcp_discover &rArr; autoip_start &rArr; netif_set_addr &rArr; tcp_netif_ip_addr_changed &rArr; tcp_abandon &rArr; tcp_output &rArr; tcp_send_empty_ack &rArr; ip4_output_if &rArr; ip4_output_if_src &rArr; ip4_frag &rArr; pbuf_alloc &rArr; mem_malloc
</UL>
<BR>[Calls]<UL><LI><a href="#[121]">&gt;&gt;</a>&nbsp;&nbsp;&nbsp;pbuf_free
<LI><a href="#[11a]">&gt;&gt;</a>&nbsp;&nbsp;&nbsp;lwip_htonl
<LI><a href="#[12f]">&gt;&gt;</a>&nbsp;&nbsp;&nbsp;dhcp_handle_offer
<LI><a href="#[12e]">&gt;&gt;</a>&nbsp;&nbsp;&nbsp;dhcp_handle_nak
<LI><a href="#[12d]">&gt;&gt;</a>&nbsp;&nbsp;&nbsp;dhcp_handle_ack
<LI><a href="#[123]">&gt;&gt;</a>&nbsp;&nbsp;&nbsp;dhcp_check
<LI><a href="#[122]">&gt;&gt;</a>&nbsp;&nbsp;&nbsp;dhcp_bind
<LI><a href="#[131]">&gt;&gt;</a>&nbsp;&nbsp;&nbsp;pbuf_copy_partial
</UL>
<BR>[Address Reference Count : 1]<UL><LI> dhcp.o(.text.dhcp_start)
</UL>
<P><STRONG><a name="[12a]"></a>dhcp_discover</STRONG> (Thumb, 350 bytes, Stack size 32 bytes, dhcp.o(.text.dhcp_discover))
<BR><BR>[Stack]<UL><LI>Max Depth = 472 + Unknown Stack Size
<LI>Call Chain = dhcp_discover &rArr; autoip_start &rArr; netif_set_addr &rArr; tcp_netif_ip_addr_changed &rArr; tcp_abandon &rArr; tcp_output &rArr; tcp_send_empty_ack &rArr; ip4_output_if &rArr; ip4_output_if_src &rArr; ip4_frag &rArr; pbuf_alloc &rArr; mem_malloc
</UL>
<BR>[Calls]<UL><LI><a href="#[121]">&gt;&gt;</a>&nbsp;&nbsp;&nbsp;pbuf_free
<LI><a href="#[d7]">&gt;&gt;</a>&nbsp;&nbsp;&nbsp;pbuf_alloc
<LI><a href="#[11a]">&gt;&gt;</a>&nbsp;&nbsp;&nbsp;lwip_htonl
<LI><a href="#[11e]">&gt;&gt;</a>&nbsp;&nbsp;&nbsp;__aeabi_memclr
<LI><a href="#[11d]">&gt;&gt;</a>&nbsp;&nbsp;&nbsp;rand
<LI><a href="#[117]">&gt;&gt;</a>&nbsp;&nbsp;&nbsp;autoip_start
<LI><a href="#[120]">&gt;&gt;</a>&nbsp;&nbsp;&nbsp;udp_sendto_if_src
<LI><a href="#[11f]">&gt;&gt;</a>&nbsp;&nbsp;&nbsp;pbuf_realloc
</UL>
<BR>[Called By]<UL><LI><a href="#[ff]">&gt;&gt;</a>&nbsp;&nbsp;&nbsp;dhcp_start
<LI><a href="#[130]">&gt;&gt;</a>&nbsp;&nbsp;&nbsp;dhcp_network_changed
<LI><a href="#[12e]">&gt;&gt;</a>&nbsp;&nbsp;&nbsp;dhcp_handle_nak
<LI><a href="#[a1]">&gt;&gt;</a>&nbsp;&nbsp;&nbsp;dhcp_fine_tmr
</UL>

<P><STRONG><a name="[12b]"></a>dhcp_select</STRONG> (Thumb, 664 bytes, Stack size 56 bytes, dhcp.o(.text.dhcp_select))
<BR><BR>[Stack]<UL><LI>Max Depth = 272 + Unknown Stack Size
<LI>Call Chain = dhcp_select &rArr; udp_sendto_if_src &rArr; ip4_output_if_src &rArr; ip4_frag &rArr; pbuf_alloc &rArr; mem_malloc
</UL>
<BR>[Calls]<UL><LI><a href="#[121]">&gt;&gt;</a>&nbsp;&nbsp;&nbsp;pbuf_free
<LI><a href="#[11a]">&gt;&gt;</a>&nbsp;&nbsp;&nbsp;lwip_htonl
<LI><a href="#[11e]">&gt;&gt;</a>&nbsp;&nbsp;&nbsp;__aeabi_memclr
<LI><a href="#[128]">&gt;&gt;</a>&nbsp;&nbsp;&nbsp;strlen
<LI><a href="#[127]">&gt;&gt;</a>&nbsp;&nbsp;&nbsp;dhcp_create_msg
<LI><a href="#[120]">&gt;&gt;</a>&nbsp;&nbsp;&nbsp;udp_sendto_if_src
<LI><a href="#[11f]">&gt;&gt;</a>&nbsp;&nbsp;&nbsp;pbuf_realloc
</UL>
<BR>[Called By]<UL><LI><a href="#[12f]">&gt;&gt;</a>&nbsp;&nbsp;&nbsp;dhcp_handle_offer
<LI><a href="#[a1]">&gt;&gt;</a>&nbsp;&nbsp;&nbsp;dhcp_fine_tmr
</UL>

<P><STRONG><a name="[12c]"></a>dhcp_reboot</STRONG> (Thumb, 544 bytes, Stack size 48 bytes, dhcp.o(.text.dhcp_reboot))
<BR><BR>[Stack]<UL><LI>Max Depth = 288 + Unknown Stack Size
<LI>Call Chain = dhcp_reboot &rArr; udp_sendto_if &rArr; udp_sendto_if_src &rArr; ip4_output_if_src &rArr; ip4_frag &rArr; pbuf_alloc &rArr; mem_malloc
</UL>
<BR>[Calls]<UL><LI><a href="#[121]">&gt;&gt;</a>&nbsp;&nbsp;&nbsp;pbuf_free
<LI><a href="#[11a]">&gt;&gt;</a>&nbsp;&nbsp;&nbsp;lwip_htonl
<LI><a href="#[11e]">&gt;&gt;</a>&nbsp;&nbsp;&nbsp;__aeabi_memclr
<LI><a href="#[128]">&gt;&gt;</a>&nbsp;&nbsp;&nbsp;strlen
<LI><a href="#[127]">&gt;&gt;</a>&nbsp;&nbsp;&nbsp;dhcp_create_msg
<LI><a href="#[129]">&gt;&gt;</a>&nbsp;&nbsp;&nbsp;udp_sendto_if
<LI><a href="#[11f]">&gt;&gt;</a>&nbsp;&nbsp;&nbsp;pbuf_realloc
</UL>
<BR>[Called By]<UL><LI><a href="#[130]">&gt;&gt;</a>&nbsp;&nbsp;&nbsp;dhcp_network_changed
<LI><a href="#[a1]">&gt;&gt;</a>&nbsp;&nbsp;&nbsp;dhcp_fine_tmr
</UL>

<P><STRONG><a name="[122]"></a>dhcp_bind</STRONG> (Thumb, 242 bytes, Stack size 24 bytes, dhcp.o(.text.dhcp_bind))
<BR><BR>[Stack]<UL><LI>Max Depth = 448<LI>Call Chain = dhcp_bind &rArr; autoip_stop &rArr; netif_set_addr &rArr; tcp_netif_ip_addr_changed &rArr; tcp_abandon &rArr; tcp_output &rArr; tcp_send_empty_ack &rArr; ip4_output_if &rArr; ip4_output_if_src &rArr; ip4_frag &rArr; pbuf_alloc &rArr; mem_malloc
</UL>
<BR>[Calls]<UL><LI><a href="#[118]">&gt;&gt;</a>&nbsp;&nbsp;&nbsp;netif_set_addr
<LI><a href="#[11b]">&gt;&gt;</a>&nbsp;&nbsp;&nbsp;autoip_stop
</UL>
<BR>[Called By]<UL><LI><a href="#[95]">&gt;&gt;</a>&nbsp;&nbsp;&nbsp;dhcp_recv
<LI><a href="#[a1]">&gt;&gt;</a>&nbsp;&nbsp;&nbsp;dhcp_fine_tmr
</UL>

<P><STRONG><a name="[123]"></a>dhcp_check</STRONG> (Thumb, 46 bytes, Stack size 8 bytes, dhcp.o(.text.dhcp_check))
<BR><BR>[Stack]<UL><LI>Max Depth = 144<LI>Call Chain = dhcp_check &rArr; etharp_query &rArr; etharp_find_entry &rArr; pbuf_free &rArr; mem_free
</UL>
<BR>[Calls]<UL><LI><a href="#[124]">&gt;&gt;</a>&nbsp;&nbsp;&nbsp;etharp_query
</UL>
<BR>[Called By]<UL><LI><a href="#[95]">&gt;&gt;</a>&nbsp;&nbsp;&nbsp;dhcp_recv
</UL>

<P><STRONG><a name="[12d]"></a>dhcp_handle_ack</STRONG> (Thumb, 110 bytes, Stack size 16 bytes, dhcp.o(.text.dhcp_handle_ack))
<BR><BR>[Stack]<UL><LI>Max Depth = 16<LI>Call Chain = dhcp_handle_ack
</UL>
<BR>[Calls]<UL><LI><a href="#[11a]">&gt;&gt;</a>&nbsp;&nbsp;&nbsp;lwip_htonl
</UL>
<BR>[Called By]<UL><LI><a href="#[95]">&gt;&gt;</a>&nbsp;&nbsp;&nbsp;dhcp_recv
</UL>

<P><STRONG><a name="[12e]"></a>dhcp_handle_nak</STRONG> (Thumb, 50 bytes, Stack size 8 bytes, dhcp.o(.text.dhcp_handle_nak))
<BR><BR>[Stack]<UL><LI>Max Depth = 480 + Unknown Stack Size
<LI>Call Chain = dhcp_handle_nak &rArr; dhcp_discover &rArr; autoip_start &rArr; netif_set_addr &rArr; tcp_netif_ip_addr_changed &rArr; tcp_abandon &rArr; tcp_output &rArr; tcp_send_empty_ack &rArr; ip4_output_if &rArr; ip4_output_if_src &rArr; ip4_frag &rArr; pbuf_alloc &rArr; mem_malloc
</UL>
<BR>[Calls]<UL><LI><a href="#[118]">&gt;&gt;</a>&nbsp;&nbsp;&nbsp;netif_set_addr
<LI><a href="#[12a]">&gt;&gt;</a>&nbsp;&nbsp;&nbsp;dhcp_discover
</UL>
<BR>[Called By]<UL><LI><a href="#[95]">&gt;&gt;</a>&nbsp;&nbsp;&nbsp;dhcp_recv
</UL>

<P><STRONG><a name="[12f]"></a>dhcp_handle_offer</STRONG> (Thumb, 52 bytes, Stack size 16 bytes, dhcp.o(.text.dhcp_handle_offer))
<BR><BR>[Stack]<UL><LI>Max Depth = 288 + Unknown Stack Size
<LI>Call Chain = dhcp_handle_offer &rArr; dhcp_select &rArr; udp_sendto_if_src &rArr; ip4_output_if_src &rArr; ip4_frag &rArr; pbuf_alloc &rArr; mem_malloc
</UL>
<BR>[Calls]<UL><LI><a href="#[11a]">&gt;&gt;</a>&nbsp;&nbsp;&nbsp;lwip_htonl
<LI><a href="#[12b]">&gt;&gt;</a>&nbsp;&nbsp;&nbsp;dhcp_select
</UL>
<BR>[Called By]<UL><LI><a href="#[95]">&gt;&gt;</a>&nbsp;&nbsp;&nbsp;dhcp_recv
</UL>

<P><STRONG><a name="[140]"></a>etharp_request_dst</STRONG> (Thumb, 166 bytes, Stack size 32 bytes, etharp.o(.text.etharp_request_dst))
<BR><BR>[Stack]<UL><LI>Max Depth = 80<LI>Call Chain = etharp_request_dst &rArr; pbuf_alloc &rArr; mem_malloc
</UL>
<BR>[Calls]<UL><LI><a href="#[121]">&gt;&gt;</a>&nbsp;&nbsp;&nbsp;pbuf_free
<LI><a href="#[d7]">&gt;&gt;</a>&nbsp;&nbsp;&nbsp;pbuf_alloc
<LI><a href="#[144]">&gt;&gt;</a>&nbsp;&nbsp;&nbsp;lwip_htons
<LI><a href="#[13e]">&gt;&gt;</a>&nbsp;&nbsp;&nbsp;ethernet_output
</UL>
<BR>[Called By]<UL><LI><a href="#[13f]">&gt;&gt;</a>&nbsp;&nbsp;&nbsp;etharp_output_to_arp_index
<LI><a href="#[124]">&gt;&gt;</a>&nbsp;&nbsp;&nbsp;etharp_query
<LI><a href="#[9f]">&gt;&gt;</a>&nbsp;&nbsp;&nbsp;etharp_tmr
</UL>

<P><STRONG><a name="[13b]"></a>etharp_update_arp_entry</STRONG> (Thumb, 216 bytes, Stack size 32 bytes, etharp.o(.text.etharp_update_arp_entry))
<BR><BR>[Stack]<UL><LI>Max Depth = 128<LI>Call Chain = etharp_update_arp_entry &rArr; etharp_find_entry &rArr; pbuf_free &rArr; mem_free
</UL>
<BR>[Calls]<UL><LI><a href="#[121]">&gt;&gt;</a>&nbsp;&nbsp;&nbsp;pbuf_free
<LI><a href="#[139]">&gt;&gt;</a>&nbsp;&nbsp;&nbsp;memp_free
<LI><a href="#[13e]">&gt;&gt;</a>&nbsp;&nbsp;&nbsp;ethernet_output
<LI><a href="#[138]">&gt;&gt;</a>&nbsp;&nbsp;&nbsp;etharp_find_entry
<LI><a href="#[13d]">&gt;&gt;</a>&nbsp;&nbsp;&nbsp;ip4_addr_isbroadcast_u32
</UL>
<BR>[Called By]<UL><LI><a href="#[13a]">&gt;&gt;</a>&nbsp;&nbsp;&nbsp;etharp_input
</UL>

<P><STRONG><a name="[138]"></a>etharp_find_entry</STRONG> (Thumb, 2054 bytes, Stack size 56 bytes, etharp.o(.text.etharp_find_entry))
<BR><BR>[Stack]<UL><LI>Max Depth = 96<LI>Call Chain = etharp_find_entry &rArr; pbuf_free &rArr; mem_free
</UL>
<BR>[Calls]<UL><LI><a href="#[121]">&gt;&gt;</a>&nbsp;&nbsp;&nbsp;pbuf_free
<LI><a href="#[139]">&gt;&gt;</a>&nbsp;&nbsp;&nbsp;memp_free
</UL>
<BR>[Called By]<UL><LI><a href="#[13b]">&gt;&gt;</a>&nbsp;&nbsp;&nbsp;etharp_update_arp_entry
<LI><a href="#[124]">&gt;&gt;</a>&nbsp;&nbsp;&nbsp;etharp_query
</UL>

<P><STRONG><a name="[13c]"></a>etharp_raw</STRONG> (Thumb, 190 bytes, Stack size 56 bytes, etharp.o(.text.etharp_raw))
<BR><BR>[Stack]<UL><LI>Max Depth = 104<LI>Call Chain = etharp_raw &rArr; pbuf_alloc &rArr; mem_malloc
</UL>
<BR>[Calls]<UL><LI><a href="#[121]">&gt;&gt;</a>&nbsp;&nbsp;&nbsp;pbuf_free
<LI><a href="#[d7]">&gt;&gt;</a>&nbsp;&nbsp;&nbsp;pbuf_alloc
<LI><a href="#[144]">&gt;&gt;</a>&nbsp;&nbsp;&nbsp;lwip_htons
<LI><a href="#[13e]">&gt;&gt;</a>&nbsp;&nbsp;&nbsp;ethernet_output
</UL>
<BR>[Called By]<UL><LI><a href="#[13a]">&gt;&gt;</a>&nbsp;&nbsp;&nbsp;etharp_input
</UL>

<P><STRONG><a name="[13f]"></a>etharp_output_to_arp_index</STRONG> (Thumb, 106 bytes, Stack size 24 bytes, etharp.o(.text.etharp_output_to_arp_index))
<BR><BR>[Stack]<UL><LI>Max Depth = 104<LI>Call Chain = etharp_output_to_arp_index &rArr; etharp_request_dst &rArr; pbuf_alloc &rArr; mem_malloc
</UL>
<BR>[Calls]<UL><LI><a href="#[13e]">&gt;&gt;</a>&nbsp;&nbsp;&nbsp;ethernet_output
<LI><a href="#[140]">&gt;&gt;</a>&nbsp;&nbsp;&nbsp;etharp_request_dst
</UL>
<BR>[Called By]<UL><LI><a href="#[96]">&gt;&gt;</a>&nbsp;&nbsp;&nbsp;etharp_output
</UL>

<P><STRONG><a name="[157]"></a>ip_reass_free_complete_datagram</STRONG> (Thumb, 130 bytes, Stack size 24 bytes, ip4_frag.o(.text.ip_reass_free_complete_datagram))
<BR><BR>[Stack]<UL><LI>Max Depth = 264<LI>Call Chain = ip_reass_free_complete_datagram &rArr; icmp_time_exceeded &rArr; ip4_output_if &rArr; ip4_output_if_src &rArr; ip4_frag &rArr; pbuf_alloc &rArr; mem_malloc
</UL>
<BR>[Calls]<UL><LI><a href="#[121]">&gt;&gt;</a>&nbsp;&nbsp;&nbsp;pbuf_free
<LI><a href="#[139]">&gt;&gt;</a>&nbsp;&nbsp;&nbsp;memp_free
<LI><a href="#[d8]">&gt;&gt;</a>&nbsp;&nbsp;&nbsp;__aeabi_memcpy
<LI><a href="#[14d]">&gt;&gt;</a>&nbsp;&nbsp;&nbsp;icmp_time_exceeded
<LI><a href="#[156]">&gt;&gt;</a>&nbsp;&nbsp;&nbsp;pbuf_clen
</UL>
<BR>[Called By]<UL><LI><a href="#[151]">&gt;&gt;</a>&nbsp;&nbsp;&nbsp;ip4_reass
<LI><a href="#[9e]">&gt;&gt;</a>&nbsp;&nbsp;&nbsp;ip_reass_tmr
</UL>

<P><STRONG><a name="[98]"></a>ipfrag_free_pbuf_custom</STRONG> (Thumb, 26 bytes, Stack size 8 bytes, ip4_frag.o(.text.ipfrag_free_pbuf_custom))
<BR><BR>[Stack]<UL><LI>Max Depth = 48<LI>Call Chain = ipfrag_free_pbuf_custom &rArr; pbuf_free &rArr; mem_free
</UL>
<BR>[Calls]<UL><LI><a href="#[121]">&gt;&gt;</a>&nbsp;&nbsp;&nbsp;pbuf_free
<LI><a href="#[139]">&gt;&gt;</a>&nbsp;&nbsp;&nbsp;memp_free
</UL>
<BR>[Address Reference Count : 1]<UL><LI> ip4_frag.o(.text.ip4_frag)
</UL><P>
<H3>
Undefined Global Symbols
</H3><HR></body></html>
