<html>
<body>
<pre>
<h1>µVision Build Log</h1>
<h2>Tool Versions:</h2>
IDE-Version: ¦ÌVision V5.39.0.0
Copyright (C) 2023 ARM Ltd and ARM Germany GmbH. All rights reserved.
License Information: GT Administrator, SC, LIC=GMZI6-DI394-II35V-PFRDN-RD7AM-HNK97
 
Tool Versions:
Toolchain:       MDK-ARM Plus  Version: 5.39.0.0
Toolchain Path:  D:\Keil_v5\ARM\ARMCC_V6.22\Bin
C Compiler:      ArmClang.exe V6.22
Assembler:       Armasm.exe V6.22
Linker/Locator:  ArmLink.exe V6.22
Library Manager: ArmAr.exe V6.22
Hex Converter:   FromElf.exe V6.22
CPU DLL:         
Dialog DLL:      
Target DLL:      UL2V8M.DLL V1.7.11.0
Dialog DLL:      TCM.DLL V1.56.4.0
 
<h2>Project:</h2>
x:\GT_IAP_Done\app_\app_LaserDriver\ALM\ALM_ETH\ALM_ETH_260314_1816\Bootloader\MDK-ARM\Bootloader.uvprojx
Project File Date:  04/11/2026

<h2>Output:</h2>
*** Using Compiler 'V6.22', folder: 'D:\Keil_v5\ARM\ARMCC_V6.22\Bin'
Build target 'Bootloader'
compiling stm32h5xx_hal_flash.c...
compiling stm32h5xx_hal_cortex.c...
compiling stm32h5xx_hal.c...
compiling boot_main.c...
compiling stm32h5xx_ll_dlyb.c...
compiling boot_ext_flash.c...
compiling stm32h5xx_hal_pwr.c...
compiling stm32h5xx_hal_gpio.c...
compiling stm32h5xx_hal_pwr_ex.c...
compiling stm32h5xx_hal_dma.c...
compiling stm32h5xx_hal_xspi.c...
compiling stm32h5xx_hal_rcc.c...
compiling stm32h5xx_hal_flash_ex.c...
compiling stm32h5xx_hal_dma_ex.c...
compiling stm32h5xx_hal_rcc_ex.c...
linking...
Program Size: Code=14588 RO-data=636 RW-data=40 ZI-data=1120  
FromELF: creating hex file...
"Bootloader\Bootloader.axf" - 0 Error(s), 0 Warning(s).

<h2>Software Packages used:</h2>

Package Vendor: ARM
                https://www.keil.com/pack/ARM.CMSIS.6.0.0.pack
                ARM::CMSIS@6.0.0
                CMSIS (Common Microcontroller Software Interface Standard)
   * Component: CORE Version: 6.0.0

Package Vendor: Keil
                https://www.keil.com/pack/Keil.STM32H5xx_DFP.2.2.0.pack
                Keil::STM32H5xx_DFP@2.2.0
                STMicroelectronics STM32H5 Series Device Support

<h2>Collection of Component include folders:</h2>
  ./RTE/_Bootloader
  D:/Keil_v5/ARM/PACK/ARM/CMSIS/6.0.0/CMSIS/Core/Include

<h2>Collection of Component Files used:</h2>

   * Component: ARM::CMSIS:CORE@6.0.0
Build Time Elapsed:  00:00:01
</pre>
</body>
</html>
