Component: Arm Compiler for Embedded 6.22 Tool: armlink [5ee90200]

==============================================================================

Section Cross References

    startup_stm32h563xx.o(STACK) refers (Special) to heapauxi.o(.text) for __use_two_region_memory
    startup_stm32h563xx.o(HEAP) refers (Special) to heapauxi.o(.text) for __use_two_region_memory
    startup_stm32h563xx.o(RESET) refers (Special) to heapauxi.o(.text) for __use_two_region_memory
    startup_stm32h563xx.o(RESET) refers to startup_stm32h563xx.o(STACK) for __initial_sp
    startup_stm32h563xx.o(RESET) refers to startup_stm32h563xx.o(.text) for Reset_Handler
    startup_stm32h563xx.o(.text) refers (Special) to heapauxi.o(.text) for __use_two_region_memory
    startup_stm32h563xx.o(.text) refers to startup_stm32h563xx.o(STACK) for Stack_Mem
    startup_stm32h563xx.o(.text) refers to system_stm32h5xx.o(.text.SystemInit) for SystemInit
    startup_stm32h563xx.o(.text) refers to __main.o(!!!main) for __main
    system_stm32h5xx.o(.ARM.exidx.text.SystemInit) refers to system_stm32h5xx.o(.text.SystemInit) for [Anonymous Symbol]
    system_stm32h5xx.o(.text.SystemCoreClockUpdate) refers to system_stm32h5xx.o(.data.SystemCoreClock) for SystemCoreClock
    system_stm32h5xx.o(.text.SystemCoreClockUpdate) refers to system_stm32h5xx.o(.rodata.AHBPrescTable) for AHBPrescTable
    system_stm32h5xx.o(.ARM.exidx.text.SystemCoreClockUpdate) refers to system_stm32h5xx.o(.text.SystemCoreClockUpdate) for [Anonymous Symbol]
    octospi.o(.text.MX_OCTOSPI1_Init) refers to octospi.o(.bss.hxspi1) for hxspi1
    octospi.o(.text.MX_OCTOSPI1_Init) refers to stm32h5xx_hal_xspi.o(.text.HAL_XSPI_Init) for HAL_XSPI_Init
    octospi.o(.text.MX_OCTOSPI1_Init) refers to boot_main.o(.text.Error_Handler) for Error_Handler
    octospi.o(.ARM.exidx.text.MX_OCTOSPI1_Init) refers to octospi.o(.text.MX_OCTOSPI1_Init) for [Anonymous Symbol]
    octospi.o(.text.HAL_XSPI_MspInit) refers to rt_memclr_w.o(.text) for __aeabi_memclr8
    octospi.o(.text.HAL_XSPI_MspInit) refers to stm32h5xx_hal_rcc_ex.o(.text.HAL_RCCEx_PeriphCLKConfig) for HAL_RCCEx_PeriphCLKConfig
    octospi.o(.text.HAL_XSPI_MspInit) refers to boot_main.o(.text.Error_Handler) for Error_Handler
    octospi.o(.text.HAL_XSPI_MspInit) refers to stm32h5xx_hal_gpio.o(.text.HAL_GPIO_Init) for HAL_GPIO_Init
    octospi.o(.ARM.exidx.text.HAL_XSPI_MspInit) refers to octospi.o(.text.HAL_XSPI_MspInit) for [Anonymous Symbol]
    octospi.o(.text.HAL_XSPI_MspDeInit) refers to stm32h5xx_hal_gpio.o(.text.HAL_GPIO_DeInit) for HAL_GPIO_DeInit
    octospi.o(.ARM.exidx.text.HAL_XSPI_MspDeInit) refers to octospi.o(.text.HAL_XSPI_MspDeInit) for [Anonymous Symbol]
    boot_main.o(.ARM.exidx.text.Boot_CRC32_Calc) refers to boot_main.o(.text.Boot_CRC32_Calc) for [Anonymous Symbol]
    boot_main.o(.ARM.exidx.text.Boot_JumpToApp) refers to boot_main.o(.text.Boot_JumpToApp) for [Anonymous Symbol]
    boot_main.o(.text.main) refers to stm32h5xx_hal.o(.text.HAL_Init) for HAL_Init
    boot_main.o(.text.main) refers to rt_memclr_w.o(.text) for __aeabi_memclr4
    boot_main.o(.text.main) refers to stm32h5xx_hal_rcc.o(.text.HAL_RCC_OscConfig) for HAL_RCC_OscConfig
    boot_main.o(.text.main) refers to stm32h5xx_hal_rcc.o(.text.HAL_RCC_ClockConfig) for HAL_RCC_ClockConfig
    boot_main.o(.text.main) refers to stm32h5xx_hal_gpio.o(.text.HAL_GPIO_Init) for HAL_GPIO_Init
    boot_main.o(.text.main) refers to octospi.o(.text.MX_OCTOSPI1_Init) for MX_OCTOSPI1_Init
    boot_main.o(.text.main) refers to boot_ext_flash.o(.text.BootFlash_Init) for BootFlash_Init
    boot_main.o(.text.main) refers to boot_ext_flash.o(.text.BootFlash_Read) for BootFlash_Read
    boot_main.o(.text.main) refers to boot_ext_flash.o(.text.BootFlash_SectorErase4K) for BootFlash_SectorErase4K
    boot_main.o(.text.main) refers to stm32h5xx_hal_gpio.o(.text.HAL_GPIO_TogglePin) for HAL_GPIO_TogglePin
    boot_main.o(.text.main) refers to stm32h5xx_hal_flash.o(.text.HAL_FLASH_Unlock) for HAL_FLASH_Unlock
    boot_main.o(.text.main) refers to stm32h5xx_hal_flash_ex.o(.text.HAL_FLASHEx_Erase) for HAL_FLASHEx_Erase
    boot_main.o(.text.main) refers to stm32h5xx_hal_flash.o(.text.HAL_FLASH_Lock) for HAL_FLASH_Lock
    boot_main.o(.text.main) refers to aeabi_memset4.o(.text) for __aeabi_memset4
    boot_main.o(.text.main) refers to stm32h5xx_hal_flash.o(.text.HAL_FLASH_Program) for HAL_FLASH_Program
    boot_main.o(.ARM.exidx.text.main) refers to boot_main.o(.text.main) for [Anonymous Symbol]
    boot_main.o(.text.SystemClock_Config) refers to rt_memclr_w.o(.text) for __aeabi_memclr4
    boot_main.o(.text.SystemClock_Config) refers to stm32h5xx_hal_rcc.o(.text.HAL_RCC_OscConfig) for HAL_RCC_OscConfig
    boot_main.o(.text.SystemClock_Config) refers to stm32h5xx_hal_rcc.o(.text.HAL_RCC_ClockConfig) for HAL_RCC_ClockConfig
    boot_main.o(.ARM.exidx.text.SystemClock_Config) refers to boot_main.o(.text.SystemClock_Config) for [Anonymous Symbol]
[...]
    Removing stm32h5xx_hal_pwr_ex.o(.ARM.exidx.text.HAL_PWREx_DisableBatteryCharging), (8 bytes).
    Removing stm32h5xx_hal_pwr_ex.o(.text.HAL_PWREx_EnableAnalogBooster), (26 bytes).
    Removing stm32h5xx_hal_pwr_ex.o(.ARM.exidx.text.HAL_PWREx_EnableAnalogBooster), (8 bytes).
    Removing stm32h5xx_hal_pwr_ex.o(.text.HAL_PWREx_DisableAnalogBooster), (26 bytes).
    Removing stm32h5xx_hal_pwr_ex.o(.ARM.exidx.text.HAL_PWREx_DisableAnalogBooster), (8 bytes).
    Removing stm32h5xx_hal_pwr_ex.o(.text.HAL_PWREx_PVD_AVD_IRQHandler), (48 bytes).
    Removing stm32h5xx_hal_pwr_ex.o(.ARM.exidx.text.HAL_PWREx_PVD_AVD_IRQHandler), (8 bytes).
    Removing stm32h5xx_hal_pwr_ex.o(.text.HAL_PWREx_PVD_AVD_Rising_Callback), (2 bytes).
    Removing stm32h5xx_hal_pwr_ex.o(.ARM.exidx.text.HAL_PWREx_PVD_AVD_Rising_Callback), (8 bytes).
    Removing stm32h5xx_hal_pwr_ex.o(.text.HAL_PWREx_PVD_AVD_Falling_Callback), (2 bytes).
    Removing stm32h5xx_hal_pwr_ex.o(.ARM.exidx.text.HAL_PWREx_PVD_AVD_Falling_Callback), (8 bytes).
    Removing stm32h5xx_hal_pwr_ex.o(.text.HAL_PWREx_EnableWakeUpPin), (92 bytes).
    Removing stm32h5xx_hal_pwr_ex.o(.ARM.exidx.text.HAL_PWREx_EnableWakeUpPin), (8 bytes).
    Removing stm32h5xx_hal_pwr_ex.o(.text.HAL_PWREx_DisableWakeUpPin), (24 bytes).
    Removing stm32h5xx_hal_pwr_ex.o(.ARM.exidx.text.HAL_PWREx_DisableWakeUpPin), (8 bytes).
    Removing stm32h5xx_hal_pwr_ex.o(.text.HAL_PWREx_EnableFlashPowerDown), (18 bytes).
    Removing stm32h5xx_hal_pwr_ex.o(.ARM.exidx.text.HAL_PWREx_EnableFlashPowerDown), (8 bytes).
    Removing stm32h5xx_hal_pwr_ex.o(.text.HAL_PWREx_DisableFlashPowerDown), (18 bytes).
    Removing stm32h5xx_hal_pwr_ex.o(.ARM.exidx.text.HAL_PWREx_DisableFlashPowerDown), (8 bytes).
    Removing stm32h5xx_hal_pwr_ex.o(.text.HAL_PWREx_EnableMemoryShutOff), (16 bytes).
    Removing stm32h5xx_hal_pwr_ex.o(.ARM.exidx.text.HAL_PWREx_EnableMemoryShutOff), (8 bytes).
    Removing stm32h5xx_hal_pwr_ex.o(.text.HAL_PWREx_DisableMemoryShutOff), (18 bytes).
    Removing stm32h5xx_hal_pwr_ex.o(.ARM.exidx.text.HAL_PWREx_DisableMemoryShutOff), (8 bytes).
    Removing stm32h5xx_hal_pwr_ex.o(.text.HAL_PWREx_EnableBkupRAMRetention), (20 bytes).
    Removing stm32h5xx_hal_pwr_ex.o(.ARM.exidx.text.HAL_PWREx_EnableBkupRAMRetention), (8 bytes).
    Removing stm32h5xx_hal_pwr_ex.o(.text.HAL_PWREx_DisableBkupRAMRetention), (18 bytes).
    Removing stm32h5xx_hal_pwr_ex.o(.ARM.exidx.text.HAL_PWREx_DisableBkupRAMRetention), (8 bytes).
    Removing stm32h5xx_hal_pwr_ex.o(.text.HAL_PWREx_EnableStandbyIORetention), (18 bytes).
    Removing stm32h5xx_hal_pwr_ex.o(.ARM.exidx.text.HAL_PWREx_EnableStandbyIORetention), (8 bytes).
    Removing stm32h5xx_hal_pwr_ex.o(.text.HAL_PWREx_DisableStandbyIORetention), (18 bytes).
    Removing stm32h5xx_hal_pwr_ex.o(.ARM.exidx.text.HAL_PWREx_DisableStandbyIORetention), (8 bytes).
    Removing stm32h5xx_hal_pwr_ex.o(.text.HAL_PWREx_EnableStandbyJTAGIORetention), (18 bytes).
    Removing stm32h5xx_hal_pwr_ex.o(.ARM.exidx.text.HAL_PWREx_EnableStandbyJTAGIORetention), (8 bytes).
    Removing stm32h5xx_hal_pwr_ex.o(.text.HAL_PWREx_DisableStandbyJTAGIORetention), (18 bytes).
    Removing stm32h5xx_hal_pwr_ex.o(.ARM.exidx.text.HAL_PWREx_DisableStandbyJTAGIORetention), (8 bytes).
    Removing stm32h5xx_hal_gpio.o(.text), (0 bytes).
    Removing stm32h5xx_hal_gpio.o(.ARM.exidx.text.HAL_GPIO_Init), (8 bytes).
    Removing stm32h5xx_hal_gpio.o(.text.HAL_GPIO_DeInit), (260 bytes).
    Removing stm32h5xx_hal_gpio.o(.ARM.exidx.text.HAL_GPIO_DeInit), (8 bytes).
    Removing stm32h5xx_hal_gpio.o(.text.HAL_GPIO_ReadPin), (10 bytes).
    Removing stm32h5xx_hal_gpio.o(.ARM.exidx.text.HAL_GPIO_ReadPin), (8 bytes).
    Removing stm32h5xx_hal_gpio.o(.text.HAL_GPIO_WritePin), (12 bytes).
    Removing stm32h5xx_hal_gpio.o(.ARM.exidx.text.HAL_GPIO_WritePin), (8 bytes).
    Removing stm32h5xx_hal_gpio.o(.text.HAL_GPIO_WriteMultipleStatePin), (8 bytes).
    Removing stm32h5xx_hal_gpio.o(.ARM.exidx.text.HAL_GPIO_WriteMultipleStatePin), (8 bytes).
    Removing stm32h5xx_hal_gpio.o(.ARM.exidx.text.HAL_GPIO_TogglePin), (8 bytes).
    Removing stm32h5xx_hal_gpio.o(.text.HAL_GPIO_LockPin), (44 bytes).
    Removing stm32h5xx_hal_gpio.o(.ARM.exidx.text.HAL_GPIO_LockPin), (8 bytes).
    Removing stm32h5xx_hal_gpio.o(.text.HAL_GPIO_EnableHighSPeedLowVoltage), (8 bytes).
    Removing stm32h5xx_hal_gpio.o(.ARM.exidx.text.HAL_GPIO_EnableHighSPeedLowVoltage), (8 bytes).
    Removing stm32h5xx_hal_gpio.o(.text.HAL_GPIO_DisableHighSPeedLowVoltage), (10 bytes).
    Removing stm32h5xx_hal_gpio.o(.ARM.exidx.text.HAL_GPIO_DisableHighSPeedLowVoltage), (8 bytes).
    Removing stm32h5xx_hal_gpio.o(.text.HAL_GPIO_EXTI_IRQHandler), (46 bytes).
    Removing stm32h5xx_hal_gpio.o(.ARM.exidx.text.HAL_GPIO_EXTI_IRQHandler), (8 bytes).
    Removing stm32h5xx_hal_gpio.o(.text.HAL_GPIO_EXTI_Rising_Callback), (2 bytes).
    Removing stm32h5xx_hal_gpio.o(.ARM.exidx.text.HAL_GPIO_EXTI_Rising_Callback), (8 bytes).
    Removing stm32h5xx_hal_gpio.o(.text.HAL_GPIO_EXTI_Falling_Callback), (2 bytes).
    Removing stm32h5xx_hal_gpio.o(.ARM.exidx.text.HAL_GPIO_EXTI_Falling_Callback), (8 bytes).
    Removing stm32h5xx_hal_flash.o(.text), (0 bytes).
    Removing stm32h5xx_hal_flash.o(.ARM.exidx.text.HAL_FLASH_Program), (8 bytes).
    Removing stm32h5xx_hal_flash.o(.ARM.exidx.text.FLASH_WaitForLastOperation), (8 bytes).
    Removing stm32h5xx_hal_flash.o(.text.HAL_FLASH_Program_IT), (374 bytes).
    Removing stm32h5xx_hal_flash.o(.ARM.exidx.text.HAL_FLASH_Program_IT), (8 bytes).
    Removing stm32h5xx_hal_flash.o(.text.HAL_FLASH_IRQHandler), (200 bytes).
    Removing stm32h5xx_hal_flash.o(.ARM.exidx.text.HAL_FLASH_IRQHandler), (8 bytes).
    Removing stm32h5xx_hal_flash.o(.text.HAL_FLASH_OperationErrorCallback), (2 bytes).
    Removing stm32h5xx_hal_flash.o(.ARM.exidx.text.HAL_FLASH_OperationErrorCallback), (8 bytes).
    Removing stm32h5xx_hal_flash.o(.text.HAL_FLASH_EndOfOperationCallback), (2 bytes).
    Removing stm32h5xx_hal_flash.o(.ARM.exidx.text.HAL_FLASH_EndOfOperationCallback), (8 bytes).
    Removing stm32h5xx_hal_flash.o(.ARM.exidx.text.HAL_FLASH_Unlock), (8 bytes).
    Removing stm32h5xx_hal_flash.o(.ARM.exidx.text.HAL_FLASH_Lock), (8 bytes).
    Removing stm32h5xx_hal_flash.o(.text.HAL_FLASH_OB_Unlock), (48 bytes).
    Removing stm32h5xx_hal_flash.o(.ARM.exidx.text.HAL_FLASH_OB_Unlock), (8 bytes).
    Removing stm32h5xx_hal_flash.o(.text.HAL_FLASH_OB_Lock), (26 bytes).
    Removing stm32h5xx_hal_flash.o(.ARM.exidx.text.HAL_FLASH_OB_Lock), (8 bytes).
    Removing stm32h5xx_hal_flash.o(.text.HAL_FLASH_OB_Launch), (108 bytes).
    Removing stm32h5xx_hal_flash.o(.ARM.exidx.text.HAL_FLASH_OB_Launch), (8 bytes).
    Removing stm32h5xx_hal_flash.o(.text.HAL_FLASH_GetError), (12 bytes).
    Removing stm32h5xx_hal_flash.o(.ARM.exidx.text.HAL_FLASH_GetError), (8 bytes).
    Removing stm32h5xx_hal_flash_ex.o(.text), (0 bytes).
    Removing stm32h5xx_hal_flash_ex.o(.ARM.exidx.text.HAL_FLASHEx_Erase), (8 bytes).
    Removing stm32h5xx_hal_flash_ex.o(.text.FLASH_Erase_Sector), (64 bytes).
    Removing stm32h5xx_hal_flash_ex.o(.ARM.exidx.text.FLASH_Erase_Sector), (8 bytes).
    Removing stm32h5xx_hal_flash_ex.o(.text.HAL_FLASHEx_Erase_IT), (242 bytes).
    Removing stm32h5xx_hal_flash_ex.o(.ARM.exidx.text.HAL_FLASHEx_Erase_IT), (8 bytes).
    Removing stm32h5xx_hal_flash_ex.o(.text.HAL_FLASHEx_OBProgram), (788 bytes).
    Removing stm32h5xx_hal_flash_ex.o(.ARM.exidx.text.HAL_FLASHEx_OBProgram), (8 bytes).
    Removing stm32h5xx_hal_flash_ex.o(.text.HAL_FLASHEx_OBGetConfig), (200 bytes).
    Removing stm32h5xx_hal_flash_ex.o(.ARM.exidx.text.HAL_FLASHEx_OBGetConfig), (8 bytes).
    Removing stm32h5xx_hal_flash_ex.o(.text.HAL_FLASHEx_OBK_Unlock), (46 bytes).
    Removing stm32h5xx_hal_flash_ex.o(.ARM.exidx.text.HAL_FLASHEx_OBK_Unlock), (8 bytes).
    Removing stm32h5xx_hal_flash_ex.o(.text.HAL_FLASHEx_OBK_Lock), (26 bytes).
    Removing stm32h5xx_hal_flash_ex.o(.ARM.exidx.text.HAL_FLASHEx_OBK_Lock), (8 bytes).
    Removing stm32h5xx_hal_flash_ex.o(.text.HAL_FLASHEx_OBK_Swap), (58 bytes).
    Removing stm32h5xx_hal_flash_ex.o(.ARM.exidx.text.HAL_FLASHEx_OBK_Swap), (8 bytes).
    Removing stm32h5xx_hal_flash_ex.o(.text.HAL_FLASHEx_OBK_Swap_IT), (56 bytes).
    Removing stm32h5xx_hal_flash_ex.o(.ARM.exidx.text.HAL_FLASHEx_OBK_Swap_IT), (8 bytes).
    Removing stm32h5xx_hal_flash_ex.o(.text.HAL_FLASHEx_GetOperation), (30 bytes).
    Removing stm32h5xx_hal_flash_ex.o(.ARM.exidx.text.HAL_FLASHEx_GetOperation), (8 bytes).
    Removing stm32h5xx_hal_flash_ex.o(.text.HAL_FLASHEx_ConfigBBAttributes), (148 bytes).
    Removing stm32h5xx_hal_flash_ex.o(.ARM.exidx.text.HAL_FLASHEx_ConfigBBAttributes), (8 bytes).
    Removing stm32h5xx_hal_flash_ex.o(.text.HAL_FLASHEx_GetConfigBBAttributes), (70 bytes).
    Removing stm32h5xx_hal_flash_ex.o(.ARM.exidx.text.HAL_FLASHEx_GetConfigBBAttributes), (8 bytes).
    Removing stm32h5xx_hal_flash_ex.o(.text.HAL_FLASHEx_ConfigPrivMode), (20 bytes).
    Removing stm32h5xx_hal_flash_ex.o(.ARM.exidx.text.HAL_FLASHEx_ConfigPrivMode), (8 bytes).
    Removing stm32h5xx_hal_flash_ex.o(.text.HAL_FLASHEx_GetPrivMode), (16 bytes).
    Removing stm32h5xx_hal_flash_ex.o(.ARM.exidx.text.HAL_FLASHEx_GetPrivMode), (8 bytes).
    Removing stm32h5xx_hal_flash_ex.o(.text.HAL_FLASHEx_ConfigHDPExtension), (68 bytes).
    Removing stm32h5xx_hal_flash_ex.o(.ARM.exidx.text.HAL_FLASHEx_ConfigHDPExtension), (8 bytes).
    Removing stm32h5xx_hal_flash_ex.o(.text.HAL_FLASHEx_EnableEccCorrectionInterrupt), (18 bytes).
    Removing stm32h5xx_hal_flash_ex.o(.ARM.exidx.text.HAL_FLASHEx_EnableEccCorrectionInterrupt), (8 bytes).
    Removing stm32h5xx_hal_flash_ex.o(.text.HAL_FLASHEx_DisableEccCorrectionInterrupt), (18 bytes).
    Removing stm32h5xx_hal_flash_ex.o(.ARM.exidx.text.HAL_FLASHEx_DisableEccCorrectionInterrupt), (8 bytes).
    Removing stm32h5xx_hal_flash_ex.o(.text.HAL_FLASHEx_GetEccInfo), (310 bytes).
    Removing stm32h5xx_hal_flash_ex.o(.ARM.exidx.text.HAL_FLASHEx_GetEccInfo), (8 bytes).
    Removing stm32h5xx_hal_flash_ex.o(.text.HAL_FLASHEx_ECCD_IRQHandler), (34 bytes).
    Removing stm32h5xx_hal_flash_ex.o(.ARM.exidx.text.HAL_FLASHEx_ECCD_IRQHandler), (8 bytes).
    Removing stm32h5xx_hal_flash_ex.o(.text.HAL_FLASHEx_EccDetectionCallback), (2 bytes).
    Removing stm32h5xx_hal_flash_ex.o(.ARM.exidx.text.HAL_FLASHEx_EccDetectionCallback), (8 bytes).
    Removing stm32h5xx_hal_flash_ex.o(.text.HAL_FLASHEx_EccCorrectionCallback), (2 bytes).
    Removing stm32h5xx_hal_flash_ex.o(.ARM.exidx.text.HAL_FLASHEx_EccCorrectionCallback), (8 bytes).
    Removing stm32h5xx_hal_xspi.o(.text), (0 bytes).
    Removing stm32h5xx_hal_xspi.o(.ARM.exidx.text.HAL_XSPI_Init), (8 bytes).
    Removing stm32h5xx_hal_xspi.o(.text.HAL_XSPI_MspInit), (2 bytes).
    Removing stm32h5xx_hal_xspi.o(.ARM.exidx.text.HAL_XSPI_MspInit), (8 bytes).
    Removing stm32h5xx_hal_xspi.o(.text.HAL_XSPI_SetTimeout), (8 bytes).
    Removing stm32h5xx_hal_xspi.o(.ARM.exidx.text.HAL_XSPI_SetTimeout), (8 bytes).
    Removing stm32h5xx_hal_xspi.o(.text.HAL_XSPI_DeInit), (40 bytes).
    Removing stm32h5xx_hal_xspi.o(.ARM.exidx.text.HAL_XSPI_DeInit), (8 bytes).
    Removing stm32h5xx_hal_xspi.o(.text.HAL_XSPI_MspDeInit), (2 bytes).
    Removing stm32h5xx_hal_xspi.o(.ARM.exidx.text.HAL_XSPI_MspDeInit), (8 bytes).
    Removing stm32h5xx_hal_xspi.o(.text.HAL_XSPI_IRQHandler), (452 bytes).
    Removing stm32h5xx_hal_xspi.o(.ARM.exidx.text.HAL_XSPI_IRQHandler), (8 bytes).
    Removing stm32h5xx_hal_xspi.o(.text.HAL_XSPI_FifoThresholdCallback), (2 bytes).
    Removing stm32h5xx_hal_xspi.o(.ARM.exidx.text.HAL_XSPI_FifoThresholdCallback), (8 bytes).
    Removing stm32h5xx_hal_xspi.o(.text.HAL_XSPI_RxCpltCallback), (2 bytes).
    Removing stm32h5xx_hal_xspi.o(.ARM.exidx.text.HAL_XSPI_RxCpltCallback), (8 bytes).
    Removing stm32h5xx_hal_xspi.o(.text.HAL_XSPI_TxCpltCallback), (2 bytes).
    Removing stm32h5xx_hal_xspi.o(.ARM.exidx.text.HAL_XSPI_TxCpltCallback), (8 bytes).
    Removing stm32h5xx_hal_xspi.o(.text.HAL_XSPI_CmdCpltCallback), (2 bytes).
    Removing stm32h5xx_hal_xspi.o(.ARM.exidx.text.HAL_XSPI_CmdCpltCallback), (8 bytes).
    Removing stm32h5xx_hal_xspi.o(.text.HAL_XSPI_AbortCpltCallback), (2 bytes).
    Removing stm32h5xx_hal_xspi.o(.ARM.exidx.text.HAL_XSPI_AbortCpltCallback), (8 bytes).
    Removing stm32h5xx_hal_xspi.o(.text.HAL_XSPI_ErrorCallback), (2 bytes).
    Removing stm32h5xx_hal_xspi.o(.ARM.exidx.text.HAL_XSPI_ErrorCallback), (8 bytes).
    Removing stm32h5xx_hal_xspi.o(.text.HAL_XSPI_StatusMatchCallback), (2 bytes).
    Removing stm32h5xx_hal_xspi.o(.ARM.exidx.text.HAL_XSPI_StatusMatchCallback), (8 bytes).
    Removing stm32h5xx_hal_xspi.o(.text.XSPI_DMAAbortCplt), (62 bytes).
    Removing stm32h5xx_hal_xspi.o(.ARM.exidx.text.XSPI_DMAAbortCplt), (8 bytes).
    Removing stm32h5xx_hal_xspi.o(.text.HAL_XSPI_TimeOutCallback), (2 bytes).
    Removing stm32h5xx_hal_xspi.o(.ARM.exidx.text.HAL_XSPI_TimeOutCallback), (8 bytes).
    Removing stm32h5xx_hal_xspi.o(.ARM.exidx.text.HAL_XSPI_Command), (8 bytes).
    Removing stm32h5xx_hal_xspi.o(.ARM.exidx.text.XSPI_ConfigCmd), (8 bytes).
    Removing stm32h5xx_hal_xspi.o(.text.HAL_XSPI_Command_IT), (182 bytes).
    Removing stm32h5xx_hal_xspi.o(.ARM.exidx.text.HAL_XSPI_Command_IT), (8 bytes).
    Removing stm32h5xx_hal_xspi.o(.text.HAL_XSPI_HyperbusCfg), (152 bytes).
    Removing stm32h5xx_hal_xspi.o(.ARM.exidx.text.HAL_XSPI_HyperbusCfg), (8 bytes).
    Removing stm32h5xx_hal_xspi.o(.text.HAL_XSPI_HyperbusCmd), (184 bytes).
    Removing stm32h5xx_hal_xspi.o(.ARM.exidx.text.HAL_XSPI_HyperbusCmd), (8 bytes).
    Removing stm32h5xx_hal_xspi.o(.text.HAL_XSPI_Transmit), (344 bytes).
    Removing stm32h5xx_hal_xspi.o(.ARM.exidx.text.HAL_XSPI_Transmit), (8 bytes).
    Removing stm32h5xx_hal_xspi.o(.ARM.exidx.text.HAL_XSPI_Receive), (8 bytes).
    Removing stm32h5xx_hal_xspi.o(.text.HAL_XSPI_Transmit_IT), (68 bytes).
    Removing stm32h5xx_hal_xspi.o(.ARM.exidx.text.HAL_XSPI_Transmit_IT), (8 bytes).
    Removing stm32h5xx_hal_xspi.o(.text.HAL_XSPI_Receive_IT), (108 bytes).
    Removing stm32h5xx_hal_xspi.o(.ARM.exidx.text.HAL_XSPI_Receive_IT), (8 bytes).
    Removing stm32h5xx_hal_xspi.o(.text.HAL_XSPI_Transmit_DMA), (344 bytes).
    Removing stm32h5xx_hal_xspi.o(.ARM.exidx.text.HAL_XSPI_Transmit_DMA), (8 bytes).
    Removing stm32h5xx_hal_xspi.o(.text.XSPI_DMACplt), (26 bytes).
    Removing stm32h5xx_hal_xspi.o(.ARM.exidx.text.XSPI_DMACplt), (8 bytes).
    Removing stm32h5xx_hal_xspi.o(.text.XSPI_DMAHalfCplt), (22 bytes).
    Removing stm32h5xx_hal_xspi.o(.ARM.exidx.text.XSPI_DMAHalfCplt), (8 bytes).
    Removing stm32h5xx_hal_xspi.o(.text.XSPI_DMAError), (58 bytes).
    Removing stm32h5xx_hal_xspi.o(.ARM.exidx.text.XSPI_DMAError), (8 bytes).
    Removing stm32h5xx_hal_xspi.o(.text.HAL_XSPI_Receive_DMA), (410 bytes).
    Removing stm32h5xx_hal_xspi.o(.ARM.exidx.text.HAL_XSPI_Receive_DMA), (8 bytes).
    Removing stm32h5xx_hal_xspi.o(.text.HAL_XSPI_AutoPolling), (308 bytes).
    Removing stm32h5xx_hal_xspi.o(.ARM.exidx.text.HAL_XSPI_AutoPolling), (8 bytes).
    Removing stm32h5xx_hal_xspi.o(.text.HAL_XSPI_AutoPolling_IT), (224 bytes).
    Removing stm32h5xx_hal_xspi.o(.ARM.exidx.text.HAL_XSPI_AutoPolling_IT), (8 bytes).
    Removing stm32h5xx_hal_xspi.o(.text.HAL_XSPI_MemoryMapped), (170 bytes).
    Removing stm32h5xx_hal_xspi.o(.ARM.exidx.text.HAL_XSPI_MemoryMapped), (8 bytes).
    Removing stm32h5xx_hal_xspi.o(.text.HAL_XSPI_IsMemoryMapped), (32 bytes).
    Removing stm32h5xx_hal_xspi.o(.ARM.exidx.text.HAL_XSPI_IsMemoryMapped), (8 bytes).
    Removing stm32h5xx_hal_xspi.o(.text.HAL_XSPI_RxHalfCpltCallback), (2 bytes).
    Removing stm32h5xx_hal_xspi.o(.ARM.exidx.text.HAL_XSPI_RxHalfCpltCallback), (8 bytes).
    Removing stm32h5xx_hal_xspi.o(.text.HAL_XSPI_TxHalfCpltCallback), (2 bytes).
    Removing stm32h5xx_hal_xspi.o(.ARM.exidx.text.HAL_XSPI_TxHalfCpltCallback), (8 bytes).
    Removing stm32h5xx_hal_xspi.o(.text.HAL_XSPI_Abort), (278 bytes).
    Removing stm32h5xx_hal_xspi.o(.ARM.exidx.text.HAL_XSPI_Abort), (8 bytes).
    Removing stm32h5xx_hal_xspi.o(.text.HAL_XSPI_Abort_IT), (156 bytes).
    Removing stm32h5xx_hal_xspi.o(.ARM.exidx.text.HAL_XSPI_Abort_IT), (8 bytes).
    Removing stm32h5xx_hal_xspi.o(.text.HAL_XSPI_SetFifoThreshold), (40 bytes).
    Removing stm32h5xx_hal_xspi.o(.ARM.exidx.text.HAL_XSPI_SetFifoThreshold), (8 bytes).
    Removing stm32h5xx_hal_xspi.o(.text.HAL_XSPI_GetFifoThreshold), (12 bytes).
    Removing stm32h5xx_hal_xspi.o(.ARM.exidx.text.HAL_XSPI_GetFifoThreshold), (8 bytes).
    Removing stm32h5xx_hal_xspi.o(.text.HAL_XSPI_SetMemoryType), (32 bytes).
    Removing stm32h5xx_hal_xspi.o(.ARM.exidx.text.HAL_XSPI_SetMemoryType), (8 bytes).
    Removing stm32h5xx_hal_xspi.o(.text.HAL_XSPI_SetDeviceSize), (36 bytes).
    Removing stm32h5xx_hal_xspi.o(.ARM.exidx.text.HAL_XSPI_SetDeviceSize), (8 bytes).
    Removing stm32h5xx_hal_xspi.o(.text.HAL_XSPI_SetClockPrescaler), (32 bytes).
    Removing stm32h5xx_hal_xspi.o(.ARM.exidx.text.HAL_XSPI_SetClockPrescaler), (8 bytes).
    Removing stm32h5xx_hal_xspi.o(.text.HAL_XSPI_GetError), (4 bytes).
    Removing stm32h5xx_hal_xspi.o(.ARM.exidx.text.HAL_XSPI_GetError), (8 bytes).
    Removing stm32h5xx_hal_xspi.o(.text.HAL_XSPI_GetState), (4 bytes).
    Removing stm32h5xx_hal_xspi.o(.ARM.exidx.text.HAL_XSPI_GetState), (8 bytes).
    Removing stm32h5xx_hal_xspi.o(.text.HAL_XSPI_DLYB_SetConfig), (86 bytes).
    Removing stm32h5xx_hal_xspi.o(.ARM.exidx.text.HAL_XSPI_DLYB_SetConfig), (8 bytes).
    Removing stm32h5xx_hal_xspi.o(.text.HAL_XSPI_DLYB_GetConfig), (46 bytes).
    Removing stm32h5xx_hal_xspi.o(.ARM.exidx.text.HAL_XSPI_DLYB_GetConfig), (8 bytes).
    Removing stm32h5xx_hal_xspi.o(.text.HAL_XSPI_DLYB_GetClockPeriod), (102 bytes).
    Removing stm32h5xx_hal_xspi.o(.ARM.exidx.text.HAL_XSPI_DLYB_GetClockPeriod), (8 bytes).
    Removing stm32h5xx_hal_dma.o(.text), (0 bytes).
    Removing stm32h5xx_hal_dma.o(.text.HAL_DMA_Init), (1430 bytes).
    Removing stm32h5xx_hal_dma.o(.ARM.exidx.text.HAL_DMA_Init), (8 bytes).
    Removing stm32h5xx_hal_dma.o(.text.HAL_DMA_DeInit), (286 bytes).
    Removing stm32h5xx_hal_dma.o(.ARM.exidx.text.HAL_DMA_DeInit), (8 bytes).
    Removing stm32h5xx_hal_dma.o(.text.HAL_DMA_Start), (126 bytes).
    Removing stm32h5xx_hal_dma.o(.ARM.exidx.text.HAL_DMA_Start), (8 bytes).
    Removing stm32h5xx_hal_dma.o(.text.HAL_DMA_Start_IT), (178 bytes).
    Removing stm32h5xx_hal_dma.o(.ARM.exidx.text.HAL_DMA_Start_IT), (8 bytes).
    Removing stm32h5xx_hal_dma.o(.text.HAL_DMA_Abort), (168 bytes).
    Removing stm32h5xx_hal_dma.o(.ARM.exidx.text.HAL_DMA_Abort), (8 bytes).
    Removing stm32h5xx_hal_dma.o(.text.HAL_DMA_Abort_IT), (40 bytes).
    Removing stm32h5xx_hal_dma.o(.ARM.exidx.text.HAL_DMA_Abort_IT), (8 bytes).
    Removing stm32h5xx_hal_dma.o(.text.HAL_DMA_PollForTransfer), (512 bytes).
    Removing stm32h5xx_hal_dma.o(.ARM.exidx.text.HAL_DMA_PollForTransfer), (8 bytes).
    Removing stm32h5xx_hal_dma.o(.text.HAL_DMA_IRQHandler), (424 bytes).
    Removing stm32h5xx_hal_dma.o(.ARM.exidx.text.HAL_DMA_IRQHandler), (8 bytes).
    Removing stm32h5xx_hal_dma.o(.text.HAL_DMA_RegisterCallback), (38 bytes).
    Removing stm32h5xx_hal_dma.o(.ARM.exidx.text.HAL_DMA_RegisterCallback), (8 bytes).
    Removing stm32h5xx_hal_dma.o(.text.HAL_DMA_UnRegisterCallback), (90 bytes).
    Removing stm32h5xx_hal_dma.o(.ARM.exidx.text.HAL_DMA_UnRegisterCallback), (8 bytes).
    Removing stm32h5xx_hal_dma.o(.text.HAL_DMA_GetState), (6 bytes).
    Removing stm32h5xx_hal_dma.o(.ARM.exidx.text.HAL_DMA_GetState), (8 bytes).
    Removing stm32h5xx_hal_dma.o(.text.HAL_DMA_GetError), (4 bytes).
    Removing stm32h5xx_hal_dma.o(.ARM.exidx.text.HAL_DMA_GetError), (8 bytes).
    Removing stm32h5xx_hal_dma.o(.text.HAL_DMA_ConfigChannelAttributes), (58 bytes).
    Removing stm32h5xx_hal_dma.o(.ARM.exidx.text.HAL_DMA_ConfigChannelAttributes), (8 bytes).
    Removing stm32h5xx_hal_dma.o(.text.HAL_DMA_GetConfigChannelAttributes), (116 bytes).
    Removing stm32h5xx_hal_dma.o(.ARM.exidx.text.HAL_DMA_GetConfigChannelAttributes), (8 bytes).
    Removing stm32h5xx_hal_dma.o(.text.HAL_DMA_GetLockChannelAttributes), (46 bytes).
    Removing stm32h5xx_hal_dma.o(.ARM.exidx.text.HAL_DMA_GetLockChannelAttributes), (8 bytes).
    Removing stm32h5xx_hal_dma_ex.o(.text), (0 bytes).
    Removing stm32h5xx_hal_dma_ex.o(.text.HAL_DMAEx_List_Init), (790 bytes).
    Removing stm32h5xx_hal_dma_ex.o(.ARM.exidx.text.HAL_DMAEx_List_Init), (8 bytes).
    Removing stm32h5xx_hal_dma_ex.o(.text.HAL_DMAEx_List_DeInit), (298 bytes).
    Removing stm32h5xx_hal_dma_ex.o(.ARM.exidx.text.HAL_DMAEx_List_DeInit), (8 bytes).
    Removing stm32h5xx_hal_dma_ex.o(.text.HAL_DMAEx_List_Start), (172 bytes).
    Removing stm32h5xx_hal_dma_ex.o(.ARM.exidx.text.HAL_DMAEx_List_Start), (8 bytes).
    Removing stm32h5xx_hal_dma_ex.o(.text.HAL_DMAEx_List_Start_IT), (216 bytes).
    Removing stm32h5xx_hal_dma_ex.o(.ARM.exidx.text.HAL_DMAEx_List_Start_IT), (8 bytes).
    Removing stm32h5xx_hal_dma_ex.o(.text.HAL_DMAEx_List_BuildNode), (372 bytes).
    Removing stm32h5xx_hal_dma_ex.o(.ARM.exidx.text.HAL_DMAEx_List_BuildNode), (8 bytes).
    Removing stm32h5xx_hal_dma_ex.o(.text.HAL_DMAEx_List_GetNodeConfig), (342 bytes).
    Removing stm32h5xx_hal_dma_ex.o(.ARM.exidx.text.HAL_DMAEx_List_GetNodeConfig), (8 bytes).
    Removing stm32h5xx_hal_dma_ex.o(.text.HAL_DMAEx_List_InsertNode), (326 bytes).
    Removing stm32h5xx_hal_dma_ex.o(.ARM.exidx.text.HAL_DMAEx_List_InsertNode), (8 bytes).
    Removing stm32h5xx_hal_dma_ex.o(.text.DMA_List_CheckNodesTypes), (48 bytes).
    Removing stm32h5xx_hal_dma_ex.o(.ARM.exidx.text.DMA_List_CheckNodesTypes), (8 bytes).
    Removing stm32h5xx_hal_dma_ex.o(.text.DMA_List_FindNode), (466 bytes).
    Removing stm32h5xx_hal_dma_ex.o(.ARM.exidx.text.DMA_List_FindNode), (8 bytes).
    Removing stm32h5xx_hal_dma_ex.o(.text.HAL_DMAEx_List_InsertNode_Head), (172 bytes).
    Removing stm32h5xx_hal_dma_ex.o(.ARM.exidx.text.HAL_DMAEx_List_InsertNode_Head), (8 bytes).
    Removing stm32h5xx_hal_dma_ex.o(.text.HAL_DMAEx_List_InsertNode_Tail), (350 bytes).
    Removing stm32h5xx_hal_dma_ex.o(.ARM.exidx.text.HAL_DMAEx_List_InsertNode_Tail), (8 bytes).
    Removing stm32h5xx_hal_dma_ex.o(.text.HAL_DMAEx_List_RemoveNode), (494 bytes).
    Removing stm32h5xx_hal_dma_ex.o(.ARM.exidx.text.HAL_DMAEx_List_RemoveNode), (8 bytes).
    Removing stm32h5xx_hal_dma_ex.o(.text.HAL_DMAEx_List_RemoveNode_Head), (324 bytes).
    Removing stm32h5xx_hal_dma_ex.o(.ARM.exidx.text.HAL_DMAEx_List_RemoveNode_Head), (8 bytes).
    Removing stm32h5xx_hal_dma_ex.o(.text.HAL_DMAEx_List_RemoveNode_Tail), (304 bytes).
    Removing stm32h5xx_hal_dma_ex.o(.ARM.exidx.text.HAL_DMAEx_List_RemoveNode_Tail), (8 bytes).
    Removing stm32h5xx_hal_dma_ex.o(.text.HAL_DMAEx_List_ReplaceNode), (556 bytes).
    Removing stm32h5xx_hal_dma_ex.o(.ARM.exidx.text.HAL_DMAEx_List_ReplaceNode), (8 bytes).
    Removing stm32h5xx_hal_dma_ex.o(.text.HAL_DMAEx_List_ReplaceNode_Head), (216 bytes).
    Removing stm32h5xx_hal_dma_ex.o(.ARM.exidx.text.HAL_DMAEx_List_ReplaceNode_Head), (8 bytes).
    Removing stm32h5xx_hal_dma_ex.o(.text.HAL_DMAEx_List_ReplaceNode_Tail), (362 bytes).
    Removing stm32h5xx_hal_dma_ex.o(.ARM.exidx.text.HAL_DMAEx_List_ReplaceNode_Tail), (8 bytes).
    Removing stm32h5xx_hal_dma_ex.o(.text.HAL_DMAEx_List_ResetQ), (218 bytes).
    Removing stm32h5xx_hal_dma_ex.o(.ARM.exidx.text.HAL_DMAEx_List_ResetQ), (8 bytes).
    Removing stm32h5xx_hal_dma_ex.o(.text.HAL_DMAEx_List_InsertQ), (484 bytes).
    Removing stm32h5xx_hal_dma_ex.o(.ARM.exidx.text.HAL_DMAEx_List_InsertQ), (8 bytes).
    Removing stm32h5xx_hal_dma_ex.o(.text.HAL_DMAEx_List_InsertQ_Head), (268 bytes).
    Removing stm32h5xx_hal_dma_ex.o(.ARM.exidx.text.HAL_DMAEx_List_InsertQ_Head), (8 bytes).
    Removing stm32h5xx_hal_dma_ex.o(.text.HAL_DMAEx_List_InsertQ_Tail), (280 bytes).
    Removing stm32h5xx_hal_dma_ex.o(.ARM.exidx.text.HAL_DMAEx_List_InsertQ_Tail), (8 bytes).
    Removing stm32h5xx_hal_dma_ex.o(.text.HAL_DMAEx_List_SetCircularModeConfig), (480 bytes).
    Removing stm32h5xx_hal_dma_ex.o(.ARM.exidx.text.HAL_DMAEx_List_SetCircularModeConfig), (8 bytes).
    Removing stm32h5xx_hal_dma_ex.o(.text.HAL_DMAEx_List_SetCircularMode), (278 bytes).
    Removing stm32h5xx_hal_dma_ex.o(.ARM.exidx.text.HAL_DMAEx_List_SetCircularMode), (8 bytes).
    Removing stm32h5xx_hal_dma_ex.o(.text.HAL_DMAEx_List_ClearCircularMode), (258 bytes).
    Removing stm32h5xx_hal_dma_ex.o(.ARM.exidx.text.HAL_DMAEx_List_ClearCircularMode), (8 bytes).
    Removing stm32h5xx_hal_dma_ex.o(.text.HAL_DMAEx_List_ConvertQToDynamic), (1080 bytes).
    Removing stm32h5xx_hal_dma_ex.o(.ARM.exidx.text.HAL_DMAEx_List_ConvertQToDynamic), (8 bytes).
    Removing stm32h5xx_hal_dma_ex.o(.text.HAL_DMAEx_List_ConvertQToStatic), (912 bytes).
    Removing stm32h5xx_hal_dma_ex.o(.ARM.exidx.text.HAL_DMAEx_List_ConvertQToStatic), (8 bytes).
    Removing stm32h5xx_hal_dma_ex.o(.text.HAL_DMAEx_List_LinkQ), (246 bytes).
    Removing stm32h5xx_hal_dma_ex.o(.ARM.exidx.text.HAL_DMAEx_List_LinkQ), (8 bytes).
    Removing stm32h5xx_hal_dma_ex.o(.text.HAL_DMAEx_List_UnLinkQ), (44 bytes).
    Removing stm32h5xx_hal_dma_ex.o(.ARM.exidx.text.HAL_DMAEx_List_UnLinkQ), (8 bytes).
    Removing stm32h5xx_hal_dma_ex.o(.text.HAL_DMAEx_ConfigDataHandling), (84 bytes).
    Removing stm32h5xx_hal_dma_ex.o(.ARM.exidx.text.HAL_DMAEx_ConfigDataHandling), (8 bytes).
    Removing stm32h5xx_hal_dma_ex.o(.text.HAL_DMAEx_ConfigTrigger), (92 bytes).
    Removing stm32h5xx_hal_dma_ex.o(.ARM.exidx.text.HAL_DMAEx_ConfigTrigger), (8 bytes).
    Removing stm32h5xx_hal_dma_ex.o(.text.HAL_DMAEx_ConfigRepeatBlock), (172 bytes).
    Removing stm32h5xx_hal_dma_ex.o(.ARM.exidx.text.HAL_DMAEx_ConfigRepeatBlock), (8 bytes).
    Removing stm32h5xx_hal_dma_ex.o(.text.HAL_DMAEx_Suspend), (106 bytes).
    Removing stm32h5xx_hal_dma_ex.o(.ARM.exidx.text.HAL_DMAEx_Suspend), (8 bytes).
    Removing stm32h5xx_hal_dma_ex.o(.text.HAL_DMAEx_Suspend_IT), (42 bytes).
    Removing stm32h5xx_hal_dma_ex.o(.ARM.exidx.text.HAL_DMAEx_Suspend_IT), (8 bytes).
    Removing stm32h5xx_hal_dma_ex.o(.text.HAL_DMAEx_Resume), (54 bytes).
    Removing stm32h5xx_hal_dma_ex.o(.ARM.exidx.text.HAL_DMAEx_Resume), (8 bytes).
    Removing stm32h5xx_hal_dma_ex.o(.text.HAL_DMAEx_GetFifoLevel), (10 bytes).
    Removing stm32h5xx_hal_dma_ex.o(.ARM.exidx.text.HAL_DMAEx_GetFifoLevel), (8 bytes).
    Removing stm32h5xx_hal_dma_ex.o(.rodata.cst32), (32 bytes).
    Removing stm32h5xx_ll_dlyb.o(.text), (0 bytes).
    Removing stm32h5xx_ll_dlyb.o(.text.LL_DLYB_SetDelay), (28 bytes).
    Removing stm32h5xx_ll_dlyb.o(.ARM.exidx.text.LL_DLYB_SetDelay), (8 bytes).
    Removing stm32h5xx_ll_dlyb.o(.text.LL_DLYB_GetDelay), (18 bytes).
    Removing stm32h5xx_ll_dlyb.o(.ARM.exidx.text.LL_DLYB_GetDelay), (8 bytes).
    Removing stm32h5xx_ll_dlyb.o(.text.LL_DLYB_GetClockPeriod), (254 bytes).
    Removing stm32h5xx_ll_dlyb.o(.ARM.exidx.text.LL_DLYB_GetClockPeriod), (8 bytes).

682 unused section(s) (total 38916 bytes) removed from the image.

==============================================================================

Image Symbol Table

    Local Symbols

    Symbol Name                              Value     Ov Type        Size  Object(Section)

    ../../MDK-ARM/startup_stm32h563xx.s      0x00000000   Number         0  startup_stm32h563xx.o ABSOLUTE
    ../clib/angel/boardlib.s                 0x00000000   Number         0  boardinit1.o ABSOLUTE
    ../clib/angel/boardlib.s                 0x00000000   Number         0  boardinit2.o ABSOLUTE
    ../clib/angel/boardlib.s                 0x00000000   Number         0  boardinit3.o ABSOLUTE
    ../clib/angel/boardlib.s                 0x00000000   Number         0  boardshut.o ABSOLUTE
    ../clib/angel/handlers.s                 0x00000000   Number         0  __scatter_copy.o ABSOLUTE
    ../clib/angel/handlers.s                 0x00000000   Number         0  __scatter_zi.o ABSOLUTE
    ../clib/angel/kernel.s                   0x00000000   Number         0  __rtentry.o ABSOLUTE
    ../clib/angel/kernel.s                   0x00000000   Number         0  __rtentry2.o ABSOLUTE
    ../clib/angel/kernel.s                   0x00000000   Number         0  __rtentry4.o ABSOLUTE
    ../clib/angel/kernel.s                   0x00000000   Number         0  __rtentry5.o ABSOLUTE
    ../clib/angel/kernel.s                   0x00000000   Number         0  rtexit.o ABSOLUTE
    ../clib/angel/kernel.s                   0x00000000   Number         0  rtexit2.o ABSOLUTE
    ../clib/angel/rt.s                       0x00000000   Number         0  rt_raise.o ABSOLUTE
    ../clib/angel/scatter.s                  0x00000000   Number         0  __scatter.o ABSOLUTE
    ../clib/angel/startup.s                  0x00000000   Number         0  __main.o ABSOLUTE
    ../clib/angel/sys.s                      0x00000000   Number         0  sys_stackheap_outer.o ABSOLUTE
    ../clib/angel/sys.s                      0x00000000   Number         0  libspace.o ABSOLUTE
    ../clib/angel/sys.s                      0x00000000   Number         0  sys_stackheap.o ABSOLUTE
    ../clib/angel/sys.s                      0x00000000   Number         0  sys_stackheap_hlt.o ABSOLUTE
    ../clib/angel/sys.s                      0x00000000   Number         0  use_no_semi.o ABSOLUTE
    ../clib/angel/sys.s                      0x00000000   Number         0  indicate_semi.o ABSOLUTE
    ../clib/angel/sysapp.c                   0x00000000   Number         0  sys_exit.o ABSOLUTE
    ../clib/angel/sysapp.c                   0x00000000   Number         0  sys_exit_hlt.o ABSOLUTE
    ../clib/angel/sysapp.c                   0x00000000   Number         0  sys_command.o ABSOLUTE
    ../clib/angel/sysapp.c                   0x00000000   Number         0  sys_command_hlt.o ABSOLUTE
    ../clib/angel/sysapp.c                   0x00000000   Number         0  sys_wrch.o ABSOLUTE
    ../clib/angel/sysapp.c                   0x00000000   Number         0  sys_wrch_hlt.o ABSOLUTE
    ../clib/armsys.c                         0x00000000   Number         0  argv_veneer.o ABSOLUTE
    ../clib/armsys.c                         0x00000000   Number         0  argv_veneer.o ABSOLUTE
    ../clib/armsys.c                         0x00000000   Number         0  _get_argv_nomalloc.o ABSOLUTE
    ../clib/armsys.c                         0x00000000   Number         0  no_argv.o ABSOLUTE
    ../clib/heapalloc.c                      0x00000000   Number         0  hrguard.o ABSOLUTE
    ../clib/heapaux.c                        0x00000000   Number         0  heapauxi.o ABSOLUTE
    ../clib/libinit.s                        0x00000000   Number         0  libinit.o ABSOLUTE
    ../clib/libinit.s                        0x00000000   Number         0  libinit2.o ABSOLUTE
    ../clib/libinit.s                        0x00000000   Number         0  libinit3.o ABSOLUTE
    ../clib/libinit.s                        0x00000000   Number         0  libshutdown.o ABSOLUTE
    ../clib/libinit.s                        0x00000000   Number         0  libshutdown2.o ABSOLUTE
    ../clib/memcpset.s                       0x00000000   Number         0  aeabi_memset4.o ABSOLUTE
    ../clib/memcpset.s                       0x00000000   Number         0  rt_memclr_w.o ABSOLUTE
    ../clib/signal.c                         0x00000000   Number         0  defsig_rtmem_outer.o ABSOLUTE
    ../clib/signal.c                         0x00000000   Number         0  defsig_rtmem_formal.o ABSOLUTE
    ../clib/signal.c                         0x00000000   Number         0  defsig_exit.o ABSOLUTE
    ../clib/signal.c                         0x00000000   Number         0  defsig_rtmem_inner.o ABSOLUTE
    ../clib/signal.c                         0x00000000   Number         0  __raise.o ABSOLUTE
    ../clib/signal.c                         0x00000000   Number         0  defsig_general.o ABSOLUTE
    ../clib/signal.c                         0x00000000   Number         0  defsig_abrt_inner.o ABSOLUTE
    ../clib/signal.c                         0x00000000   Number         0  defsig_fpe_inner.o ABSOLUTE
    ../clib/signal.c                         0x00000000   Number         0  defsig_rtred_inner.o ABSOLUTE
    ../clib/signal.c                         0x00000000   Number         0  defsig_stak_inner.o ABSOLUTE
    ../clib/signal.c                         0x00000000   Number         0  defsig_pvfn_inner.o ABSOLUTE
    ../clib/signal.c                         0x00000000   Number         0  defsig_cppl_inner.o ABSOLUTE
    ../clib/signal.c                         0x00000000   Number         0  defsig_segv_inner.o ABSOLUTE
    ../clib/signal.c                         0x00000000   Number         0  defsig_other.o ABSOLUTE
    ../clib/signal.s                         0x00000000   Number         0  defsig.o ABSOLUTE
    ../clib/stdlib.c                         0x00000000   Number         0  exit.o ABSOLUTE
    ../fplib/fpinit.s                        0x00000000   Number         0  fpinit.o ABSOLUTE
    boot_ext_flash.c                         0x00000000   Number         0  boot_ext_flash.o ABSOLUTE
    boot_main.c                              0x00000000   Number         0  boot_main.o ABSOLUTE
    dc.s                                     0x00000000   Number         0  dc.o ABSOLUTE
    octospi.c                                0x00000000   Number         0  octospi.o ABSOLUTE
    stm32h5xx_hal.c                          0x00000000   Number         0  stm32h5xx_hal.o ABSOLUTE
    stm32h5xx_hal_cortex.c                   0x00000000   Number         0  stm32h5xx_hal_cortex.o ABSOLUTE
    stm32h5xx_hal_dma.c                      0x00000000   Number         0  stm32h5xx_hal_dma.o ABSOLUTE
    stm32h5xx_hal_dma_ex.c                   0x00000000   Number         0  stm32h5xx_hal_dma_ex.o ABSOLUTE
    stm32h5xx_hal_flash.c                    0x00000000   Number         0  stm32h5xx_hal_flash.o ABSOLUTE
    stm32h5xx_hal_flash_ex.c                 0x00000000   Number         0  stm32h5xx_hal_flash_ex.o ABSOLUTE
    stm32h5xx_hal_gpio.c                     0x00000000   Number         0  stm32h5xx_hal_gpio.o ABSOLUTE
    stm32h5xx_hal_pwr.c                      0x00000000   Number         0  stm32h5xx_hal_pwr.o ABSOLUTE
    stm32h5xx_hal_pwr_ex.c                   0x00000000   Number         0  stm32h5xx_hal_pwr_ex.o ABSOLUTE
    stm32h5xx_hal_rcc.c                      0x00000000   Number         0  stm32h5xx_hal_rcc.o ABSOLUTE
    stm32h5xx_hal_rcc_ex.c                   0x00000000   Number         0  stm32h5xx_hal_rcc_ex.o ABSOLUTE
    stm32h5xx_hal_xspi.c                     0x00000000   Number         0  stm32h5xx_hal_xspi.o ABSOLUTE
    stm32h5xx_ll_dlyb.c                      0x00000000   Number         0  stm32h5xx_ll_dlyb.o ABSOLUTE
    system_stm32h5xx.c                       0x00000000   Number         0  system_stm32h5xx.o ABSOLUTE
    RESET                                    0x08000000   Section      588  startup_stm32h563xx.o(RESET)
    !!!main                                  0x0800024c   Section        8  __main.o(!!!main)
    !!!scatter                               0x08000254   Section       92  __scatter.o(!!!scatter)
    !!handler_copy                           0x080002b0   Section       26  __scatter_copy.o(!!handler_copy)
    !!handler_null                           0x080002cc   Section        2  __scatter.o(!!handler_null)
    !!handler_zi                             0x080002d0   Section       28  __scatter_zi.o(!!handler_zi)
    .ARM.Collect$$libinit$$00000000          0x080002ec   Section        2  libinit.o(.ARM.Collect$$libinit$$00000000)
    .ARM.Collect$$libinit$$00000001          0x080002ee   Section        4  libinit2.o(.ARM.Collect$$libinit$$00000001)
    .ARM.Collect$$libinit$$00000004          0x080002f2   Section        0  libinit2.o(.ARM.Collect$$libinit$$00000004)
    .ARM.Collect$$libinit$$00000006          0x080002f2   Section        0  libinit2.o(.ARM.Collect$$libinit$$00000006)
    .ARM.Collect$$libinit$$0000000C          0x080002f2   Section        0  libinit2.o(.ARM.Collect$$libinit$$0000000C)
    .ARM.Collect$$libinit$$0000000E          0x080002f2   Section        0  libinit2.o(.ARM.Collect$$libinit$$0000000E)
    .ARM.Collect$$libinit$$00000010          0x080002f2   Section        0  libinit2.o(.ARM.Collect$$libinit$$00000010)
    .ARM.Collect$$libinit$$00000013          0x080002f2   Section        0  libinit2.o(.ARM.Collect$$libinit$$00000013)
    .ARM.Collect$$libinit$$00000015          0x080002f2   Section        0  libinit2.o(.ARM.Collect$$libinit$$00000015)
    .ARM.Collect$$libinit$$00000017          0x080002f2   Section        0  libinit2.o(.ARM.Collect$$libinit$$00000017)
    .ARM.Collect$$libinit$$00000019          0x080002f2   Section        0  libinit2.o(.ARM.Collect$$libinit$$00000019)
    .ARM.Collect$$libinit$$0000001B          0x080002f2   Section        0  libinit2.o(.ARM.Collect$$libinit$$0000001B)
    .ARM.Collect$$libinit$$0000001D          0x080002f2   Section        0  libinit2.o(.ARM.Collect$$libinit$$0000001D)
    .ARM.Collect$$libinit$$0000001F          0x080002f2   Section        0  libinit2.o(.ARM.Collect$$libinit$$0000001F)
    .ARM.Collect$$libinit$$00000021          0x080002f2   Section        0  libinit2.o(.ARM.Collect$$libinit$$00000021)
    .ARM.Collect$$libinit$$00000023          0x080002f2   Section        0  libinit2.o(.ARM.Collect$$libinit$$00000023)
    .ARM.Collect$$libinit$$00000025          0x080002f2   Section        0  libinit2.o(.ARM.Collect$$libinit$$00000025)
    .ARM.Collect$$libinit$$00000027          0x080002f2   Section        0  libinit2.o(.ARM.Collect$$libinit$$00000027)
    .ARM.Collect$$libinit$$0000002E          0x080002f2   Section        0  libinit2.o(.ARM.Collect$$libinit$$0000002E)
    .ARM.Collect$$libinit$$00000030          0x080002f2   Section        0  libinit2.o(.ARM.Collect$$libinit$$00000030)
    .ARM.Collect$$libinit$$00000032          0x080002f2   Section        0  libinit2.o(.ARM.Collect$$libinit$$00000032)
    .ARM.Collect$$libinit$$00000034          0x080002f2   Section        0  libinit2.o(.ARM.Collect$$libinit$$00000034)
    .ARM.Collect$$libinit$$00000035          0x080002f2   Section        2  libinit2.o(.ARM.Collect$$libinit$$00000035)
    .ARM.Collect$$libshutdown$$00000000      0x080002f4   Section        2  libshutdown.o(.ARM.Collect$$libshutdown$$00000000)
    .ARM.Collect$$libshutdown$$00000002      0x080002f6   Section        0  libshutdown2.o(.ARM.Collect$$libshutdown$$00000002)
    .ARM.Collect$$libshutdown$$00000004      0x080002f6   Section        0  libshutdown2.o(.ARM.Collect$$libshutdown$$00000004)
    .ARM.Collect$$libshutdown$$00000007      0x080002f6   Section        0  libshutdown2.o(.ARM.Collect$$libshutdown$$00000007)
    .ARM.Collect$$libshutdown$$0000000A      0x080002f6   Section        0  libshutdown2.o(.ARM.Collect$$libshutdown$$0000000A)
    .ARM.Collect$$libshutdown$$0000000C      0x080002f6   Section        0  libshutdown2.o(.ARM.Collect$$libshutdown$$0000000C)
    .ARM.Collect$$libshutdown$$0000000F      0x080002f6   Section        0  libshutdown2.o(.ARM.Collect$$libshutdown$$0000000F)
    .ARM.Collect$$libshutdown$$00000010      0x080002f6   Section        2  libshutdown2.o(.ARM.Collect$$libshutdown$$00000010)
    .ARM.Collect$$rtentry$$00000000          0x080002f8   Section        0  __rtentry.o(.ARM.Collect$$rtentry$$00000000)
    .ARM.Collect$$rtentry$$00000002          0x080002f8   Section        0  __rtentry2.o(.ARM.Collect$$rtentry$$00000002)
    .ARM.Collect$$rtentry$$00000005          0x080002f8   Section        4  __rtentry5.o(.ARM.Collect$$rtentry$$00000005)
    .ARM.Collect$$rtentry$$00000009          0x080002fc   Section        0  __rtentry2.o(.ARM.Collect$$rtentry$$00000009)
    .ARM.Collect$$rtentry$$0000000A          0x080002fc   Section        4  __rtentry2.o(.ARM.Collect$$rtentry$$0000000A)
    .ARM.Collect$$rtentry$$0000000C          0x08000300   Section        0  __rtentry2.o(.ARM.Collect$$rtentry$$0000000C)
    .ARM.Collect$$rtentry$$0000000D          0x08000300   Section        8  __rtentry2.o(.ARM.Collect$$rtentry$$0000000D)
    __lit__00000000                          0x08000308   Data           4  __rtentry5.o(.ARM.Collect$$rtentry$$00002716)
    .ARM.Collect$$rtentry$$00002716          0x08000308   Section        4  __rtentry5.o(.ARM.Collect$$rtentry$$00002716)
    .ARM.Collect$$rtexit$$00000000           0x0800030c   Section        2  rtexit.o(.ARM.Collect$$rtexit$$00000000)
    .ARM.Collect$$rtexit$$00000002           0x0800030e   Section        0  rtexit2.o(.ARM.Collect$$rtexit$$00000002)
    .ARM.Collect$$rtexit$$00000003           0x0800030e   Section        4  rtexit2.o(.ARM.Collect$$rtexit$$00000003)
    .ARM.Collect$$rtexit$$00000004           0x08000312   Section        6  rtexit2.o(.ARM.Collect$$rtexit$$00000004)
    $v0                                      0x08000318   Number         0  startup_stm32h563xx.o(.text)
    .text                                    0x08000318   Section       48  startup_stm32h563xx.o(.text)
    .text                                    0x08000348   Section       16  aeabi_memset4.o(.text)
    .text                                    0x08000358   Section       78  rt_memclr_w.o(.text)
    .text                                    0x080003a6   Section        0  heapauxi.o(.text)
    .text                                    0x080003ac   Section        0  exit.o(.text)
    .text                                    0x080003be   Section        2  use_no_semi.o(.text)
    .text                                    0x080003c0   Section        0  indicate_semi.o(.text)
    .text                                    0x080003c0   Section        0  sys_exit.o(.text)
    [Anonymous Symbol]                       0x080003cc   Section        0  boot_ext_flash.o(.text.BootFlash_Init)
    [Anonymous Symbol]                       0x0800045c   Section        0  boot_ext_flash.o(.text.BootFlash_Read)
    [Anonymous Symbol]                       0x080004d0   Section        0  boot_ext_flash.o(.text.BootFlash_SectorErase4K)
    [Anonymous Symbol]                       0x080005c8   Section        0  boot_main.o(.text.Error_Handler)
    [Anonymous Symbol]                       0x080005d0   Section        0  stm32h5xx_hal_flash.o(.text.FLASH_WaitForLastOperation)
    [Anonymous Symbol]                       0x08000660   Section        0  stm32h5xx_hal.o(.text.HAL_Delay)
    [Anonymous Symbol]                       0x08000688   Section        0  stm32h5xx_hal_flash_ex.o(.text.HAL_FLASHEx_Erase)
    [Anonymous Symbol]                       0x080007d8   Section        0  stm32h5xx_hal_flash.o(.text.HAL_FLASH_Lock)
    [Anonymous Symbol]                       0x080007f4   Section        0  stm32h5xx_hal_flash.o(.text.HAL_FLASH_Program)
    [Anonymous Symbol]                       0x08000998   Section        0  stm32h5xx_hal_flash.o(.text.HAL_FLASH_Unlock)
    [Anonymous Symbol]                       0x080009c8   Section        0  stm32h5xx_hal_gpio.o(.text.HAL_GPIO_Init)
    [Anonymous Symbol]                       0x08000b50   Section        0  stm32h5xx_hal_gpio.o(.text.HAL_GPIO_TogglePin)
    [Anonymous Symbol]                       0x08000b60   Section        0  stm32h5xx_hal.o(.text.HAL_GetTick)
    [Anonymous Symbol]                       0x08000b6c   Section        0  stm32h5xx_hal.o(.text.HAL_Init)
    [Anonymous Symbol]                       0x08000bb8   Section        0  stm32h5xx_hal.o(.text.HAL_InitTick)
    [Anonymous Symbol]                       0x08000c60   Section        0  stm32h5xx_hal.o(.text.HAL_MspInit)
    [Anonymous Symbol]                       0x08000c64   Section        0  stm32h5xx_hal_cortex.o(.text.HAL_NVIC_SetPriority)
    [Anonymous Symbol]                       0x08000cbc   Section        0  stm32h5xx_hal_cortex.o(.text.HAL_NVIC_SetPriorityGrouping)
    [Anonymous Symbol]                       0x08000cdc   Section        0  stm32h5xx_hal_rcc_ex.o(.text.HAL_RCCEx_PeriphCLKConfig)
    [Anonymous Symbol]                       0x08001d5c   Section        0  stm32h5xx_hal_rcc.o(.text.HAL_RCC_ClockConfig)
    [Anonymous Symbol]                       0x08001fbc   Section        0  stm32h5xx_hal_rcc.o(.text.HAL_RCC_GetSysClockFreq)
    [Anonymous Symbol]                       0x080020e8   Section        0  stm32h5xx_hal_rcc.o(.text.HAL_RCC_OscConfig)
    [Anonymous Symbol]                       0x0800272c   Section        0  stm32h5xx_hal_cortex.o(.text.HAL_SYSTICK_CLKSourceConfig)
    [Anonymous Symbol]                       0x080027a4   Section        0  stm32h5xx_hal_cortex.o(.text.HAL_SYSTICK_Config)
    [Anonymous Symbol]                       0x080027c8   Section        0  stm32h5xx_hal_cortex.o(.text.HAL_SYSTICK_GetCLKSourceConfig)
    [Anonymous Symbol]                       0x080027f8   Section        0  stm32h5xx_hal_xspi.o(.text.HAL_XSPI_Command)
    [Anonymous Symbol]                       0x08002944   Section        0  stm32h5xx_hal_xspi.o(.text.HAL_XSPI_Init)
    [Anonymous Symbol]                       0x08002a6c   Section        0  octospi.o(.text.HAL_XSPI_MspInit)
    [Anonymous Symbol]                       0x08002b94   Section        0  stm32h5xx_hal_xspi.o(.text.HAL_XSPI_Receive)
    [Anonymous Symbol]                       0x08002d18   Section        0  octospi.o(.text.MX_OCTOSPI1_Init)
    RCCEx_PLL2_Config                        0x08002d6d   Thumb Code   234  stm32h5xx_hal_rcc_ex.o(.text.RCCEx_PLL2_Config)
    [Anonymous Symbol]                       0x08002d6c   Section        0  stm32h5xx_hal_rcc_ex.o(.text.RCCEx_PLL2_Config)
    RCCEx_PLL3_Config                        0x08002e59   Thumb Code   234  stm32h5xx_hal_rcc_ex.o(.text.RCCEx_PLL3_Config)
    [Anonymous Symbol]                       0x08002e58   Section        0  stm32h5xx_hal_rcc_ex.o(.text.RCCEx_PLL3_Config)
    [Anonymous Symbol]                       0x08002f44   Section        0  system_stm32h5xx.o(.text.SystemInit)
    XSPI_ConfigCmd                           0x08002ff9   Thumb Code   558  stm32h5xx_hal_xspi.o(.text.XSPI_ConfigCmd)
    [Anonymous Symbol]                       0x08002ff8   Section        0  stm32h5xx_hal_xspi.o(.text.XSPI_ConfigCmd)
    [Anonymous Symbol]                       0x08003228   Section        0  boot_main.o(.text.main)
    $v0                                      0x08003b2e   Number         0  fpinit.o(x$fpl$fpinit)
    x$fpl$fpinit                             0x08003b2e   Section       26  fpinit.o(x$fpl$fpinit)
    .L_MergedGlobals                         0x20000000   Data           8  stm32h5xx_hal.o(.data..L_MergedGlobals)
    [Anonymous Symbol]                       0x20000000   Section        0  stm32h5xx_hal.o(.data..L_MergedGlobals)
    Stack_Mem                                0x20000088   Data        1024  startup_stm32h563xx.o(STACK)
    STACK                                    0x20000088   Section     1024  startup_stm32h563xx.o(STACK)

    Global Symbols

    Symbol Name                              Value     Ov Type        Size  Object(Section)

    BuildAttributes$$THM_ISAv4$P$D$K$B$S$8M$VFPi5$EXTD16$VFPS$VFMA$PE$A:L22UL41UL21$X:L11$S22US41US21$IEEE1$IW$~IW$USESV6$~STKCKD$USESV7$~SHL$OTIME$ROPI$EBA8$UX$STANDARDLIB$REQ8$PRES8$EABIv2 0x00000000   Number         0  anon$$obj.o ABSOLUTE
    Image$$ZI$$Limit                          - Undefined Weak Reference
    __ARM_exceptions_init                     - Undefined Weak Reference
    __alloca_initialize                       - Undefined Weak Reference
    __arm_preinit_                            - Undefined Weak Reference
    __arm_relocate_pie_                       - Undefined Weak Reference
    __cpp_initialize__aeabi_                  - Undefined Weak Reference
    __cxa_finalize                            - Undefined Weak Reference
    __rt_locale                               - Undefined Weak Reference
    __sigvec_lookup                           - Undefined Weak Reference
    _atexit_init                              - Undefined Weak Reference
    _call_atexit_fns                          - Undefined Weak Reference
    _clock_init                               - Undefined Weak Reference
    _fp_trap_init                             - Undefined Weak Reference
    _fp_trap_shutdown                         - Undefined Weak Reference
    _get_lc_collate                           - Undefined Weak Reference
    _get_lc_ctype                             - Undefined Weak Reference
    _get_lc_monetary                          - Undefined Weak Reference
    _get_lc_numeric                           - Undefined Weak Reference
    _get_lc_time                              - Undefined Weak Reference
    _getenv_init                              - Undefined Weak Reference
    _handle_redirection                       - Undefined Weak Reference
    _init_alloc                               - Undefined Weak Reference
    _init_user_alloc                          - Undefined Weak Reference
    _initio                                   - Undefined Weak Reference
    _rand_init                                - Undefined Weak Reference
    _signal_finish                            - Undefined Weak Reference
    _signal_init                              - Undefined Weak Reference
    _terminate_alloc                          - Undefined Weak Reference
    _terminate_user_alloc                     - Undefined Weak Reference
    _terminateio                              - Undefined Weak Reference
    __Vectors_Size                           0x0000024c   Number         0  startup_stm32h563xx.o ABSOLUTE
    __Vectors                                0x08000000   Data           4  startup_stm32h563xx.o(RESET)
    __Vectors_End                            0x0800024c   Data           0  startup_stm32h563xx.o(RESET)
    __main                                   0x0800024d   Thumb Code     8  __main.o(!!!main)
    __scatterload                            0x08000255   Thumb Code     0  __scatter.o(!!!scatter)
    __scatterload_rt2                        0x08000255   Thumb Code    84  __scatter.o(!!!scatter)
    __scatterload_rt2_thumb_only             0x08000255   Thumb Code     0  __scatter.o(!!!scatter)
    __scatterload_loop                       0x0800025f   Thumb Code     0  __scatter.o(!!!scatter)
    __scatterload_copy                       0x080002b1   Thumb Code    26  __scatter_copy.o(!!handler_copy)
    __scatterload_null                       0x080002cd   Thumb Code     2  __scatter.o(!!handler_null)
    __scatterload_zeroinit                   0x080002d1   Thumb Code    28  __scatter_zi.o(!!handler_zi)
    __rt_lib_init                            0x080002ed   Thumb Code     0  libinit.o(.ARM.Collect$$libinit$$00000000)
    __rt_lib_init_fp_1                       0x080002ef   Thumb Code     0  libinit2.o(.ARM.Collect$$libinit$$00000001)
    __rt_lib_init_alloca_1                   0x080002f3   Thumb Code     0  libinit2.o(.ARM.Collect$$libinit$$00000030)
    __rt_lib_init_argv_1                     0x080002f3   Thumb Code     0  libinit2.o(.ARM.Collect$$libinit$$0000002E)
    __rt_lib_init_atexit_1                   0x080002f3   Thumb Code     0  libinit2.o(.ARM.Collect$$libinit$$0000001D)
    __rt_lib_init_clock_1                    0x080002f3   Thumb Code     0  libinit2.o(.ARM.Collect$$libinit$$00000023)
    __rt_lib_init_cpp_1                      0x080002f3   Thumb Code     0  libinit2.o(.ARM.Collect$$libinit$$00000034)
    __rt_lib_init_exceptions_1               0x080002f3   Thumb Code     0  libinit2.o(.ARM.Collect$$libinit$$00000032)
    __rt_lib_init_fp_trap_1                  0x080002f3   Thumb Code     0  libinit2.o(.ARM.Collect$$libinit$$00000021)
    __rt_lib_init_getenv_1                   0x080002f3   Thumb Code     0  libinit2.o(.ARM.Collect$$libinit$$00000025)
    __rt_lib_init_heap_1                     0x080002f3   Thumb Code     0  libinit2.o(.ARM.Collect$$libinit$$0000000C)
    __rt_lib_init_lc_collate_1               0x080002f3   Thumb Code     0  libinit2.o(.ARM.Collect$$libinit$$00000013)
    __rt_lib_init_lc_ctype_1                 0x080002f3   Thumb Code     0  libinit2.o(.ARM.Collect$$libinit$$00000015)
    __rt_lib_init_lc_monetary_1              0x080002f3   Thumb Code     0  libinit2.o(.ARM.Collect$$libinit$$00000017)
    __rt_lib_init_lc_numeric_1               0x080002f3   Thumb Code     0  libinit2.o(.ARM.Collect$$libinit$$00000019)
    __rt_lib_init_lc_time_1                  0x080002f3   Thumb Code     0  libinit2.o(.ARM.Collect$$libinit$$0000001B)
    __rt_lib_init_preinit_1                  0x080002f3   Thumb Code     0  libinit2.o(.ARM.Collect$$libinit$$00000006)
    __rt_lib_init_rand_1                     0x080002f3   Thumb Code     0  libinit2.o(.ARM.Collect$$libinit$$00000010)
    __rt_lib_init_relocate_pie_1             0x080002f3   Thumb Code     0  libinit2.o(.ARM.Collect$$libinit$$00000004)
    __rt_lib_init_return                     0x080002f3   Thumb Code     0  libinit2.o(.ARM.Collect$$libinit$$00000035)
    __rt_lib_init_signal_1                   0x080002f3   Thumb Code     0  libinit2.o(.ARM.Collect$$libinit$$0000001F)
    __rt_lib_init_stdio_1                    0x080002f3   Thumb Code     0  libinit2.o(.ARM.Collect$$libinit$$00000027)
    __rt_lib_init_user_alloc_1               0x080002f3   Thumb Code     0  libinit2.o(.ARM.Collect$$libinit$$0000000E)
    __rt_lib_shutdown                        0x080002f5   Thumb Code     0  libshutdown.o(.ARM.Collect$$libshutdown$$00000000)
    __rt_lib_shutdown_cpp_1                  0x080002f7   Thumb Code     0  libshutdown2.o(.ARM.Collect$$libshutdown$$00000002)
    __rt_lib_shutdown_fp_trap_1              0x080002f7   Thumb Code     0  libshutdown2.o(.ARM.Collect$$libshutdown$$00000007)
    __rt_lib_shutdown_heap_1                 0x080002f7   Thumb Code     0  libshutdown2.o(.ARM.Collect$$libshutdown$$0000000F)
    __rt_lib_shutdown_return                 0x080002f7   Thumb Code     0  libshutdown2.o(.ARM.Collect$$libshutdown$$00000010)
    __rt_lib_shutdown_signal_1               0x080002f7   Thumb Code     0  libshutdown2.o(.ARM.Collect$$libshutdown$$0000000A)
    __rt_lib_shutdown_stdio_1                0x080002f7   Thumb Code     0  libshutdown2.o(.ARM.Collect$$libshutdown$$00000004)
    __rt_lib_shutdown_user_alloc_1           0x080002f7   Thumb Code     0  libshutdown2.o(.ARM.Collect$$libshutdown$$0000000C)
    __rt_entry                               0x080002f9   Thumb Code     0  __rtentry.o(.ARM.Collect$$rtentry$$00000000)
    __rt_entry_presh_1                       0x080002f9   Thumb Code     0  __rtentry2.o(.ARM.Collect$$rtentry$$00000002)
    __rt_entry_sh                            0x080002f9   Thumb Code     0  __rtentry5.o(.ARM.Collect$$rtentry$$00000005)
    __rt_entry_li                            0x080002fd   Thumb Code     0  __rtentry2.o(.ARM.Collect$$rtentry$$0000000A)
    __rt_entry_postsh_1                      0x080002fd   Thumb Code     0  __rtentry2.o(.ARM.Collect$$rtentry$$00000009)
    __rt_entry_main                          0x08000301   Thumb Code     0  __rtentry2.o(.ARM.Collect$$rtentry$$0000000D)
    __rt_entry_postli_1                      0x08000301   Thumb Code     0  __rtentry2.o(.ARM.Collect$$rtentry$$0000000C)
    __rt_exit                                0x0800030d   Thumb Code     0  rtexit.o(.ARM.Collect$$rtexit$$00000000)
    __rt_exit_ls                             0x0800030f   Thumb Code     0  rtexit2.o(.ARM.Collect$$rtexit$$00000003)
    __rt_exit_prels_1                        0x0800030f   Thumb Code     0  rtexit2.o(.ARM.Collect$$rtexit$$00000002)
    __rt_exit_exit                           0x08000313   Thumb Code     0  rtexit2.o(.ARM.Collect$$rtexit$$00000004)
    Reset_Handler                            0x08000319   Thumb Code    14  startup_stm32h563xx.o(.text)
    NMI_Handler                              0x08000327   Thumb Code     2  startup_stm32h563xx.o(.text)
    HardFault_Handler                        0x08000329   Thumb Code     2  startup_stm32h563xx.o(.text)
    MemManage_Handler                        0x0800032b   Thumb Code     2  startup_stm32h563xx.o(.text)
    BusFault_Handler                         0x0800032d   Thumb Code     2  startup_stm32h563xx.o(.text)
    UsageFault_Handler                       0x0800032f   Thumb Code     2  startup_stm32h563xx.o(.text)
    SecureFault_Handler                      0x08000331   Thumb Code     2  startup_stm32h563xx.o(.text)
    SVC_Handler                              0x08000333   Thumb Code     2  startup_stm32h563xx.o(.text)
    DebugMon_Handler                         0x08000335   Thumb Code     2  startup_stm32h563xx.o(.text)
    PendSV_Handler                           0x08000337   Thumb Code     2  startup_stm32h563xx.o(.text)
    SysTick_Handler                          0x08000339   Thumb Code     2  startup_stm32h563xx.o(.text)
    ADC1_IRQHandler                          0x0800033b   Thumb Code     0  startup_stm32h563xx.o(.text)
    ADC2_IRQHandler                          0x0800033b   Thumb Code     0  startup_stm32h563xx.o(.text)
    CEC_IRQHandler                           0x0800033b   Thumb Code     0  startup_stm32h563xx.o(.text)
    CORDIC_IRQHandler                        0x0800033b   Thumb Code     0  startup_stm32h563xx.o(.text)
    CRS_IRQHandler                           0x0800033b   Thumb Code     0  startup_stm32h563xx.o(.text)
    DAC1_IRQHandler                          0x0800033b   Thumb Code     0  startup_stm32h563xx.o(.text)
    DCACHE1_IRQHandler                       0x0800033b   Thumb Code     0  startup_stm32h563xx.o(.text)
    DCMI_PSSI_IRQHandler                     0x0800033b   Thumb Code     0  startup_stm32h563xx.o(.text)
    DTS_IRQHandler                           0x0800033b   Thumb Code     0  startup_stm32h563xx.o(.text)
    ETH_IRQHandler                           0x0800033b   Thumb Code     0  startup_stm32h563xx.o(.text)
    ETH_WKUP_IRQHandler                      0x0800033b   Thumb Code     0  startup_stm32h563xx.o(.text)
    EXTI0_IRQHandler                         0x0800033b   Thumb Code     0  startup_stm32h563xx.o(.text)
    EXTI10_IRQHandler                        0x0800033b   Thumb Code     0  startup_stm32h563xx.o(.text)
    EXTI11_IRQHandler                        0x0800033b   Thumb Code     0  startup_stm32h563xx.o(.text)
    EXTI12_IRQHandler                        0x0800033b   Thumb Code     0  startup_stm32h563xx.o(.text)
    EXTI13_IRQHandler                        0x0800033b   Thumb Code     0  startup_stm32h563xx.o(.text)
    EXTI14_IRQHandler                        0x0800033b   Thumb Code     0  startup_stm32h563xx.o(.text)
    EXTI15_IRQHandler                        0x0800033b   Thumb Code     0  startup_stm32h563xx.o(.text)
    EXTI1_IRQHandler                         0x0800033b   Thumb Code     0  startup_stm32h563xx.o(.text)
    EXTI2_IRQHandler                         0x0800033b   Thumb Code     0  startup_stm32h563xx.o(.text)
    EXTI3_IRQHandler                         0x0800033b   Thumb Code     0  startup_stm32h563xx.o(.text)
    EXTI4_IRQHandler                         0x0800033b   Thumb Code     0  startup_stm32h563xx.o(.text)
    EXTI5_IRQHandler                         0x0800033b   Thumb Code     0  startup_stm32h563xx.o(.text)
    EXTI6_IRQHandler                         0x0800033b   Thumb Code     0  startup_stm32h563xx.o(.text)
    EXTI7_IRQHandler                         0x0800033b   Thumb Code     0  startup_stm32h563xx.o(.text)
    EXTI8_IRQHandler                         0x0800033b   Thumb Code     0  startup_stm32h563xx.o(.text)
    EXTI9_IRQHandler                         0x0800033b   Thumb Code     0  startup_stm32h563xx.o(.text)
    FDCAN1_IT0_IRQHandler                    0x0800033b   Thumb Code     0  startup_stm32h563xx.o(.text)
    FDCAN1_IT1_IRQHandler                    0x0800033b   Thumb Code     0  startup_stm32h563xx.o(.text)
    FDCAN2_IT0_IRQHandler                    0x0800033b   Thumb Code     0  startup_stm32h563xx.o(.text)
    FDCAN2_IT1_IRQHandler                    0x0800033b   Thumb Code     0  startup_stm32h563xx.o(.text)
    FLASH_IRQHandler                         0x0800033b   Thumb Code     0  startup_stm32h563xx.o(.text)
    FLASH_S_IRQHandler                       0x0800033b   Thumb Code     0  startup_stm32h563xx.o(.text)
    FMAC_IRQHandler                          0x0800033b   Thumb Code     0  startup_stm32h563xx.o(.text)
    FMC_IRQHandler                           0x0800033b   Thumb Code     0  startup_stm32h563xx.o(.text)
    FPU_IRQHandler                           0x0800033b   Thumb Code     0  startup_stm32h563xx.o(.text)
    GPDMA1_Channel0_IRQHandler               0x0800033b   Thumb Code     0  startup_stm32h563xx.o(.text)
    GPDMA1_Channel1_IRQHandler               0x0800033b   Thumb Code     0  startup_stm32h563xx.o(.text)
    GPDMA1_Channel2_IRQHandler               0x0800033b   Thumb Code     0  startup_stm32h563xx.o(.text)
    GPDMA1_Channel3_IRQHandler               0x0800033b   Thumb Code     0  startup_stm32h563xx.o(.text)
    GPDMA1_Channel4_IRQHandler               0x0800033b   Thumb Code     0  startup_stm32h563xx.o(.text)
    GPDMA1_Channel5_IRQHandler               0x0800033b   Thumb Code     0  startup_stm32h563xx.o(.text)
    GPDMA1_Channel6_IRQHandler               0x0800033b   Thumb Code     0  startup_stm32h563xx.o(.text)
    GPDMA1_Channel7_IRQHandler               0x0800033b   Thumb Code     0  startup_stm32h563xx.o(.text)
    GPDMA2_Channel0_IRQHandler               0x0800033b   Thumb Code     0  startup_stm32h563xx.o(.text)
    GPDMA2_Channel1_IRQHandler               0x0800033b   Thumb Code     0  startup_stm32h563xx.o(.text)
    GPDMA2_Channel2_IRQHandler               0x0800033b   Thumb Code     0  startup_stm32h563xx.o(.text)
    GPDMA2_Channel3_IRQHandler               0x0800033b   Thumb Code     0  startup_stm32h563xx.o(.text)
    GPDMA2_Channel4_IRQHandler               0x0800033b   Thumb Code     0  startup_stm32h563xx.o(.text)
    GPDMA2_Channel5_IRQHandler               0x0800033b   Thumb Code     0  startup_stm32h563xx.o(.text)
    GPDMA2_Channel6_IRQHandler               0x0800033b   Thumb Code     0  startup_stm32h563xx.o(.text)
    GPDMA2_Channel7_IRQHandler               0x0800033b   Thumb Code     0  startup_stm32h563xx.o(.text)
    GTZC_IRQHandler                          0x0800033b   Thumb Code     0  startup_stm32h563xx.o(.text)
    HASH_IRQHandler                          0x0800033b   Thumb Code     0  startup_stm32h563xx.o(.text)
    I2C1_ER_IRQHandler                       0x0800033b   Thumb Code     0  startup_stm32h563xx.o(.text)
    I2C1_EV_IRQHandler                       0x0800033b   Thumb Code     0  startup_stm32h563xx.o(.text)
    I2C2_ER_IRQHandler                       0x0800033b   Thumb Code     0  startup_stm32h563xx.o(.text)
    I2C2_EV_IRQHandler                       0x0800033b   Thumb Code     0  startup_stm32h563xx.o(.text)
    I2C3_ER_IRQHandler                       0x0800033b   Thumb Code     0  startup_stm32h563xx.o(.text)
    I2C3_EV_IRQHandler                       0x0800033b   Thumb Code     0  startup_stm32h563xx.o(.text)
    I2C4_ER_IRQHandler                       0x0800033b   Thumb Code     0  startup_stm32h563xx.o(.text)
    I2C4_EV_IRQHandler                       0x0800033b   Thumb Code     0  startup_stm32h563xx.o(.text)
    I3C1_ER_IRQHandler                       0x0800033b   Thumb Code     0  startup_stm32h563xx.o(.text)
    I3C1_EV_IRQHandler                       0x0800033b   Thumb Code     0  startup_stm32h563xx.o(.text)
    ICACHE_IRQHandler                        0x0800033b   Thumb Code     0  startup_stm32h563xx.o(.text)
    IWDG_IRQHandler                          0x0800033b   Thumb Code     0  startup_stm32h563xx.o(.text)
    LPTIM1_IRQHandler                        0x0800033b   Thumb Code     0  startup_stm32h563xx.o(.text)
    LPTIM2_IRQHandler                        0x0800033b   Thumb Code     0  startup_stm32h563xx.o(.text)
    LPTIM3_IRQHandler                        0x0800033b   Thumb Code     0  startup_stm32h563xx.o(.text)
    LPTIM4_IRQHandler                        0x0800033b   Thumb Code     0  startup_stm32h563xx.o(.text)
    LPTIM5_IRQHandler                        0x0800033b   Thumb Code     0  startup_stm32h563xx.o(.text)
    LPTIM6_IRQHandler                        0x0800033b   Thumb Code     0  startup_stm32h563xx.o(.text)
    LPUART1_IRQHandler                       0x0800033b   Thumb Code     0  startup_stm32h563xx.o(.text)
    OCTOSPI1_IRQHandler                      0x0800033b   Thumb Code     0  startup_stm32h563xx.o(.text)
    PVD_AVD_IRQHandler                       0x0800033b   Thumb Code     0  startup_stm32h563xx.o(.text)
    RAMCFG_IRQHandler                        0x0800033b   Thumb Code     0  startup_stm32h563xx.o(.text)
    RCC_IRQHandler                           0x0800033b   Thumb Code     0  startup_stm32h563xx.o(.text)
    RCC_S_IRQHandler                         0x0800033b   Thumb Code     0  startup_stm32h563xx.o(.text)
    RNG_IRQHandler                           0x0800033b   Thumb Code     0  startup_stm32h563xx.o(.text)
    RTC_IRQHandler                           0x0800033b   Thumb Code     0  startup_stm32h563xx.o(.text)
    RTC_S_IRQHandler                         0x0800033b   Thumb Code     0  startup_stm32h563xx.o(.text)
    SAI1_IRQHandler                          0x0800033b   Thumb Code     0  startup_stm32h563xx.o(.text)
    SAI2_IRQHandler                          0x0800033b   Thumb Code     0  startup_stm32h563xx.o(.text)
    SDMMC1_IRQHandler                        0x0800033b   Thumb Code     0  startup_stm32h563xx.o(.text)
    SDMMC2_IRQHandler                        0x0800033b   Thumb Code     0  startup_stm32h563xx.o(.text)
    SPI1_IRQHandler                          0x0800033b   Thumb Code     0  startup_stm32h563xx.o(.text)
    SPI2_IRQHandler                          0x0800033b   Thumb Code     0  startup_stm32h563xx.o(.text)
    SPI3_IRQHandler                          0x0800033b   Thumb Code     0  startup_stm32h563xx.o(.text)
    SPI4_IRQHandler                          0x0800033b   Thumb Code     0  startup_stm32h563xx.o(.text)
    SPI5_IRQHandler                          0x0800033b   Thumb Code     0  startup_stm32h563xx.o(.text)
    SPI6_IRQHandler                          0x0800033b   Thumb Code     0  startup_stm32h563xx.o(.text)
    TAMP_IRQHandler                          0x0800033b   Thumb Code     0  startup_stm32h563xx.o(.text)
    TIM12_IRQHandler                         0x0800033b   Thumb Code     0  startup_stm32h563xx.o(.text)
    TIM13_IRQHandler                         0x0800033b   Thumb Code     0  startup_stm32h563xx.o(.text)
    TIM14_IRQHandler                         0x0800033b   Thumb Code     0  startup_stm32h563xx.o(.text)
    TIM15_IRQHandler                         0x0800033b   Thumb Code     0  startup_stm32h563xx.o(.text)
    TIM16_IRQHandler                         0x0800033b   Thumb Code     0  startup_stm32h563xx.o(.text)
    TIM17_IRQHandler                         0x0800033b   Thumb Code     0  startup_stm32h563xx.o(.text)
    TIM1_BRK_IRQHandler                      0x0800033b   Thumb Code     0  startup_stm32h563xx.o(.text)
    TIM1_CC_IRQHandler                       0x0800033b   Thumb Code     0  startup_stm32h563xx.o(.text)
    TIM1_TRG_COM_IRQHandler                  0x0800033b   Thumb Code     0  startup_stm32h563xx.o(.text)
    TIM1_UP_IRQHandler                       0x0800033b   Thumb Code     0  startup_stm32h563xx.o(.text)
    TIM2_IRQHandler                          0x0800033b   Thumb Code     0  startup_stm32h563xx.o(.text)
    TIM3_IRQHandler                          0x0800033b   Thumb Code     0  startup_stm32h563xx.o(.text)
    TIM4_IRQHandler                          0x0800033b   Thumb Code     0  startup_stm32h563xx.o(.text)
    TIM5_IRQHandler                          0x0800033b   Thumb Code     0  startup_stm32h563xx.o(.text)
    TIM6_IRQHandler                          0x0800033b   Thumb Code     0  startup_stm32h563xx.o(.text)
    TIM7_IRQHandler                          0x0800033b   Thumb Code     0  startup_stm32h563xx.o(.text)
    TIM8_BRK_IRQHandler                      0x0800033b   Thumb Code     0  startup_stm32h563xx.o(.text)
    TIM8_CC_IRQHandler                       0x0800033b   Thumb Code     0  startup_stm32h563xx.o(.text)
    TIM8_TRG_COM_IRQHandler                  0x0800033b   Thumb Code     0  startup_stm32h563xx.o(.text)
    TIM8_UP_IRQHandler                       0x0800033b   Thumb Code     0  startup_stm32h563xx.o(.text)
    UART12_IRQHandler                        0x0800033b   Thumb Code     0  startup_stm32h563xx.o(.text)
    UART4_IRQHandler                         0x0800033b   Thumb Code     0  startup_stm32h563xx.o(.text)
    UART5_IRQHandler                         0x0800033b   Thumb Code     0  startup_stm32h563xx.o(.text)
    UART7_IRQHandler                         0x0800033b   Thumb Code     0  startup_stm32h563xx.o(.text)
    UART8_IRQHandler                         0x0800033b   Thumb Code     0  startup_stm32h563xx.o(.text)
    UART9_IRQHandler                         0x0800033b   Thumb Code     0  startup_stm32h563xx.o(.text)
    UCPD1_IRQHandler                         0x0800033b   Thumb Code     0  startup_stm32h563xx.o(.text)
    USART10_IRQHandler                       0x0800033b   Thumb Code     0  startup_stm32h563xx.o(.text)
    USART11_IRQHandler                       0x0800033b   Thumb Code     0  startup_stm32h563xx.o(.text)
    USART1_IRQHandler                        0x0800033b   Thumb Code     0  startup_stm32h563xx.o(.text)
    USART2_IRQHandler                        0x0800033b   Thumb Code     0  startup_stm32h563xx.o(.text)
    USART3_IRQHandler                        0x0800033b   Thumb Code     0  startup_stm32h563xx.o(.text)
    USART6_IRQHandler                        0x0800033b   Thumb Code     0  startup_stm32h563xx.o(.text)
    USB_DRD_FS_IRQHandler                    0x0800033b   Thumb Code     0  startup_stm32h563xx.o(.text)
    WWDG_IRQHandler                          0x0800033b   Thumb Code     0  startup_stm32h563xx.o(.text)
    __aeabi_memset4                          0x08000349   Thumb Code    16  aeabi_memset4.o(.text)
    __aeabi_memset8                          0x08000349   Thumb Code     0  aeabi_memset4.o(.text)
    __aeabi_memclr4                          0x08000359   Thumb Code     0  rt_memclr_w.o(.text)
    __aeabi_memclr8                          0x08000359   Thumb Code     0  rt_memclr_w.o(.text)
    __rt_memclr_w                            0x08000359   Thumb Code     0  rt_memclr_w.o(.text)
    _memset_w                                0x0800035d   Thumb Code    74  rt_memclr_w.o(.text)
    __use_two_region_memory                  0x080003a7   Thumb Code     2  heapauxi.o(.text)
    __rt_heap_escrow$2region                 0x080003a9   Thumb Code     2  heapauxi.o(.text)
    __rt_heap_expand$2region                 0x080003ab   Thumb Code     2  heapauxi.o(.text)
    exit                                     0x080003ad   Thumb Code    18  exit.o(.text)
    __I$use$semihosting                      0x080003bf   Thumb Code     0  use_no_semi.o(.text)
    __use_no_semihosting_swi                 0x080003bf   Thumb Code     2  use_no_semi.o(.text)
    __semihosting_library_function           0x080003c1   Thumb Code     0  indicate_semi.o(.text)
    _sys_exit                                0x080003c1   Thumb Code     8  sys_exit.o(.text)
    BootFlash_Init                           0x080003cd   Thumb Code   144  boot_ext_flash.o(.text.BootFlash_Init)
    BootFlash_Read                           0x0800045d   Thumb Code   114  boot_ext_flash.o(.text.BootFlash_Read)
    BootFlash_SectorErase4K                  0x080004d1   Thumb Code   248  boot_ext_flash.o(.text.BootFlash_SectorErase4K)
    Error_Handler                            0x080005c9   Thumb Code     6  boot_main.o(.text.Error_Handler)
    FLASH_WaitForLastOperation               0x080005d1   Thumb Code   144  stm32h5xx_hal_flash.o(.text.FLASH_WaitForLastOperation)
    HAL_Delay                                0x08000661   Thumb Code    40  stm32h5xx_hal.o(.text.HAL_Delay)
    HAL_FLASHEx_Erase                        0x08000689   Thumb Code   334  stm32h5xx_hal_flash_ex.o(.text.HAL_FLASHEx_Erase)
    HAL_FLASH_Lock                           0x080007d9   Thumb Code    26  stm32h5xx_hal_flash.o(.text.HAL_FLASH_Lock)
    HAL_FLASH_Program                        0x080007f5   Thumb Code   420  stm32h5xx_hal_flash.o(.text.HAL_FLASH_Program)
    HAL_FLASH_Unlock                         0x08000999   Thumb Code    46  stm32h5xx_hal_flash.o(.text.HAL_FLASH_Unlock)
    HAL_GPIO_Init                            0x080009c9   Thumb Code   392  stm32h5xx_hal_gpio.o(.text.HAL_GPIO_Init)
    HAL_GPIO_TogglePin                       0x08000b51   Thumb Code    16  stm32h5xx_hal_gpio.o(.text.HAL_GPIO_TogglePin)
    HAL_GetTick                              0x08000b61   Thumb Code    12  stm32h5xx_hal.o(.text.HAL_GetTick)
    HAL_Init                                 0x08000b6d   Thumb Code    76  stm32h5xx_hal.o(.text.HAL_Init)
    HAL_InitTick                             0x08000bb9   Thumb Code   168  stm32h5xx_hal.o(.text.HAL_InitTick)
    HAL_MspInit                              0x08000c61   Thumb Code     2  stm32h5xx_hal.o(.text.HAL_MspInit)
    HAL_NVIC_SetPriority                     0x08000c65   Thumb Code    86  stm32h5xx_hal_cortex.o(.text.HAL_NVIC_SetPriority)
    HAL_NVIC_SetPriorityGrouping             0x08000cbd   Thumb Code    32  stm32h5xx_hal_cortex.o(.text.HAL_NVIC_SetPriorityGrouping)
    HAL_RCCEx_PeriphCLKConfig                0x08000cdd   Thumb Code  4224  stm32h5xx_hal_rcc_ex.o(.text.HAL_RCCEx_PeriphCLKConfig)
    HAL_RCC_ClockConfig                      0x08001d5d   Thumb Code   606  stm32h5xx_hal_rcc.o(.text.HAL_RCC_ClockConfig)
    HAL_RCC_GetSysClockFreq                  0x08001fbd   Thumb Code   284  stm32h5xx_hal_rcc.o(.text.HAL_RCC_GetSysClockFreq)
    HAL_RCC_OscConfig                        0x080020e9   Thumb Code  1602  stm32h5xx_hal_rcc.o(.text.HAL_RCC_OscConfig)
    HAL_SYSTICK_CLKSourceConfig              0x0800272d   Thumb Code   118  stm32h5xx_hal_cortex.o(.text.HAL_SYSTICK_CLKSourceConfig)
    HAL_SYSTICK_Config                       0x080027a5   Thumb Code    36  stm32h5xx_hal_cortex.o(.text.HAL_SYSTICK_Config)
    HAL_SYSTICK_GetCLKSourceConfig           0x080027c9   Thumb Code    48  stm32h5xx_hal_cortex.o(.text.HAL_SYSTICK_GetCLKSourceConfig)
    HAL_XSPI_Command                         0x080027f9   Thumb Code   332  stm32h5xx_hal_xspi.o(.text.HAL_XSPI_Command)
    HAL_XSPI_Init                            0x08002945   Thumb Code   296  stm32h5xx_hal_xspi.o(.text.HAL_XSPI_Init)
    HAL_XSPI_MspInit                         0x08002a6d   Thumb Code   296  octospi.o(.text.HAL_XSPI_MspInit)
    HAL_XSPI_Receive                         0x08002b95   Thumb Code   388  stm32h5xx_hal_xspi.o(.text.HAL_XSPI_Receive)
    MX_OCTOSPI1_Init                         0x08002d19   Thumb Code    84  octospi.o(.text.MX_OCTOSPI1_Init)
    SystemInit                               0x08002f45   Thumb Code   180  system_stm32h5xx.o(.text.SystemInit)
    main                                     0x08003229   Thumb Code  2310  boot_main.o(.text.main)
    _fp_init                                 0x08003b2f   Thumb Code    26  fpinit.o(x$fpl$fpinit)
    __fplib_config_fpu_vfp                   0x08003b47   Thumb Code     0  fpinit.o(x$fpl$fpinit)
    __fplib_config_pureend_doubles           0x08003b47   Thumb Code     0  fpinit.o(x$fpl$fpinit)
    AHBPrescTable                            0x08003b48   Data          16  system_stm32h5xx.o(.rodata.AHBPrescTable)
    Region$$Table$$Base                      0x08003b58   Number         0  anon$$obj.o(Region$$Table)
    Region$$Table$$Limit                     0x08003b78   Number         0  anon$$obj.o(Region$$Table)
    uwTickFreq                               0x20000000   Data           1  stm32h5xx_hal.o(.data..L_MergedGlobals)
    uwTickPrio                               0x20000004   Data           4  stm32h5xx_hal.o(.data..L_MergedGlobals)
    SystemCoreClock                          0x20000008   Data           4  system_stm32h5xx.o(.data.SystemCoreClock)
    pFlash                                   0x2000000c   Data          28  stm32h5xx_hal_flash.o(.data.pFlash)
    hxspi1                                   0x20000028   Data          92  octospi.o(.bss.hxspi1)
    uwTick                                   0x20000084   Data           4  stm32h5xx_hal.o(.bss.uwTick)
    __initial_sp                             0x20000488   Data           0  startup_stm32h563xx.o(STACK)



==============================================================================

Memory Map of the image

  Image Entry point : 0x0800024d

  Load Region LR_IROM1 (Base: 0x08000000, Size: 0x00003ba0, Max: 0x00010000, ABSOLUTE)

    Execution Region ER_IROM1 (Exec base: 0x08000000, Load base: 0x08000000, Size: 0x00003b78, Max: 0x00010000, ABSOLUTE)

    Exec Addr    Load Addr    Size         Type   Attr      Idx    E Section Name        Object

    0x08000000   0x08000000   0x0000024c   Data   RO            3    RESET               startup_stm32h563xx.o
    0x0800024c   0x0800024c   0x00000008   Code   RO          859  * !!!main             c_w.l(__main.o)
    0x08000254   0x08000254   0x0000005c   Code   RO         1037    !!!scatter          c_w.l(__scatter.o)
    0x080002b0   0x080002b0   0x0000001a   Code   RO         1041    !!handler_copy      c_w.l(__scatter_copy.o)
    0x080002ca   0x080002ca   0x00000002   PAD
    0x080002cc   0x080002cc   0x00000002   Code   RO         1038    !!handler_null      c_w.l(__scatter.o)
    0x080002ce   0x080002ce   0x00000002   PAD
    0x080002d0   0x080002d0   0x0000001c   Code   RO         1043    !!handler_zi        c_w.l(__scatter_zi.o)
    0x080002ec   0x080002ec   0x00000002   Code   RO          891    .ARM.Collect$$libinit$$00000000  c_w.l(libinit.o)
    0x080002ee   0x080002ee   0x00000004   Code   RO          901    .ARM.Collect$$libinit$$00000001  c_w.l(libinit2.o)
    0x080002f2   0x080002f2   0x00000000   Code   RO          904    .ARM.Collect$$libinit$$00000004  c_w.l(libinit2.o)
    0x080002f2   0x080002f2   0x00000000   Code   RO          906    .ARM.Collect$$libinit$$00000006  c_w.l(libinit2.o)
    0x080002f2   0x080002f2   0x00000000   Code   RO          909    .ARM.Collect$$libinit$$0000000C  c_w.l(libinit2.o)
    0x080002f2   0x080002f2   0x00000000   Code   RO          911    .ARM.Collect$$libinit$$0000000E  c_w.l(libinit2.o)
    0x080002f2   0x080002f2   0x00000000   Code   RO          913    .ARM.Collect$$libinit$$00000010  c_w.l(libinit2.o)
    0x080002f2   0x080002f2   0x00000000   Code   RO          916    .ARM.Collect$$libinit$$00000013  c_w.l(libinit2.o)
    0x080002f2   0x080002f2   0x00000000   Code   RO          918    .ARM.Collect$$libinit$$00000015  c_w.l(libinit2.o)
    0x080002f2   0x080002f2   0x00000000   Code   RO          920    .ARM.Collect$$libinit$$00000017  c_w.l(libinit2.o)
    0x080002f2   0x080002f2   0x00000000   Code   RO          922    .ARM.Collect$$libinit$$00000019  c_w.l(libinit2.o)
    0x080002f2   0x080002f2   0x00000000   Code   RO          924    .ARM.Collect$$libinit$$0000001B  c_w.l(libinit2.o)
    0x080002f2   0x080002f2   0x00000000   Code   RO          926    .ARM.Collect$$libinit$$0000001D  c_w.l(libinit2.o)
    0x080002f2   0x080002f2   0x00000000   Code   RO          928    .ARM.Collect$$libinit$$0000001F  c_w.l(libinit2.o)
    0x080002f2   0x080002f2   0x00000000   Code   RO          930    .ARM.Collect$$libinit$$00000021  c_w.l(libinit2.o)
    0x080002f2   0x080002f2   0x00000000   Code   RO          932    .ARM.Collect$$libinit$$00000023  c_w.l(libinit2.o)
    0x080002f2   0x080002f2   0x00000000   Code   RO          934    .ARM.Collect$$libinit$$00000025  c_w.l(libinit2.o)
    0x080002f2   0x080002f2   0x00000000   Code   RO          936    .ARM.Collect$$libinit$$00000027  c_w.l(libinit2.o)
    0x080002f2   0x080002f2   0x00000000   Code   RO          940    .ARM.Collect$$libinit$$0000002E  c_w.l(libinit2.o)
    0x080002f2   0x080002f2   0x00000000   Code   RO          942    .ARM.Collect$$libinit$$00000030  c_w.l(libinit2.o)
    0x080002f2   0x080002f2   0x00000000   Code   RO          944    .ARM.Collect$$libinit$$00000032  c_w.l(libinit2.o)
    0x080002f2   0x080002f2   0x00000000   Code   RO          946    .ARM.Collect$$libinit$$00000034  c_w.l(libinit2.o)
    0x080002f2   0x080002f2   0x00000002   Code   RO          947    .ARM.Collect$$libinit$$00000035  c_w.l(libinit2.o)
    0x080002f4   0x080002f4   0x00000002   Code   RO          976    .ARM.Collect$$libshutdown$$00000000  c_w.l(libshutdown.o)
    0x080002f6   0x080002f6   0x00000000   Code   RO          988    .ARM.Collect$$libshutdown$$00000002  c_w.l(libshutdown2.o)
    0x080002f6   0x080002f6   0x00000000   Code   RO          990    .ARM.Collect$$libshutdown$$00000004  c_w.l(libshutdown2.o)
    0x080002f6   0x080002f6   0x00000000   Code   RO          993    .ARM.Collect$$libshutdown$$00000007  c_w.l(libshutdown2.o)
    0x080002f6   0x080002f6   0x00000000   Code   RO          996    .ARM.Collect$$libshutdown$$0000000A  c_w.l(libshutdown2.o)
    0x080002f6   0x080002f6   0x00000000   Code   RO          998    .ARM.Collect$$libshutdown$$0000000C  c_w.l(libshutdown2.o)
    0x080002f6   0x080002f6   0x00000000   Code   RO         1001    .ARM.Collect$$libshutdown$$0000000F  c_w.l(libshutdown2.o)
    0x080002f6   0x080002f6   0x00000002   Code   RO         1002    .ARM.Collect$$libshutdown$$00000010  c_w.l(libshutdown2.o)
    0x080002f8   0x080002f8   0x00000000   Code   RO          861    .ARM.Collect$$rtentry$$00000000  c_w.l(__rtentry.o)
    0x080002f8   0x080002f8   0x00000000   Code   RO          863    .ARM.Collect$$rtentry$$00000002  c_w.l(__rtentry2.o)
    0x080002f8   0x080002f8   0x00000004   Code   RO          877    .ARM.Collect$$rtentry$$00000005  c_w.l(__rtentry5.o)
    0x080002fc   0x080002fc   0x00000000   Code   RO          865    .ARM.Collect$$rtentry$$00000009  c_w.l(__rtentry2.o)
    0x080002fc   0x080002fc   0x00000004   Code   RO          866    .ARM.Collect$$rtentry$$0000000A  c_w.l(__rtentry2.o)
    0x08000300   0x08000300   0x00000000   Code   RO          868    .ARM.Collect$$rtentry$$0000000C  c_w.l(__rtentry2.o)
    0x08000300   0x08000300   0x00000008   Code   RO          869    .ARM.Collect$$rtentry$$0000000D  c_w.l(__rtentry2.o)
    0x08000308   0x08000308   0x00000004   Code   RO          878    .ARM.Collect$$rtentry$$00002716  c_w.l(__rtentry5.o)
    0x0800030c   0x0800030c   0x00000002   Code   RO          899    .ARM.Collect$$rtexit$$00000000  c_w.l(rtexit.o)
    0x0800030e   0x0800030e   0x00000000   Code   RO          956    .ARM.Collect$$rtexit$$00000002  c_w.l(rtexit2.o)
    0x0800030e   0x0800030e   0x00000004   Code   RO          957    .ARM.Collect$$rtexit$$00000003  c_w.l(rtexit2.o)
    0x08000312   0x08000312   0x00000006   Code   RO          958    .ARM.Collect$$rtexit$$00000004  c_w.l(rtexit2.o)
    0x08000318   0x08000318   0x00000030   Code   RO            4    .text               startup_stm32h563xx.o
    0x08000348   0x08000348   0x00000010   Code   RO          853    .text               c_w.l(aeabi_memset4.o)
    0x08000358   0x08000358   0x0000004e   Code   RO          855    .text               c_w.l(rt_memclr_w.o)
    0x080003a6   0x080003a6   0x00000006   Code   RO          857    .text               c_w.l(heapauxi.o)
    0x080003ac   0x080003ac   0x00000012   Code   RO          884    .text               c_w.l(exit.o)
    0x080003be   0x080003be   0x00000002   Code   RO          952    .text               c_w.l(use_no_semi.o)
    0x080003c0   0x080003c0   0x00000000   Code   RO          954    .text               c_w.l(indicate_semi.o)
    0x080003c0   0x080003c0   0x0000000c   Code   RO          966    .text               c_w.l(sys_exit.o)
    0x080003cc   0x080003cc   0x00000090   Code   RO           60    .text.BootFlash_Init  boot_ext_flash.o
    0x0800045c   0x0800045c   0x00000072   Code   RO           62    .text.BootFlash_Read  boot_ext_flash.o
    0x080004ce   0x080004ce   0x00000002   PAD
    0x080004d0   0x080004d0   0x000000f8   Code   RO           64    .text.BootFlash_SectorErase4K  boot_ext_flash.o
    0x080005c8   0x080005c8   0x00000006   Code   RO           49    .text.Error_Handler  boot_main.o
    0x080005ce   0x080005ce   0x00000002   PAD
    0x080005d0   0x080005d0   0x00000090   Code   RO          538    .text.FLASH_WaitForLastOperation  stm32h5xx_hal_flash.o
    0x08000660   0x08000660   0x00000028   Code   RO           98    .text.HAL_Delay     stm32h5xx_hal.o
    0x08000688   0x08000688   0x0000014e   Code   RO          569    .text.HAL_FLASHEx_Erase  stm32h5xx_hal_flash_ex.o
    0x080007d6   0x080007d6   0x00000002   PAD
    0x080007d8   0x080007d8   0x0000001a   Code   RO          550    .text.HAL_FLASH_Lock  stm32h5xx_hal_flash.o
    0x080007f2   0x080007f2   0x00000002   PAD
    0x080007f4   0x080007f4   0x000001a4   Code   RO          536    .text.HAL_FLASH_Program  stm32h5xx_hal_flash.o
    0x08000998   0x08000998   0x0000002e   Code   RO          548    .text.HAL_FLASH_Unlock  stm32h5xx_hal_flash.o
    0x080009c6   0x080009c6   0x00000002   PAD
    0x080009c8   0x080009c8   0x00000188   Code   RO          504    .text.HAL_GPIO_Init  stm32h5xx_hal_gpio.o
    0x08000b50   0x08000b50   0x00000010   Code   RO          514    .text.HAL_GPIO_TogglePin  stm32h5xx_hal_gpio.o
    0x08000b60   0x08000b60   0x0000000c   Code   RO           90    .text.HAL_GetTick   stm32h5xx_hal.o
    0x08000b6c   0x08000b6c   0x0000004c   Code   RO           78    .text.HAL_Init      stm32h5xx_hal.o
    0x08000bb8   0x08000bb8   0x000000a8   Code   RO           80    .text.HAL_InitTick  stm32h5xx_hal.o
    0x08000c60   0x08000c60   0x00000002   Code   RO           82    .text.HAL_MspInit   stm32h5xx_hal.o
    0x08000c62   0x08000c62   0x00000002   PAD
    0x08000c64   0x08000c64   0x00000056   Code   RO          212    .text.HAL_NVIC_SetPriority  stm32h5xx_hal_cortex.o
    0x08000cba   0x08000cba   0x00000002   PAD
    0x08000cbc   0x08000cbc   0x00000020   Code   RO          210    .text.HAL_NVIC_SetPriorityGrouping  stm32h5xx_hal_cortex.o
    0x08000cdc   0x08000cdc   0x00001080   Code   RO          306    .text.HAL_RCCEx_PeriphCLKConfig  stm32h5xx_hal_rcc_ex.o
    0x08001d5c   0x08001d5c   0x0000025e   Code   RO          270    .text.HAL_RCC_ClockConfig  stm32h5xx_hal_rcc.o
    0x08001fba   0x08001fba   0x00000002   PAD
    0x08001fbc   0x08001fbc   0x0000012c   Code   RO          272    .text.HAL_RCC_GetSysClockFreq  stm32h5xx_hal_rcc.o
    0x080020e8   0x080020e8   0x00000642   Code   RO          266    .text.HAL_RCC_OscConfig  stm32h5xx_hal_rcc.o
    0x0800272a   0x0800272a   0x00000002   PAD
    0x0800272c   0x0800272c   0x00000076   Code   RO          236    .text.HAL_SYSTICK_CLKSourceConfig  stm32h5xx_hal_cortex.o
    0x080027a2   0x080027a2   0x00000002   PAD
    0x080027a4   0x080027a4   0x00000024   Code   RO          234    .text.HAL_SYSTICK_Config  stm32h5xx_hal_cortex.o
    0x080027c8   0x080027c8   0x00000030   Code   RO          238    .text.HAL_SYSTICK_GetCLKSourceConfig  stm32h5xx_hal_cortex.o
    0x080027f8   0x080027f8   0x0000014c   Code   RO          649    .text.HAL_XSPI_Command  stm32h5xx_hal_xspi.o
    0x08002944   0x08002944   0x00000128   Code   RO          619    .text.HAL_XSPI_Init  stm32h5xx_hal_xspi.o
    0x08002a6c   0x08002a6c   0x00000128   Code   RO           28    .text.HAL_XSPI_MspInit  octospi.o
    0x08002b94   0x08002b94   0x00000184   Code   RO          661    .text.HAL_XSPI_Receive  stm32h5xx_hal_xspi.o
    0x08002d18   0x08002d18   0x00000054   Code   RO           26    .text.MX_OCTOSPI1_Init  octospi.o
    0x08002d6c   0x08002d6c   0x000000ea   Code   RO          308    .text.RCCEx_PLL2_Config  stm32h5xx_hal_rcc_ex.o
    0x08002e56   0x08002e56   0x00000002   PAD
    0x08002e58   0x08002e58   0x000000ea   Code   RO          310    .text.RCCEx_PLL3_Config  stm32h5xx_hal_rcc_ex.o
    0x08002f42   0x08002f42   0x00000002   PAD
    0x08002f44   0x08002f44   0x000000b4   Code   RO           11    .text.SystemInit    system_stm32h5xx.o
    0x08002ff8   0x08002ff8   0x0000022e   Code   RO          651    .text.XSPI_ConfigCmd  stm32h5xx_hal_xspi.o
    0x08003226   0x08003226   0x00000002   PAD
    0x08003228   0x08003228   0x00000906   Code   RO           45    .text.main          boot_main.o
    0x08003b2e   0x08003b2e   0x0000001a   Code   RO          964    x$fpl$fpinit        fz_wm.l(fpinit.o)
    0x08003b48   0x08003b48   0x00000010   Data   RO           16    .rodata.AHBPrescTable  system_stm32h5xx.o
    0x08003b58   0x08003b58   0x00000020   Data   RO         1036    Region$$Table       anon$$obj.o


    Execution Region RW_IRAM1 (Exec base: 0x20000000, Load base: 0x08003b78, Size: 0x00000488, Max: 0x00050000, ABSOLUTE)

    Exec Addr    Load Addr    Size         Type   Attr      Idx    E Section Name        Object

    0x20000000   0x08003b78   0x00000008   Data   RW          201    .data..L_MergedGlobals  stm32h5xx_hal.o
    0x20000008   0x08003b80   0x00000004   Data   RW           15    .data.SystemCoreClock  system_stm32h5xx.o
    0x2000000c   0x08003b84   0x0000001c   Data   RW          560    .data.pFlash        stm32h5xx_hal_flash.o
    0x20000028        -       0x0000005c   Zero   RW           32    .bss.hxspi1         octospi.o
    0x20000084        -       0x00000004   Zero   RW          200    .bss.uwTick         stm32h5xx_hal.o
    0x20000088        -       0x00000400   Zero   RW            1    STACK               startup_stm32h563xx.o


==============================================================================

Image component sizes


      Code (inc. data)   RO Data    RW Data    ZI Data      Debug   Object Name

       506          0          0          0          0       7195   boot_ext_flash.o
      2316          0          0          0          0      18251   boot_main.o
       380          0          0          0         92       9654   octospi.o
        48         12        588          0       1024        952   startup_stm32h563xx.o
       298          0          0          8          4      14969   stm32h5xx_hal.o
       320          6          0          0          0      14483   stm32h5xx_hal_cortex.o
       636          0          0         28          0      10360   stm32h5xx_hal_flash.o
       334          0          0          0          0      14155   stm32h5xx_hal_flash_ex.o
       408          0          0          0          0       5256   stm32h5xx_hal_gpio.o
      2508         16          0          0          0      12991   stm32h5xx_hal_rcc.o
      4692        354          0          0          0      29494   stm32h5xx_hal_rcc_ex.o
      1574          0          0          0          0      32013   stm32h5xx_hal_xspi.o
       180          0         16          4          0       6236   system_stm32h5xx.o

    ----------------------------------------------------------------------
     14226        388        636         40       1120     176009   Object Totals
         0          0         32          0          0          0   (incl. Generated)
        26          0          0          0          0          0   (incl. Padding)

    ----------------------------------------------------------------------

      Code (inc. data)   RO Data    RW Data    ZI Data      Debug   Library Member Name

         8          0          0          0          0         68   __main.o
         0          0          0          0          0          0   __rtentry.o
        12          0          0          0          0          0   __rtentry2.o
         8          4          0          0          0          0   __rtentry5.o
        94          8          0          0          0          0   __scatter.o
        26          0          0          0          0          0   __scatter_copy.o
        28          0          0          0          0          0   __scatter_zi.o
        16          0          0          0          0         68   aeabi_memset4.o
        18          0          0          0          0         80   exit.o
         6          0          0          0          0        152   heapauxi.o
         0          0          0          0          0          0   indicate_semi.o
         2          0          0          0          0          0   libinit.o
         6          0          0          0          0          0   libinit2.o
         2          0          0          0          0          0   libshutdown.o
         2          0          0          0          0          0   libshutdown2.o
        78          0          0          0          0         80   rt_memclr_w.o
         2          0          0          0          0          0   rtexit.o
        10          0          0          0          0          0   rtexit2.o
        12          4          0          0          0         68   sys_exit.o
         2          0          0          0          0         68   use_no_semi.o
        26          0          0          0          0        116   fpinit.o

    ----------------------------------------------------------------------
       362         16          0          0          0        700   Library Totals
         4          0          0          0          0          0   (incl. Padding)

    ----------------------------------------------------------------------

      Code (inc. data)   RO Data    RW Data    ZI Data      Debug   Library Name

       332         16          0          0          0        584   c_w.l
        26          0          0          0          0        116   fz_wm.l

    ----------------------------------------------------------------------
       362         16          0          0          0        700   Library Totals

    ----------------------------------------------------------------------

==============================================================================


      Code (inc. data)   RO Data    RW Data    ZI Data      Debug   

     14588        404        636         40       1120     176401   Grand Totals
     14588        404        636         40       1120     176401   ELF Image Totals
     14588        404        636         40          0          0   ROM Totals

==============================================================================

    Total RO  Size (Code + RO Data)                15224 (  14.87kB)
    Total RW  Size (RW Data + ZI Data)              1160 (   1.13kB)
    Total ROM Size (Code + RO Data + RW Data)      15264 (  14.91kB)

==============================================================================

